[snappy] downloading Silesia corpus from https://wanos.co/assets/silesia.tar
  % Total    % Received % Xferd  Average Speed   Time    Time     Time  Current
                                 Dload  Upload   Total   Spent    Left  Speed

  0     0    0     0    0     0      0      0 --:--:-- --:--:-- --:--:--     0
  0     0    0     0    0     0      0      0 --:--:-- --:--:-- --:--:--     0
  0  202M    0 95844    0     0  69296      0  0:50:58  0:00:01  0:50:57 69251
  1  202M    1 3448k    0     0  1512k      0  0:02:16  0:00:02  0:02:14 1512k
  4  202M    4 9977k    0     0  3042k      0  0:01:08  0:00:03  0:01:05 3041k
  7  202M    7 15.7M    0     0  3762k      0  0:00:55  0:00:04  0:00:51 3762k
 10  202M   10 22.1M    0     0  4286k      0  0:00:48  0:00:05  0:00:43 4861k
 14  202M   14 28.6M    0     0  4669k      0  0:00:44  0:00:06  0:00:38 5968k
 17  202M   17 35.2M    0     0  4952k      0  0:00:41  0:00:07  0:00:34 6521k
 19  202M   19 38.8M    0     0  4799k      0  0:00:43  0:00:08  0:00:35 5950k
 19  202M   19 39.1M    0     0  4306k      0  0:00:48  0:00:09  0:00:39 4772k
 20  202M   20 40.6M    0     0  4031k      0  0:00:51  0:00:10  0:00:41 3765k
 22  202M   22 45.6M    0     0  4143k      0  0:00:49  0:00:11  0:00:38 3481k
 25  202M   25 51.7M    0     0  4311k      0  0:00:48  0:00:12  0:00:36 3378k
 28  202M   28 57.7M    0     0  4448k      0  0:00:46  0:00:13  0:00:33 3865k
 31  202M   31 63.5M    0     0  4558k      0  0:00:45  0:00:14  0:00:31 5026k
 34  202M   34 69.7M    0     0  4667k      0  0:00:44  0:00:15  0:00:29 5995k
 35  202M   35 72.7M    0     0  4573k      0  0:00:45  0:00:16  0:00:29 5544k
 36  202M   36 72.7M    0     0  4305k      0  0:00:48  0:00:17  0:00:31 4291k
 36  202M   36 72.8M    0     0  4075k      0  0:00:50  0:00:18  0:00:32 3088k
 36  202M   36 72.8M    0     0  3868k      0  0:00:53  0:00:19  0:00:34 1904k
 36  202M   36 72.9M    0     0  3681k      0  0:00:56  0:00:20  0:00:36  661k
 36  202M   36 72.9M    0     0  3508k      0  0:00:59  0:00:21  0:00:38 47377
 36  202M   36 73.0M    0     0  3353k      0  0:01:01  0:00:22  0:00:39 47531
 36  202M   36 73.0M    0     0  3212k      0  0:01:04  0:00:23  0:00:41 44925
 37  202M   37 75.7M    0     0  3190k      0  0:01:04  0:00:24  0:00:40  577k
 40  202M   40 81.1M    0     0  3286k      0  0:01:02  0:00:25  0:00:37 1683k
 42  202M   42 86.6M    0     0  3374k      0  0:01:01  0:00:26  0:00:35 2803k
 45  202M   45 92.1M    0     0  3457k      0  0:00:59  0:00:27  0:00:32 3920k
 48  202M   48 97.6M    0     0  3535k      0  0:00:58  0:00:28  0:00:30 5039k
 51  202M   51  103M    0     0  3609k      0  0:00:57  0:00:29  0:00:28 5648k
 53  202M   53  108M    0     0  3674k      0  0:00:56  0:00:30  0:00:26 5631k
 54  202M   54  110M    0     0  3611k      0  0:00:57  0:00:31  0:00:26 4853k
 54  202M   54  110M    0     0  3501k      0  0:00:59  0:00:32  0:00:27 3740k
 54  202M   54  110M    0     0  3406k      0  0:01:00  0:00:33  0:00:27 2679k
 54  202M   54  110M    0     0  3309k      0  0:01:02  0:00:34  0:00:28 1557k
 54  202M   54  110M    0     0  3215k      0  0:01:04  0:00:35  0:00:29  454k
 54  202M   54  110M    0     0  3128k      0  0:01:06  0:00:36  0:00:30  105k
 55  202M   55  111M    0     0  3057k      0  0:01:07  0:00:37  0:00:30  187k
 55  202M   55  111M    0     0  2978k      0  0:01:09  0:00:38  0:00:31  129k
 55  202M   55  111M    0     0  2903k      0  0:01:11  0:00:39  0:00:32  128k
 55  202M   55  111M    0     0  2832k      0  0:01:13  0:00:40  0:00:33  122k
 55  202M   55  111M    0     0  2765k      0  0:01:14  0:00:41  0:00:33  122k
 55  202M   55  112M    0     0  2714k      0  0:01:16  0:00:42  0:00:34  154k
 55  202M   55  112M    0     0  2652k      0  0:01:18  0:00:43  0:00:35  161k
 55  202M   55  112M    0     0  2594k      0  0:01:19  0:00:44  0:00:35  162k
 55  202M   55  112M    0     0  2537k      0  0:01:21  0:00:45  0:00:36  161k
 55  202M   55  112M    0     0  2484k      0  0:01:23  0:00:46  0:00:37  169k
 55  202M   55  112M    0     0  2433k      0  0:01:25  0:00:47  0:00:38 63683
 55  202M   55  112M    0     0  2384k      0  0:01:26  0:00:48  0:00:38 56247
 55  202M   55  112M    0     0  2336k      0  0:01:28  0:00:49  0:00:39 49387
 55  202M   55  112M    0     0  2290k      0  0:01:30  0:00:50  0:00:40 56914
 56  202M   56  114M    0     0  2279k      0  0:01:30  0:00:51  0:00:39  375k
 56  202M   56  114M    0     0  2237k      0  0:01:32  0:00:52  0:00:40  376k
 56  202M   56  114M    0     0  2207k      0  0:01:33  0:00:53  0:00:40  500k
 56  202M   56  114M    0     0  2168k      0  0:01:35  0:00:54  0:00:41  507k
 56  202M   56  114M    0     0  2129k      0  0:01:37  0:00:55  0:00:42  502k
 56  202M   56  115M    0     0  2092k      0  0:01:38  0:00:56  0:00:42  187k
 56  202M   56  115M    0     0  2057k      0  0:01:40  0:00:57  0:00:43  180k
 56  202M   56  115M    0     0  2022k      0  0:01:42  0:00:58  0:00:44 56056
 57  202M   57  115M    0     0  2000k      0  0:01:43  0:00:59  0:00:44  188k
 57  202M   57  116M    0     0  1984k      0  0:01:44  0:01:00  0:00:44  377k
 57  202M   57  116M    0     0  1953k      0  0:01:45  0:01:01  0:00:44  371k
 57  202M   57  116M    0     0  1922k      0  0:01:47  0:01:02  0:00:45  377k
 58  202M   58  117M    0     0  1898k      0  0:01:49  0:01:03  0:00:46  456k
 58  202M   58  117M    0     0  1870k      0  0:01:50  0:01:04  0:00:46  322k
 58  202M   58  117M    0     0  1842k      0  0:01:52  0:01:05  0:00:47  134k
 58  202M   58  117M    0     0  1815k      0  0:01:54  0:01:06  0:00:48  127k
 58  202M   58  117M    0     0  1788k      0  0:01:55  0:01:07  0:00:48  119k
 58  202M   58  117M    0     0  1763k      0  0:01:57  0:01:08  0:00:49 48807
 58  202M   58  117M    0     0  1738k      0  0:01:59  0:01:09  0:00:50 41733
 58  202M   58  117M    0     0  1714k      0  0:02:00  0:01:10  0:00:50 49192
 58  202M   58  117M    0     0  1691k      0  0:02:02  0:01:11  0:00:51 48943
 58  202M   58  117M    0     0  1668k      0  0:02:04  0:01:12  0:00:52 56753
 58  202M   58  117M    0     0  1646k      0  0:02:05  0:01:13  0:00:52 49188
 58  202M   58  117M    0     0  1624k      0  0:02:07  0:01:14  0:00:53 56221
 60  202M   60  121M    0     0  1658k      0  0:02:04  0:01:15  0:00:49  861k
 62  202M   62  127M    0     0  1706k      0  0:02:01  0:01:16  0:00:45 1926k
 65  202M   65  132M    0     0  1753k      0  0:01:58  0:01:17  0:00:41 2976k
 68  202M   68  137M    0     0  1799k      0  0:01:55  0:01:18  0:00:37 4037k
 70  202M   70  142M    0     0  1844k      0  0:01:52  0:01:19  0:00:33 5126k
 73  202M   73  148M    0     0  1890k      0  0:01:49  0:01:20  0:00:29 5401k
 75  202M   75  152M    0     0  1917k      0  0:01:47  0:01:21  0:00:26 5022k
 75  202M   75  152M    0     0  1897k      0  0:01:49  0:01:22  0:00:27 4039k
 75  202M   75  152M    0     0  1874k      0  0:01:50  0:01:23  0:00:27 3002k
 75  202M   75  152M    0     0  1852k      0  0:01:51  0:01:24  0:00:27 1964k
 75  202M   75  153M    0     0  1839k      0  0:01:52  0:01:25  0:00:27 1024k
 75  202M   75  153M    0     0  1819k      0  0:01:53  0:01:26  0:00:27  173k
 75  202M   75  153M    0     0  1798k      0  0:01:55  0:01:27  0:00:28  121k
 75  202M   75  153M    0     0  1779k      0  0:01:56  0:01:28  0:00:28  132k
 75  202M   75  153M    0     0  1760k      0  0:01:57  0:01:29  0:00:28  145k
 75  202M   75  153M    0     0  1741k      0  0:01:58  0:01:30  0:00:28 54901
 75  202M   75  153M    0     0  1722k      0  0:02:00  0:01:31  0:00:29 58755
 76  202M   76  153M    0     0  1704k      0  0:02:01  0:01:32  0:00:29 62462
 76  202M   76  155M    0     0  1706k      0  0:02:01  0:01:33  0:00:28  416k
 78  202M   78  159M    0     0  1733k      0  0:01:59  0:01:34  0:00:25 1247k
 81  202M   81  163M    0     0  1760k      0  0:01:57  0:01:35  0:00:22 2107k
 83  202M   83  168M    0     0  1787k      0  0:01:55  0:01:36  0:00:19 2954k
 85  202M   85  172M    0     0  1812k      0  0:01:54  0:01:37  0:00:17 3792k
 87  202M   87  176M    0     0  1839k      0  0:01:52  0:01:38  0:00:14 4327k
 89  202M   89  180M    0     0  1865k      0  0:01:50  0:01:39  0:00:11 4378k
 91  202M   91  185M    0     0  1892k      0  0:01:49  0:01:40  0:00:09 4438k
 93  202M   93  189M    0     0  1919k      0  0:01:47  0:01:41  0:00:06 4496k
 96  202M   96  194M    0     0  1946k      0  0:01:46  0:01:42  0:00:04 4558k
 96  202M   96  195M    0     0  1941k      0  0:01:46  0:01:43  0:00:03 3953k
 98  202M   98  198M    0     0  1953k      0  0:01:45  0:01:44  0:00:01 3673k
 99  202M   99  201M    0     0  1957k      0  0:01:45  0:01:45 --:--:-- 3241k
100  202M  100  202M    0     0  1960k      0  0:01:45  0:01:45 --:--:-- 2947k
/home/runner/boostkit-perf/snappy/1.2.2/aarch64/38042780834-1/silesia.tar: OK
[snappy-benchmark] /home/runner/boostkit-perf/snappy/1.2.2/aarch64/38042780834-1/lzbench-source/lzbench -esnappy -b4 -t20u20 /home/runner/boostkit-perf/snappy/1.2.2/aarch64/38042780834-1/silesia.tar
snappy compr iter=1 time=0.35s speed=609.48 MB/s     
snappy compr iter=2 time=0.70s speed=607.31 MB/s     
snappy compr iter=3 time=1.04s speed=609.27 MB/s     
snappy compr iter=4 time=1.39s speed=610.50 MB/s     
snappy compr iter=5 time=1.74s speed=608.69 MB/s     
snappy compr iter=6 time=2.09s speed=609.57 MB/s     
snappy compr iter=7 time=2.44s speed=610.19 MB/s     
snappy compr iter=8 time=2.78s speed=610.31 MB/s     
snappy compr iter=9 time=3.13s speed=610.20 MB/s     
snappy compr iter=10 time=3.48s speed=609.98 MB/s     
snappy compr iter=11 time=3.83s speed=609.24 MB/s     
snappy compr iter=12 time=4.17s speed=609.88 MB/s     
snappy compr iter=13 time=4.52s speed=609.98 MB/s     
snappy compr iter=14 time=4.87s speed=609.81 MB/s     
snappy compr iter=15 time=5.22s speed=608.95 MB/s     
snappy compr iter=16 time=5.56s speed=609.91 MB/s     
snappy compr iter=17 time=5.91s speed=609.61 MB/s     
snappy compr iter=18 time=6.26s speed=609.48 MB/s     
snappy compr iter=19 time=6.61s speed=609.26 MB/s     
snappy compr iter=20 time=6.95s speed=609.10 MB/s     
snappy compr iter=21 time=7.30s speed=609.94 MB/s     
snappy compr iter=22 time=7.65s speed=610.42 MB/s     
snappy compr iter=23 time=8.00s speed=609.12 MB/s     
snappy compr iter=24 time=8.35s speed=609.42 MB/s     
snappy compr iter=25 time=8.69s speed=610.87 MB/s     
snappy compr iter=26 time=9.04s speed=609.74 MB/s     
snappy compr iter=27 time=9.39s speed=609.46 MB/s     
snappy compr iter=28 time=9.73s speed=610.68 MB/s     
snappy compr iter=29 time=10.08s speed=609.91 MB/s     
snappy compr iter=30 time=10.43s speed=610.05 MB/s     
snappy compr iter=31 time=10.78s speed=608.95 MB/s     
snappy compr iter=32 time=11.12s speed=611.33 MB/s     
snappy compr iter=33 time=11.47s speed=610.04 MB/s     
snappy compr iter=34 time=11.82s speed=610.10 MB/s     
snappy compr iter=35 time=12.17s speed=610.56 MB/s     
snappy compr iter=36 time=12.51s speed=608.98 MB/s     
snappy compr iter=37 time=12.86s speed=609.68 MB/s     
snappy compr iter=38 time=13.21s speed=608.45 MB/s     
snappy compr iter=39 time=13.56s speed=609.67 MB/s     
snappy compr iter=40 time=13.91s speed=610.73 MB/s     
snappy compr iter=41 time=14.25s speed=608.87 MB/s     
snappy compr iter=42 time=14.60s speed=610.03 MB/s     
snappy compr iter=43 time=14.95s speed=609.12 MB/s     
snappy compr iter=44 time=15.30s speed=609.84 MB/s     
snappy compr iter=45 time=15.64s speed=609.97 MB/s     
snappy compr iter=46 time=15.99s speed=609.68 MB/s     
snappy compr iter=47 time=16.34s speed=609.77 MB/s     
snappy compr iter=48 time=16.69s speed=610.43 MB/s     
snappy compr iter=49 time=17.03s speed=609.64 MB/s     
snappy compr iter=50 time=17.38s speed=609.97 MB/s     
snappy compr iter=51 time=17.73s speed=608.89 MB/s     
snappy compr iter=52 time=18.08s speed=609.50 MB/s     
snappy compr iter=53 time=18.42s speed=609.62 MB/s     
snappy compr iter=54 time=18.77s speed=608.98 MB/s     
snappy compr iter=55 time=19.12s speed=608.95 MB/s     
snappy compr iter=56 time=19.47s speed=609.81 MB/s     
snappy compr iter=57 time=19.82s speed=609.65 MB/s     
snappy decompr iter=1 time=0.16s speed=1296.34 MB/s     
snappy decompr iter=2 time=0.35s speed=1299.22 MB/s     
snappy decompr iter=3 time=0.53s speed=1298.08 MB/s     
snappy decompr iter=4 time=0.72s speed=1298.45 MB/s     
snappy decompr iter=5 time=0.90s speed=1300.01 MB/s     
snappy decompr iter=6 time=1.09s speed=1298.18 MB/s     
snappy decompr iter=7 time=1.27s speed=1299.07 MB/s     
snappy decompr iter=8 time=1.46s speed=1298.78 MB/s     
snappy decompr iter=9 time=1.64s speed=1297.22 MB/s     
snappy decompr iter=10 time=1.82s speed=1298.31 MB/s     
snappy decompr iter=11 time=2.01s speed=1299.48 MB/s     
snappy decompr iter=12 time=2.19s speed=1297.91 MB/s     
snappy decompr iter=13 time=2.38s speed=1298.95 MB/s     
snappy decompr iter=14 time=2.56s speed=1299.02 MB/s     
snappy decompr iter=15 time=2.75s speed=1298.63 MB/s     
snappy decompr iter=16 time=2.93s speed=1300.86 MB/s     
snappy decompr iter=17 time=3.12s speed=1297.66 MB/s     
snappy decompr iter=18 time=3.30s speed=1296.28 MB/s     
snappy decompr iter=19 time=3.49s speed=1294.04 MB/s     
snappy decompr iter=20 time=3.67s speed=1297.26 MB/s     
snappy decompr iter=21 time=3.86s speed=1298.40 MB/s     
snappy decompr iter=22 time=4.04s speed=1298.78 MB/s     
snappy decompr iter=23 time=4.22s speed=1298.90 MB/s     
snappy decompr iter=24 time=4.41s speed=1298.67 MB/s     
snappy decompr iter=25 time=4.59s speed=1298.23 MB/s     
snappy decompr iter=26 time=4.78s speed=1294.45 MB/s     
snappy decompr iter=27 time=4.96s speed=1298.80 MB/s     
snappy decompr iter=28 time=5.15s speed=1298.81 MB/s     
snappy decompr iter=29 time=5.33s speed=1299.25 MB/s     
snappy decompr iter=30 time=5.52s speed=1297.91 MB/s     
snappy decompr iter=31 time=5.70s speed=1299.64 MB/s     
snappy decompr iter=32 time=5.89s speed=1290.23 MB/s     
snappy decompr iter=33 time=6.07s speed=1298.81 MB/s     
snappy decompr iter=34 time=6.26s speed=1296.04 MB/s     
snappy decompr iter=35 time=6.44s speed=1297.45 MB/s     
snappy decompr iter=36 time=6.63s speed=1298.97 MB/s     
snappy decompr iter=37 time=6.81s speed=1297.80 MB/s     
snappy decompr iter=38 time=7.00s speed=1298.44 MB/s     
snappy decompr iter=39 time=7.18s speed=1298.33 MB/s     
snappy decompr iter=40 time=7.36s speed=1300.19 MB/s     
snappy decompr iter=41 time=7.55s speed=1298.48 MB/s     
snappy decompr iter=42 time=7.73s speed=1299.53 MB/s     
snappy decompr iter=43 time=7.92s speed=1299.81 MB/s     
snappy decompr iter=44 time=8.10s speed=1299.67 MB/s     
snappy decompr iter=45 time=8.29s speed=1298.53 MB/s     
snappy decompr iter=46 time=8.47s speed=1298.83 MB/s     
snappy decompr iter=47 time=8.66s speed=1298.93 MB/s     
snappy decompr iter=48 time=8.84s speed=1299.27 MB/s     
snappy decompr iter=49 time=9.02s speed=1296.89 MB/s     
snappy decompr iter=50 time=9.21s speed=1296.75 MB/s     
snappy decompr iter=51 time=9.39s speed=1299.01 MB/s     
snappy decompr iter=52 time=9.58s speed=1297.93 MB/s     
snappy decompr iter=53 time=9.76s speed=1299.28 MB/s     
snappy decompr iter=54 time=9.95s speed=1299.39 MB/s     
snappy decompr iter=55 time=10.13s speed=1299.03 MB/s     
snappy decompr iter=56 time=10.32s speed=1299.47 MB/s     
snappy decompr iter=57 time=10.50s speed=1298.94 MB/s     
snappy decompr iter=58 time=10.69s speed=1299.69 MB/s     
snappy decompr iter=59 time=10.87s speed=1298.41 MB/s     
snappy decompr iter=60 time=11.05s speed=1300.30 MB/s     
snappy decompr iter=61 time=11.24s speed=1298.86 MB/s     
snappy decompr iter=62 time=11.42s speed=1298.04 MB/s     
snappy decompr iter=63 time=11.61s speed=1296.69 MB/s     
snappy decompr iter=64 time=11.79s speed=1297.27 MB/s     
snappy decompr iter=65 time=11.98s speed=1299.41 MB/s     
snappy decompr iter=66 time=12.16s speed=1299.71 MB/s     
snappy decompr iter=67 time=12.35s speed=1297.03 MB/s     
snappy decompr iter=68 time=12.53s speed=1299.39 MB/s     
snappy decompr iter=69 time=12.72s speed=1296.86 MB/s     
snappy decompr iter=70 time=12.90s speed=1295.72 MB/s     
snappy decompr iter=71 time=13.09s speed=1297.28 MB/s     
snappy decompr iter=72 time=13.27s speed=1298.38 MB/s     
snappy decompr iter=73 time=13.46s speed=1298.20 MB/s     
snappy decompr iter=74 time=13.64s speed=1297.65 MB/s     
snappy decompr iter=75 time=13.83s speed=1300.44 MB/s     
snappy decompr iter=76 time=14.01s speed=1298.77 MB/s     
snappy decompr iter=77 time=14.19s speed=1298.73 MB/s     
snappy decompr iter=78 time=14.38s speed=1298.38 MB/s     
snappy decompr iter=79 time=14.56s speed=1294.92 MB/s     
snappy decompr iter=80 time=14.75s speed=1300.10 MB/s     
snappy decompr iter=81 time=14.93s speed=1301.35 MB/s     
snappy decompr iter=82 time=15.12s speed=1299.48 MB/s     
snappy decompr iter=83 time=15.30s speed=1300.13 MB/s     
snappy decompr iter=84 time=15.49s speed=1298.18 MB/s     
snappy decompr iter=85 time=15.67s speed=1298.41 MB/s     
snappy decompr iter=86 time=15.86s speed=1299.21 MB/s     
snappy decompr iter=87 time=16.04s speed=1300.33 MB/s     
snappy decompr iter=88 time=16.23s speed=1299.05 MB/s     
snappy decompr iter=89 time=16.41s speed=1299.59 MB/s     
snappy decompr iter=90 time=16.59s speed=1297.90 MB/s     
snappy decompr iter=91 time=16.78s speed=1298.17 MB/s     
snappy decompr iter=92 time=16.96s speed=1300.96 MB/s     
snappy decompr iter=93 time=17.15s speed=1295.90 MB/s     
snappy decompr iter=94 time=17.33s speed=1299.59 MB/s     
snappy decompr iter=95 time=17.52s speed=1298.26 MB/s     
snappy decompr iter=96 time=17.70s speed=1298.03 MB/s     
snappy decompr iter=97 time=17.89s speed=1299.10 MB/s     
snappy decompr iter=98 time=18.07s speed=1298.73 MB/s     
snappy decompr iter=99 time=18.26s speed=1299.08 MB/s     
snappy decompr iter=100 time=18.44s speed=1300.47 MB/s     
snappy decompr iter=101 time=18.62s speed=1299.77 MB/s     
snappy decompr iter=102 time=18.81s speed=1299.61 MB/s     
snappy decompr iter=103 time=18.99s speed=1300.17 MB/s     
snappy decompr iter=104 time=19.18s speed=1299.96 MB/s     
snappy decompr iter=105 time=19.36s speed=1300.97 MB/s     
snappy decompr iter=106 time=19.55s speed=1300.86 MB/s     
snappy decompr iter=107 time=19.73s speed=1301.38 MB/s     
snappy decompr iter=108 time=19.91s speed=1301.85 MB/s     
lzbench 2.2 | GCC 12.3.1 | 64-bit Linux | 

Compressor name         Compress. Decompress. Compr. size  Ratio Filename
snappy 1.2.2              611 MB/s  1301 MB/s   122289135  57.70 /home/runner/boostkit-perf/snappy/1.2.2/aarch64/38042780834-1/silesia.tar
[Params] cIters=1 dIters=1 cTime=20.0 dTime=20.0 chunkSize=4KB cSpeed=0MB
[snappy-benchmark] normalized 3 lzbench metrics
