[zstd] downloading Silesia corpus from https://wanos.co/assets/silesia.tar
  % Total    % Received % Xferd  Average Speed   Time    Time     Time  Current
                                 Dload  Upload   Total   Spent    Left  Speed

  0     0    0     0    0     0      0      0 --:--:-- --:--:-- --:--:--     0
  0     0    0     0    0     0      0      0 --:--:-- --:--:-- --:--:--     0
  0  202M    0  117k    0     0  62898      0  0:56:09  0:00:01  0:56:08 62877
  0  202M    0 1782k    0     0   620k      0  0:05:33  0:00:02  0:05:31  620k
  1  202M    1 3093k    0     0   793k      0  0:04:20  0:00:03  0:04:17  793k
  2  202M    2 4919k    0     0  1009k      0  0:03:25  0:00:04  0:03:21 1009k
  2  202M    2 4988k    0     0   850k      0  0:04:03  0:00:05  0:03:58 1002k
  2  202M    2 5077k    0     0   738k      0  0:04:40  0:00:06  0:04:34  997k
  2  202M    2 5128k    0     0   652k      0  0:05:17  0:00:07  0:05:10  670k
  2  202M    2 5234k    0     0   589k      0  0:05:51  0:00:08  0:05:43  429k
  2  202M    2 5317k    0     0   539k      0  0:06:23  0:00:09  0:06:14 81588
  2  202M    2 5380k    0     0   494k      0  0:06:58  0:00:10  0:06:48 80047
  2  202M    2 5413k    0     0   456k      0  0:07:33  0:00:11  0:07:22 68924
  2  202M    2 5447k    0     0   422k      0  0:08:09  0:00:12  0:07:57 65073
  2  202M    2 5915k    0     0   426k      0  0:08:05  0:00:13  0:07:52  136k
  2  202M    2 5984k    0     0   402k      0  0:08:34  0:00:14  0:08:20  132k
  3  202M    3 8265k    0     0   519k      0  0:06:38  0:00:15  0:06:23  572k
  6  202M    6 13.6M    0     0   828k      0  0:04:09  0:00:16  0:03:53 1713k
  9  202M    9 18.2M    0     0  1043k      0  0:03:18  0:00:17  0:03:01 2643k
 11  202M   11 23.7M    0     0  1291k      0  0:02:40  0:00:18  0:02:22 3698k
 14  202M   14 29.3M    0     0  1514k      0  0:02:16  0:00:19  0:01:57 4833k
 14  202M   14 29.5M    0     0  1443k      0  0:02:23  0:00:20  0:02:03 4358k
 14  202M   14 29.5M    0     0  1367k      0  0:02:31  0:00:22  0:02:09 3090k
 16  202M   16 32.9M    0     0  1477k      0  0:02:20  0:00:22  0:01:58 3035k
 19  202M   19 38.5M    0     0  1652k      0  0:02:05  0:00:23  0:01:42 3010k
 19  202M   19 38.5M    0     0  1587k      0  0:02:10  0:00:24  0:01:46 1877k
 19  202M   19 38.6M    0     0  1527k      0  0:02:15  0:00:25  0:01:50 1888k
 20  202M   20 41.8M    0     0  1595k      0  0:02:09  0:00:26  0:01:43 2663k
 23  202M   23 47.1M    0     0  1733k      0  0:01:59  0:00:27  0:01:32 2905k
 26  202M   26 52.6M    0     0  1869k      0  0:01:50  0:00:28  0:01:22 2904k
 28  202M   28 58.0M    0     0  1990k      0  0:01:44  0:00:29  0:01:15 4004k
 29  202M   29 59.3M    0     0  1962k      0  0:01:45  0:00:30  0:01:15 4173k
 29  202M   29 59.3M    0     0  1890k      0  0:01:49  0:00:32  0:01:17 3393k
 29  202M   29 60.5M    0     0  1865k      0  0:01:50  0:00:33  0:01:17 2552k
 30  202M   30 62.2M    0     0  1880k      0  0:01:50  0:00:33  0:01:17 1945k
 31  202M   31 64.0M    0     0  1875k      0  0:01:50  0:00:34  0:01:16 1202k
 32  202M   32 65.6M    0     0  1875k      0  0:01:50  0:00:35  0:01:15 1326k
 33  202M   33 67.4M    0     0  1854k      0  0:01:51  0:00:37  0:01:14 1625k
 34  202M   34 68.8M    0     0  1851k      0  0:01:51  0:00:38  0:01:13 1754k
 35  202M   35 70.9M    0     0  1869k      0  0:01:50  0:00:38  0:01:12 1792k
 36  202M   36 72.9M    0     0  1871k      0  0:01:50  0:00:39  0:01:11 1847k
 37  202M   37 74.9M    0     0  1857k      0  0:01:51  0:00:41  0:01:10 1740k
 38  202M   38 76.8M    0     0  1879k      0  0:01:50  0:00:41  0:01:09 2077k
 38  202M   38 78.7M    0     0  1882k      0  0:01:49  0:00:42  0:01:07 2123k
 39  202M   39 80.7M    0     0  1885k      0  0:01:49  0:00:43  0:01:06 2007k
 40  202M   40 82.8M    0     0  1890k      0  0:01:49  0:00:44  0:01:05 2041k
 42  202M   42 84.8M    0     0  1894k      0  0:01:49  0:00:45  0:01:04 2231k
 43  202M   43 87.1M    0     0  1902k      0  0:01:48  0:00:46  0:01:02 2096k
 43  202M   43 88.6M    0     0  1887k      0  0:01:49  0:00:48  0:01:01 1935k
 44  202M   44 90.4M    0     0  1893k      0  0:01:49  0:00:48  0:01:01 1962k
 45  202M   45 91.6M    0     0  1879k      0  0:01:50  0:00:49  0:01:01 1778k
 45  202M   45 92.8M    0     0  1869k      0  0:01:50  0:00:50  0:01:00 1639k
 46  202M   46 94.0M    0     0  1857k      0  0:01:51  0:00:51  0:01:00 1427k
 47  202M   47 95.3M    0     0  1846k      0  0:01:52  0:00:52  0:01:00 1428k
 47  202M   47 96.6M    0     0  1837k      0  0:01:52  0:00:53  0:00:59 1287k
 48  202M   48 98.0M    0     0  1830k      0  0:01:53  0:00:54  0:00:59 1334k
 48  202M   48 98.8M    0     0  1804k      0  0:01:54  0:00:56  0:00:58 1166k
 49  202M   49  100M    0     0  1802k      0  0:01:54  0:00:56  0:00:58 1243k
 49  202M   49  100M    0     0  1784k      0  0:01:55  0:00:57  0:00:58 1141k
 50  202M   50  101M    0     0  1768k      0  0:01:57  0:00:58  0:00:59 1035k
 50  202M   50  102M    0     0  1753k      0  0:01:58  0:00:59  0:00:59  929k
 51  202M   51  103M    0     0  1743k      0  0:01:58  0:01:00  0:00:58 1022k
 51  202M   51  104M    0     0  1730k      0  0:01:59  0:01:01  0:00:58  894k
 52  202M   52  105M    0     0  1718k      0  0:02:00  0:01:02  0:00:58  935k
 52  202M   52  106M    0     0  1692k      0  0:02:02  0:01:04  0:00:58  848k
 53  202M   53  107M    0     0  1691k      0  0:02:02  0:01:04  0:00:58  928k
 53  202M   53  107M    0     0  1673k      0  0:02:03  0:01:05  0:00:58  840k
 53  202M   53  108M    0     0  1658k      0  0:02:04  0:01:06  0:00:58  782k
 53  202M   53  109M    0     0  1643k      0  0:02:05  0:01:07  0:00:58  715k
 54  202M   54  109M    0     0  1626k      0  0:02:07  0:01:08  0:00:59  703k
 54  202M   54  110M    0     0  1616k      0  0:02:08  0:01:09  0:00:59  652k
 54  202M   54  111M    0     0  1604k      0  0:02:08  0:01:10  0:00:58  694k
 55  202M   55  111M    0     0  1593k      0  0:02:09  0:01:11  0:00:58  733k
 55  202M   55  112M    0     0  1574k      0  0:02:11  0:01:13  0:00:58  707k
 56  202M   56  113M    0     0  1574k      0  0:02:11  0:01:13  0:00:58  862k
 56  202M   56  114M    0     0  1559k      0  0:02:12  0:01:14  0:00:58  763k
 56  202M   56  114M    0     0  1550k      0  0:02:13  0:01:15  0:00:58  783k
 57  202M   57  115M    0     0  1537k      0  0:02:14  0:01:16  0:00:58  729k
 57  202M   57  116M    0     0  1527k      0  0:02:15  0:01:17  0:00:58  766k
 57  202M   57  116M    0     0  1516k      0  0:02:16  0:01:18  0:00:58  657k
 58  202M   58  117M    0     0  1505k      0  0:02:17  0:01:19  0:00:58  681k
 58  202M   58  118M    0     0  1495k      0  0:02:18  0:01:20  0:00:58  652k
 58  202M   58  118M    0     0  1487k      0  0:02:19  0:01:21  0:00:58  701k
 59  202M   59  119M    0     0  1479k      0  0:02:19  0:01:22  0:00:57  734k
 59  202M   59  120M    0     0  1471k      0  0:02:20  0:01:23  0:00:57  775k
 60  202M   60  121M    0     0  1465k      0  0:02:21  0:01:24  0:00:57  837k
 60  202M   60  122M    0     0  1459k      0  0:02:21  0:01:25  0:00:56  887k
 60  202M   60  123M    0     0  1447k      0  0:02:22  0:01:27  0:00:55  834k
 60  202M   60  123M    0     0  1431k      0  0:02:24  0:01:28  0:00:56  676k
 61  202M   61  124M    0     0  1435k      0  0:02:24  0:01:28  0:00:56  824k
 61  202M   61  125M    0     0  1425k      0  0:02:25  0:01:29  0:00:56  742k
 62  202M   62  125M    0     0  1416k      0  0:02:26  0:01:30  0:00:56  666k
 62  202M   62  126M    0     0  1408k      0  0:02:26  0:01:31  0:00:55  687k
 62  202M   62  127M    0     0  1400k      0  0:02:27  0:01:32  0:00:55  834k
 63  202M   63  127M    0     0  1393k      0  0:02:28  0:01:33  0:00:55  658k
 63  202M   63  128M    0     0  1387k      0  0:02:29  0:01:34  0:00:55  712k
 63  202M   63  128M    0     0  1374k      0  0:02:30  0:01:36  0:00:54  621k
 64  202M   64  129M    0     0  1370k      0  0:02:31  0:01:36  0:00:55  665k
 64  202M   64  130M    0     0  1361k      0  0:02:32  0:01:37  0:00:55  624k
 64  202M   64  130M    0     0  1352k      0  0:02:32  0:01:38  0:00:54  582k
 64  202M   64  131M    0     0  1345k      0  0:02:33  0:01:39  0:00:54  541k
 65  202M   65  131M    0     0  1338k      0  0:02:34  0:01:40  0:00:54  640k
 65  202M   65  132M    0     0  1333k      0  0:02:35  0:01:41  0:00:54  615k
 65  202M   65  133M    0     0  1327k      0  0:02:35  0:01:42  0:00:53  659k
 66  202M   66  134M    0     0  1321k      0  0:02:36  0:01:43  0:00:53  696k
 66  202M   66  134M    0     0  1317k      0  0:02:37  0:01:44  0:00:53  745k
 67  202M   67  135M    0     0  1313k      0  0:02:37  0:01:45  0:00:52  797k
 67  202M   67  136M    0     0  1309k      0  0:02:38  0:01:46  0:00:52  828k
 68  202M   68  137M    0     0  1306k      0  0:02:38  0:01:47  0:00:51  879k
 68  202M   68  138M    0     0  1303k      0  0:02:38  0:01:48  0:00:50  938k
 69  202M   69  139M    0     0  1301k      0  0:02:38  0:01:49  0:00:49  986k
 69  202M   69  140M    0     0  1300k      0  0:02:39  0:01:50  0:00:49 1035k
 70  202M   70  141M    0     0  1299k      0  0:02:39  0:01:51  0:00:48 1089k
 70  202M   70  142M    0     0  1291k      0  0:02:40  0:01:53  0:00:47  985k
 70  202M   70  142M    0     0  1282k      0  0:02:41  0:01:53  0:00:48  816k
 71  202M   71  144M    0     0  1282k      0  0:02:41  0:01:54  0:00:47  866k
 71  202M   71  144M    0     0  1275k      0  0:02:42  0:01:55  0:00:47  717k
 71  202M   71  144M    0     0  1268k      0  0:02:43  0:01:56  0:00:47  575k
 71  202M   71  145M    0     0  1262k      0  0:02:44  0:01:57  0:00:47  561k
 72  202M   72  145M    0     0  1255k      0  0:02:44  0:01:58  0:00:46  627k
 72  202M   72  146M    0     0  1249k      0  0:02:45  0:01:59  0:00:46  466k
 72  202M   72  146M    0     0  1243k      0  0:02:46  0:02:00  0:00:46  507k
 72  202M   72  147M    0     0  1238k      0  0:02:47  0:02:01  0:00:46  550k
 73  202M   73  148M    0     0  1234k      0  0:02:47  0:02:02  0:00:45  591k
 73  202M   73  148M    0     0  1230k      0  0:02:48  0:02:03  0:00:45  646k
 74  202M   74  149M    0     0  1227k      0  0:02:48  0:02:04  0:00:44  706k
 74  202M   74  150M    0     0  1224k      0  0:02:48  0:02:05  0:00:43  757k
 74  202M   74  151M    0     0  1221k      0  0:02:49  0:02:06  0:00:43  783k
 75  202M   75  152M    0     0  1218k      0  0:02:49  0:02:07  0:00:42  837k
 75  202M   75  153M    0     0  1217k      0  0:02:50  0:02:08  0:00:42  886k
 76  202M   76  154M    0     0  1215k      0  0:02:50  0:02:09  0:00:41  913k
 76  202M   76  155M    0     0  1214k      0  0:02:50  0:02:10  0:00:40  952k
 77  202M   77  156M    0     0  1213k      0  0:02:50  0:02:11  0:00:39 1014k
 77  202M   77  157M    0     0  1212k      0  0:02:50  0:02:12  0:00:38 1042k
 78  202M   78  158M    0     0  1212k      0  0:02:50  0:02:13  0:00:37 1085k
 79  202M   79  159M    0     0  1212k      0  0:02:50  0:02:14  0:00:36 1129k
 79  202M   79  160M    0     0  1212k      0  0:02:50  0:02:15  0:00:35 1176k
 80  202M   80  162M    0     0  1213k      0  0:02:50  0:02:16  0:00:34 1226k
 80  202M   80  163M    0     0  1215k      0  0:02:50  0:02:17  0:00:33 1286k
 81  202M   81  165M    0     0  1217k      0  0:02:50  0:02:18  0:00:32 1360k
 82  202M   82  166M    0     0  1219k      0  0:02:49  0:02:19  0:00:30 1401k
 83  202M   83  167M    0     0  1220k      0  0:02:49  0:02:20  0:00:29 1436k
 83  202M   83  169M    0     0  1222k      0  0:02:49  0:02:21  0:00:28 1470k
 84  202M   84  171M    0     0  1225k      0  0:02:48  0:02:22  0:00:26 1526k
 85  202M   85  172M    0     0  1228k      0  0:02:48  0:02:23  0:00:25 1538k
 86  202M   86  174M    0     0  1232k      0  0:02:47  0:02:24  0:00:23 1593k
 87  202M   87  176M    0     0  1235k      0  0:02:47  0:02:25  0:00:22 1651k
 87  202M   87  177M    0     0  1239k      0  0:02:46  0:02:26  0:00:20 1704k
 88  202M   88  179M    0     0  1243k      0  0:02:46  0:02:27  0:00:19 1744k
 89  202M   89  181M    0     0  1248k      0  0:02:45  0:02:28  0:00:17 1797k
 90  202M   90  183M    0     0  1252k      0  0:02:45  0:02:29  0:00:16 1842k
 91  202M   91  185M    0     0  1258k      0  0:02:44  0:02:30  0:00:14 1929k
 92  202M   92  187M    0     0  1262k      0  0:02:43  0:02:31  0:00:12 1947k
 93  202M   93  189M    0     0  1268k      0  0:02:43  0:02:32  0:00:11 1999k
 94  202M   94  191M    0     0  1273k      0  0:02:42  0:02:33  0:00:09 2048k
 95  202M   95  193M    0     0  1279k      0  0:02:41  0:02:34  0:00:07 2090k
 96  202M   96  195M    0     0  1285k      0  0:02:40  0:02:35  0:00:05 2100k
 97  202M   97  198M    0     0  1292k      0  0:02:40  0:02:36  0:00:04 2186k
 99  202M   99  200M    0     0  1299k      0  0:02:39  0:02:37  0:00:02 2232k
 99  202M   99  201M    0     0  1296k      0  0:02:39  0:02:39 --:--:-- 1976k
100  202M  100  202M    0     0  1296k      0  0:02:39  0:02:39 --:--:-- 1834k
/home/runner/boostkit-perf/zstd/1.5.7/aarch64/38042354516-1/silesia.tar: OK
[zstd-benchmark] /home/runner/boostkit-perf/zstd/1.5.7/aarch64/38042354516-1/lzbench-source/lzbench -ezstd,5 -b4 -t20u20 /home/runner/boostkit-perf/zstd/1.5.7/aarch64/38042354516-1/silesia.tar
zstd compr iter=1 time=2.15s speed=98.36 MB/s     
zstd compr iter=2 time=4.31s speed=98.20 MB/s     
zstd compr iter=3 time=6.47s speed=98.41 MB/s     
zstd compr iter=4 time=8.63s speed=98.19 MB/s     
zstd compr iter=5 time=10.78s speed=98.25 MB/s     
zstd compr iter=6 time=12.94s speed=98.35 MB/s     
zstd compr iter=7 time=15.10s speed=98.18 MB/s     
zstd compr iter=8 time=17.25s speed=98.24 MB/s     
zstd compr iter=9 time=19.41s speed=98.19 MB/s     
zstd decompr iter=1 time=0.35s speed=604.23 MB/s     
zstd decompr iter=2 time=0.72s speed=603.88 MB/s     
zstd decompr iter=3 time=1.10s speed=603.46 MB/s     
zstd decompr iter=4 time=1.47s speed=603.26 MB/s     
zstd decompr iter=5 time=1.84s speed=601.17 MB/s     
zstd decompr iter=6 time=2.22s speed=604.17 MB/s     
zstd decompr iter=7 time=2.59s speed=604.74 MB/s     
zstd decompr iter=8 time=2.96s speed=604.16 MB/s     
zstd decompr iter=9 time=3.33s speed=602.52 MB/s     
zstd decompr iter=10 time=3.70s speed=605.58 MB/s     
zstd decompr iter=11 time=4.08s speed=602.88 MB/s     
zstd decompr iter=12 time=4.45s speed=601.20 MB/s     
zstd decompr iter=13 time=4.82s speed=606.04 MB/s     
zstd decompr iter=14 time=5.20s speed=601.77 MB/s     
zstd decompr iter=15 time=5.57s speed=601.40 MB/s     
zstd decompr iter=16 time=5.94s speed=605.40 MB/s     
zstd decompr iter=17 time=6.31s speed=605.39 MB/s     
zstd decompr iter=18 time=6.68s speed=603.39 MB/s     
zstd decompr iter=19 time=7.06s speed=602.83 MB/s     
zstd decompr iter=20 time=7.43s speed=603.45 MB/s     
zstd decompr iter=21 time=7.80s speed=603.81 MB/s     
zstd decompr iter=22 time=8.18s speed=603.45 MB/s     
zstd decompr iter=23 time=8.55s speed=604.20 MB/s     
zstd decompr iter=24 time=8.92s speed=603.10 MB/s     
zstd decompr iter=25 time=9.29s speed=604.66 MB/s     
zstd decompr iter=26 time=9.66s speed=605.29 MB/s     
zstd decompr iter=27 time=10.04s speed=603.54 MB/s     
zstd decompr iter=28 time=10.41s speed=606.61 MB/s     
zstd decompr iter=29 time=10.78s speed=604.18 MB/s     
zstd decompr iter=30 time=11.15s speed=600.46 MB/s     
zstd decompr iter=31 time=11.53s speed=605.07 MB/s     
zstd decompr iter=32 time=11.90s speed=605.20 MB/s     
zstd decompr iter=33 time=12.27s speed=604.92 MB/s     
zstd decompr iter=34 time=12.64s speed=605.22 MB/s     
zstd decompr iter=35 time=13.01s speed=604.81 MB/s     
zstd decompr iter=36 time=13.38s speed=603.81 MB/s     
zstd decompr iter=37 time=13.76s speed=604.06 MB/s     
zstd decompr iter=38 time=14.13s speed=605.31 MB/s     
zstd decompr iter=39 time=14.50s speed=605.42 MB/s     
zstd decompr iter=40 time=14.87s speed=606.20 MB/s     
zstd decompr iter=41 time=15.24s speed=603.23 MB/s     
zstd decompr iter=42 time=15.62s speed=601.08 MB/s     
zstd decompr iter=43 time=15.99s speed=604.72 MB/s     
zstd decompr iter=44 time=16.36s speed=604.42 MB/s     
zstd decompr iter=45 time=16.73s speed=604.37 MB/s     
zstd decompr iter=46 time=17.11s speed=604.93 MB/s     
zstd decompr iter=47 time=17.48s speed=605.70 MB/s     
zstd decompr iter=48 time=17.85s speed=604.07 MB/s     
zstd decompr iter=49 time=18.22s speed=604.15 MB/s     
zstd decompr iter=50 time=18.60s speed=601.83 MB/s     
zstd decompr iter=51 time=18.97s speed=603.29 MB/s     
zstd decompr iter=52 time=19.34s speed=604.95 MB/s     
zstd decompr iter=53 time=19.71s speed=605.95 MB/s     
lzbench 2.2 | GCC 12.3.1 | 64-bit Linux | 

Compressor name         Compress. Decompress. Compr. size  Ratio Filename
zstd 1.5.7 -5            98.4 MB/s   606 MB/s    87763040  41.41 /home/runner/boostkit-perf/zstd/1.5.7/aarch64/38042354516-1/silesia.tar
[Params] cIters=1 dIters=1 cTime=20.0 dTime=20.0 chunkSize=4KB cSpeed=0MB
[zstd-benchmark] normalized 3 lzbench metrics
