[sonic-cpp] running official CMake benchmark (benchmark/main.cpp)
2026-09-08T11:02:06+08:00
Running /home/runner/boostkit-perf/sonic-cpp/1.0.2/x86_64/34181714311-2/build/benchmark/bench
Run on (384 X 2400 MHz CPU s)
CPU Caches:
  L1 Data 32 KiB (x192)
  L1 Instruction 32 KiB (x192)
  L2 Unified 1024 KiB (x192)
  L3 Unified 32768 KiB (x24)
Load Average: 0.63, 1.89, 1.86
***WARNING*** ASLR is enabled, the results may have unreproducible noise in them.
-----------------------------------------------------------------------------------------------------------
Benchmark                                                 Time             CPU   Iterations UserCounters...
-----------------------------------------------------------------------------------------------------------
twitter/SonicOnDemand_Normal_mean                     15983 ns        15923 ns            5 bytes_per_second=15.4633Gi/s Normal
twitter/SonicOnDemand_Normal_median                   15980 ns        15918 ns            5 bytes_per_second=15.4682Gi/s Normal
twitter/SonicOnDemand_Normal_stddev                    14.9 ns         15.5 ns            5 bytes_per_second=15.4233Mi/s Normal
twitter/SonicOnDemand_Normal_cv                        0.09 %          0.10 %             5 bytes_per_second=0.10% Normal
twitter/RapidjsonSaxOnDemand_Normal_mean             312687 ns       311530 ns            5 bytes_per_second=809.346Mi/s Normal
twitter/RapidjsonSaxOnDemand_Normal_median           312618 ns       311455 ns            5 bytes_per_second=809.541Mi/s Normal
twitter/RapidjsonSaxOnDemand_Normal_stddev              212 ns          221 ns            5 bytes_per_second=588.691Ki/s Normal
twitter/RapidjsonSaxOnDemand_Normal_cv                 0.07 %          0.07 %             5 bytes_per_second=0.07% Normal
twitter/SIMDjsonOnDemand_Normal_mean                  51926 ns        51735 ns            5 bytes_per_second=4.75939Gi/s Normal
twitter/SIMDjsonOnDemand_Normal_median                51912 ns        51718 ns            5 bytes_per_second=4.76093Gi/s Normal
twitter/SIMDjsonOnDemand_Normal_stddev                 24.9 ns         23.4 ns            5 bytes_per_second=2.20381Mi/s Normal
twitter/SIMDjsonOnDemand_Normal_cv                     0.05 %          0.05 %             5 bytes_per_second=0.05% Normal
citm_catalog/SonicOnDemand_Fronter_mean                9348 ns         9313 ns            5 bytes_per_second=172.719Gi/s Fronter
citm_catalog/SonicOnDemand_Fronter_median              9348 ns         9314 ns            5 bytes_per_second=172.703Gi/s Fronter
citm_catalog/SonicOnDemand_Fronter_stddev              3.65 ns         4.12 ns            5 bytes_per_second=78.1774Mi/s Fronter
citm_catalog/SonicOnDemand_Fronter_cv                  0.04 %          0.04 %             5 bytes_per_second=0.04% Fronter
citm_catalog/RapidjsonSaxOnDemand_Fronter_mean        94518 ns        94171 ns            5 bytes_per_second=17.0816Gi/s Fronter
citm_catalog/RapidjsonSaxOnDemand_Fronter_median      94518 ns        94177 ns            5 bytes_per_second=17.0805Gi/s Fronter
citm_catalog/RapidjsonSaxOnDemand_Fronter_stddev       88.2 ns         87.9 ns            5 bytes_per_second=16.3202Mi/s Fronter
citm_catalog/RapidjsonSaxOnDemand_Fronter_cv           0.09 %          0.09 %             5 bytes_per_second=0.09% Fronter
citm_catalog/SIMDjsonOnDemand_Fronter_mean           221217 ns       220276 ns            5 bytes_per_second=7.30259Gi/s Fronter
citm_catalog/SIMDjsonOnDemand_Fronter_median         221116 ns       220182 ns            5 bytes_per_second=7.3057Gi/s Fronter
citm_catalog/SIMDjsonOnDemand_Fronter_stddev            195 ns          193 ns            5 bytes_per_second=6.53659Mi/s Fronter
citm_catalog/SIMDjsonOnDemand_Fronter_cv               0.09 %          0.09 %             5 bytes_per_second=0.09% Fronter
twitter/SonicOnDemand_NotFound_mean                   15862 ns        15803 ns            5 bytes_per_second=15.5805Gi/s NotFound
twitter/SonicOnDemand_NotFound_median                 15860 ns        15801 ns            5 bytes_per_second=15.5831Gi/s NotFound
twitter/SonicOnDemand_NotFound_stddev                  6.14 ns         6.03 ns            5 bytes_per_second=6.08186Mi/s NotFound
twitter/SonicOnDemand_NotFound_cv                      0.04 %          0.04 %             5 bytes_per_second=0.04% NotFound
twitter/RapidjsonSaxOnDemand_NotFound_mean           315552 ns       314224 ns            5 bytes_per_second=802.406Mi/s NotFound
twitter/RapidjsonSaxOnDemand_NotFound_median         315441 ns       314192 ns            5 bytes_per_second=802.488Mi/s NotFound
twitter/RapidjsonSaxOnDemand_NotFound_stddev            311 ns          320 ns            5 bytes_per_second=835.099Ki/s NotFound
twitter/RapidjsonSaxOnDemand_NotFound_cv               0.10 %          0.10 %             5 bytes_per_second=0.10% NotFound
twitter/SIMDjsonOnDemand_NotFound_mean                52020 ns        51797 ns            5 bytes_per_second=4.75366Gi/s NotFound
twitter/SIMDjsonOnDemand_NotFound_median              51959 ns        51735 ns            5 bytes_per_second=4.75939Gi/s NotFound
twitter/SIMDjsonOnDemand_NotFound_stddev                124 ns          122 ns            5 bytes_per_second=11.4396Mi/s NotFound
twitter/SIMDjsonOnDemand_NotFound_cv                   0.24 %          0.24 %             5 bytes_per_second=0.24% NotFound
fgo/Decode_SonicDyn_mean                           47303060 ns     47039733 ns            5 bytes_per_second=988.653Mi/s testdata/fgo.json
fgo/Decode_SonicDyn_median                         47298561 ns     47035393 ns            5 bytes_per_second=988.744Mi/s testdata/fgo.json
fgo/Decode_SonicDyn_stddev                            34871 ns        37048 ns            5 bytes_per_second=797.254Ki/s testdata/fgo.json
fgo/Decode_SonicDyn_cv                                 0.07 %          0.08 %             5 bytes_per_second=0.08% testdata/fgo.json
fgo/Decode_Rapidjson_mean                         100800970 ns    100299460 ns            5 bytes_per_second=464.134Mi/s testdata/fgo.json
fgo/Decode_Rapidjson_median                        99320723 ns     98825828 ns            5 bytes_per_second=470.585Mi/s testdata/fgo.json
fgo/Decode_Rapidjson_stddev                         3637091 ns      3620140 ns            5 bytes_per_second=16.0414Mi/s testdata/fgo.json
fgo/Decode_Rapidjson_cv                                3.61 %          3.61 %             5 bytes_per_second=3.46% testdata/fgo.json
fgo/Decode_YYjson_mean                            108504079 ns    107934876 ns            5 bytes_per_second=430.871Mi/s testdata/fgo.json
fgo/Decode_YYjson_median                          108494973 ns    107917212 ns            5 bytes_per_second=430.941Mi/s testdata/fgo.json
fgo/Decode_YYjson_stddev                              46146 ns        46994 ns            5 bytes_per_second=192.056Ki/s testdata/fgo.json
fgo/Decode_YYjson_cv                                   0.04 %          0.04 %             5 bytes_per_second=0.04% testdata/fgo.json
fgo/Decode_SIMDjson_mean                           54891285 ns     54606098 ns            5 bytes_per_second=851.663Mi/s testdata/fgo.json
fgo/Decode_SIMDjson_median                         54884218 ns     54603547 ns            5 bytes_per_second=851.702Mi/s testdata/fgo.json
fgo/Decode_SIMDjson_stddev                            42058 ns        29163 ns            5 bytes_per_second=465.676Ki/s testdata/fgo.json
fgo/Decode_SIMDjson_cv                                 0.08 %          0.05 %             5 bytes_per_second=0.05% testdata/fgo.json
fgo/Decode_JsonCpp_mean                          5805099946 ns   5782841398 ns            5 bytes_per_second=8.0517Mi/s testdata/fgo.json
fgo/Decode_JsonCpp_median                        5661027817 ns   5639604084 ns            5 bytes_per_second=8.24632Mi/s testdata/fgo.json
fgo/Decode_JsonCpp_stddev                         226857788 ns    225766986 ns            5 bytes_per_second=316.139Ki/s testdata/fgo.json
fgo/Decode_JsonCpp_cv                                  3.91 %          3.90 %             5 bytes_per_second=3.83% testdata/fgo.json
twitterescaped/Decode_SonicDyn_mean                  265150 ns       264026 ns            5 bytes_per_second=1.98383Gi/s testdata/twitterescaped.json
twitterescaped/Decode_SonicDyn_median                265140 ns       263999 ns            5 bytes_per_second=1.98404Gi/s testdata/twitterescaped.json
twitterescaped/Decode_SonicDyn_stddev                  62.6 ns         49.8 ns            5 bytes_per_second=392.005Ki/s testdata/twitterescaped.json
twitterescaped/Decode_SonicDyn_cv                      0.02 %          0.02 %             5 bytes_per_second=0.02% testdata/twitterescaped.json
twitterescaped/Decode_Rapidjson_mean                 898256 ns       894262 ns            5 bytes_per_second=599.795Mi/s testdata/twitterescaped.json
twitterescaped/Decode_Rapidjson_median               902112 ns       897982 ns            5 bytes_per_second=597.288Mi/s testdata/twitterescaped.json
twitterescaped/Decode_Rapidjson_stddev                 6252 ns         6107 ns            5 bytes_per_second=4.10677Mi/s testdata/twitterescaped.json
twitterescaped/Decode_Rapidjson_cv                     0.70 %          0.68 %             5 bytes_per_second=0.68% testdata/twitterescaped.json
twitterescaped/Decode_YYjson_mean                   1003086 ns       998424 ns            5 bytes_per_second=537.201Mi/s testdata/twitterescaped.json
twitterescaped/Decode_YYjson_median                 1002943 ns       998293 ns            5 bytes_per_second=537.271Mi/s testdata/twitterescaped.json
twitterescaped/Decode_YYjson_stddev                     350 ns          309 ns            5 bytes_per_second=170.231Ki/s testdata/twitterescaped.json
twitterescaped/Decode_YYjson_cv                        0.03 %          0.03 %             5 bytes_per_second=0.03% testdata/twitterescaped.json
twitterescaped/Decode_SIMDjson_mean                  357037 ns       355414 ns            5 bytes_per_second=1.47373Gi/s testdata/twitterescaped.json
twitterescaped/Decode_SIMDjson_median                356827 ns       355217 ns            5 bytes_per_second=1.47454Gi/s testdata/twitterescaped.json
twitterescaped/Decode_SIMDjson_stddev                   345 ns          339 ns            5 bytes_per_second=1.44039Mi/s testdata/twitterescaped.json
twitterescaped/Decode_SIMDjson_cv                      0.10 %          0.10 %             5 bytes_per_second=0.10% testdata/twitterescaped.json
twitterescaped/Decode_JsonCpp_mean                 25426185 ns     25320052 ns            5 bytes_per_second=21.183Mi/s testdata/twitterescaped.json
twitterescaped/Decode_JsonCpp_median               25433486 ns     25326881 ns            5 bytes_per_second=21.1773Mi/s testdata/twitterescaped.json
twitterescaped/Decode_JsonCpp_stddev                  28613 ns        28014 ns            5 bytes_per_second=24.0062Ki/s testdata/twitterescaped.json
twitterescaped/Decode_JsonCpp_cv                       0.11 %          0.11 %             5 bytes_per_second=0.11% testdata/twitterescaped.json
canada/Decode_SonicDyn_mean                         2118555 ns      2108782 ns            5 bytes_per_second=1018.02Mi/s testdata/canada.json
canada/Decode_SonicDyn_median                       2117185 ns      2107523 ns            5 bytes_per_second=1018.62Mi/s testdata/canada.json
canada/Decode_SonicDyn_stddev                          4592 ns         4583 ns            5 bytes_per_second=2.21144Mi/s testdata/canada.json
canada/Decode_SonicDyn_cv                              0.22 %          0.22 %             5 bytes_per_second=0.22% testdata/canada.json
canada/Decode_Rapidjson_mean                        3071074 ns      3056975 ns            5 bytes_per_second=702.285Mi/s testdata/canada.json
canada/Decode_Rapidjson_median                      3066978 ns      3052680 ns            5 bytes_per_second=703.241Mi/s testdata/canada.json
canada/Decode_Rapidjson_stddev                        23396 ns        23262 ns            5 bytes_per_second=5.34202Mi/s testdata/canada.json
canada/Decode_Rapidjson_cv                             0.76 %          0.76 %             5 bytes_per_second=0.76% testdata/canada.json
canada/Decode_YYjson_mean                           6726353 ns      6698676 ns            5 bytes_per_second=320.477Mi/s testdata/canada.json
canada/Decode_YYjson_median                         6724125 ns      6696768 ns            5 bytes_per_second=320.568Mi/s testdata/canada.json
canada/Decode_YYjson_stddev                            4953 ns         4070 ns            5 bytes_per_second=199.222Ki/s testdata/canada.json
canada/Decode_YYjson_cv                                0.07 %          0.06 %             5 bytes_per_second=0.06% testdata/canada.json
canada/Decode_SIMDjson_mean                         2129168 ns      2119831 ns            5 bytes_per_second=1012.71Mi/s testdata/canada.json
canada/Decode_SIMDjson_median                       2127051 ns      2117604 ns            5 bytes_per_second=1013.77Mi/s testdata/canada.json
canada/Decode_SIMDjson_stddev                          5586 ns         5308 ns            5 bytes_per_second=2.52759Mi/s testdata/canada.json
canada/Decode_SIMDjson_cv                              0.26 %          0.25 %             5 bytes_per_second=0.25% testdata/canada.json
canada/Decode_JsonCpp_mean                        314899657 ns    313710569 ns            5 bytes_per_second=6.84323Mi/s testdata/canada.json
canada/Decode_JsonCpp_median                      314299822 ns    313125279 ns            5 bytes_per_second=6.85594Mi/s testdata/canada.json
canada/Decode_JsonCpp_stddev                        1165360 ns      1171790 ns            5 bytes_per_second=26.138Ki/s testdata/canada.json
canada/Decode_JsonCpp_cv                               0.37 %          0.37 %             5 bytes_per_second=0.37% testdata/canada.json
lottie/Decode_SonicDyn_mean                          429214 ns       427374 ns            5 bytes_per_second=644.741Mi/s testdata/lottie.json
lottie/Decode_SonicDyn_median                        429514 ns       427675 ns            5 bytes_per_second=644.283Mi/s testdata/lottie.json
lottie/Decode_SonicDyn_stddev                           982 ns          983 ns            5 bytes_per_second=1.48612Mi/s testdata/lottie.json
lottie/Decode_SonicDyn_cv                              0.23 %          0.23 %             5 bytes_per_second=0.23% testdata/lottie.json
lottie/Decode_Rapidjson_mean                         839512 ns       835931 ns            5 bytes_per_second=329.629Mi/s testdata/lottie.json
lottie/Decode_Rapidjson_median                       840783 ns       837213 ns            5 bytes_per_second=329.121Mi/s testdata/lottie.json
lottie/Decode_Rapidjson_stddev                         3030 ns         3017 ns            5 bytes_per_second=1.19437Mi/s testdata/lottie.json
lottie/Decode_Rapidjson_cv                             0.36 %          0.36 %             5 bytes_per_second=0.36% testdata/lottie.json
lottie/Decode_YYjson_mean                            874679 ns       870909 ns            5 bytes_per_second=316.387Mi/s testdata/lottie.json
lottie/Decode_YYjson_median                          874530 ns       870725 ns            5 bytes_per_second=316.454Mi/s testdata/lottie.json
lottie/Decode_YYjson_stddev                             441 ns          436 ns            5 bytes_per_second=162.146Ki/s testdata/lottie.json
lottie/Decode_YYjson_cv                                0.05 %          0.05 %             5 bytes_per_second=0.05% testdata/lottie.json
lottie/Decode_SIMDjson_mean                          344030 ns       342591 ns            5 bytes_per_second=804.301Mi/s testdata/lottie.json
lottie/Decode_SIMDjson_median                        343869 ns       342422 ns            5 bytes_per_second=804.693Mi/s testdata/lottie.json
lottie/Decode_SIMDjson_stddev                          1147 ns         1138 ns            5 bytes_per_second=2.66276Mi/s testdata/lottie.json
lottie/Decode_SIMDjson_cv                              0.33 %          0.33 %             5 bytes_per_second=0.33% testdata/lottie.json
lottie/Decode_JsonCpp_mean                         74275015 ns     73989054 ns            5 bytes_per_second=3.72425Mi/s testdata/lottie.json
lottie/Decode_JsonCpp_median                       74053804 ns     73764049 ns            5 bytes_per_second=3.73548Mi/s testdata/lottie.json
lottie/Decode_JsonCpp_stddev                         496509 ns       489928 ns            5 bytes_per_second=25.2092Ki/s testdata/lottie.json
lottie/Decode_JsonCpp_cv                               0.67 %          0.66 %             5 bytes_per_second=0.66% testdata/lottie.json
book/Decode_SonicDyn_mean                               461 ns          459 ns            5 bytes_per_second=762.053Mi/s testdata/book.json
book/Decode_SonicDyn_median                             461 ns          459 ns            5 bytes_per_second=762.815Mi/s testdata/book.json
book/Decode_SonicDyn_stddev                            2.22 ns         2.19 ns            5 bytes_per_second=3.63949Mi/s testdata/book.json
book/Decode_SonicDyn_cv                                0.48 %          0.48 %             5 bytes_per_second=0.48% testdata/book.json
book/Decode_Rapidjson_mean                              902 ns          899 ns            5 bytes_per_second=389.511Mi/s testdata/book.json
book/Decode_Rapidjson_median                            899 ns          895 ns            5 bytes_per_second=390.92Mi/s testdata/book.json
book/Decode_Rapidjson_stddev                           6.75 ns         6.68 ns            5 bytes_per_second=2.87228Mi/s testdata/book.json
book/Decode_Rapidjson_cv                               0.75 %          0.74 %             5 bytes_per_second=0.74% testdata/book.json
book/Decode_YYjson_mean                                 876 ns          872 ns            5 bytes_per_second=401.198Mi/s testdata/book.json
book/Decode_YYjson_median                               876 ns          872 ns            5 bytes_per_second=401.195Mi/s testdata/book.json
book/Decode_YYjson_stddev                             0.691 ns        0.625 ns            5 bytes_per_second=294.546Ki/s testdata/book.json
book/Decode_YYjson_cv                                  0.08 %          0.07 %             5 bytes_per_second=0.07% testdata/book.json
book/Decode_SIMDjson_mean                               450 ns          448 ns            5 bytes_per_second=781.276Mi/s testdata/book.json
book/Decode_SIMDjson_median                             450 ns          448 ns            5 bytes_per_second=781.201Mi/s testdata/book.json
book/Decode_SIMDjson_stddev                           0.221 ns        0.217 ns            5 bytes_per_second=387.872Ki/s testdata/book.json
book/Decode_SIMDjson_cv                                0.05 %          0.05 %             5 bytes_per_second=0.05% testdata/book.json
book/Decode_JsonCpp_mean                              70055 ns        69793 ns            5 bytes_per_second=5.01486Mi/s testdata/book.json
book/Decode_JsonCpp_median                            69984 ns        69718 ns            5 bytes_per_second=5.02023Mi/s testdata/book.json
book/Decode_JsonCpp_stddev                              163 ns          165 ns            5 bytes_per_second=12.1183Ki/s testdata/book.json
book/Decode_JsonCpp_cv                                 0.23 %          0.24 %             5 bytes_per_second=0.24% testdata/book.json
gsoc-2018/Decode_SonicDyn_mean                       593830 ns       591098 ns            5 bytes_per_second=5.24327Gi/s testdata/gsoc-2018.json
gsoc-2018/Decode_SonicDyn_median                     593595 ns       590801 ns            5 bytes_per_second=5.2459Gi/s testdata/gsoc-2018.json
gsoc-2018/Decode_SonicDyn_stddev                        872 ns          718 ns            5 bytes_per_second=6.51599Mi/s testdata/gsoc-2018.json
gsoc-2018/Decode_SonicDyn_cv                           0.15 %          0.12 %             5 bytes_per_second=0.12% testdata/gsoc-2018.json
gsoc-2018/Decode_Rapidjson_mean                     4411235 ns      4390419 ns            5 bytes_per_second=722.862Mi/s testdata/gsoc-2018.json
gsoc-2018/Decode_Rapidjson_median                   4411608 ns      4390969 ns            5 bytes_per_second=722.771Mi/s testdata/gsoc-2018.json
gsoc-2018/Decode_Rapidjson_stddev                      2771 ns         2779 ns            5 bytes_per_second=468.563Ki/s testdata/gsoc-2018.json
gsoc-2018/Decode_Rapidjson_cv                          0.06 %          0.06 %             5 bytes_per_second=0.06% testdata/gsoc-2018.json
gsoc-2018/Decode_YYjson_mean                        4214467 ns      4194690 ns            5 bytes_per_second=756.596Mi/s testdata/gsoc-2018.json
gsoc-2018/Decode_YYjson_median                      4209841 ns      4189932 ns            5 bytes_per_second=757.451Mi/s testdata/gsoc-2018.json
gsoc-2018/Decode_YYjson_stddev                        11022 ns        10961 ns            5 bytes_per_second=1.97021Mi/s testdata/gsoc-2018.json
gsoc-2018/Decode_YYjson_cv                             0.26 %          0.26 %             5 bytes_per_second=0.26% testdata/gsoc-2018.json
gsoc-2018/Decode_SIMDjson_mean                       758366 ns       754742 ns            5 bytes_per_second=4.10667Gi/s testdata/gsoc-2018.json
gsoc-2018/Decode_SIMDjson_median                     757961 ns       754392 ns            5 bytes_per_second=4.10832Gi/s testdata/gsoc-2018.json
gsoc-2018/Decode_SIMDjson_stddev                       6647 ns         6631 ns            5 bytes_per_second=36.8253Mi/s testdata/gsoc-2018.json
gsoc-2018/Decode_SIMDjson_cv                           0.88 %          0.88 %             5 bytes_per_second=0.88% testdata/gsoc-2018.json
gsoc-2018/Decode_JsonCpp_mean                      49845122 ns     49626868 ns            5 bytes_per_second=63.9506Mi/s testdata/gsoc-2018.json
gsoc-2018/Decode_JsonCpp_median                    49865780 ns     49647157 ns            5 bytes_per_second=63.9244Mi/s testdata/gsoc-2018.json
gsoc-2018/Decode_JsonCpp_stddev                       55158 ns        56235 ns            5 bytes_per_second=74.2639Ki/s testdata/gsoc-2018.json
gsoc-2018/Decode_JsonCpp_cv                            0.11 %          0.11 %             5 bytes_per_second=0.11% testdata/gsoc-2018.json
twitter/Decode_SonicDyn_mean                          96803 ns        96347 ns            5 bytes_per_second=2.55563Gi/s testdata/twitter.json
twitter/Decode_SonicDyn_median                        96770 ns        96312 ns            5 bytes_per_second=2.55653Gi/s testdata/twitter.json
twitter/Decode_SonicDyn_stddev                          153 ns          153 ns            5 bytes_per_second=4.16779Mi/s testdata/twitter.json
twitter/Decode_SonicDyn_cv                             0.16 %          0.16 %             5 bytes_per_second=0.16% testdata/twitter.json
twitter/Decode_Rapidjson_mean                        349844 ns       348370 ns            5 bytes_per_second=723.763Mi/s testdata/twitter.json
twitter/Decode_Rapidjson_median                      349104 ns       347636 ns            5 bytes_per_second=725.286Mi/s testdata/twitter.json
twitter/Decode_Rapidjson_stddev                        1074 ns         1072 ns            5 bytes_per_second=2.22426Mi/s testdata/twitter.json
twitter/Decode_Rapidjson_cv                            0.31 %          0.31 %             5 bytes_per_second=0.31% testdata/twitter.json
twitter/Decode_YYjson_mean                           313113 ns       311773 ns            5 bytes_per_second=808.713Mi/s testdata/twitter.json
twitter/Decode_YYjson_median                         313145 ns       311797 ns            5 bytes_per_second=808.651Mi/s testdata/twitter.json
twitter/Decode_YYjson_stddev                            186 ns          174 ns            5 bytes_per_second=462.392Ki/s testdata/twitter.json
twitter/Decode_YYjson_cv                               0.06 %          0.06 %             5 bytes_per_second=0.06% testdata/twitter.json
twitter/Decode_SIMDjson_mean                          78137 ns        77795 ns            5 bytes_per_second=3.16508Gi/s testdata/twitter.json
twitter/Decode_SIMDjson_median                        78135 ns        77803 ns            5 bytes_per_second=3.16473Gi/s testdata/twitter.json
twitter/Decode_SIMDjson_stddev                          132 ns          120 ns            5 bytes_per_second=4.99136Mi/s testdata/twitter.json
twitter/Decode_SIMDjson_cv                             0.17 %          0.15 %             5 bytes_per_second=0.15% testdata/twitter.json
twitter/Decode_JsonCpp_mean                         9548016 ns      9511207 ns            5 bytes_per_second=26.5093Mi/s testdata/twitter.json
twitter/Decode_JsonCpp_median                       9549898 ns      9513709 ns            5 bytes_per_second=26.5023Mi/s testdata/twitter.json
twitter/Decode_JsonCpp_stddev                         15301 ns        16232 ns            5 bytes_per_second=46.3321Ki/s testdata/twitter.json
twitter/Decode_JsonCpp_cv                              0.16 %          0.17 %             5 bytes_per_second=0.17% testdata/twitter.json
github_events/Decode_SonicDyn_mean                    22723 ns        22639 ns            5 bytes_per_second=2.67944Gi/s testdata/github_events.json
github_events/Decode_SonicDyn_median                  22722 ns        22639 ns            5 bytes_per_second=2.67944Gi/s testdata/github_events.json
github_events/Decode_SonicDyn_stddev                   10.5 ns         8.83 ns            5 bytes_per_second=1.06956Mi/s testdata/github_events.json
github_events/Decode_SonicDyn_cv                       0.05 %          0.04 %             5 bytes_per_second=0.04% testdata/github_events.json
github_events/Decode_Rapidjson_mean                   91169 ns        90829 ns            5 bytes_per_second=683.866Mi/s testdata/github_events.json
github_events/Decode_Rapidjson_median                 91155 ns        90823 ns            5 bytes_per_second=683.913Mi/s testdata/github_events.json
github_events/Decode_Rapidjson_stddev                  32.3 ns         26.3 ns            5 bytes_per_second=202.681Ki/s testdata/github_events.json
github_events/Decode_Rapidjson_cv                      0.04 %          0.03 %             5 bytes_per_second=0.03% testdata/github_events.json
github_events/Decode_YYjson_mean                      82013 ns        81702 ns            5 bytes_per_second=760.26Mi/s testdata/github_events.json
github_events/Decode_YYjson_median                    81994 ns        81681 ns            5 bytes_per_second=760.451Mi/s testdata/github_events.json
github_events/Decode_YYjson_stddev                     58.8 ns         56.7 ns            5 bytes_per_second=540.243Ki/s testdata/github_events.json
github_events/Decode_YYjson_cv                         0.07 %          0.07 %             5 bytes_per_second=0.07% testdata/github_events.json
github_events/Decode_SIMDjson_mean                    16979 ns        16912 ns            5 bytes_per_second=3.58679Gi/s testdata/github_events.json
github_events/Decode_SIMDjson_median                  16968 ns        16905 ns            5 bytes_per_second=3.58814Gi/s testdata/github_events.json
github_events/Decode_SIMDjson_stddev                   25.1 ns         15.7 ns            5 bytes_per_second=3.3953Mi/s testdata/github_events.json
github_events/Decode_SIMDjson_cv                       0.15 %          0.09 %             5 bytes_per_second=0.09% testdata/github_events.json
github_events/Decode_JsonCpp_mean                   2206064 ns      2197553 ns            5 bytes_per_second=28.2654Mi/s testdata/github_events.json
github_events/Decode_JsonCpp_median                 2206742 ns      2198105 ns            5 bytes_per_second=28.2583Mi/s testdata/github_events.json
github_events/Decode_JsonCpp_stddev                    2114 ns         1985 ns            5 bytes_per_second=26.1538Ki/s testdata/github_events.json
github_events/Decode_JsonCpp_cv                        0.10 %          0.09 %             5 bytes_per_second=0.09% testdata/github_events.json
poet/Decode_SonicDyn_mean                            803682 ns       800262 ns            5 bytes_per_second=4.0882Gi/s testdata/poet.json
poet/Decode_SonicDyn_median                          803625 ns       800215 ns            5 bytes_per_second=4.08843Gi/s testdata/poet.json
poet/Decode_SonicDyn_stddev                             248 ns          225 ns            5 bytes_per_second=1.17807Mi/s testdata/poet.json
poet/Decode_SonicDyn_cv                                0.03 %          0.03 %             5 bytes_per_second=0.03% testdata/poet.json
poet/Decode_Rapidjson_mean                          4791171 ns      4770129 ns            5 bytes_per_second=702.318Mi/s testdata/poet.json
poet/Decode_Rapidjson_median                        4792925 ns      4772373 ns            5 bytes_per_second=701.987Mi/s testdata/poet.json
poet/Decode_Rapidjson_stddev                           4801 ns         4113 ns            5 bytes_per_second=620.286Ki/s testdata/poet.json
poet/Decode_Rapidjson_cv                               0.10 %          0.09 %             5 bytes_per_second=0.09% testdata/poet.json
poet/Decode_YYjson_mean                             2681732 ns      2670196 ns            5 bytes_per_second=1.22524Gi/s testdata/poet.json
poet/Decode_YYjson_median                           2681872 ns      2669921 ns            5 bytes_per_second=1.22536Gi/s testdata/poet.json
poet/Decode_YYjson_stddev                               688 ns          758 ns            5 bytes_per_second=364.54Ki/s testdata/poet.json
poet/Decode_YYjson_cv                                  0.03 %          0.03 %             5 bytes_per_second=0.03% testdata/poet.json
poet/Decode_SIMDjson_mean                            945738 ns       941716 ns            5 bytes_per_second=3.47411Gi/s testdata/poet.json
poet/Decode_SIMDjson_median                          945982 ns       941980 ns            5 bytes_per_second=3.47314Gi/s testdata/poet.json
poet/Decode_SIMDjson_stddev                             956 ns          955 ns            5 bytes_per_second=3.61257Mi/s testdata/poet.json
poet/Decode_SIMDjson_cv                                0.10 %          0.10 %             5 bytes_per_second=0.10% testdata/poet.json
poet/Decode_JsonCpp_mean                           75394836 ns     75093890 ns            5 bytes_per_second=44.6128Mi/s testdata/poet.json
poet/Decode_JsonCpp_median                         75376352 ns     75084112 ns            5 bytes_per_second=44.6186Mi/s testdata/poet.json
poet/Decode_JsonCpp_stddev                            90574 ns        92653 ns            5 bytes_per_second=56.3003Ki/s testdata/poet.json
poet/Decode_JsonCpp_cv                                 0.12 %          0.12 %             5 bytes_per_second=0.12% testdata/poet.json
otfcc/Decode_SonicDyn_mean                        107254368 ns    106753752 ns            5 bytes_per_second=593.264Mi/s testdata/otfcc.json
otfcc/Decode_SonicDyn_median                      107351651 ns    106835168 ns            5 bytes_per_second=592.809Mi/s testdata/otfcc.json
otfcc/Decode_SonicDyn_stddev                         248908 ns       247924 ns            5 bytes_per_second=1.38065Mi/s testdata/otfcc.json
otfcc/Decode_SonicDyn_cv                               0.23 %          0.23 %             5 bytes_per_second=0.23% testdata/otfcc.json
otfcc/Decode_Rapidjson_mean                       169940053 ns    169185095 ns            5 bytes_per_second=374.344Mi/s testdata/otfcc.json
otfcc/Decode_Rapidjson_median                     169524575 ns    168794221 ns            5 bytes_per_second=375.207Mi/s testdata/otfcc.json
otfcc/Decode_Rapidjson_stddev                        619438 ns       593059 ns            5 bytes_per_second=1.30973Mi/s testdata/otfcc.json
otfcc/Decode_Rapidjson_cv                              0.36 %          0.35 %             5 bytes_per_second=0.35% testdata/otfcc.json
otfcc/Decode_YYjson_mean                          163062816 ns    162329434 ns            5 bytes_per_second=390.15Mi/s testdata/otfcc.json
otfcc/Decode_YYjson_median                        163044398 ns    162311981 ns            5 bytes_per_second=390.192Mi/s testdata/otfcc.json
otfcc/Decode_YYjson_stddev                           124978 ns       127684 ns            5 bytes_per_second=314.218Ki/s testdata/otfcc.json
otfcc/Decode_YYjson_cv                                 0.08 %          0.08 %             5 bytes_per_second=0.08% testdata/otfcc.json
otfcc/Decode_SIMDjson_mean                         97025292 ns     96533019 ns            5 bytes_per_second=656.074Mi/s testdata/otfcc.json
otfcc/Decode_SIMDjson_median                       97031068 ns     96525778 ns            5 bytes_per_second=656.124Mi/s testdata/otfcc.json
otfcc/Decode_SIMDjson_stddev                          29689 ns        29690 ns            5 bytes_per_second=206.604Ki/s testdata/otfcc.json
otfcc/Decode_SIMDjson_cv                               0.03 %          0.03 %             5 bytes_per_second=0.03% testdata/otfcc.json
otfcc/Decode_JsonCpp_mean                        1.2254e+10 ns   1.2208e+10 ns            5 bytes_per_second=5.18902Mi/s testdata/otfcc.json
otfcc/Decode_JsonCpp_median                      1.2378e+10 ns   1.2331e+10 ns            5 bytes_per_second=5.13599Mi/s testdata/otfcc.json
otfcc/Decode_JsonCpp_stddev                       189554628 ns    188539418 ns            5 bytes_per_second=82.5227Ki/s testdata/otfcc.json
otfcc/Decode_JsonCpp_cv                                1.55 %          1.54 %             5 bytes_per_second=1.55% testdata/otfcc.json
citm_catalog/Decode_SonicDyn_mean                    601882 ns       599288 ns            5 bytes_per_second=2.68416Gi/s testdata/citm_catalog.json
citm_catalog/Decode_SonicDyn_median                  601542 ns       598945 ns            5 bytes_per_second=2.6857Gi/s testdata/citm_catalog.json
citm_catalog/Decode_SonicDyn_stddev                     752 ns          755 ns            5 bytes_per_second=3.4551Mi/s testdata/citm_catalog.json
citm_catalog/Decode_SonicDyn_cv                        0.12 %          0.13 %             5 bytes_per_second=0.13% testdata/citm_catalog.json
citm_catalog/Decode_Rapidjson_mean                  1589097 ns      1582353 ns            5 bytes_per_second=1.01658Gi/s testdata/citm_catalog.json
citm_catalog/Decode_Rapidjson_median                1589382 ns      1582715 ns            5 bytes_per_second=1.01635Gi/s testdata/citm_catalog.json
citm_catalog/Decode_Rapidjson_stddev                   4215 ns         4176 ns            5 bytes_per_second=2.7485Mi/s testdata/citm_catalog.json
citm_catalog/Decode_Rapidjson_cv                       0.27 %          0.26 %             5 bytes_per_second=0.26% testdata/citm_catalog.json
citm_catalog/Decode_YYjson_mean                     2037923 ns      2029545 ns            5 bytes_per_second=811.629Mi/s testdata/citm_catalog.json
citm_catalog/Decode_YYjson_median                   2032668 ns      2024087 ns            5 bytes_per_second=813.794Mi/s testdata/citm_catalog.json
citm_catalog/Decode_YYjson_stddev                     11752 ns        12275 ns            5 bytes_per_second=4.86927Mi/s testdata/citm_catalog.json
citm_catalog/Decode_YYjson_cv                          0.58 %          0.60 %             5 bytes_per_second=0.60% testdata/citm_catalog.json
citm_catalog/Decode_SIMDjson_mean                    580803 ns       578349 ns            5 bytes_per_second=2.78134Gi/s testdata/citm_catalog.json
citm_catalog/Decode_SIMDjson_median                  580815 ns       578379 ns            5 bytes_per_second=2.78119Gi/s testdata/citm_catalog.json
citm_catalog/Decode_SIMDjson_stddev                     176 ns          135 ns            5 bytes_per_second=681.295Ki/s testdata/citm_catalog.json
citm_catalog/Decode_SIMDjson_cv                        0.03 %          0.02 %             5 bytes_per_second=0.02% testdata/citm_catalog.json
citm_catalog/Decode_JsonCpp_mean                   62305982 ns     62063251 ns            5 bytes_per_second=26.5411Mi/s testdata/citm_catalog.json
citm_catalog/Decode_JsonCpp_median                 62211095 ns     61958427 ns            5 bytes_per_second=26.5854Mi/s testdata/citm_catalog.json
citm_catalog/Decode_JsonCpp_stddev                   324849 ns       323622 ns            5 bytes_per_second=141.521Ki/s testdata/citm_catalog.json
citm_catalog/Decode_JsonCpp_cv                         0.52 %          0.52 %             5 bytes_per_second=0.52% testdata/citm_catalog.json
fgo/Encode_SonicDyn_mean                           26321870 ns     26198374 ns            5 bytes_per_second=1.73354Gi/s testdata/fgo.json
fgo/Encode_SonicDyn_median                         26319496 ns     26195530 ns            5 bytes_per_second=1.73373Gi/s testdata/fgo.json
fgo/Encode_SonicDyn_stddev                            15096 ns        15315 ns            5 bytes_per_second=1.03723Mi/s testdata/fgo.json
fgo/Encode_SonicDyn_cv                                 0.06 %          0.06 %             5 bytes_per_second=0.06% testdata/fgo.json
fgo/Encode_Rapidjson_mean                          59101706 ns     58844946 ns            5 bytes_per_second=790.314Mi/s testdata/fgo.json
fgo/Encode_Rapidjson_median                        59109455 ns     58848495 ns            5 bytes_per_second=790.266Mi/s testdata/fgo.json
fgo/Encode_Rapidjson_stddev                           51985 ns        51016 ns            5 bytes_per_second=701.572Ki/s testdata/fgo.json
fgo/Encode_Rapidjson_cv                                0.09 %          0.09 %             5 bytes_per_second=0.09% testdata/fgo.json
fgo/Encode_YYjson_mean                             64328440 ns     64049275 ns            5 bytes_per_second=726.097Mi/s testdata/fgo.json
fgo/Encode_YYjson_median                           64315375 ns     64029624 ns            5 bytes_per_second=726.32Mi/s testdata/fgo.json
fgo/Encode_YYjson_stddev                              25090 ns        28354 ns            5 bytes_per_second=329.097Ki/s testdata/fgo.json
fgo/Encode_YYjson_cv                                   0.04 %          0.04 %             5 bytes_per_second=0.04% testdata/fgo.json
fgo/Encode_SIMDjson_mean                           75171675 ns     74807730 ns            5 bytes_per_second=621.699Mi/s testdata/fgo.json
fgo/Encode_SIMDjson_median                         75048876 ns     74691023 ns            5 bytes_per_second=622.645Mi/s testdata/fgo.json
fgo/Encode_SIMDjson_stddev                           546284 ns       540124 ns            5 bytes_per_second=4.46632Mi/s testdata/fgo.json
fgo/Encode_SIMDjson_cv                                 0.73 %          0.72 %             5 bytes_per_second=0.72% testdata/fgo.json
fgo/Encode_JsonCpp_mean                          2272203800 ns   2263344473 ns            5 bytes_per_second=20.5476Mi/s testdata/fgo.json
fgo/Encode_JsonCpp_median                        2268484809 ns   2259704013 ns            5 bytes_per_second=20.5806Mi/s testdata/fgo.json
fgo/Encode_JsonCpp_stddev                           6859826 ns      6845470 ns            5 bytes_per_second=63.4872Ki/s testdata/fgo.json
fgo/Encode_JsonCpp_cv                                  0.30 %          0.30 %             5 bytes_per_second=0.30% testdata/fgo.json
twitterescaped/Encode_SonicDyn_mean                  136198 ns       135603 ns            5 bytes_per_second=3.86262Gi/s testdata/twitterescaped.json
twitterescaped/Encode_SonicDyn_median                136199 ns       135597 ns            5 bytes_per_second=3.86278Gi/s testdata/twitterescaped.json
twitterescaped/Encode_SonicDyn_stddev                  34.0 ns         38.4 ns            5 bytes_per_second=1.11926Mi/s testdata/twitterescaped.json
twitterescaped/Encode_SonicDyn_cv                      0.02 %          0.03 %             5 bytes_per_second=0.03% testdata/twitterescaped.json
twitterescaped/Encode_Rapidjson_mean                 517388 ns       515038 ns            5 bytes_per_second=1.01698Gi/s testdata/twitterescaped.json
twitterescaped/Encode_Rapidjson_median               517501 ns       515059 ns            5 bytes_per_second=1.01694Gi/s testdata/twitterescaped.json
twitterescaped/Encode_Rapidjson_stddev                  191 ns         67.0 ns            5 bytes_per_second=138.749Ki/s testdata/twitterescaped.json
twitterescaped/Encode_Rapidjson_cv                     0.04 %          0.01 %             5 bytes_per_second=0.01% testdata/twitterescaped.json
twitterescaped/Encode_YYjson_mean                    423280 ns       421284 ns            5 bytes_per_second=1.2433Gi/s testdata/twitterescaped.json
twitterescaped/Encode_YYjson_median                  423138 ns       421152 ns            5 bytes_per_second=1.24369Gi/s testdata/twitterescaped.json
twitterescaped/Encode_YYjson_stddev                     489 ns          489 ns            5 bytes_per_second=1.47573Mi/s testdata/twitterescaped.json
twitterescaped/Encode_YYjson_cv                        0.12 %          0.12 %             5 bytes_per_second=0.12% testdata/twitterescaped.json
twitterescaped/Encode_SIMDjson_mean                  303228 ns       301777 ns            5 bytes_per_second=1.73577Gi/s testdata/twitterescaped.json
twitterescaped/Encode_SIMDjson_median                301632 ns       300181 ns            5 bytes_per_second=1.74489Gi/s testdata/twitterescaped.json
twitterescaped/Encode_SIMDjson_stddev                  2623 ns         2614 ns            5 bytes_per_second=15.3211Mi/s testdata/twitterescaped.json
twitterescaped/Encode_SIMDjson_cv                      0.87 %          0.87 %             5 bytes_per_second=0.86% testdata/twitterescaped.json
twitterescaped/Encode_JsonCpp_mean                 11845827 ns     11794039 ns            5 bytes_per_second=45.478Mi/s testdata/twitterescaped.json
twitterescaped/Encode_JsonCpp_median               11835631 ns     11783992 ns            5 bytes_per_second=45.5155Mi/s testdata/twitterescaped.json
twitterescaped/Encode_JsonCpp_stddev                  71747 ns        71538 ns            5 bytes_per_second=280.938Ki/s testdata/twitterescaped.json
twitterescaped/Encode_JsonCpp_cv                       0.61 %          0.61 %             5 bytes_per_second=0.60% testdata/twitterescaped.json
canada/Encode_SonicDyn_mean                         3762983 ns      3745588 ns            5 bytes_per_second=573.146Mi/s testdata/canada.json
canada/Encode_SonicDyn_median                       3762671 ns      3745240 ns            5 bytes_per_second=573.2Mi/s testdata/canada.json
canada/Encode_SonicDyn_stddev                          1195 ns         1034 ns            5 bytes_per_second=162.006Ki/s testdata/canada.json
canada/Encode_SonicDyn_cv                              0.03 %          0.03 %             5 bytes_per_second=0.03% testdata/canada.json
canada/Encode_Rapidjson_mean                        7386133 ns      7351805 ns            5 bytes_per_second=292.006Mi/s testdata/canada.json
canada/Encode_Rapidjson_median                      7384959 ns      7350680 ns            5 bytes_per_second=292.05Mi/s testdata/canada.json
canada/Encode_Rapidjson_stddev                         4513 ns         4336 ns            5 bytes_per_second=176.371Ki/s testdata/canada.json
canada/Encode_Rapidjson_cv                             0.06 %          0.06 %             5 bytes_per_second=0.06% testdata/canada.json
canada/Encode_YYjson_mean                           7208287 ns      7178880 ns            5 bytes_per_second=299.04Mi/s testdata/canada.json
canada/Encode_YYjson_median                         7208467 ns      7177840 ns            5 bytes_per_second=299.083Mi/s testdata/canada.json
canada/Encode_YYjson_stddev                            2585 ns         2402 ns            5 bytes_per_second=102.416Ki/s testdata/canada.json
canada/Encode_YYjson_cv                                0.04 %          0.03 %             5 bytes_per_second=0.03% testdata/canada.json
canada/Encode_SIMDjson_mean                         3448461 ns      3433629 ns            5 bytes_per_second=625.219Mi/s testdata/canada.json
canada/Encode_SIMDjson_median                       3445955 ns      3431196 ns            5 bytes_per_second=625.662Mi/s testdata/canada.json
canada/Encode_SIMDjson_stddev                          3599 ns         3566 ns            5 bytes_per_second=664.568Ki/s testdata/canada.json
canada/Encode_SIMDjson_cv                              0.10 %          0.10 %             5 bytes_per_second=0.10% testdata/canada.json
canada/Encode_JsonCpp_mean                        116932199 ns    116478599 ns            5 bytes_per_second=18.4358Mi/s testdata/canada.json
canada/Encode_JsonCpp_median                      118359800 ns    117897389 ns            5 bytes_per_second=18.2088Mi/s testdata/canada.json
canada/Encode_JsonCpp_stddev                        2192941 ns      2181127 ns            5 bytes_per_second=355.933Ki/s testdata/canada.json
canada/Encode_JsonCpp_cv                               1.88 %          1.87 %             5 bytes_per_second=1.89% testdata/canada.json
lottie/Encode_SonicDyn_mean                          464577 ns       462619 ns            5 bytes_per_second=595.619Mi/s testdata/lottie.json
lottie/Encode_SonicDyn_median                        464502 ns       462534 ns            5 bytes_per_second=595.727Mi/s testdata/lottie.json
lottie/Encode_SonicDyn_stddev                           302 ns          282 ns            5 bytes_per_second=372.167Ki/s testdata/lottie.json
lottie/Encode_SonicDyn_cv                              0.06 %          0.06 %             5 bytes_per_second=0.06% testdata/lottie.json
lottie/Encode_Rapidjson_mean                         730586 ns       727461 ns            5 bytes_per_second=378.775Mi/s testdata/lottie.json
lottie/Encode_Rapidjson_median                       730566 ns       727438 ns            5 bytes_per_second=378.787Mi/s testdata/lottie.json
lottie/Encode_Rapidjson_stddev                          405 ns          423 ns            5 bytes_per_second=225.79Ki/s testdata/lottie.json
lottie/Encode_Rapidjson_cv                             0.06 %          0.06 %             5 bytes_per_second=0.06% testdata/lottie.json
lottie/Encode_YYjson_mean                            915882 ns       911989 ns            5 bytes_per_second=302.136Mi/s testdata/lottie.json
lottie/Encode_YYjson_median                          915558 ns       911647 ns            5 bytes_per_second=302.249Mi/s testdata/lottie.json
lottie/Encode_YYjson_stddev                             904 ns          865 ns            5 bytes_per_second=293Ki/s testdata/lottie.json
lottie/Encode_YYjson_cv                                0.10 %          0.09 %             5 bytes_per_second=0.09% testdata/lottie.json
lottie/Encode_SIMDjson_mean                          635796 ns       633046 ns            5 bytes_per_second=435.268Mi/s testdata/lottie.json
lottie/Encode_SIMDjson_median                        635862 ns       633100 ns            5 bytes_per_second=435.23Mi/s testdata/lottie.json
lottie/Encode_SIMDjson_stddev                           505 ns          521 ns            5 bytes_per_second=366.693Ki/s testdata/lottie.json
lottie/Encode_SIMDjson_cv                              0.08 %          0.08 %             5 bytes_per_second=0.08% testdata/lottie.json
lottie/Encode_JsonCpp_mean                         27639783 ns     27530726 ns            5 bytes_per_second=10.0119Mi/s testdata/lottie.json
lottie/Encode_JsonCpp_median                       27964898 ns     27855495 ns            5 bytes_per_second=9.89191Mi/s testdata/lottie.json
lottie/Encode_JsonCpp_stddev                         562623 ns       559117 ns            5 bytes_per_second=209.518Ki/s testdata/lottie.json
lottie/Encode_JsonCpp_cv                               2.04 %          2.03 %             5 bytes_per_second=2.04% testdata/lottie.json
book/Encode_SonicDyn_mean                               341 ns          340 ns            5 bytes_per_second=1.00663Gi/s testdata/book.json
book/Encode_SonicDyn_median                             338 ns          337 ns            5 bytes_per_second=1.01439Gi/s testdata/book.json
book/Encode_SonicDyn_stddev                            5.95 ns         5.94 ns            5 bytes_per_second=17.6281Mi/s testdata/book.json
book/Encode_SonicDyn_cv                                1.75 %          1.75 %             5 bytes_per_second=1.71% testdata/book.json
book/Encode_Rapidjson_mean                              783 ns          780 ns            5 bytes_per_second=448.68Mi/s testdata/book.json
book/Encode_Rapidjson_median                            783 ns          780 ns            5 bytes_per_second=448.689Mi/s testdata/book.json
book/Encode_Rapidjson_stddev                          0.349 ns        0.381 ns            5 bytes_per_second=224.667Ki/s testdata/book.json
book/Encode_Rapidjson_cv                               0.04 %          0.05 %             5 bytes_per_second=0.05% testdata/book.json
book/Encode_YYjson_mean                                 701 ns          698 ns            5 bytes_per_second=501.455Mi/s testdata/book.json
book/Encode_YYjson_median                               700 ns          698 ns            5 bytes_per_second=501.585Mi/s testdata/book.json
book/Encode_YYjson_stddev                              1.00 ns         1.04 ns            5 bytes_per_second=762.334Ki/s testdata/book.json
book/Encode_YYjson_cv                                  0.14 %          0.15 %             5 bytes_per_second=0.15% testdata/book.json
book/Encode_SIMDjson_mean                               492 ns          491 ns            5 bytes_per_second=713.417Mi/s testdata/book.json
book/Encode_SIMDjson_median                             492 ns          491 ns            5 bytes_per_second=713.483Mi/s testdata/book.json
book/Encode_SIMDjson_stddev                            1.08 ns         1.06 ns            5 bytes_per_second=1.54718Mi/s testdata/book.json
book/Encode_SIMDjson_cv                                0.22 %          0.22 %             5 bytes_per_second=0.22% testdata/book.json
book/Encode_JsonCpp_mean                              34277 ns        34151 ns            5 bytes_per_second=10.2484Mi/s testdata/book.json
book/Encode_JsonCpp_median                            34296 ns        34170 ns            5 bytes_per_second=10.2427Mi/s testdata/book.json
book/Encode_JsonCpp_stddev                             58.5 ns         56.9 ns            5 bytes_per_second=17.5022Ki/s testdata/book.json
book/Encode_JsonCpp_cv                                 0.17 %          0.17 %             5 bytes_per_second=0.17% testdata/book.json
gsoc-2018/Encode_SonicDyn_mean                       419658 ns       417867 ns            5 bytes_per_second=7.41692Gi/s testdata/gsoc-2018.json
gsoc-2018/Encode_SonicDyn_median                     419773 ns       417998 ns            5 bytes_per_second=7.41458Gi/s testdata/gsoc-2018.json
gsoc-2018/Encode_SonicDyn_stddev                        316 ns          314 ns            5 bytes_per_second=5.70365Mi/s testdata/gsoc-2018.json
gsoc-2018/Encode_SonicDyn_cv                           0.08 %          0.08 %             5 bytes_per_second=0.08% testdata/gsoc-2018.json
gsoc-2018/Encode_Rapidjson_mean                     2472649 ns      2462135 ns            5 bytes_per_second=1.25878Gi/s testdata/gsoc-2018.json
gsoc-2018/Encode_Rapidjson_median                   2472567 ns      2462091 ns            5 bytes_per_second=1.2588Gi/s testdata/gsoc-2018.json
gsoc-2018/Encode_Rapidjson_stddev                       223 ns          189 ns            5 bytes_per_second=101.47Ki/s testdata/gsoc-2018.json
gsoc-2018/Encode_Rapidjson_cv                          0.01 %          0.01 %             5 bytes_per_second=0.01% testdata/gsoc-2018.json
gsoc-2018/Encode_YYjson_mean                        2172629 ns      2163296 ns            5 bytes_per_second=1.43267Gi/s testdata/gsoc-2018.json
gsoc-2018/Encode_YYjson_median                      2171763 ns      2162539 ns            5 bytes_per_second=1.43317Gi/s testdata/gsoc-2018.json
gsoc-2018/Encode_YYjson_stddev                         2330 ns         2133 ns            5 bytes_per_second=1.44483Mi/s testdata/gsoc-2018.json
gsoc-2018/Encode_YYjson_cv                             0.11 %          0.10 %             5 bytes_per_second=0.10% testdata/gsoc-2018.json
gsoc-2018/Encode_SIMDjson_mean                      2891633 ns      2879247 ns            5 bytes_per_second=1.07642Gi/s testdata/gsoc-2018.json
gsoc-2018/Encode_SIMDjson_median                    2891140 ns      2878687 ns            5 bytes_per_second=1.07663Gi/s testdata/gsoc-2018.json
gsoc-2018/Encode_SIMDjson_stddev                       1569 ns         1613 ns            5 bytes_per_second=631.74Ki/s testdata/gsoc-2018.json
gsoc-2018/Encode_SIMDjson_cv                           0.05 %          0.06 %             5 bytes_per_second=0.06% testdata/gsoc-2018.json
gsoc-2018/Encode_JsonCpp_mean                      34926970 ns     34789930 ns            5 bytes_per_second=91.2238Mi/s testdata/gsoc-2018.json
gsoc-2018/Encode_JsonCpp_median                    34914243 ns     34773987 ns            5 bytes_per_second=91.2655Mi/s testdata/gsoc-2018.json
gsoc-2018/Encode_JsonCpp_stddev                       35936 ns        36820 ns            5 bytes_per_second=98.8321Ki/s testdata/gsoc-2018.json
gsoc-2018/Encode_JsonCpp_cv                            0.10 %          0.11 %             5 bytes_per_second=0.11% testdata/gsoc-2018.json
twitter/Encode_SonicDyn_mean                          50525 ns        50320 ns            5 bytes_per_second=4.89318Gi/s testdata/twitter.json
twitter/Encode_SonicDyn_median                        50509 ns        50301 ns            5 bytes_per_second=4.89507Gi/s testdata/twitter.json
twitter/Encode_SonicDyn_stddev                         46.6 ns         46.6 ns            5 bytes_per_second=4.63353Mi/s testdata/twitter.json
twitter/Encode_SonicDyn_cv                             0.09 %          0.09 %             5 bytes_per_second=0.09% testdata/twitter.json
twitter/Encode_Rapidjson_mean                        216124 ns       215242 ns            5 bytes_per_second=1.14395Gi/s testdata/twitter.json
twitter/Encode_Rapidjson_median                      216151 ns       215240 ns            5 bytes_per_second=1.14396Gi/s testdata/twitter.json
twitter/Encode_Rapidjson_stddev                        94.2 ns         89.0 ns            5 bytes_per_second=495.864Ki/s testdata/twitter.json
twitter/Encode_Rapidjson_cv                            0.04 %          0.04 %             5 bytes_per_second=0.04% testdata/twitter.json
twitter/Encode_YYjson_mean                           146806 ns       146217 ns            5 bytes_per_second=1.68397Gi/s testdata/twitter.json
twitter/Encode_YYjson_median                         146726 ns       146135 ns            5 bytes_per_second=1.68492Gi/s testdata/twitter.json
twitter/Encode_YYjson_stddev                            206 ns          207 ns            5 bytes_per_second=2.43299Mi/s testdata/twitter.json
twitter/Encode_YYjson_cv                               0.14 %          0.14 %             5 bytes_per_second=0.14% testdata/twitter.json
twitter/Encode_SIMDjson_mean                         132519 ns       131969 ns            5 bytes_per_second=1.86579Gi/s testdata/twitter.json
twitter/Encode_SIMDjson_median                       132499 ns       131951 ns            5 bytes_per_second=1.86605Gi/s testdata/twitter.json
twitter/Encode_SIMDjson_stddev                          238 ns          236 ns            5 bytes_per_second=3.41019Mi/s testdata/twitter.json
twitter/Encode_SIMDjson_cv                             0.18 %          0.18 %             5 bytes_per_second=0.18% testdata/twitter.json
twitter/Encode_JsonCpp_mean                         4951058 ns      4931277 ns            5 bytes_per_second=51.1308Mi/s testdata/twitter.json
twitter/Encode_JsonCpp_median                       4952417 ns      4932959 ns            5 bytes_per_second=51.1124Mi/s testdata/twitter.json
twitter/Encode_JsonCpp_stddev                         23347 ns        23664 ns            5 bytes_per_second=251.1Ki/s testdata/twitter.json
twitter/Encode_JsonCpp_cv                              0.47 %          0.48 %             5 bytes_per_second=0.48% testdata/twitter.json
github_events/Encode_SonicDyn_mean                    12177 ns        12133 ns            5 bytes_per_second=4.99966Gi/s testdata/github_events.json
github_events/Encode_SonicDyn_median                  12177 ns        12132 ns            5 bytes_per_second=4.99998Gi/s testdata/github_events.json
github_events/Encode_SonicDyn_stddev                   9.03 ns         8.34 ns            5 bytes_per_second=3.51923Mi/s testdata/github_events.json
github_events/Encode_SonicDyn_cv                       0.07 %          0.07 %             5 bytes_per_second=0.07% testdata/github_events.json
github_events/Encode_Rapidjson_mean                   49088 ns        48908 ns            5 bytes_per_second=1.24028Gi/s testdata/github_events.json
github_events/Encode_Rapidjson_median                 49089 ns        48906 ns            5 bytes_per_second=1.24032Gi/s testdata/github_events.json
github_events/Encode_Rapidjson_stddev                  44.9 ns         45.2 ns            5 bytes_per_second=1.17527Mi/s testdata/github_events.json
github_events/Encode_Rapidjson_cv                      0.09 %          0.09 %             5 bytes_per_second=0.09% testdata/github_events.json
github_events/Encode_YYjson_mean                      29717 ns        29606 ns            5 bytes_per_second=2.04887Gi/s testdata/github_events.json
github_events/Encode_YYjson_median                    29719 ns        29609 ns            5 bytes_per_second=2.04863Gi/s testdata/github_events.json
github_events/Encode_YYjson_stddev                     6.48 ns         8.22 ns            5 bytes_per_second=596.919Ki/s testdata/github_events.json
github_events/Encode_YYjson_cv                         0.02 %          0.03 %             5 bytes_per_second=0.03% testdata/github_events.json
github_events/Encode_SIMDjson_mean                    32335 ns        32216 ns            5 bytes_per_second=1.88293Gi/s testdata/github_events.json
github_events/Encode_SIMDjson_median                  32345 ns        32225 ns            5 bytes_per_second=1.88238Gi/s testdata/github_events.json
github_events/Encode_SIMDjson_stddev                    111 ns          110 ns            5 bytes_per_second=6.58421Mi/s testdata/github_events.json
github_events/Encode_SIMDjson_cv                       0.34 %          0.34 %             5 bytes_per_second=0.34% testdata/github_events.json
github_events/Encode_JsonCpp_mean                   1038106 ns      1034005 ns            5 bytes_per_second=60.0722Mi/s testdata/github_events.json
github_events/Encode_JsonCpp_median                 1037341 ns      1033226 ns            5 bytes_per_second=60.1172Mi/s testdata/github_events.json
github_events/Encode_JsonCpp_stddev                    2320 ns         2261 ns            5 bytes_per_second=134.276Ki/s testdata/github_events.json
github_events/Encode_JsonCpp_cv                        0.22 %          0.22 %             5 bytes_per_second=0.22% testdata/github_events.json
poet/Encode_SonicDyn_mean                            483601 ns       481558 ns            5 bytes_per_second=6.79384Gi/s testdata/poet.json
poet/Encode_SonicDyn_median                          483620 ns       481576 ns            5 bytes_per_second=6.79358Gi/s testdata/poet.json
poet/Encode_SonicDyn_stddev                             161 ns          147 ns            5 bytes_per_second=2.12491Mi/s testdata/poet.json
poet/Encode_SonicDyn_cv                                0.03 %          0.03 %             5 bytes_per_second=0.03% testdata/poet.json
poet/Encode_Rapidjson_mean                          2350538 ns      2340537 ns            5 bytes_per_second=1.39781Gi/s testdata/poet.json
poet/Encode_Rapidjson_median                        2350386 ns      2340430 ns            5 bytes_per_second=1.39787Gi/s testdata/poet.json
poet/Encode_Rapidjson_stddev                            375 ns          251 ns            5 bytes_per_second=156.972Ki/s testdata/poet.json
poet/Encode_Rapidjson_cv                               0.02 %          0.01 %             5 bytes_per_second=0.01% testdata/poet.json
poet/Encode_YYjson_mean                             1058049 ns      1053549 ns            5 bytes_per_second=3.10534Gi/s testdata/poet.json
poet/Encode_YYjson_median                           1057992 ns      1053562 ns            5 bytes_per_second=3.1053Gi/s testdata/poet.json
poet/Encode_YYjson_stddev                              94.4 ns         70.8 ns            5 bytes_per_second=218.782Ki/s testdata/poet.json
poet/Encode_YYjson_cv                                  0.01 %          0.01 %             5 bytes_per_second=0.01% testdata/poet.json
poet/Encode_SIMDjson_mean                           1265683 ns      1260245 ns            5 bytes_per_second=2.59603Gi/s testdata/poet.json
poet/Encode_SIMDjson_median                         1266302 ns      1260887 ns            5 bytes_per_second=2.5947Gi/s testdata/poet.json
poet/Encode_SIMDjson_stddev                            2435 ns         2334 ns            5 bytes_per_second=4.92837Mi/s testdata/poet.json
poet/Encode_SIMDjson_cv                                0.19 %          0.19 %             5 bytes_per_second=0.19% testdata/poet.json
poet/Encode_JsonCpp_mean                           60879603 ns     60639926 ns            5 bytes_per_second=55.247Mi/s testdata/poet.json
poet/Encode_JsonCpp_median                         60951040 ns     60708226 ns            5 bytes_per_second=55.1844Mi/s testdata/poet.json
poet/Encode_JsonCpp_stddev                           190269 ns       189456 ns            5 bytes_per_second=177.235Ki/s testdata/poet.json
poet/Encode_JsonCpp_cv                                 0.31 %          0.31 %             5 bytes_per_second=0.31% testdata/poet.json
otfcc/Encode_SonicDyn_mean                         72550256 ns     72218779 ns            5 bytes_per_second=876.96Mi/s testdata/otfcc.json
otfcc/Encode_SonicDyn_median                       72499858 ns     72164810 ns            5 bytes_per_second=877.614Mi/s testdata/otfcc.json
otfcc/Encode_SonicDyn_stddev                         113638 ns       113078 ns            5 bytes_per_second=1.37042Mi/s testdata/otfcc.json
otfcc/Encode_SonicDyn_cv                               0.16 %          0.16 %             5 bytes_per_second=0.16% testdata/otfcc.json
otfcc/Encode_Rapidjson_mean                       135056563 ns    134476091 ns            5 bytes_per_second=470.96Mi/s testdata/otfcc.json
otfcc/Encode_Rapidjson_median                     135062044 ns    134485615 ns            5 bytes_per_second=470.927Mi/s testdata/otfcc.json
otfcc/Encode_Rapidjson_stddev                         96812 ns        96512 ns            5 bytes_per_second=346.176Ki/s testdata/otfcc.json
otfcc/Encode_Rapidjson_cv                              0.07 %          0.07 %             5 bytes_per_second=0.07% testdata/otfcc.json
otfcc/Encode_YYjson_mean                          136718327 ns    136110672 ns            5 bytes_per_second=465.304Mi/s testdata/otfcc.json
otfcc/Encode_YYjson_median                        136680443 ns    136069857 ns            5 bytes_per_second=465.444Mi/s testdata/otfcc.json
otfcc/Encode_YYjson_stddev                            90836 ns        93715 ns            5 bytes_per_second=327.792Ki/s testdata/otfcc.json
otfcc/Encode_YYjson_cv                                 0.07 %          0.07 %             5 bytes_per_second=0.07% testdata/otfcc.json
otfcc/Encode_SIMDjson_mean                        121034700 ns    120479327 ns            5 bytes_per_second=525.699Mi/s testdata/otfcc.json
otfcc/Encode_SIMDjson_median                      121152434 ns    120591251 ns            5 bytes_per_second=525.186Mi/s testdata/otfcc.json
otfcc/Encode_SIMDjson_stddev                         923863 ns       919695 ns            5 bytes_per_second=4.03866Mi/s testdata/otfcc.json
otfcc/Encode_SIMDjson_cv                               0.76 %          0.76 %             5 bytes_per_second=0.77% testdata/otfcc.json
otfcc/Encode_JsonCpp_mean                        5320401478 ns   5299688543 ns            5 bytes_per_second=11.9759Mi/s testdata/otfcc.json
otfcc/Encode_JsonCpp_median                      5124335562 ns   5104447956 ns            5 bytes_per_second=12.4074Mi/s testdata/otfcc.json
otfcc/Encode_JsonCpp_stddev                       277916972 ns    276631945 ns            5 bytes_per_second=628.166Ki/s testdata/otfcc.json
otfcc/Encode_JsonCpp_cv                                5.22 %          5.22 %             5 bytes_per_second=5.12% testdata/otfcc.json
citm_catalog/Encode_SonicDyn_mean                    269278 ns       268126 ns            5 bytes_per_second=5.99937Gi/s testdata/citm_catalog.json
citm_catalog/Encode_SonicDyn_median                  269063 ns       267878 ns            5 bytes_per_second=6.0049Gi/s testdata/citm_catalog.json
citm_catalog/Encode_SonicDyn_stddev                     383 ns          404 ns            5 bytes_per_second=9.25321Mi/s testdata/citm_catalog.json
citm_catalog/Encode_SonicDyn_cv                        0.14 %          0.15 %             5 bytes_per_second=0.15% testdata/citm_catalog.json
citm_catalog/Encode_Rapidjson_mean                   577788 ns       575313 ns            5 bytes_per_second=2.79602Gi/s testdata/citm_catalog.json
citm_catalog/Encode_Rapidjson_median                 577638 ns       575177 ns            5 bytes_per_second=2.79668Gi/s testdata/citm_catalog.json
citm_catalog/Encode_Rapidjson_stddev                    386 ns          398 ns            5 bytes_per_second=1.97807Mi/s testdata/citm_catalog.json
citm_catalog/Encode_Rapidjson_cv                       0.07 %          0.07 %             5 bytes_per_second=0.07% testdata/citm_catalog.json
citm_catalog/Encode_YYjson_mean                      637209 ns       634474 ns            5 bytes_per_second=2.5353Gi/s testdata/citm_catalog.json
citm_catalog/Encode_YYjson_median                    637041 ns       634335 ns            5 bytes_per_second=2.53586Gi/s testdata/citm_catalog.json
citm_catalog/Encode_YYjson_stddev                       363 ns          311 ns            5 bytes_per_second=1.27172Mi/s testdata/citm_catalog.json
citm_catalog/Encode_YYjson_cv                          0.06 %          0.05 %             5 bytes_per_second=0.05% testdata/citm_catalog.json
citm_catalog/Encode_SIMDjson_mean                    514034 ns       511842 ns            5 bytes_per_second=3.14283Gi/s testdata/citm_catalog.json
citm_catalog/Encode_SIMDjson_median                  515187 ns       513013 ns            5 bytes_per_second=3.13556Gi/s testdata/citm_catalog.json
citm_catalog/Encode_SIMDjson_stddev                    3159 ns         3170 ns            5 bytes_per_second=20.0888Mi/s testdata/citm_catalog.json
citm_catalog/Encode_SIMDjson_cv                        0.61 %          0.62 %             5 bytes_per_second=0.62% testdata/citm_catalog.json
citm_catalog/Encode_JsonCpp_mean                   24010235 ns     23915614 ns            5 bytes_per_second=68.8916Mi/s testdata/citm_catalog.json
citm_catalog/Encode_JsonCpp_median                 24064870 ns     23971400 ns            5 bytes_per_second=68.7148Mi/s testdata/citm_catalog.json
citm_catalog/Encode_JsonCpp_stddev                   413476 ns       410999 ns            5 bytes_per_second=1.20109Mi/s testdata/citm_catalog.json
citm_catalog/Encode_JsonCpp_cv                         1.72 %          1.72 %             5 bytes_per_second=1.74% testdata/citm_catalog.json
fgo/Stat_SonicDyn_mean                             12186181 ns     12128783 ns            5 bytes_per_second=3.74826Gi/s testdata/fgo.json
fgo/Stat_SonicDyn_median                           12081088 ns     12024492 ns            5 bytes_per_second=3.77696Gi/s testdata/fgo.json
fgo/Stat_SonicDyn_stddev                             441648 ns       439563 ns            5 bytes_per_second=133.387Mi/s testdata/fgo.json
fgo/Stat_SonicDyn_cv                                   3.62 %          3.62 %             5 bytes_per_second=3.48% testdata/fgo.json
fgo/Find_SonicDyn_mean                             23039712 ns     22933446 ns            5 bytes_per_second=1.98034Gi/s testdata/fgo.json
fgo/Find_SonicDyn_median                           23041894 ns     22934165 ns            5 bytes_per_second=1.98028Gi/s testdata/fgo.json
fgo/Find_SonicDyn_stddev                              14301 ns        13577 ns            5 bytes_per_second=1.2007Mi/s testdata/fgo.json
fgo/Find_SonicDyn_cv                                   0.06 %          0.06 %             5 bytes_per_second=0.06% testdata/fgo.json
fgo/Stat_Rapidjson_mean                            12958637 ns     12899208 ns            5 bytes_per_second=3.52084Gi/s testdata/fgo.json
fgo/Stat_Rapidjson_median                          12960335 ns     12900397 ns            5 bytes_per_second=3.52051Gi/s testdata/fgo.json
fgo/Stat_Rapidjson_stddev                              3006 ns         2919 ns            5 bytes_per_second=835.593Ki/s testdata/fgo.json
fgo/Stat_Rapidjson_cv                                  0.02 %          0.02 %             5 bytes_per_second=0.02% testdata/fgo.json
fgo/Find_Rapidjson_mean                            23680350 ns     23575822 ns            5 bytes_per_second=1.92638Gi/s testdata/fgo.json
fgo/Find_Rapidjson_median                          23690884 ns     23585353 ns            5 bytes_per_second=1.9256Gi/s testdata/fgo.json
fgo/Find_Rapidjson_stddev                             24342 ns        22747 ns            5 bytes_per_second=1.90388Mi/s testdata/fgo.json
fgo/Find_Rapidjson_cv                                  0.10 %          0.10 %             5 bytes_per_second=0.10% testdata/fgo.json
twitterescaped/Stat_SonicDyn_mean                     44883 ns        44724 ns            5 bytes_per_second=11.7115Gi/s testdata/twitterescaped.json
twitterescaped/Stat_SonicDyn_median                   44856 ns        44696 ns            5 bytes_per_second=11.7189Gi/s testdata/twitterescaped.json
twitterescaped/Stat_SonicDyn_stddev                    58.5 ns         57.7 ns            5 bytes_per_second=15.4566Mi/s testdata/twitterescaped.json
twitterescaped/Stat_SonicDyn_cv                        0.13 %          0.13 %             5 bytes_per_second=0.13% testdata/twitterescaped.json
twitterescaped/Find_SonicDyn_mean                    138806 ns       138235 ns            5 bytes_per_second=3.78907Gi/s testdata/twitterescaped.json
twitterescaped/Find_SonicDyn_median                  138801 ns       138237 ns            5 bytes_per_second=3.78902Gi/s testdata/twitterescaped.json
twitterescaped/Find_SonicDyn_stddev                    38.3 ns         41.2 ns            5 bytes_per_second=1.15579Mi/s testdata/twitterescaped.json
twitterescaped/Find_SonicDyn_cv                        0.03 %          0.03 %             5 bytes_per_second=0.03% testdata/twitterescaped.json
twitterescaped/Stat_Rapidjson_mean                    51860 ns        51663 ns            5 bytes_per_second=10.1385Gi/s testdata/twitterescaped.json
twitterescaped/Stat_Rapidjson_median                  51862 ns        51660 ns            5 bytes_per_second=10.139Gi/s testdata/twitterescaped.json
twitterescaped/Stat_Rapidjson_stddev                   8.84 ns         9.09 ns            5 bytes_per_second=1.82548Mi/s testdata/twitterescaped.json
twitterescaped/Stat_Rapidjson_cv                       0.02 %          0.02 %             5 bytes_per_second=0.02% testdata/twitterescaped.json
twitterescaped/Find_Rapidjson_mean                   166620 ns       165959 ns            5 bytes_per_second=3.15638Gi/s testdata/twitterescaped.json
twitterescaped/Find_Rapidjson_median                 165398 ns       164741 ns            5 bytes_per_second=3.17944Gi/s testdata/twitterescaped.json
twitterescaped/Find_Rapidjson_stddev                   1747 ns         1738 ns            5 bytes_per_second=33.6953Mi/s testdata/twitterescaped.json
twitterescaped/Find_Rapidjson_cv                       1.05 %          1.05 %             5 bytes_per_second=1.04% testdata/twitterescaped.json
canada/Stat_SonicDyn_mean                            584660 ns       582181 ns            5 bytes_per_second=3.60104Gi/s testdata/canada.json
canada/Stat_SonicDyn_median                          584801 ns       582298 ns            5 bytes_per_second=3.60031Gi/s testdata/canada.json
canada/Stat_SonicDyn_stddev                             212 ns          214 ns            5 bytes_per_second=1.35877Mi/s testdata/canada.json
canada/Stat_SonicDyn_cv                                0.04 %          0.04 %             5 bytes_per_second=0.04% testdata/canada.json
canada/Find_SonicDyn_mean                            526724 ns       524481 ns            5 bytes_per_second=3.9972Gi/s testdata/canada.json
canada/Find_SonicDyn_median                          526444 ns       524245 ns            5 bytes_per_second=3.999Gi/s testdata/canada.json
canada/Find_SonicDyn_stddev                             550 ns          544 ns            5 bytes_per_second=4.2416Mi/s testdata/canada.json
canada/Find_SonicDyn_cv                                0.10 %          0.10 %             5 bytes_per_second=0.10% testdata/canada.json
canada/Stat_Rapidjson_mean                           533201 ns       530926 ns            5 bytes_per_second=3.94868Gi/s testdata/canada.json
canada/Stat_Rapidjson_median                         532994 ns       530746 ns            5 bytes_per_second=3.95001Gi/s testdata/canada.json
canada/Stat_Rapidjson_stddev                            447 ns          451 ns            5 bytes_per_second=3.43488Mi/s testdata/canada.json
canada/Stat_Rapidjson_cv                               0.08 %          0.08 %             5 bytes_per_second=0.08% testdata/canada.json
canada/Find_Rapidjson_mean                           408042 ns       406316 ns            5 bytes_per_second=5.15967Gi/s testdata/canada.json
canada/Find_Rapidjson_median                         408018 ns       406298 ns            5 bytes_per_second=5.1599Gi/s testdata/canada.json
canada/Find_Rapidjson_stddev                            176 ns          190 ns            5 bytes_per_second=2.47279Mi/s testdata/canada.json
canada/Find_Rapidjson_cv                               0.04 %          0.05 %             5 bytes_per_second=0.05% testdata/canada.json
lottie/Stat_SonicDyn_mean                            167223 ns       166521 ns            5 bytes_per_second=1.61625Gi/s testdata/lottie.json
lottie/Stat_SonicDyn_median                          168522 ns       167813 ns            5 bytes_per_second=1.60349Gi/s testdata/lottie.json
lottie/Stat_SonicDyn_stddev                            2603 ns         2585 ns            5 bytes_per_second=26.212Mi/s testdata/lottie.json
lottie/Stat_SonicDyn_cv                                1.56 %          1.55 %             5 bytes_per_second=1.58% testdata/lottie.json
lottie/Find_SonicDyn_mean                            226802 ns       225845 ns            5 bytes_per_second=1.19146Gi/s testdata/lottie.json
lottie/Find_SonicDyn_median                          226669 ns       225725 ns            5 bytes_per_second=1.1921Gi/s testdata/lottie.json
lottie/Find_SonicDyn_stddev                             399 ns          404 ns            5 bytes_per_second=2.18291Mi/s testdata/lottie.json
lottie/Find_SonicDyn_cv                                0.18 %          0.18 %             5 bytes_per_second=0.18% testdata/lottie.json
lottie/Stat_Rapidjson_mean                           159394 ns       158725 ns            5 bytes_per_second=1.6953Gi/s testdata/lottie.json
lottie/Stat_Rapidjson_median                         159395 ns       158725 ns            5 bytes_per_second=1.6953Gi/s testdata/lottie.json
lottie/Stat_Rapidjson_stddev                           13.8 ns         15.9 ns            5 bytes_per_second=178.347Ki/s testdata/lottie.json
lottie/Stat_Rapidjson_cv                               0.01 %          0.01 %             5 bytes_per_second=0.01% testdata/lottie.json
lottie/Find_Rapidjson_mean                           190156 ns       189355 ns            5 bytes_per_second=1.42107Gi/s testdata/lottie.json
lottie/Find_Rapidjson_median                         190214 ns       189414 ns            5 bytes_per_second=1.42063Gi/s testdata/lottie.json
lottie/Find_Rapidjson_stddev                            158 ns          156 ns            5 bytes_per_second=1.19913Mi/s testdata/lottie.json
lottie/Find_Rapidjson_cv                               0.08 %          0.08 %             5 bytes_per_second=0.08% testdata/lottie.json
book/Stat_SonicDyn_mean                                 111 ns          111 ns            5 bytes_per_second=3.08806Gi/s testdata/book.json
book/Stat_SonicDyn_median                               111 ns          111 ns            5 bytes_per_second=3.09018Gi/s testdata/book.json
book/Stat_SonicDyn_stddev                             0.135 ns        0.142 ns            5 bytes_per_second=4.0622Mi/s testdata/book.json
book/Stat_SonicDyn_cv                                  0.12 %          0.13 %             5 bytes_per_second=0.13% testdata/book.json
book/Find_SonicDyn_mean                                 171 ns          170 ns            5 bytes_per_second=2.00655Gi/s testdata/book.json
book/Find_SonicDyn_median                               171 ns          170 ns            5 bytes_per_second=2.00666Gi/s testdata/book.json
book/Find_SonicDyn_stddev                             0.140 ns        0.143 ns            5 bytes_per_second=1.72513Mi/s testdata/book.json
book/Find_SonicDyn_cv                                  0.08 %          0.08 %             5 bytes_per_second=0.08% testdata/book.json
book/Stat_Rapidjson_mean                                128 ns          127 ns            5 bytes_per_second=2.6877Gi/s testdata/book.json
book/Stat_Rapidjson_median                              128 ns          127 ns            5 bytes_per_second=2.68789Gi/s testdata/book.json
book/Stat_Rapidjson_stddev                            0.027 ns        0.025 ns            5 bytes_per_second=553.992Ki/s testdata/book.json
book/Stat_Rapidjson_cv                                 0.02 %          0.02 %             5 bytes_per_second=0.02% testdata/book.json
book/Find_Rapidjson_mean                                129 ns          128 ns            5 bytes_per_second=2.66081Gi/s testdata/book.json
book/Find_Rapidjson_median                              129 ns          128 ns            5 bytes_per_second=2.66347Gi/s testdata/book.json
book/Find_Rapidjson_stddev                            0.240 ns        0.239 ns            5 bytes_per_second=5.07235Mi/s testdata/book.json
book/Find_Rapidjson_cv                                 0.19 %          0.19 %             5 bytes_per_second=0.19% testdata/book.json
gsoc-2018/Stat_SonicDyn_mean                          59773 ns        59546 ns            5 bytes_per_second=52.0489Gi/s testdata/gsoc-2018.json
gsoc-2018/Stat_SonicDyn_median                        59770 ns        59544 ns            5 bytes_per_second=52.0499Gi/s testdata/gsoc-2018.json
gsoc-2018/Stat_SonicDyn_stddev                         11.2 ns         7.35 ns            5 bytes_per_second=6.57747Mi/s testdata/gsoc-2018.json
gsoc-2018/Stat_SonicDyn_cv                             0.02 %          0.01 %             5 bytes_per_second=0.01% testdata/gsoc-2018.json
gsoc-2018/Find_SonicDyn_mean                        1081489 ns      1076929 ns            5 bytes_per_second=2.88351Gi/s testdata/gsoc-2018.json
gsoc-2018/Find_SonicDyn_median                      1053350 ns      1048916 ns            5 bytes_per_second=2.95475Gi/s testdata/gsoc-2018.json
gsoc-2018/Find_SonicDyn_stddev                        54996 ns        54757 ns            5 bytes_per_second=141.502Mi/s testdata/gsoc-2018.json
gsoc-2018/Find_SonicDyn_cv                             5.09 %          5.08 %             5 bytes_per_second=4.79% testdata/gsoc-2018.json
gsoc-2018/Stat_Rapidjson_mean                         84030 ns        83678 ns            5 bytes_per_second=37.0385Gi/s testdata/gsoc-2018.json
gsoc-2018/Stat_Rapidjson_median                       83927 ns        83576 ns            5 bytes_per_second=37.0834Gi/s testdata/gsoc-2018.json
gsoc-2018/Stat_Rapidjson_stddev                         184 ns          184 ns            5 bytes_per_second=83.0279Mi/s testdata/gsoc-2018.json
gsoc-2018/Stat_Rapidjson_cv                            0.22 %          0.22 %             5 bytes_per_second=0.22% testdata/gsoc-2018.json
gsoc-2018/Find_Rapidjson_mean                       1511369 ns      1505269 ns            5 bytes_per_second=2.05896Gi/s testdata/gsoc-2018.json
gsoc-2018/Find_Rapidjson_median                     1511393 ns      1505304 ns            5 bytes_per_second=2.05891Gi/s testdata/gsoc-2018.json
gsoc-2018/Find_Rapidjson_stddev                         170 ns          163 ns            5 bytes_per_second=233.653Ki/s testdata/gsoc-2018.json
gsoc-2018/Find_Rapidjson_cv                            0.01 %          0.01 %             5 bytes_per_second=0.01% testdata/gsoc-2018.json
twitter/Stat_SonicDyn_mean                            17162 ns        17102 ns            5 bytes_per_second=14.3976Gi/s testdata/twitter.json
twitter/Stat_SonicDyn_median                          17154 ns        17094 ns            5 bytes_per_second=14.4042Gi/s testdata/twitter.json
twitter/Stat_SonicDyn_stddev                           19.3 ns         18.5 ns            5 bytes_per_second=15.9142Mi/s testdata/twitter.json
twitter/Stat_SonicDyn_cv                               0.11 %          0.11 %             5 bytes_per_second=0.11% testdata/twitter.json
twitter/Find_SonicDyn_mean                            51699 ns        51513 ns            5 bytes_per_second=4.77988Gi/s testdata/twitter.json
twitter/Find_SonicDyn_median                          51685 ns        51503 ns            5 bytes_per_second=4.78081Gi/s testdata/twitter.json
twitter/Find_SonicDyn_stddev                           40.6 ns         41.0 ns            5 bytes_per_second=3.891Mi/s testdata/twitter.json
twitter/Find_SonicDyn_cv                               0.08 %          0.08 %             5 bytes_per_second=0.08% testdata/twitter.json
twitter/Stat_Rapidjson_mean                           19883 ns        19813 ns            5 bytes_per_second=12.4277Gi/s testdata/twitter.json
twitter/Stat_Rapidjson_median                         19883 ns        19811 ns            5 bytes_per_second=12.4288Gi/s testdata/twitter.json
twitter/Stat_Rapidjson_stddev                          5.97 ns         6.11 ns            5 bytes_per_second=3.92149Mi/s testdata/twitter.json
twitter/Stat_Rapidjson_cv                              0.03 %          0.03 %             5 bytes_per_second=0.03% testdata/twitter.json
twitter/Find_Rapidjson_mean                           56630 ns        56430 ns            5 bytes_per_second=4.3637Gi/s testdata/twitter.json
twitter/Find_Rapidjson_median                         56526 ns        56321 ns            5 bytes_per_second=4.37183Gi/s testdata/twitter.json
twitter/Find_Rapidjson_stddev                           559 ns          548 ns            5 bytes_per_second=43.3079Mi/s testdata/twitter.json
twitter/Find_Rapidjson_cv                              0.99 %          0.97 %             5 bytes_per_second=0.97% testdata/twitter.json
github_events/Stat_SonicDyn_mean                       4629 ns         4612 ns            5 bytes_per_second=13.2047Gi/s testdata/github_events.json
github_events/Stat_SonicDyn_median                     4682 ns         4666 ns            5 bytes_per_second=13.0014Gi/s testdata/github_events.json
github_events/Stat_SonicDyn_stddev                      327 ns          325 ns            5 bytes_per_second=963.413Mi/s testdata/github_events.json
github_events/Stat_SonicDyn_cv                         7.05 %          7.05 %             5 bytes_per_second=7.12% testdata/github_events.json
github_events/Find_SonicDyn_mean                       9011 ns         8979 ns            5 bytes_per_second=6.75585Gi/s testdata/github_events.json
github_events/Find_SonicDyn_median                     9006 ns         8974 ns            5 bytes_per_second=6.75923Gi/s testdata/github_events.json
github_events/Find_SonicDyn_stddev                     11.8 ns         11.6 ns            5 bytes_per_second=8.88855Mi/s testdata/github_events.json
github_events/Find_SonicDyn_cv                         0.13 %          0.13 %             5 bytes_per_second=0.13% testdata/github_events.json
github_events/Stat_Rapidjson_mean                      4445 ns         4429 ns            5 bytes_per_second=13.6949Gi/s testdata/github_events.json
github_events/Stat_Rapidjson_median                    4444 ns         4429 ns            5 bytes_per_second=13.6968Gi/s testdata/github_events.json
github_events/Stat_Rapidjson_stddev                    1.25 ns         1.37 ns            5 bytes_per_second=4.33062Mi/s testdata/github_events.json
github_events/Stat_Rapidjson_cv                        0.03 %          0.03 %             5 bytes_per_second=0.03% testdata/github_events.json
github_events/Find_Rapidjson_mean                     10657 ns        10619 ns            5 bytes_per_second=5.71212Gi/s testdata/github_events.json
github_events/Find_Rapidjson_median                   10658 ns        10620 ns            5 bytes_per_second=5.71172Gi/s testdata/github_events.json
github_events/Find_Rapidjson_stddev                    9.92 ns         9.42 ns            5 bytes_per_second=5.19031Mi/s testdata/github_events.json
github_events/Find_Rapidjson_cv                        0.09 %          0.09 %             5 bytes_per_second=0.09% testdata/github_events.json
poet/Stat_SonicDyn_mean                              115024 ns       114539 ns            5 bytes_per_second=28.5634Gi/s testdata/poet.json
poet/Stat_SonicDyn_median                            114977 ns       114486 ns            5 bytes_per_second=28.5766Gi/s testdata/poet.json
poet/Stat_SonicDyn_stddev                               160 ns          158 ns            5 bytes_per_second=40.3813Mi/s testdata/poet.json
poet/Stat_SonicDyn_cv                                  0.14 %          0.14 %             5 bytes_per_second=0.14% testdata/poet.json
poet/Find_SonicDyn_mean                              176108 ns       175374 ns            5 bytes_per_second=18.6551Gi/s testdata/poet.json
poet/Find_SonicDyn_median                            176154 ns       175406 ns            5 bytes_per_second=18.6517Gi/s testdata/poet.json
poet/Find_SonicDyn_stddev                              82.9 ns         89.3 ns            5 bytes_per_second=9.72932Mi/s testdata/poet.json
poet/Find_SonicDyn_cv                                  0.05 %          0.05 %             5 bytes_per_second=0.05% testdata/poet.json
poet/Stat_Rapidjson_mean                             149169 ns       148544 ns            5 bytes_per_second=22.0246Gi/s testdata/poet.json
poet/Stat_Rapidjson_median                           149162 ns       148532 ns            5 bytes_per_second=22.0265Gi/s testdata/poet.json
poet/Stat_Rapidjson_stddev                             30.4 ns         38.7 ns            5 bytes_per_second=5.88043Mi/s testdata/poet.json
poet/Stat_Rapidjson_cv                                 0.02 %          0.03 %             5 bytes_per_second=0.03% testdata/poet.json
poet/Find_Rapidjson_mean                             164346 ns       163657 ns            5 bytes_per_second=19.9908Gi/s testdata/poet.json
poet/Find_Rapidjson_median                           164219 ns       163528 ns            5 bytes_per_second=20.0065Gi/s testdata/poet.json
poet/Find_Rapidjson_stddev                              236 ns          234 ns            5 bytes_per_second=29.2795Mi/s testdata/poet.json
poet/Find_Rapidjson_cv                                 0.14 %          0.14 %             5 bytes_per_second=0.14% testdata/poet.json
otfcc/Stat_SonicDyn_mean                           54614918 ns     54371229 ns            5 bytes_per_second=1.13753Gi/s testdata/otfcc.json
otfcc/Stat_SonicDyn_median                         54541713 ns     54296775 ns            5 bytes_per_second=1.13908Gi/s testdata/otfcc.json
otfcc/Stat_SonicDyn_stddev                           109847 ns       112970 ns            5 bytes_per_second=2.41831Mi/s testdata/otfcc.json
otfcc/Stat_SonicDyn_cv                                 0.20 %          0.21 %             5 bytes_per_second=0.21% testdata/otfcc.json
otfcc/Find_SonicDyn_mean                          676608097 ns    673923271 ns            5 bytes_per_second=93.9775Mi/s testdata/otfcc.json
otfcc/Find_SonicDyn_median                        675048867 ns    672383499 ns            5 bytes_per_second=94.1916Mi/s testdata/otfcc.json
otfcc/Find_SonicDyn_stddev                          2659554 ns      2655959 ns            5 bytes_per_second=377.685Ki/s testdata/otfcc.json
otfcc/Find_SonicDyn_cv                                 0.39 %          0.39 %             5 bytes_per_second=0.39% testdata/otfcc.json
otfcc/Stat_Rapidjson_mean                          51916082 ns     51677195 ns            5 bytes_per_second=1.19683Gi/s testdata/otfcc.json
otfcc/Stat_Rapidjson_median                        51972977 ns     51744262 ns            5 bytes_per_second=1.19527Gi/s testdata/otfcc.json
otfcc/Stat_Rapidjson_stddev                          113702 ns       117524 ns            5 bytes_per_second=2.78971Mi/s testdata/otfcc.json
otfcc/Stat_Rapidjson_cv                                0.22 %          0.23 %             5 bytes_per_second=0.23% testdata/otfcc.json
otfcc/Find_Rapidjson_mean                        1084495313 ns   1080228451 ns            5 bytes_per_second=58.6292Mi/s testdata/otfcc.json
otfcc/Find_Rapidjson_median                      1084889386 ns   1080693231 ns            5 bytes_per_second=58.6039Mi/s testdata/otfcc.json
otfcc/Find_Rapidjson_stddev                          859688 ns       840811 ns            5 bytes_per_second=46.7438Ki/s testdata/otfcc.json
otfcc/Find_Rapidjson_cv                                0.08 %          0.08 %             5 bytes_per_second=0.08% testdata/otfcc.json
citm_catalog/Stat_SonicDyn_mean                      127967 ns       127404 ns            5 bytes_per_second=12.6264Gi/s testdata/citm_catalog.json
citm_catalog/Stat_SonicDyn_median                    127931 ns       127352 ns            5 bytes_per_second=12.631Gi/s testdata/citm_catalog.json
citm_catalog/Stat_SonicDyn_stddev                       874 ns          857 ns            5 bytes_per_second=86.9553Mi/s testdata/citm_catalog.json
citm_catalog/Stat_SonicDyn_cv                          0.68 %          0.67 %             5 bytes_per_second=0.67% testdata/citm_catalog.json
citm_catalog/Find_SonicDyn_mean                      202135 ns       201265 ns            5 bytes_per_second=7.99236Gi/s testdata/citm_catalog.json
citm_catalog/Find_SonicDyn_median                    202164 ns       201309 ns            5 bytes_per_second=7.99063Gi/s testdata/citm_catalog.json
citm_catalog/Find_SonicDyn_stddev                      96.2 ns         99.5 ns            5 bytes_per_second=4.0491Mi/s testdata/citm_catalog.json
citm_catalog/Find_SonicDyn_cv                          0.05 %          0.05 %             5 bytes_per_second=0.05% testdata/citm_catalog.json
citm_catalog/Stat_Rapidjson_mean                     132724 ns       132162 ns            5 bytes_per_second=12.1714Gi/s testdata/citm_catalog.json
citm_catalog/Stat_Rapidjson_median                   132741 ns       132188 ns            5 bytes_per_second=12.1689Gi/s testdata/citm_catalog.json
citm_catalog/Stat_Rapidjson_stddev                      212 ns          211 ns            5 bytes_per_second=19.9126Mi/s testdata/citm_catalog.json
citm_catalog/Stat_Rapidjson_cv                         0.16 %          0.16 %             5 bytes_per_second=0.16% testdata/citm_catalog.json
citm_catalog/Find_Rapidjson_mean                     200546 ns       199708 ns            5 bytes_per_second=8.0547Gi/s testdata/citm_catalog.json
citm_catalog/Find_Rapidjson_median                   200521 ns       199682 ns            5 bytes_per_second=8.05573Gi/s testdata/citm_catalog.json
citm_catalog/Find_Rapidjson_stddev                      120 ns          119 ns            5 bytes_per_second=4.92695Mi/s testdata/citm_catalog.json
citm_catalog/Find_Rapidjson_cv                         0.06 %          0.06 %             5 bytes_per_second=0.06% testdata/citm_catalog.json
[sonic-cpp-parse] normalized 163 official scenarios
[sonic-cpp] sonic-cpp benchmark results written to benchmark.json and benchmark_sonic_cpp.json
