[lz4] downloading Silesia corpus from https://wanos.co/assets/silesia.tar
  % Total    % Received % Xferd  Average Speed   Time    Time     Time  Current
                                 Dload  Upload   Total   Spent    Left  Speed

  0     0    0     0    0     0      0      0 --:--:-- --:--:-- --:--:--     0
  0     0    0     0    0     0      0      0 --:--:-- --:--:-- --:--:--     0
  0  202M    0  413k    0     0   241k      0  0:14:17  0:00:01  0:14:16  241k
  2  202M    2 6152k    0     0  2300k      0  0:01:29  0:00:02  0:01:27 2300k
  6  202M    6 12.5M    0     0  3497k      0  0:00:59  0:00:03  0:00:56 3497k
  9  202M    9 19.0M    0     0  4171k      0  0:00:49  0:00:04  0:00:45 4171k
  9  202M    9 19.7M    0     0  3544k      0  0:00:58  0:00:05  0:00:53 4185k
  9  202M    9 19.7M    0     0  3026k      0  0:01:08  0:00:06  0:01:02 3984k
 11  202M   11 23.2M    0     0  3094k      0  0:01:06  0:00:07  0:00:59 3519k
 11  202M   11 23.9M    0     0  2736k      0  0:01:15  0:00:08  0:01:07 2208k
 11  202M   11 23.9M    0     0  2462k      0  0:01:24  0:00:09  0:01:15  954k
 11  202M   11 24.0M    0     0  2237k      0  0:01:32  0:00:10  0:01:22  825k
 11  202M   11 24.0M    0     0  2050k      0  0:01:40  0:00:11  0:01:29  818k
 11  202M   11 24.1M    0     0  1950k      0  0:01:46  0:00:12  0:01:34  188k
 12  202M   12 25.1M    0     0  1882k      0  0:01:49  0:00:13  0:01:36  261k
 12  202M   12 25.7M    0     0  1793k      0  0:01:55  0:00:14  0:01:41  387k
 12  202M   12 25.8M    0     0  1686k      0  0:02:02  0:00:15  0:01:47  400k
 12  202M   12 25.8M    0     0  1586k      0  0:02:10  0:00:16  0:01:54  404k
 12  202M   12 25.9M    0     0  1502k      0  0:02:17  0:00:17  0:02:00  368k
 12  202M   12 26.0M    0     0  1425k      0  0:02:25  0:00:18  0:02:07  172k
 12  202M   12 26.0M    0     0  1354k      0  0:02:32  0:00:19  0:02:13 55995
 12  202M   12 26.1M    0     0  1293k      0  0:02:39  0:00:20  0:02:19 58266
 12  202M   12 26.1M    0     0  1236k      0  0:02:47  0:00:21  0:02:26 64738
 12  202M   12 26.2M    0     0  1183k      0  0:02:54  0:00:22  0:02:32 57872
 13  202M   13 26.2M    0     0  1135k      0  0:03:02  0:00:23  0:02:39 57234
 13  202M   13 26.3M    0     0  1091k      0  0:03:09  0:00:24  0:02:45 63330
 13  202M   13 26.8M    0     0  1068k      0  0:03:13  0:00:25  0:02:48  139k
 13  202M   13 26.8M    0     0  1030k      0  0:03:20  0:00:26  0:02:54  133k
 13  202M   13 26.8M    0     0   993k      0  0:03:28  0:00:27  0:03:01  133k
 13  202M   13 27.9M    0     0   996k      0  0:03:27  0:00:28  0:02:59  343k
 14  202M   14 28.4M    0     0   983k      0  0:03:30  0:00:29  0:03:01  441k
 14  202M   14 29.0M    0     0   968k      0  0:03:33  0:00:30  0:03:03  458k
 14  202M   14 29.6M    0     0   955k      0  0:03:36  0:00:31  0:03:05  564k
 14  202M   14 30.3M    0     0   949k      0  0:03:38  0:00:32  0:03:06  702k
 15  202M   15 30.9M    0     0   941k      0  0:03:39  0:00:33  0:03:06  620k
 15  202M   15 31.6M    0     0   935k      0  0:03:41  0:00:34  0:03:07  654k
 16  202M   16 32.4M    0     0   931k      0  0:03:42  0:00:35  0:03:07  704k
 16  202M   16 33.3M    0     0   929k      0  0:03:42  0:00:36  0:03:06  760k
 16  202M   16 34.1M    0     0   927k      0  0:03:43  0:00:37  0:03:06  789k
 17  202M   17 34.6M    0     0   917k      0  0:03:45  0:00:38  0:03:07  756k
 17  202M   17 35.1M    0     0   906k      0  0:03:48  0:00:39  0:03:09  706k
 17  202M   17 35.6M    0     0   896k      0  0:03:50  0:00:40  0:03:10  651k
 17  202M   17 36.2M    0     0   889k      0  0:03:52  0:00:41  0:03:11  596k
 18  202M   18 36.8M    0     0   882k      0  0:03:54  0:00:42  0:03:12  544k
 18  202M   18 37.5M    0     0   877k      0  0:03:55  0:00:43  0:03:12  573k
 18  202M   18 38.2M    0     0   874k      0  0:03:56  0:00:44  0:03:12  618k
 19  202M   19 38.9M    0     0   870k      0  0:03:57  0:00:45  0:03:12  655k
 19  202M   19 39.6M    0     0   868k      0  0:03:58  0:00:46  0:03:12  701k
 20  202M   20 40.5M    0     0   868k      0  0:03:58  0:00:47  0:03:11  748k
 20  202M   20 41.4M    0     0   869k      0  0:03:58  0:00:48  0:03:10  794k
 20  202M   20 42.3M    0     0   870k      0  0:03:57  0:00:49  0:03:08  839k
 21  202M   21 43.2M    0     0   874k      0  0:03:56  0:00:50  0:03:06  917k
 21  202M   21 44.1M    0     0   872k      0  0:03:57  0:00:51  0:03:06  907k
 22  202M   22 44.7M    0     0   870k      0  0:03:57  0:00:52  0:03:05  891k
 22  202M   22 45.3M    0     0   865k      0  0:03:59  0:00:53  0:03:06  826k
 22  202M   22 45.9M    0     0   860k      0  0:04:00  0:00:54  0:03:06  759k
 23  202M   23 46.5M    0     0   856k      0  0:04:01  0:00:55  0:03:06  669k
 23  202M   23 47.2M    0     0   853k      0  0:04:02  0:00:56  0:03:06  653k
 23  202M   23 48.0M    0     0   852k      0  0:04:02  0:00:57  0:03:05  657k
 24  202M   24 48.5M    0     0   841k      0  0:04:05  0:00:59  0:03:06  603k
 24  202M   24 48.6M    0     0   834k      0  0:04:07  0:00:59  0:03:08  552k
 24  202M   24 49.4M    0     0   833k      0  0:04:08  0:01:00  0:03:08  575k
 24  202M   24 49.8M    0     0   827k      0  0:04:10  0:01:01  0:03:09  527k
 24  202M   24 50.3M    0     0   822k      0  0:04:11  0:01:02  0:03:09  477k
 25  202M   25 50.9M    0     0   818k      0  0:04:13  0:01:03  0:03:10  521k
 25  202M   25 51.5M    0     0   814k      0  0:04:14  0:01:04  0:03:10  578k
 25  202M   25 52.1M    0     0   810k      0  0:04:15  0:01:05  0:03:10  546k
 26  202M   26 52.8M    0     0   810k      0  0:04:15  0:01:06  0:03:09  600k
 26  202M   26 53.5M    0     0   809k      0  0:04:15  0:01:07  0:03:08  646k
 26  202M   26 54.3M    0     0   808k      0  0:04:15  0:01:08  0:03:07  691k
 27  202M   27 55.1M    0     0   809k      0  0:04:15  0:01:09  0:03:06  736k
 27  202M   27 56.0M    0     0   810k      0  0:04:15  0:01:10  0:03:05  808k
 28  202M   28 56.9M    0     0   812k      0  0:04:14  0:01:11  0:03:03  839k
 28  202M   28 57.9M    0     0   814k      0  0:04:14  0:01:12  0:03:02  888k
 29  202M   29 58.9M    0     0   818k      0  0:04:12  0:01:13  0:02:59  957k
 29  202M   29 59.8M    0     0   820k      0  0:04:12  0:01:14  0:02:58  983k
 30  202M   30 60.9M    0     0   824k      0  0:04:11  0:01:15  0:02:56 1029k
 30  202M   30 62.0M    0     0   829k      0  0:04:09  0:01:16  0:02:53 1079k
 30  202M   30 62.5M    0     0   822k      0  0:04:11  0:01:17  0:02:54  930k
 30  202M   30 62.5M    0     0   813k      0  0:04:14  0:01:18  0:02:56  739k
 31  202M   31 64.0M    0     0   822k      0  0:04:11  0:01:19  0:02:52  853k
 32  202M   32 64.7M    0     0   820k      0  0:04:12  0:01:20  0:02:52  765k
 32  202M   32 65.4M    0     0   819k      0  0:04:12  0:01:21  0:02:51  673k
 32  202M   32 66.1M    0     0   818k      0  0:04:12  0:01:22  0:02:50  769k
 33  202M   33 66.9M    0     0   818k      0  0:04:12  0:01:23  0:02:49  902k
 33  202M   33 67.8M    0     0   819k      0  0:04:12  0:01:24  0:02:48  769k
 33  202M   33 68.5M    0     0   816k      0  0:04:13  0:01:25  0:02:48  744k
 34  202M   34 69.0M    0     0   815k      0  0:04:13  0:01:26  0:02:47  742k
 34  202M   34 69.5M    0     0   811k      0  0:04:15  0:01:27  0:02:48  687k
 34  202M   34 70.0M    0     0   808k      0  0:04:16  0:01:28  0:02:48  631k
 34  202M   34 70.6M    0     0   806k      0  0:04:16  0:01:29  0:02:47  579k
 35  202M   35 71.2M    0     0   804k      0  0:04:17  0:01:30  0:02:47  586k
 35  202M   35 71.8M    0     0   802k      0  0:04:17  0:01:31  0:02:46  586k
 35  202M   35 72.5M    0     0   801k      0  0:04:18  0:01:32  0:02:46  628k
 36  202M   36 73.3M    0     0   801k      0  0:04:18  0:01:33  0:02:45  672k
 36  202M   36 74.0M    0     0   800k      0  0:04:18  0:01:34  0:02:44  696k
 37  202M   37 74.8M    0     0   801k      0  0:04:18  0:01:35  0:02:43  746k
 37  202M   37 75.7M    0     0   802k      0  0:04:17  0:01:36  0:02:41  793k
 37  202M   37 76.6M    0     0   803k      0  0:04:17  0:01:37  0:02:40  844k
 38  202M   38 77.6M    0     0   805k      0  0:04:16  0:01:38  0:02:38  894k
 38  202M   38 78.7M    0     0   808k      0  0:04:16  0:01:39  0:02:37  956k
 39  202M   39 79.8M    0     0   811k      0  0:04:15  0:01:40  0:02:35 1003k
 40  202M   40 80.9M    0     0   814k      0  0:04:14  0:01:41  0:02:33 1053k
 40  202M   40 82.1M    0     0   818k      0  0:04:12  0:01:42  0:02:30 1101k
 41  202M   41 83.3M    0     0   822k      0  0:04:11  0:01:43  0:02:28 1151k
 41  202M   41 84.6M    0     0   827k      0  0:04:10  0:01:44  0:02:26 1198k
 42  202M   42 85.9M    0     0   832k      0  0:04:08  0:01:45  0:02:23 1247k
 43  202M   43 87.3M    0     0   837k      0  0:04:07  0:01:46  0:02:21 1287k
 43  202M   43 88.7M    0     0   843k      0  0:04:05  0:01:47  0:02:18 1343k
 44  202M   44 90.1M    0     0   849k      0  0:04:03  0:01:48  0:02:15 1409k
 45  202M   45 91.5M    0     0   854k      0  0:04:02  0:01:49  0:02:13 1436k
 45  202M   45 91.8M    0     0   848k      0  0:04:03  0:01:50  0:02:13 1196k
 46  202M   46 93.2M    0     0   854k      0  0:04:02  0:01:51  0:02:11 1236k
 46  202M   46 94.0M    0     0   854k      0  0:04:02  0:01:52  0:02:10 1106k
 46  202M   46 94.8M    0     0   854k      0  0:04:02  0:01:53  0:02:09  961k
 47  202M   47 95.6M    0     0   854k      0  0:04:02  0:01:54  0:02:08  847k
 47  202M   47 96.6M    0     0   855k      0  0:04:02  0:01:55  0:02:07 1000k
 48  202M   48 97.6M    0     0   856k      0  0:04:01  0:01:56  0:02:05  896k
 48  202M   48 98.6M    0     0   858k      0  0:04:01  0:01:57  0:02:04  939k
 49  202M   49 99.7M    0     0   860k      0  0:04:00  0:01:58  0:02:02  994k
 49  202M   49  100M    0     0   862k      0  0:03:59  0:01:59  0:02:00 1053k
 50  202M   50  102M    0     0   865k      0  0:03:59  0:02:00  0:01:59 1094k
 51  202M   51  103M    0     0   868k      0  0:03:58  0:02:01  0:01:57 1141k
 51  202M   51  104M    0     0   871k      0  0:03:57  0:02:02  0:01:55 1192k
 52  202M   52  105M    0     0   875k      0  0:03:56  0:02:03  0:01:53 1239k
 53  202M   53  107M    0     0   879k      0  0:03:55  0:02:04  0:01:51 1288k
 53  202M   53  108M    0     0   884k      0  0:03:54  0:02:05  0:01:49 1344k
 54  202M   54  110M    0     0   889k      0  0:03:52  0:02:06  0:01:46 1394k
 55  202M   55  111M    0     0   894k      0  0:03:51  0:02:07  0:01:44 1441k
 55  202M   55  113M    0     0   899k      0  0:03:50  0:02:08  0:01:42 1506k
 56  202M   56  114M    0     0   905k      0  0:03:48  0:02:09  0:01:39 1547k
 57  202M   57  116M    0     0   910k      0  0:03:47  0:02:10  0:01:37 1595k
 58  202M   58  117M    0     0   916k      0  0:03:45  0:02:11  0:01:34 1637k
 58  202M   58  118M    0     0   918k      0  0:03:45  0:02:12  0:01:33 1542k
 59  202M   59  119M    0     0   917k      0  0:03:45  0:02:13  0:01:32 1384k
 59  202M   59  120M    0     0   918k      0  0:03:45  0:02:14  0:01:31 1258k
 60  202M   60  121M    0     0   918k      0  0:03:45  0:02:15  0:01:30 1126k
 60  202M   60  122M    0     0   920k      0  0:03:44  0:02:16  0:01:28 1001k
 61  202M   61  123M    0     0   921k      0  0:03:44  0:02:17  0:01:27 1020k
 61  202M   61  125M    0     0   923k      0  0:03:44  0:02:18  0:01:26 1072k
 62  202M   62  126M    0     0   925k      0  0:03:43  0:02:19  0:01:24 1120k
 63  202M   63  127M    0     0   927k      0  0:03:43  0:02:20  0:01:23 1167k
 63  202M   63  128M    0     0   930k      0  0:03:42  0:02:21  0:01:21 1215k
 64  202M   64  129M    0     0   932k      0  0:03:41  0:02:22  0:01:19 1231k
 64  202M   64  131M    0     0   935k      0  0:03:41  0:02:23  0:01:18 1281k
 65  202M   65  132M    0     0   939k      0  0:03:40  0:02:24  0:01:16 1324k
 66  202M   66  134M    0     0   942k      0  0:03:39  0:02:25  0:01:14 1369k
 67  202M   67  135M    0     0   946k      0  0:03:38  0:02:26  0:01:12 1414k
 67  202M   67  137M    0     0   950k      0  0:03:37  0:02:27  0:01:10 1467k
 68  202M   68  138M    0     0   954k      0  0:03:36  0:02:28  0:01:08 1495k
 69  202M   69  140M    0     0   959k      0  0:03:35  0:02:29  0:01:06 1545k
 70  202M   70  141M    0     0   964k      0  0:03:34  0:02:30  0:01:04 1597k
 71  202M   71  143M    0     0   969k      0  0:03:33  0:02:31  0:01:02 1647k
 71  202M   71  145M    0     0   975k      0  0:03:32  0:02:32  0:01:00 1703k
 72  202M   72  147M    0     0   981k      0  0:03:30  0:02:33  0:00:57 1766k
 73  202M   73  149M    0     0   987k      0  0:03:29  0:02:34  0:00:55 1815k
 74  202M   74  151M    0     0   993k      0  0:03:28  0:02:35  0:00:53 1858k
 75  202M   75  153M    0     0  1000k      0  0:03:26  0:02:36  0:00:50 1906k
 76  202M   76  155M    0     0  1006k      0  0:03:25  0:02:37  0:00:48 1951k
 77  202M   77  157M    0     0  1014k      0  0:03:24  0:02:38  0:00:46 2029k
 78  202M   78  159M    0     0  1021k      0  0:03:22  0:02:39  0:00:43 2077k
 79  202M   79  160M    0     0  1024k      0  0:03:22  0:02:40  0:00:42 1978k
 79  202M   79  161M    0     0  1021k      0  0:03:22  0:02:41  0:00:41 1708k
 80  202M   80  161M    0     0  1019k      0  0:03:23  0:02:42  0:00:41 1427k
 80  202M   80  162M    0     0  1013k      0  0:03:24  0:02:43  0:00:41 1002k
 80  202M   80  162M    0     0  1008k      0  0:03:25  0:02:44  0:00:41  591k
 80  202M   80  163M    0     0  1009k      0  0:03:24  0:02:45  0:00:39  571k
 81  202M   81  164M    0     0  1009k      0  0:03:24  0:02:46  0:00:38  625k
 81  202M   81  165M    0     0  1007k      0  0:03:25  0:02:47  0:00:38  615k
 81  202M   81  165M    0     0  1005k      0  0:03:25  0:02:48  0:00:37  724k
 82  202M   82  166M    0     0  1004k      0  0:03:26  0:02:49  0:00:37  868k
 82  202M   82  166M    0     0  1000k      0  0:03:26  0:02:50  0:00:36  697k
 82  202M   82  167M    0     0   999k      0  0:03:27  0:02:51  0:00:36  643k
 83  202M   83  167M    0     0   996k      0  0:03:27  0:02:52  0:00:35  612k
 83  202M   83  168M    0     0   992k      0  0:03:28  0:02:53  0:00:35  572k
 83  202M   83  168M    0     0   990k      0  0:03:28  0:02:54  0:00:34  525k
 83  202M   83  169M    0     0   988k      0  0:03:29  0:02:55  0:00:34  541k
 84  202M   84  170M    0     0   986k      0  0:03:29  0:02:56  0:00:33  541k
 84  202M   84  170M    0     0   984k      0  0:03:30  0:02:57  0:00:33  587k
 84  202M   84  171M    0     0   983k      0  0:03:30  0:02:58  0:00:32  646k
 85  202M   85  172M    0     0   982k      0  0:03:30  0:02:59  0:00:31  696k
 85  202M   85  173M    0     0   981k      0  0:03:30  0:03:00  0:00:30  744k
 86  202M   86  174M    0     0   980k      0  0:03:31  0:03:01  0:00:30  792k
 86  202M   86  175M    0     0   980k      0  0:03:31  0:03:02  0:00:29  838k
 87  202M   87  175M    0     0   980k      0  0:03:31  0:03:03  0:00:28  888k
 87  202M   87  176M    0     0   980k      0  0:03:31  0:03:04  0:00:27  934k
 88  202M   88  178M    0     0   981k      0  0:03:30  0:03:05  0:00:25  983k
 88  202M   88  179M    0     0   982k      0  0:03:30  0:03:06  0:00:24 1059k
 89  202M   89  180M    0     0   983k      0  0:03:30  0:03:07  0:00:23 1111k
 89  202M   89  181M    0     0   982k      0  0:03:30  0:03:08  0:00:22 1072k
 89  202M   89  181M    0     0   981k      0  0:03:30  0:03:09  0:00:21  992k
 90  202M   90  182M    0     0   979k      0  0:03:31  0:03:10  0:00:21  914k
 90  202M   90  183M    0     0   978k      0  0:03:31  0:03:11  0:00:20  805k
 90  202M   90  183M    0     0   976k      0  0:03:31  0:03:12  0:00:19  713k
 91  202M   91  184M    0     0   976k      0  0:03:32  0:03:13  0:00:19  716k
 91  202M   91  185M    0     0   975k      0  0:03:32  0:03:14  0:00:18  759k
 92  202M   92  186M    0     0   975k      0  0:03:32  0:03:15  0:00:17  802k
 92  202M   92  187M    0     0   975k      0  0:03:32  0:03:16  0:00:16  851k
 93  202M   93  188M    0     0   975k      0  0:03:32  0:03:17  0:00:15  912k
 93  202M   93  189M    0     0   975k      0  0:03:32  0:03:18  0:00:14  961k
 94  202M   94  190M    0     0   976k      0  0:03:32  0:03:19  0:00:13 1011k
 94  202M   94  191M    0     0   977k      0  0:03:31  0:03:20  0:00:11 1059k
 95  202M   95  192M    0     0   978k      0  0:03:31  0:03:21  0:00:10 1109k
 95  202M   95  193M    0     0   977k      0  0:03:31  0:03:22  0:00:09 1083k
 96  202M   96  194M    0     0   976k      0  0:03:31  0:03:23  0:00:08 1006k
 96  202M   96  194M    0     0   975k      0  0:03:32  0:03:24  0:00:08  924k
 96  202M   96  195M    0     0   971k      0  0:03:33  0:03:26  0:00:07  762k
 96  202M   96  196M    0     0   970k      0  0:03:33  0:03:26  0:00:07  667k
 97  202M   97  196M    0     0   968k      0  0:03:33  0:03:27  0:00:06  570k
 97  202M   97  196M    0     0   965k      0  0:03:34  0:03:28  0:00:06  532k
 97  202M   97  197M    0     0   963k      0  0:03:34  0:03:29  0:00:05  494k
 97  202M   97  197M    0     0   962k      0  0:03:35  0:03:30  0:00:05  537k
 98  202M   98  198M    0     0   960k      0  0:03:35  0:03:31  0:00:04  515k
 98  202M   98  199M    0     0   958k      0  0:03:35  0:03:32  0:00:03  564k
 98  202M   98  199M    0     0   957k      0  0:03:36  0:03:33  0:00:03  610k
 99  202M   99  200M    0     0   956k      0  0:03:36  0:03:34  0:00:02  658k
 99  202M   99  201M    0     0   954k      0  0:03:36  0:03:35  0:00:01  643k
 99  202M   99  201M    0     0   951k      0  0:03:37  0:03:36  0:00:01  600k
 99  202M   99  201M    0     0   948k      0  0:03:38  0:03:37  0:00:01  518k
 99  202M   99  201M    0     0   945k      0  0:03:38  0:03:38 --:--:--  436k
100  202M  100  202M    0     0   944k      0  0:03:39  0:03:39 --:--:--  365k
/home/runner/boostkit-perf/lz4/1.9.4/aarch64/38041871718-1/silesia.tar: OK
[lz4-benchmark] /home/runner/boostkit-perf/lz4/1.9.4/aarch64/38041871718-1/lzbench-source/lzbench -elz4 -b4 -t20u20 /home/runner/boostkit-perf/lz4/1.9.4/aarch64/38041871718-1/silesia.tar
lz4 compr iter=1 time=0.40s speed=534.44 MB/s     
lz4 compr iter=2 time=0.79s speed=536.18 MB/s     
lz4 compr iter=3 time=1.19s speed=535.26 MB/s     
lz4 compr iter=4 time=1.58s speed=534.83 MB/s     
lz4 compr iter=5 time=1.98s speed=533.93 MB/s     
lz4 compr iter=6 time=2.38s speed=534.63 MB/s     
lz4 compr iter=7 time=2.77s speed=534.67 MB/s     
lz4 compr iter=8 time=3.17s speed=534.23 MB/s     
lz4 compr iter=9 time=3.57s speed=535.83 MB/s     
lz4 compr iter=10 time=3.96s speed=535.68 MB/s     
lz4 compr iter=11 time=4.36s speed=534.92 MB/s     
lz4 compr iter=12 time=4.75s speed=535.09 MB/s     
lz4 compr iter=13 time=5.15s speed=535.97 MB/s     
lz4 compr iter=14 time=5.54s speed=536.49 MB/s     
lz4 compr iter=15 time=5.94s speed=535.65 MB/s     
lz4 compr iter=16 time=6.34s speed=535.61 MB/s     
lz4 compr iter=17 time=6.73s speed=534.62 MB/s     
lz4 compr iter=18 time=7.13s speed=535.65 MB/s     
lz4 compr iter=19 time=7.52s speed=537.04 MB/s     
lz4 compr iter=20 time=7.92s speed=535.93 MB/s     
lz4 compr iter=21 time=8.31s speed=536.56 MB/s     
lz4 compr iter=22 time=8.71s speed=534.64 MB/s     
lz4 compr iter=23 time=9.11s speed=536.54 MB/s     
lz4 compr iter=24 time=9.50s speed=535.57 MB/s     
lz4 compr iter=25 time=9.90s speed=536.27 MB/s     
lz4 compr iter=26 time=10.29s speed=535.56 MB/s     
lz4 compr iter=27 time=10.69s speed=535.44 MB/s     
lz4 compr iter=28 time=11.08s speed=536.05 MB/s     
lz4 compr iter=29 time=11.48s speed=535.26 MB/s     
lz4 compr iter=30 time=11.87s speed=536.53 MB/s     
lz4 compr iter=31 time=12.27s speed=534.99 MB/s     
lz4 compr iter=32 time=12.67s speed=534.40 MB/s     
lz4 compr iter=33 time=13.06s speed=535.72 MB/s     
lz4 compr iter=34 time=13.46s speed=535.03 MB/s     
lz4 compr iter=35 time=13.85s speed=535.07 MB/s     
lz4 compr iter=36 time=14.25s speed=534.92 MB/s     
lz4 compr iter=37 time=14.65s speed=535.89 MB/s     
lz4 compr iter=38 time=15.04s speed=534.71 MB/s     
lz4 compr iter=39 time=15.44s speed=535.24 MB/s     
lz4 compr iter=40 time=15.83s speed=536.24 MB/s     
lz4 compr iter=41 time=16.23s speed=535.54 MB/s     
lz4 compr iter=42 time=16.63s speed=535.18 MB/s     
lz4 compr iter=43 time=17.02s speed=536.08 MB/s     
lz4 compr iter=44 time=17.42s speed=535.37 MB/s     
lz4 compr iter=45 time=17.81s speed=535.59 MB/s     
lz4 compr iter=46 time=18.21s speed=534.70 MB/s     
lz4 compr iter=47 time=18.61s speed=535.46 MB/s     
lz4 compr iter=48 time=19.00s speed=535.74 MB/s     
lz4 compr iter=49 time=19.40s speed=536.06 MB/s     
lz4 compr iter=50 time=19.79s speed=535.72 MB/s     
lz4 decompr iter=2 time=0.15s speed=2864.66 MB/s     
lz4 decompr iter=4 time=0.32s speed=2872.14 MB/s     
lz4 decompr iter=6 time=0.49s speed=2864.51 MB/s     
lz4 decompr iter=8 time=0.66s speed=2873.84 MB/s     
lz4 decompr iter=10 time=0.82s speed=2870.65 MB/s     
lz4 decompr iter=12 time=0.99s speed=2869.77 MB/s     
lz4 decompr iter=14 time=1.16s speed=2873.42 MB/s     
lz4 decompr iter=16 time=1.33s speed=2871.56 MB/s     
lz4 decompr iter=18 time=1.50s speed=2873.76 MB/s     
lz4 decompr iter=20 time=1.67s speed=2874.08 MB/s     
lz4 decompr iter=22 time=1.84s speed=2873.77 MB/s     
lz4 decompr iter=24 time=2.01s speed=2874.95 MB/s     
lz4 decompr iter=26 time=2.18s speed=2873.83 MB/s     
lz4 decompr iter=28 time=2.35s speed=2866.63 MB/s     
lz4 decompr iter=30 time=2.51s speed=2873.76 MB/s     
lz4 decompr iter=32 time=2.68s speed=2872.37 MB/s     
lz4 decompr iter=34 time=2.85s speed=2869.12 MB/s     
lz4 decompr iter=36 time=3.02s speed=2870.37 MB/s     
lz4 decompr iter=38 time=3.19s speed=2871.00 MB/s     
lz4 decompr iter=40 time=3.36s speed=2859.95 MB/s     
lz4 decompr iter=42 time=3.53s speed=2866.60 MB/s     
lz4 decompr iter=44 time=3.70s speed=2872.79 MB/s     
lz4 decompr iter=46 time=3.87s speed=2870.48 MB/s     
lz4 decompr iter=48 time=4.04s speed=2871.96 MB/s     
lz4 decompr iter=50 time=4.21s speed=2870.03 MB/s     
lz4 decompr iter=52 time=4.38s speed=2865.98 MB/s     
lz4 decompr iter=54 time=4.55s speed=2869.09 MB/s     
lz4 decompr iter=56 time=4.71s speed=2874.06 MB/s     
lz4 decompr iter=58 time=4.88s speed=2871.62 MB/s     
lz4 decompr iter=60 time=5.05s speed=2871.70 MB/s     
lz4 decompr iter=62 time=5.22s speed=2853.58 MB/s     
lz4 decompr iter=64 time=5.39s speed=2870.00 MB/s     
lz4 decompr iter=66 time=5.56s speed=2873.25 MB/s     
lz4 decompr iter=68 time=5.73s speed=2869.10 MB/s     
lz4 decompr iter=70 time=5.90s speed=2868.06 MB/s     
lz4 decompr iter=72 time=6.07s speed=2869.56 MB/s     
lz4 decompr iter=74 time=6.24s speed=2867.08 MB/s     
lz4 decompr iter=76 time=6.41s speed=2871.78 MB/s     
lz4 decompr iter=78 time=6.58s speed=2869.12 MB/s     
lz4 decompr iter=80 time=6.74s speed=2871.99 MB/s     
lz4 decompr iter=82 time=6.91s speed=2870.38 MB/s     
lz4 decompr iter=84 time=7.08s speed=2874.75 MB/s     
lz4 decompr iter=86 time=7.25s speed=2871.71 MB/s     
lz4 decompr iter=88 time=7.42s speed=2871.65 MB/s     
lz4 decompr iter=90 time=7.59s speed=2874.58 MB/s     
lz4 decompr iter=92 time=7.76s speed=2872.79 MB/s     
lz4 decompr iter=94 time=7.93s speed=2876.32 MB/s     
lz4 decompr iter=96 time=8.10s speed=2871.73 MB/s     
lz4 decompr iter=98 time=8.27s speed=2870.00 MB/s     
lz4 decompr iter=100 time=8.43s speed=2871.89 MB/s     
lz4 decompr iter=102 time=8.60s speed=2872.11 MB/s     
lz4 decompr iter=104 time=8.77s speed=2870.45 MB/s     
lz4 decompr iter=106 time=8.94s speed=2871.69 MB/s     
lz4 decompr iter=108 time=9.11s speed=2868.03 MB/s     
lz4 decompr iter=110 time=9.28s speed=2871.01 MB/s     
lz4 decompr iter=112 time=9.45s speed=2871.90 MB/s     
lz4 decompr iter=114 time=9.62s speed=2873.92 MB/s     
lz4 decompr iter=116 time=9.79s speed=2871.63 MB/s     
lz4 decompr iter=118 time=9.96s speed=2872.46 MB/s     
lz4 decompr iter=120 time=10.13s speed=2871.96 MB/s     
lz4 decompr iter=122 time=10.29s speed=2873.78 MB/s     
lz4 decompr iter=124 time=10.46s speed=2871.74 MB/s     
lz4 decompr iter=126 time=10.63s speed=2871.84 MB/s     
lz4 decompr iter=128 time=10.80s speed=2873.03 MB/s     
lz4 decompr iter=130 time=10.97s speed=2871.05 MB/s     
lz4 decompr iter=132 time=11.14s speed=2873.86 MB/s     
lz4 decompr iter=134 time=11.31s speed=2867.22 MB/s     
lz4 decompr iter=136 time=11.48s speed=2872.20 MB/s     
lz4 decompr iter=138 time=11.65s speed=2873.22 MB/s     
lz4 decompr iter=140 time=11.82s speed=2872.84 MB/s     
lz4 decompr iter=142 time=11.98s speed=2873.36 MB/s     
lz4 decompr iter=144 time=12.15s speed=2873.95 MB/s     
lz4 decompr iter=146 time=12.32s speed=2869.23 MB/s     
lz4 decompr iter=148 time=12.49s speed=2865.86 MB/s     
lz4 decompr iter=150 time=12.66s speed=2874.47 MB/s     
lz4 decompr iter=152 time=12.83s speed=2865.12 MB/s     
lz4 decompr iter=154 time=13.00s speed=2864.60 MB/s     
lz4 decompr iter=156 time=13.17s speed=2873.92 MB/s     
lz4 decompr iter=158 time=13.34s speed=2866.22 MB/s     
lz4 decompr iter=160 time=13.51s speed=2866.76 MB/s     
lz4 decompr iter=162 time=13.68s speed=2873.93 MB/s     
lz4 decompr iter=164 time=13.85s speed=2870.11 MB/s     
lz4 decompr iter=166 time=14.02s speed=2867.78 MB/s     
lz4 decompr iter=168 time=14.18s speed=2871.98 MB/s     
lz4 decompr iter=170 time=14.35s speed=2871.01 MB/s     
lz4 decompr iter=172 time=14.52s speed=2872.83 MB/s     
lz4 decompr iter=174 time=14.69s speed=2871.89 MB/s     
lz4 decompr iter=176 time=14.86s speed=2873.41 MB/s     
lz4 decompr iter=178 time=15.03s speed=2870.28 MB/s     
lz4 decompr iter=180 time=15.20s speed=2870.00 MB/s     
lz4 decompr iter=182 time=15.37s speed=2867.00 MB/s     
lz4 decompr iter=184 time=15.54s speed=2872.37 MB/s     
lz4 decompr iter=186 time=15.71s speed=2874.92 MB/s     
lz4 decompr iter=188 time=15.87s speed=2874.17 MB/s     
lz4 decompr iter=190 time=16.04s speed=2876.27 MB/s     
lz4 decompr iter=192 time=16.21s speed=2872.13 MB/s     
lz4 decompr iter=194 time=16.38s speed=2868.62 MB/s     
lz4 decompr iter=196 time=16.55s speed=2872.42 MB/s     
lz4 decompr iter=198 time=16.72s speed=2873.76 MB/s     
lz4 decompr iter=200 time=16.89s speed=2875.38 MB/s     
lz4 decompr iter=202 time=17.06s speed=2873.28 MB/s     
lz4 decompr iter=204 time=17.23s speed=2873.22 MB/s     
lz4 decompr iter=206 time=17.40s speed=2872.61 MB/s     
lz4 decompr iter=208 time=17.56s speed=2874.24 MB/s     
lz4 decompr iter=210 time=17.73s speed=2871.96 MB/s     
lz4 decompr iter=212 time=17.90s speed=2871.93 MB/s     
lz4 decompr iter=214 time=18.07s speed=2873.53 MB/s     
lz4 decompr iter=216 time=18.24s speed=2869.36 MB/s     
lz4 decompr iter=218 time=18.41s speed=2867.35 MB/s     
lz4 decompr iter=220 time=18.58s speed=2870.56 MB/s     
lz4 decompr iter=222 time=18.75s speed=2874.60 MB/s     
lz4 decompr iter=224 time=18.92s speed=2873.73 MB/s     
lz4 decompr iter=226 time=19.09s speed=2873.45 MB/s     
lz4 decompr iter=228 time=19.26s speed=2873.47 MB/s     
lz4 decompr iter=230 time=19.43s speed=2871.04 MB/s     
lz4 decompr iter=232 time=19.59s speed=2873.83 MB/s     
lz4 decompr iter=234 time=19.76s speed=2873.70 MB/s     
lz4 decompr iter=236 time=19.93s speed=2873.36 MB/s     
lzbench 2.2 | GCC 12.3.1 | 64-bit Linux | 

Compressor name         Compress. Decompress. Compr. size  Ratio Filename
lz4 1.9.4                 537 MB/s  2877 MB/s   122705612  57.89 /home/runner/boostkit-perf/lz4/1.9.4/aarch64/38041871718-1/silesia.tar
[Params] cIters=1 dIters=1 cTime=20.0 dTime=20.0 chunkSize=4KB cSpeed=0MB
[lz4-benchmark] normalized 3 lzbench metrics
