[lz4] downloading Silesia corpus from https://wanos.co/assets/silesia.tar
  % Total    % Received % Xferd  Average Speed   Time    Time     Time  Current
                                 Dload  Upload   Total   Spent    Left  Speed

  0     0    0     0    0     0      0      0 --:--:-- --:--:-- --:--:--     0
  0     0    0     0    0     0      0      0 --:--:-- --:--:-- --:--:--     0
  0  202M    0 15844    0     0  12786      0  4:36:16  0:00:01  4:36:15 12777
  0  202M    0  632k    0     0   277k      0  0:12:24  0:00:02  0:12:22  277k
  3  202M    3 6538k    0     0  2061k      0  0:01:40  0:00:03  0:01:37 2061k
  6  202M    6 12.9M    0     0  3188k      0  0:01:04  0:00:04  0:01:00 3187k
  9  202M    9 19.4M    0     0  3846k      0  0:00:53  0:00:05  0:00:48 4047k
 11  202M   11 22.6M    0     0  3606k      0  0:00:57  0:00:06  0:00:51 4466k
 11  202M   11 22.6M    0     0  3181k      0  0:01:05  0:00:07  0:00:58 4502k
 11  202M   11 22.6M    0     0  2614k      0  0:01:19  0:00:08  0:01:11 2922k
 12  202M   12 25.3M    0     0  2799k      0  0:01:13  0:00:09  0:01:04 2482k
 14  202M   14 29.3M    0     0  2958k      0  0:01:09  0:00:10  0:00:59 2041k
 14  202M   14 29.4M    0     0  2699k      0  0:01:16  0:00:11  0:01:05 1473k
 14  202M   14 29.5M    0     0  2485k      0  0:01:23  0:00:12  0:01:11 1448k
 14  202M   14 29.6M    0     0  2301k      0  0:01:29  0:00:13  0:01:16 1656k
 14  202M   14 29.6M    0     0  2144k      0  0:01:36  0:00:14  0:01:22  910k
 15  202M   15 31.7M    0     0  2141k      0  0:01:36  0:00:15  0:01:21  477k
 16  202M   16 34.0M    0     0  2077k      0  0:01:39  0:00:16  0:01:23  838k
 16  202M   16 34.0M    0     0  1995k      0  0:01:43  0:00:17  0:01:26  868k
 16  202M   16 34.0M    0     0  1902k      0  0:01:48  0:00:18  0:01:30  883k
 16  202M   16 34.1M    0     0  1802k      0  0:01:54  0:00:19  0:01:35  869k
 16  202M   16 34.1M    0     0  1726k      0  0:01:59  0:00:20  0:01:39  485k
 17  202M   17 34.4M    0     0  1668k      0  0:02:04  0:00:21  0:01:43  105k
 17  202M   17 34.5M    0     0  1594k      0  0:02:09  0:00:22  0:01:47  104k
 17  202M   17 34.5M    0     0  1527k      0  0:02:15  0:00:23  0:01:52  103k
 17  202M   17 34.6M    0     0  1464k      0  0:02:21  0:00:24  0:01:57  105k
 17  202M   17 34.6M    0     0  1410k      0  0:02:26  0:00:25  0:02:01  115k
 17  202M   17 34.7M    0     0  1358k      0  0:02:32  0:00:26  0:02:06 43643
 17  202M   17 34.7M    0     0  1309k      0  0:02:38  0:00:27  0:02:11 43697
 17  202M   17 34.7M    0     0  1264k      0  0:02:43  0:00:28  0:02:15 43312
 17  202M   17 34.8M    0     0  1222k      0  0:02:49  0:00:29  0:02:20 50571
 17  202M   17 34.8M    0     0  1183k      0  0:02:54  0:00:30  0:02:24 43010
 17  202M   17 34.9M    0     0  1146k      0  0:03:00  0:00:31  0:02:29 43249
 17  202M   17 34.9M    0     0  1112k      0  0:03:06  0:00:32  0:02:34 50517
 17  202M   17 35.0M    0     0  1080k      0  0:03:11  0:00:33  0:02:38 50904
 17  202M   17 35.0M    0     0  1050k      0  0:03:17  0:00:34  0:02:43 43846
 17  202M   17 35.1M    0     0  1022k      0  0:03:22  0:00:35  0:02:47 51164
 17  202M   17 35.1M    0     0   995k      0  0:03:27  0:00:36  0:02:51 51164
 17  202M   17 35.1M    0     0   969k      0  0:03:33  0:00:37  0:02:56 43667
 17  202M   17 35.7M    0     0   959k      0  0:03:35  0:00:38  0:02:57  154k
 18  202M   18 38.3M    0     0  1003k      0  0:03:26  0:00:39  0:02:47  678k
 20  202M   20 42.2M    0     0  1076k      0  0:03:12  0:00:40  0:02:32 1454k
 22  202M   22 46.0M    0     0  1144k      0  0:03:00  0:00:41  0:02:19 2216k
 23  202M   23 47.3M    0     0  1147k      0  0:03:00  0:00:42  0:02:18 2441k
 24  202M   24 49.3M    0     0  1170k      0  0:02:56  0:00:43  0:02:13 2774k
 25  202M   25 51.3M    0     0  1189k      0  0:02:54  0:00:44  0:02:10 2643k
 26  202M   26 52.8M    0     0  1196k      0  0:02:52  0:00:45  0:02:07 2155k
 26  202M   26 53.9M    0     0  1194k      0  0:02:53  0:00:46  0:02:07 1606k
 27  202M   27 55.1M    0     0  1196k      0  0:02:52  0:00:47  0:02:05 1622k
 27  202M   27 56.1M    0     0  1193k      0  0:02:53  0:00:48  0:02:05 1400k
 28  202M   28 57.4M    0     0  1194k      0  0:02:53  0:00:49  0:02:04 1244k
 29  202M   29 58.7M    0     0  1196k      0  0:02:52  0:00:50  0:02:02 1197k
 29  202M   29 60.0M    0     0  1199k      0  0:02:52  0:00:51  0:02:01 1246k
 30  202M   30 61.3M    0     0  1203k      0  0:02:52  0:00:52  0:02:00 1263k
 31  202M   31 62.6M    0     0  1207k      0  0:02:51  0:00:53  0:01:58 1334k
 31  202M   31 64.1M    0     0  1212k      0  0:02:50  0:00:54  0:01:56 1381k
 32  202M   32 65.7M    0     0  1217k      0  0:02:49  0:00:55  0:01:54 1429k
 33  202M   33 67.2M    0     0  1225k      0  0:02:48  0:00:56  0:01:52 1490k
 33  202M   33 68.6M    0     0  1230k      0  0:02:48  0:00:57  0:01:51 1509k
 34  202M   34 69.7M    0     0  1223k      0  0:02:49  0:00:58  0:01:51 1386k
 35  202M   35 71.0M    0     0  1227k      0  0:02:48  0:00:59  0:01:49 1391k
 35  202M   35 71.8M    0     0  1223k      0  0:02:49  0:01:00  0:01:49 1285k
 35  202M   35 72.6M    0     0  1216k      0  0:02:50  0:01:01  0:01:49 1118k
 36  202M   36 73.6M    0     0  1203k      0  0:02:51  0:01:02  0:01:49  925k
 36  202M   36 74.5M    0     0  1207k      0  0:02:51  0:01:03  0:01:48 1021k
 37  202M   37 75.4M    0     0  1203k      0  0:02:51  0:01:04  0:01:47  915k
 37  202M   37 76.5M    0     0  1201k      0  0:02:52  0:01:05  0:01:47  935k
 38  202M   38 77.6M    0     0  1199k      0  0:02:52  0:01:06  0:01:46  998k
 38  202M   38 78.7M    0     0  1200k      0  0:02:52  0:01:07  0:01:45 1155k
 39  202M   39 79.7M    0     0  1198k      0  0:02:52  0:01:08  0:01:44 1082k
 40  202M   40 81.0M    0     0  1199k      0  0:02:52  0:01:09  0:01:43 1144k
 40  202M   40 82.3M    0     0  1200k      0  0:02:52  0:01:10  0:01:42 1193k
 41  202M   41 83.6M    0     0  1203k      0  0:02:51  0:01:11  0:01:40 1259k
 41  202M   41 84.8M    0     0  1204k      0  0:02:51  0:01:12  0:01:39 1259k
 42  202M   42 86.2M    0     0  1207k      0  0:02:51  0:01:13  0:01:38 1327k
 43  202M   43 87.7M    0     0  1211k      0  0:02:50  0:01:14  0:01:36 1373k
 44  202M   44 89.3M    0     0  1215k      0  0:02:50  0:01:15  0:01:35 1418k
 44  202M   44 90.7M    0     0  1220k      0  0:02:49  0:01:16  0:01:33 1454k
 45  202M   45 92.2M    0     0  1223k      0  0:02:49  0:01:17  0:01:32 1501k
 46  202M   46 93.8M    0     0  1229k      0  0:02:48  0:01:18  0:01:30 1543k
 47  202M   47 95.6M    0     0  1235k      0  0:02:47  0:01:19  0:01:28 1592k
 48  202M   48 97.3M    0     0  1241k      0  0:02:46  0:01:20  0:01:26 1640k
 48  202M   48 98.9M    0     0  1247k      0  0:02:45  0:01:21  0:01:24 1666k
 49  202M   49  100M    0     0  1254k      0  0:02:44  0:01:22  0:01:22 1734k
 50  202M   50  102M    0     0  1262k      0  0:02:43  0:01:23  0:01:20 1783k
 51  202M   51  104M    0     0  1270k      0  0:02:42  0:01:24  0:01:18 1829k
 52  202M   52  105M    0     0  1263k      0  0:02:43  0:01:25  0:01:18 1612k
 52  202M   52  106M    0     0  1268k      0  0:02:43  0:01:26  0:01:17 1598k
 52  202M   52  106M    0     0  1252k      0  0:02:45  0:01:27  0:01:18 1219k
 53  202M   53  107M    0     0  1252k      0  0:02:45  0:01:28  0:01:17 1089k
 53  202M   53  108M    0     0  1244k      0  0:02:46  0:01:29  0:01:17  797k
 53  202M   53  108M    0     0  1237k      0  0:02:47  0:01:30  0:01:17  784k
 54  202M   54  109M    0     0  1230k      0  0:02:48  0:01:31  0:01:17  579k
 54  202M   54  110M    0     0  1223k      0  0:02:49  0:01:32  0:01:17  700k
 54  202M   54  110M    0     0  1218k      0  0:02:49  0:01:33  0:01:16  608k
 55  202M   55  111M    0     0  1214k      0  0:02:50  0:01:34  0:01:16  667k
 55  202M   55  112M    0     0  1208k      0  0:02:51  0:01:35  0:01:16  689k
 56  202M   56  113M    0     0  1204k      0  0:02:51  0:01:36  0:01:15  743k
 56  202M   56  114M    0     0  1201k      0  0:02:52  0:01:37  0:01:15  790k
 56  202M   56  115M    0     0  1198k      0  0:02:52  0:01:38  0:01:14  835k
 57  202M   57  115M    0     0  1197k      0  0:02:52  0:01:39  0:01:13  876k
 57  202M   57  116M    0     0  1194k      0  0:02:53  0:01:40  0:01:13  922k
 58  202M   58  117M    0     0  1193k      0  0:02:53  0:01:41  0:01:12  969k
 58  202M   58  119M    0     0  1192k      0  0:02:53  0:01:42  0:01:11 1017k
 59  202M   59  120M    0     0  1193k      0  0:02:53  0:01:43  0:01:10 1092k
 59  202M   59  121M    0     0  1192k      0  0:02:53  0:01:44  0:01:09 1093k
 60  202M   60  121M    0     0  1186k      0  0:02:54  0:01:45  0:01:09 1029k
 60  202M   60  122M    0     0  1178k      0  0:02:55  0:01:46  0:01:09  897k
 61  202M   61  124M    0     0  1189k      0  0:02:54  0:01:47  0:01:07 1123k
 62  202M   62  126M    0     0  1199k      0  0:02:52  0:01:48  0:01:04 1327k
 63  202M   63  129M    0     0  1212k      0  0:02:50  0:01:49  0:01:01 1633k
 65  202M   65  131M    0     0  1225k      0  0:02:48  0:01:50  0:00:58 2036k
 66  202M   66  134M    0     0  1238k      0  0:02:47  0:01:51  0:00:56 2558k
 67  202M   67  136M    0     0  1247k      0  0:02:45  0:01:52  0:00:53 2483k
 69  202M   69  139M    0     0  1262k      0  0:02:43  0:01:53  0:00:50 2621k
 70  202M   70  142M    0     0  1276k      0  0:02:42  0:01:54  0:00:48 2662k
 71  202M   71  145M    0     0  1290k      0  0:02:40  0:01:55  0:00:45 2750k
 73  202M   73  147M    0     0  1302k      0  0:02:38  0:01:56  0:00:42 2758k
 73  202M   73  149M    0     0  1303k      0  0:02:38  0:01:57  0:00:41 2561k
 74  202M   74  150M    0     0  1301k      0  0:02:39  0:01:58  0:00:41 2135k
 75  202M   75  151M    0     0  1303k      0  0:02:38  0:01:59  0:00:39 1908k
 75  202M   75  152M    0     0  1292k      0  0:02:40  0:02:00  0:00:40 1325k
 75  202M   75  152M    0     0  1289k      0  0:02:40  0:02:01  0:00:39  990k
 75  202M   75  153M    0     0  1283k      0  0:02:41  0:02:02  0:00:39  798k
 76  202M   76  153M    0     0  1277k      0  0:02:42  0:02:03  0:00:39  676k
 76  202M   76  154M    0     0  1271k      0  0:02:42  0:02:04  0:00:38  495k
 76  202M   76  154M    0     0  1265k      0  0:02:43  0:02:05  0:00:38  575k
 76  202M   76  155M    0     0  1260k      0  0:02:44  0:02:06  0:00:38  553k
 77  202M   77  156M    0     0  1256k      0  0:02:44  0:02:07  0:00:37  582k
 77  202M   77  156M    0     0  1252k      0  0:02:45  0:02:08  0:00:37  634k
 77  202M   77  157M    0     0  1248k      0  0:02:45  0:02:09  0:00:36  684k
 78  202M   78  158M    0     0  1245k      0  0:02:46  0:02:10  0:00:36  732k
 78  202M   78  159M    0     0  1242k      0  0:02:46  0:02:11  0:00:35  778k
 79  202M   79  160M    0     0  1239k      0  0:02:46  0:02:12  0:00:34  820k
 79  202M   79  161M    0     0  1237k      0  0:02:47  0:02:13  0:00:34  869k
 80  202M   80  162M    0     0  1235k      0  0:02:47  0:02:14  0:00:33  915k
 80  202M   80  163M    0     0  1235k      0  0:02:47  0:02:15  0:00:32  980k
 81  202M   81  164M    0     0  1233k      0  0:02:47  0:02:16  0:00:31  997k
 81  202M   81  165M    0     0  1232k      0  0:02:47  0:02:17  0:00:30 1050k
 82  202M   82  166M    0     0  1232k      0  0:02:47  0:02:18  0:00:29 1096k
 82  202M   82  167M    0     0  1232k      0  0:02:47  0:02:19  0:00:28 1140k
 83  202M   83  168M    0     0  1233k      0  0:02:47  0:02:20  0:00:27 1178k
 84  202M   84  170M    0     0  1233k      0  0:02:47  0:02:21  0:00:26 1227k
 84  202M   84  171M    0     0  1234k      0  0:02:47  0:02:22  0:00:25 1270k
 85  202M   85  172M    0     0  1235k      0  0:02:47  0:02:23  0:00:24 1317k
 86  202M   86  174M    0     0  1237k      0  0:02:47  0:02:24  0:00:23 1398k
 86  202M   86  174M    0     0  1232k      0  0:02:47  0:02:25  0:00:22 1209k
 87  202M   87  176M    0     0  1233k      0  0:02:47  0:02:26  0:00:21 1248k
 87  202M   87  177M    0     0  1230k      0  0:02:48  0:02:27  0:00:21 1130k
 87  202M   87  177M    0     0  1228k      0  0:02:48  0:02:28  0:00:20 1021k
 88  202M   88  177M    0     0  1221k      0  0:02:49  0:02:29  0:00:20  742k
 88  202M   88  178M    0     0  1218k      0  0:02:49  0:02:30  0:00:19  823k
 88  202M   88  179M    0     0  1214k      0  0:02:50  0:02:31  0:00:19  634k
 88  202M   88  179M    0     0  1209k      0  0:02:51  0:02:32  0:00:19  579k
 89  202M   89  180M    0     0  1205k      0  0:02:51  0:02:33  0:00:18  537k
 89  202M   89  181M    0     0  1202k      0  0:02:52  0:02:34  0:00:18  633k
 89  202M   89  181M    0     0  1199k      0  0:02:52  0:02:35  0:00:17  618k
 90  202M   90  182M    0     0  1196k      0  0:02:53  0:02:36  0:00:17  650k
 90  202M   90  183M    0     0  1193k      0  0:02:53  0:02:37  0:00:16  704k
 91  202M   91  184M    0     0  1191k      0  0:02:53  0:02:38  0:00:15  748k
 91  202M   91  184M    0     0  1190k      0  0:02:53  0:02:39  0:00:14  813k
 91  202M   91  185M    0     0  1187k      0  0:02:54  0:02:40  0:00:14  817k
 92  202M   92  186M    0     0  1186k      0  0:02:54  0:02:41  0:00:13  883k
 92  202M   92  187M    0     0  1185k      0  0:02:54  0:02:42  0:00:12  924k
 93  202M   93  188M    0     0  1184k      0  0:02:54  0:02:43  0:00:11  974k
 93  202M   93  189M    0     0  1184k      0  0:02:54  0:02:44  0:00:10 1016k
 94  202M   94  190M    0     0  1183k      0  0:02:54  0:02:45  0:00:09 1065k
 95  202M   95  192M    0     0  1184k      0  0:02:54  0:02:46  0:00:08 1106k
 95  202M   95  193M    0     0  1184k      0  0:02:54  0:02:47  0:00:07 1161k
 96  202M   96  194M    0     0  1185k      0  0:02:54  0:02:48  0:00:06 1206k
 96  202M   96  195M    0     0  1184k      0  0:02:54  0:02:49  0:00:05 1167k
 97  202M   97  196M    0     0  1181k      0  0:02:55  0:02:50  0:00:05 1088k
 97  202M   97  197M    0     0  1178k      0  0:02:55  0:02:51  0:00:04  992k
 97  202M   97  197M    0     0  1175k      0  0:02:56  0:02:52  0:00:04  892k
 98  202M   98  198M    0     0  1174k      0  0:02:56  0:02:53  0:00:03  793k
 98  202M   98  199M    0     0  1172k      0  0:02:56  0:02:54  0:00:02  768k
 99  202M   99  200M    0     0  1170k      0  0:02:56  0:02:55  0:00:01  803k
 99  202M   99  201M    0     0  1169k      0  0:02:57  0:02:56  0:00:01  847k
 99  202M   99  202M    0     0  1167k      0  0:02:57  0:02:57 --:--:--  880k
100  202M  100  202M    0     0  1168k      0  0:02:57  0:02:57 --:--:--  911k
/home/runner/boostkit-perf/lz4/1.9.4/x86_64/38041871718-1/silesia.tar: OK
[lz4-benchmark] /home/runner/boostkit-perf/lz4/1.9.4/x86_64/38041871718-1/lzbench-source/lzbench -elz4 -b4 -t20u20 /home/runner/boostkit-perf/lz4/1.9.4/x86_64/38041871718-1/silesia.tar
lz4 compr iter=1 time=0.30s speed=700.32 MB/s     
lz4 compr iter=2 time=0.60s speed=701.21 MB/s     
lz4 compr iter=3 time=0.91s speed=703.74 MB/s     
lz4 compr iter=4 time=1.22s speed=670.16 MB/s     
lz4 compr iter=5 time=1.53s speed=699.91 MB/s     
lz4 compr iter=6 time=1.84s speed=673.71 MB/s     
lz4 compr iter=7 time=2.15s speed=688.78 MB/s     
lz4 compr iter=8 time=2.45s speed=698.72 MB/s     
lz4 compr iter=9 time=2.76s speed=682.38 MB/s     
lz4 compr iter=10 time=3.17s speed=513.04 MB/s     
lz4 compr iter=11 time=3.57s speed=536.77 MB/s     
lz4 compr iter=12 time=3.91s speed=616.76 MB/s     
lz4 compr iter=13 time=4.21s speed=704.54 MB/s     
lz4 compr iter=14 time=4.52s speed=702.60 MB/s     
lz4 compr iter=15 time=4.83s speed=676.71 MB/s     
lz4 compr iter=16 time=5.14s speed=688.82 MB/s     
lz4 compr iter=17 time=5.47s speed=638.58 MB/s     
lz4 compr iter=18 time=5.77s speed=694.65 MB/s     
lz4 compr iter=19 time=6.14s speed=576.85 MB/s     
lz4 compr iter=20 time=6.44s speed=704.03 MB/s     
lz4 compr iter=21 time=6.74s speed=704.61 MB/s     
lz4 compr iter=22 time=7.04s speed=702.63 MB/s     
lz4 compr iter=23 time=7.35s speed=701.25 MB/s     
lz4 compr iter=24 time=7.67s speed=646.78 MB/s     
lz4 compr iter=25 time=8.03s speed=589.56 MB/s     
lz4 compr iter=26 time=8.37s speed=635.94 MB/s     
lz4 compr iter=27 time=8.67s speed=703.50 MB/s     
lz4 compr iter=28 time=8.98s speed=671.49 MB/s     
lz4 compr iter=29 time=9.31s speed=659.63 MB/s     
lz4 compr iter=30 time=9.66s speed=596.20 MB/s     
lz4 compr iter=31 time=9.96s speed=705.10 MB/s     
lz4 compr iter=32 time=10.27s speed=698.19 MB/s     
lz4 compr iter=33 time=10.58s speed=682.61 MB/s     
lz4 compr iter=34 time=10.89s speed=674.30 MB/s     
lz4 compr iter=35 time=11.20s speed=681.89 MB/s     
lz4 compr iter=36 time=11.52s speed=665.11 MB/s     
lz4 compr iter=37 time=11.85s speed=640.35 MB/s     
lz4 compr iter=38 time=12.15s speed=705.76 MB/s     
lz4 compr iter=39 time=12.45s speed=705.73 MB/s     
lz4 compr iter=40 time=12.75s speed=704.54 MB/s     
lz4 compr iter=41 time=13.06s speed=696.90 MB/s     
lz4 compr iter=42 time=13.37s speed=683.13 MB/s     
lz4 compr iter=43 time=13.67s speed=705.41 MB/s     
lz4 compr iter=44 time=13.97s speed=704.82 MB/s     
lz4 compr iter=45 time=14.28s speed=686.51 MB/s     
lz4 compr iter=46 time=14.59s speed=668.44 MB/s     
lz4 compr iter=47 time=14.90s speed=704.61 MB/s     
lz4 compr iter=48 time=15.20s speed=704.73 MB/s     
lz4 compr iter=49 time=15.50s speed=705.38 MB/s     
lz4 compr iter=50 time=15.84s speed=613.28 MB/s     
lz4 compr iter=51 time=16.15s speed=696.70 MB/s     
lz4 compr iter=52 time=16.45s speed=705.39 MB/s     
lz4 compr iter=53 time=16.75s speed=705.49 MB/s     
lz4 compr iter=54 time=17.05s speed=705.32 MB/s     
lz4 compr iter=55 time=17.35s speed=705.50 MB/s     
lz4 compr iter=56 time=17.65s speed=705.00 MB/s     
lz4 compr iter=57 time=17.95s speed=695.79 MB/s     
lz4 compr iter=58 time=18.25s speed=705.86 MB/s     
lz4 compr iter=59 time=18.57s speed=680.10 MB/s     
lz4 compr iter=60 time=18.87s speed=693.91 MB/s     
lz4 compr iter=61 time=19.17s speed=704.07 MB/s     
lz4 compr iter=62 time=19.47s speed=704.98 MB/s     
lz4 compr iter=63 time=19.77s speed=702.10 MB/s     
lz4 decompr iter=1 time=0.12s speed=1723.63 MB/s     
lz4 decompr iter=3 time=0.25s speed=3811.41 MB/s     
lz4 decompr iter=5 time=0.38s speed=3807.75 MB/s     
lz4 decompr iter=7 time=0.51s speed=3808.29 MB/s     
lz4 decompr iter=9 time=0.63s speed=3813.13 MB/s     
lz4 decompr iter=11 time=0.76s speed=3809.05 MB/s     
lz4 decompr iter=13 time=0.89s speed=3805.98 MB/s     
lz4 decompr iter=15 time=1.04s speed=3202.99 MB/s     
lz4 decompr iter=17 time=1.17s speed=3807.50 MB/s     
lz4 decompr iter=19 time=1.30s speed=3800.68 MB/s     
lz4 decompr iter=21 time=1.43s speed=3810.19 MB/s     
lz4 decompr iter=23 time=1.55s speed=3818.63 MB/s     
lz4 decompr iter=25 time=1.68s speed=3816.51 MB/s     
lz4 decompr iter=27 time=1.81s speed=3814.03 MB/s     
lz4 decompr iter=29 time=1.94s speed=3805.00 MB/s     
lz4 decompr iter=31 time=2.06s speed=3818.20 MB/s     
lz4 decompr iter=33 time=2.19s speed=3811.86 MB/s     
lz4 decompr iter=35 time=2.32s speed=3814.84 MB/s     
lz4 decompr iter=37 time=2.45s speed=3820.13 MB/s     
lz4 decompr iter=39 time=2.58s speed=3818.50 MB/s     
lz4 decompr iter=41 time=2.70s speed=3812.56 MB/s     
lz4 decompr iter=43 time=2.83s speed=3813.14 MB/s     
lz4 decompr iter=45 time=2.96s speed=3808.71 MB/s     
lz4 decompr iter=47 time=3.09s speed=3666.13 MB/s     
lz4 decompr iter=49 time=3.22s speed=3796.47 MB/s     
lz4 decompr iter=51 time=3.35s speed=3814.61 MB/s     
lz4 decompr iter=53 time=3.48s speed=3669.57 MB/s     
lz4 decompr iter=55 time=3.61s speed=3818.62 MB/s     
lz4 decompr iter=57 time=3.74s speed=3730.48 MB/s     
lz4 decompr iter=59 time=3.90s speed=3809.06 MB/s     
lz4 decompr iter=61 time=4.03s speed=3816.28 MB/s     
lz4 decompr iter=63 time=4.15s speed=3818.55 MB/s     
lz4 decompr iter=65 time=4.28s speed=3814.08 MB/s     
lz4 decompr iter=67 time=4.41s speed=3819.74 MB/s     
lz4 decompr iter=69 time=4.53s speed=3819.99 MB/s     
lz4 decompr iter=71 time=4.66s speed=3820.98 MB/s     
lz4 decompr iter=73 time=4.79s speed=3799.47 MB/s     
lz4 decompr iter=75 time=4.92s speed=3814.53 MB/s     
lz4 decompr iter=77 time=5.04s speed=3810.15 MB/s     
lz4 decompr iter=79 time=5.17s speed=3813.43 MB/s     
lz4 decompr iter=81 time=5.30s speed=3813.24 MB/s     
lz4 decompr iter=83 time=5.42s speed=3813.70 MB/s     
lz4 decompr iter=85 time=5.55s speed=3808.32 MB/s     
lz4 decompr iter=87 time=5.68s speed=3819.16 MB/s     
lz4 decompr iter=89 time=5.81s speed=3732.87 MB/s     
lz4 decompr iter=91 time=5.94s speed=3820.59 MB/s     
lz4 decompr iter=93 time=6.06s speed=3818.80 MB/s     
lz4 decompr iter=95 time=6.19s speed=3812.22 MB/s     
lz4 decompr iter=97 time=6.32s speed=3811.50 MB/s     
lz4 decompr iter=99 time=6.45s speed=3818.60 MB/s     
lz4 decompr iter=101 time=6.57s speed=3817.72 MB/s     
lz4 decompr iter=103 time=6.70s speed=3813.57 MB/s     
lz4 decompr iter=105 time=6.83s speed=3815.22 MB/s     
lz4 decompr iter=107 time=6.95s speed=3819.12 MB/s     
lz4 decompr iter=109 time=7.08s speed=3802.60 MB/s     
lz4 decompr iter=111 time=7.21s speed=3810.81 MB/s     
lz4 decompr iter=113 time=7.34s speed=3819.95 MB/s     
lz4 decompr iter=115 time=7.46s speed=3805.07 MB/s     
lz4 decompr iter=117 time=7.59s speed=3809.30 MB/s     
lz4 decompr iter=119 time=7.72s speed=3807.14 MB/s     
lz4 decompr iter=121 time=7.85s speed=3812.34 MB/s     
lz4 decompr iter=123 time=7.97s speed=3814.84 MB/s     
lz4 decompr iter=125 time=8.10s speed=3803.34 MB/s     
lz4 decompr iter=127 time=8.23s speed=3799.54 MB/s     
lz4 decompr iter=129 time=8.36s speed=3797.72 MB/s     
lz4 decompr iter=131 time=8.48s speed=3815.22 MB/s     
lz4 decompr iter=133 time=8.61s speed=3811.19 MB/s     
lz4 decompr iter=135 time=8.74s speed=3819.68 MB/s     
lz4 decompr iter=137 time=8.87s speed=3820.03 MB/s     
lz4 decompr iter=139 time=8.99s speed=3804.83 MB/s     
lz4 decompr iter=141 time=9.19s speed=2336.98 MB/s     
lz4 decompr iter=143 time=9.34s speed=3595.35 MB/s     
lz4 decompr iter=145 time=9.47s speed=3814.42 MB/s     
lz4 decompr iter=147 time=9.60s speed=3798.67 MB/s     
lz4 decompr iter=149 time=9.72s speed=3793.29 MB/s     
lz4 decompr iter=151 time=9.85s speed=3806.64 MB/s     
lz4 decompr iter=153 time=9.98s speed=3816.65 MB/s     
lz4 decompr iter=155 time=10.10s speed=3794.44 MB/s     
lz4 decompr iter=157 time=10.23s speed=3791.88 MB/s     
lz4 decompr iter=159 time=10.36s speed=3815.36 MB/s     
lz4 decompr iter=161 time=10.49s speed=3794.53 MB/s     
lz4 decompr iter=163 time=10.61s speed=3813.77 MB/s     
lz4 decompr iter=165 time=10.74s speed=3813.37 MB/s     
lz4 decompr iter=167 time=10.87s speed=3813.69 MB/s     
lz4 decompr iter=169 time=10.99s speed=3811.11 MB/s     
lz4 decompr iter=171 time=11.12s speed=3806.71 MB/s     
lz4 decompr iter=173 time=11.25s speed=3809.25 MB/s     
lz4 decompr iter=175 time=11.37s speed=3806.70 MB/s     
lz4 decompr iter=177 time=11.50s speed=3816.69 MB/s     
lz4 decompr iter=179 time=11.63s speed=3808.01 MB/s     
lz4 decompr iter=181 time=11.76s speed=3788.47 MB/s     
lz4 decompr iter=183 time=11.88s speed=3808.45 MB/s     
lz4 decompr iter=185 time=12.01s speed=3810.54 MB/s     
lz4 decompr iter=187 time=12.14s speed=3817.26 MB/s     
lz4 decompr iter=189 time=12.26s speed=3811.64 MB/s     
lz4 decompr iter=191 time=12.39s speed=3817.43 MB/s     
lz4 decompr iter=193 time=12.52s speed=3811.94 MB/s     
lz4 decompr iter=195 time=12.64s speed=3812.67 MB/s     
lz4 decompr iter=197 time=12.77s speed=3812.73 MB/s     
lz4 decompr iter=199 time=12.90s speed=3803.67 MB/s     
lz4 decompr iter=201 time=13.02s speed=3812.79 MB/s     
lz4 decompr iter=203 time=13.15s speed=3816.32 MB/s     
lz4 decompr iter=205 time=13.28s speed=3820.09 MB/s     
lz4 decompr iter=207 time=13.40s speed=3815.61 MB/s     
lz4 decompr iter=209 time=13.53s speed=3801.88 MB/s     
lz4 decompr iter=211 time=13.66s speed=3760.70 MB/s     
lz4 decompr iter=213 time=13.78s speed=3794.63 MB/s     
lz4 decompr iter=215 time=13.91s speed=3811.34 MB/s     
lz4 decompr iter=217 time=14.04s speed=3791.67 MB/s     
lz4 decompr iter=219 time=14.17s speed=3798.62 MB/s     
lz4 decompr iter=221 time=14.29s speed=3740.44 MB/s     
lz4 decompr iter=223 time=14.43s speed=3722.73 MB/s     
lz4 decompr iter=225 time=14.56s speed=3548.39 MB/s     
lz4 decompr iter=227 time=14.71s speed=3390.26 MB/s     
lz4 decompr iter=229 time=14.84s speed=3804.32 MB/s     
lz4 decompr iter=231 time=14.97s speed=3720.77 MB/s     
lz4 decompr iter=233 time=15.12s speed=3822.97 MB/s     
lz4 decompr iter=235 time=15.25s speed=3814.91 MB/s     
lz4 decompr iter=237 time=15.38s speed=3816.28 MB/s     
lz4 decompr iter=239 time=15.50s speed=3808.80 MB/s     
lz4 decompr iter=241 time=15.63s speed=3804.46 MB/s     
lz4 decompr iter=242 time=15.79s speed=1471.66 MB/s     
lz4 decompr iter=244 time=15.92s speed=3738.52 MB/s     
lz4 decompr iter=246 time=16.05s speed=3809.27 MB/s     
lz4 decompr iter=248 time=16.17s speed=3818.17 MB/s     
lz4 decompr iter=250 time=16.30s speed=3826.63 MB/s     
lz4 decompr iter=252 time=16.43s speed=3675.05 MB/s     
lz4 decompr iter=254 time=16.57s speed=3315.25 MB/s     
lz4 decompr iter=256 time=16.70s speed=3828.91 MB/s     
lz4 decompr iter=258 time=16.83s speed=3811.87 MB/s     
lz4 decompr iter=260 time=16.95s speed=3810.92 MB/s     
lz4 decompr iter=262 time=17.08s speed=3828.72 MB/s     
lz4 decompr iter=264 time=17.20s speed=3731.45 MB/s     
lz4 decompr iter=266 time=17.36s speed=3824.66 MB/s     
lz4 decompr iter=268 time=17.49s speed=3818.62 MB/s     
lz4 decompr iter=270 time=17.61s speed=3822.43 MB/s     
lz4 decompr iter=272 time=17.74s speed=3825.66 MB/s     
lz4 decompr iter=274 time=17.86s speed=3795.46 MB/s     
lz4 decompr iter=276 time=17.99s speed=3792.32 MB/s     
lz4 decompr iter=278 time=18.12s speed=3800.70 MB/s     
lz4 decompr iter=280 time=18.24s speed=3809.22 MB/s     
lz4 decompr iter=282 time=18.37s speed=3826.08 MB/s     
lz4 decompr iter=284 time=18.49s speed=3814.53 MB/s     
lz4 decompr iter=286 time=18.70s speed=2254.93 MB/s     
lz4 decompr iter=288 time=18.82s speed=3816.21 MB/s     
lz4 decompr iter=290 time=18.95s speed=3825.54 MB/s     
lz4 decompr iter=292 time=19.07s speed=3818.33 MB/s     
lz4 decompr iter=294 time=19.20s speed=3824.82 MB/s     
lz4 decompr iter=296 time=19.32s speed=3824.99 MB/s     
lz4 decompr iter=298 time=19.46s speed=3362.46 MB/s     
lz4 decompr iter=300 time=19.59s speed=3825.68 MB/s     
lz4 decompr iter=302 time=19.71s speed=3815.97 MB/s     
lz4 decompr iter=304 time=19.84s speed=3808.41 MB/s     
lz4 decompr iter=306 time=19.96s speed=3816.66 MB/s     
lzbench 2.2 | GCC 12.3.1 | 64-bit Linux | AMD EPYC 9654 96-Core Processor                

Compressor name         Compress. Decompress. Compr. size  Ratio Filename
lz4 1.9.4                 705 MB/s  3832 MB/s   122705612  57.89 /home/runner/boostkit-perf/lz4/1.9.4/x86_64/38041871718-1/silesia.tar
[Params] cIters=1 dIters=1 cTime=20.0 dTime=20.0 chunkSize=4KB cSpeed=0MB
[lz4-benchmark] normalized 3 lzbench metrics
