[golang] running selected official Go benchmark components
[golang] running official Go test benchmarks
toolchain: experiment
go: downloading github.com/biogo/biogo v1.0.4
go: downloading go.chromium.org/luci v0.0.0-20250606083430-318ed8f4881d
go: downloading github.com/BurntSushi/toml v1.0.0
go: downloading github.com/blevesearch/bleve/v2 v2.4.4
go: downloading github.com/yuin/gopher-lua v1.1.2
go: downloading github.com/google/pprof v0.0.0-20241017200806-017d972448fc
go: downloading github.com/gomodule/redigo v1.9.2
go: downloading github.com/dustin/go-wikiparse v0.0.0-20211018054215-c01ec186f20c
go: downloading github.com/opencontainers/runtime-spec v1.0.2
go: downloading golang.org/x/sys v0.47.0
go: downloading golang.org/x/sync v0.22.0
go: downloading github.com/biogo/store v0.0.0-20201120204734-aad293a2328f
go: downloading github.com/biogo/graph v0.0.0-20150317020928-057c1989faed
go: downloading gitlab.com/golang-commonmark/markdown v0.0.0-20211110145824-bf3e522c626a
go: downloading go.etcd.io/etcd/client/v3 v3.5.8
go: downloading github.com/kballard/go-shellquote v0.0.0-20180428030007-95032a82bc51
go: downloading gitlab.com/golang-commonmark/puny v0.0.0-20191124015043-9f83538fa04f
go: downloading gitlab.com/golang-commonmark/linkify v0.0.0-20191026162114-a0c2df6c8f82
go: downloading gitlab.com/golang-commonmark/mdurl v0.0.0-20191124015652-932350d1cb84
go: downloading gitlab.com/golang-commonmark/html v0.0.0-20191124015941-a22733972181
go: downloading go.etcd.io/etcd/api/v3 v3.5.8
go: downloading go.etcd.io/etcd/client/pkg/v3 v3.5.8
go: downloading go.uber.org/zap v1.24.0
go: downloading google.golang.org/grpc v1.70.0
go: downloading go.uber.org/multierr v1.6.0
go: downloading go.uber.org/atomic v1.7.0
go: downloading github.com/golang/protobuf v1.5.4
go: downloading github.com/gogo/protobuf v1.3.2
go: downloading github.com/coreos/go-semver v0.3.0
go: downloading google.golang.org/genproto/googleapis/api v0.0.0-20250127172529-29210b9bc287
go: downloading github.com/coreos/go-systemd/v22 v22.3.2
go: downloading golang.org/x/text v0.41.0
go: downloading google.golang.org/protobuf v1.36.5
go: downloading github.com/blevesearch/geo v0.1.20
go: downloading go.etcd.io/bbolt v1.3.7
go: downloading github.com/blevesearch/bleve_index_api v1.1.12
go: downloading github.com/blevesearch/upsidedown_store_api v1.0.2
go: downloading github.com/blevesearch/gtreap v0.1.1
go: downloading github.com/blevesearch/segment v0.9.1
go: downloading github.com/blevesearch/go-porterstemmer v1.0.3
go: downloading github.com/blevesearch/snowballstem v0.9.0
go: downloading github.com/RoaringBitmap/roaring v1.9.3
go: downloading github.com/blevesearch/zapx/v16 v16.1.9-0.20241217210638-a0519e7caf3b
go: downloading github.com/blevesearch/vellum v1.0.10
go: downloading github.com/blevesearch/zapx/v12 v12.3.10
go: downloading github.com/blevesearch/zapx/v14 v14.3.10
go: downloading github.com/blevesearch/zapx/v11 v11.3.10
go: downloading github.com/blevesearch/zapx/v13 v13.3.10
go: downloading github.com/blevesearch/zapx/v15 v15.3.16
go: downloading github.com/blevesearch/scorch_segment_api/v2 v2.2.16
go: downloading google.golang.org/genproto/googleapis/rpc v0.0.0-20250127172529-29210b9bc287
go: downloading golang.org/x/net v0.58.0
go: downloading github.com/golang/snappy v0.0.4
go: downloading github.com/blevesearch/mmap-go v1.0.4
go: downloading github.com/bits-and-blooms/bitset v1.12.0
go: downloading github.com/json-iterator/go v0.0.0-20171115153421-f7279a603ede
go: downloading github.com/golang/geo v0.0.0-20210211234256-740aa86cb551
go: downloading golang.org/x/crypto v0.55.0
go: downloading golang.org/x/exp v0.0.0-20260812173653-3d80eb74bc5b
go: downloading github.com/golang/mock v1.6.0
go: downloading cloud.google.com/go/compute/metadata v0.6.0
go: downloading github.com/danjacques/gofslock v0.0.0-20240212154529-d899e02bfe22
go: downloading github.com/klauspost/compress v1.17.11
go: downloading golang.org/x/oauth2 v0.36.0
go: downloading github.com/julienschmidt/httprouter v1.3.0
go: downloading google.golang.org/api v0.218.0
go: downloading github.com/xo/terminfo v0.0.0-20220910002029-abceb7e1c41e
go: downloading golang.org/x/term v0.45.0
?   	golang.org/x/benchmarks/build	[no test files]
?   	golang.org/x/benchmarks/cmd/bench	[no test files]
PASS
ok  	golang.org/x/benchmarks/cmd/bent	0.009s
?   	golang.org/x/benchmarks/cmd/bent/logtobench	[no test files]
?   	golang.org/x/benchmarks/driver	[no test files]
?   	golang.org/x/benchmarks/garbage	[no test files]
goos: linux
goarch: arm64
pkg: golang.org/x/benchmarks/gc_latency
BenchmarkGCLatency
BenchmarkGCLatency/how=stack/fluff=false
BenchmarkGCLatency/how=stack/fluff=false-256         	       1	    170690 p99.999-ns	    354010 p99.9999-ns
BenchmarkGCLatency/how=stack/fluff=false-256         	       1	    191580 p99.999-ns	    359790 p99.9999-ns
BenchmarkGCLatency/how=stack/fluff=false-256         	       1	    188470 p99.999-ns	    373330 p99.9999-ns
BenchmarkGCLatency/how=stack/fluff=false-256         	       1	    195150 p99.999-ns	    377480 p99.9999-ns
BenchmarkGCLatency/how=stack/fluff=false-256         	       1	    190620 p99.999-ns	    346660 p99.9999-ns
BenchmarkGCLatency/how=stack/fluff=false-256         	       1	    185210 p99.999-ns	    359970 p99.9999-ns
BenchmarkGCLatency/how=heap/fluff=false
BenchmarkGCLatency/how=heap/fluff=false-256          	       1	    203220 p99.999-ns	    381240 p99.9999-ns
BenchmarkGCLatency/how=heap/fluff=false-256          	       1	    188770 p99.999-ns	    378860 p99.9999-ns
BenchmarkGCLatency/how=heap/fluff=false-256          	       1	    198990 p99.999-ns	    420430 p99.9999-ns
BenchmarkGCLatency/how=heap/fluff=false-256          	       1	    195580 p99.999-ns	    376080 p99.9999-ns
BenchmarkGCLatency/how=heap/fluff=false-256          	       1	    197620 p99.999-ns	    349910 p99.9999-ns
BenchmarkGCLatency/how=heap/fluff=false-256          	       1	    182850 p99.999-ns	    378090 p99.9999-ns
BenchmarkGCLatency/how=global/fluff=false
BenchmarkGCLatency/how=global/fluff=false-256        	       1	    201180 p99.999-ns	    366640 p99.9999-ns
BenchmarkGCLatency/how=global/fluff=false-256        	       1	    207250 p99.999-ns	    367200 p99.9999-ns
BenchmarkGCLatency/how=global/fluff=false-256        	       1	    203770 p99.999-ns	    385520 p99.9999-ns
BenchmarkGCLatency/how=global/fluff=false-256        	       1	    200080 p99.999-ns	    365970 p99.9999-ns
BenchmarkGCLatency/how=global/fluff=false-256        	       1	    203990 p99.999-ns	    388560 p99.9999-ns
BenchmarkGCLatency/how=global/fluff=false-256        	       1	    204790 p99.999-ns	    356940 p99.9999-ns
PASS
ok  	golang.org/x/benchmarks/gc_latency	86.047s
?   	golang.org/x/benchmarks/http	[no test files]
?   	golang.org/x/benchmarks/json	[no test files]
PASS
ok  	golang.org/x/benchmarks/stats	0.011s
?   	golang.org/x/benchmarks/sweet/benchmarks/biogo-igor	[no test files]
?   	golang.org/x/benchmarks/sweet/benchmarks/biogo-krishna	[no test files]
?   	golang.org/x/benchmarks/sweet/benchmarks/bleve-index	[no test files]
?   	golang.org/x/benchmarks/sweet/benchmarks/cockroachdb	[no test files]
?   	golang.org/x/benchmarks/sweet/benchmarks/esbuild	[no test files]
?   	golang.org/x/benchmarks/sweet/benchmarks/etcd	[no test files]
?   	golang.org/x/benchmarks/sweet/benchmarks/go-build	[no test files]
?   	golang.org/x/benchmarks/sweet/benchmarks/gopher-lua	[no test files]
?   	golang.org/x/benchmarks/sweet/benchmarks/gvisor	[no test files]
?   	golang.org/x/benchmarks/sweet/benchmarks/internal/cgroups	[no test files]
?   	golang.org/x/benchmarks/sweet/benchmarks/internal/driver	[no test files]
?   	golang.org/x/benchmarks/sweet/benchmarks/internal/par	[no test files]
PASS
ok  	golang.org/x/benchmarks/sweet/benchmarks/internal/pool	0.009s
?   	golang.org/x/benchmarks/sweet/benchmarks/internal/server	[no test files]
?   	golang.org/x/benchmarks/sweet/benchmarks/markdown	[no test files]
?   	golang.org/x/benchmarks/sweet/benchmarks/tile38	[no test files]
?   	golang.org/x/benchmarks/sweet/cli/assets	[no test files]
?   	golang.org/x/benchmarks/sweet/cli/subcommands	[no test files]
PASS
ok  	golang.org/x/benchmarks/sweet/cmd/sweet	0.015s
PASS
ok  	golang.org/x/benchmarks/sweet/common	0.009s
?   	golang.org/x/benchmarks/sweet/common/diagnostics	[no test files]
PASS
ok  	golang.org/x/benchmarks/sweet/common/fileutil	0.009s
?   	golang.org/x/benchmarks/sweet/common/log	[no test files]
?   	golang.org/x/benchmarks/sweet/common/profile	[no test files]
?   	golang.org/x/benchmarks/sweet/generators	[no test files]
?   	golang.org/x/benchmarks/sweet/harnesses	[no test files]
?   	golang.org/x/benchmarks/sweet/source-assets/gvisor/http	[no test files]
?   	golang.org/x/benchmarks/sweet/source-assets/gvisor/syscall	[no test files]
?   	golang.org/x/benchmarks/third_party/biogo-examples/igor/igor	[no test files]
?   	golang.org/x/benchmarks/third_party/biogo-examples/igor/turner	[no test files]
?   	golang.org/x/benchmarks/third_party/biogo-examples/krishna	[no test files]
?   	golang.org/x/benchmarks/third_party/bleve-bench	[no test files]
Building Go cmd/dist using /tmp/boostkit-perf/33227761610-1/Toolchain/golang/1.27.0/aarch64/go-install. (go1.27.0 linux/arm64)
Building Go toolchain1 using /tmp/boostkit-perf/33227761610-1/Toolchain/golang/1.27.0/aarch64/go-install.
Building Go bootstrap cmd/go (go_bootstrap) using Go toolchain1.
Building Go toolchain2 using go_bootstrap and Go toolchain1.
Building Go toolchain3 using go_bootstrap and Go toolchain2.
Building packages and commands for linux/arm64.
Packaging archives for linux/arm64.
distpack: 5c6780bac53e2c4e go1.27.0.src.tar.gz
distpack: 14e9847fa72cb939 go1.27.0.linux-arm64.tar.gz
distpack: c5f2b938aa8ad066 v0.0.1-go1.27.0.linux-arm64.zip
distpack: 58528cce1848ddf4 v0.0.1-go1.27.0.linux-arm64.mod
distpack: 109419bbe2f3277d v0.0.1-go1.27.0.linux-arm64.info
---
Installed Go for linux/arm64 in /home/runner/golang-work/1.27.0/aarch64/33227761610-1/tmp/go-distsize.34BYnD/goroot
Installed commands in /home/runner/golang-work/1.27.0/aarch64/33227761610-1/tmp/go-distsize.34BYnD/goroot/bin
*** You need to add /home/runner/golang-work/1.27.0/aarch64/33227761610-1/tmp/go-distsize.34BYnD/goroot/bin to your PATH.
toolchain: experiment
Unit total-bytes assume=exact
BenchmarkGoDistribution 1 71938440 total-bytes
Copied asset foo to current directory
Copied asset memprofile to current directory
Copied asset cpuprofile to current directory
Copied asset tmpclr to current directory
Copied asset benchtime to current directory
Copied asset benchsize to current directory
Copied asset benchdwarf to current directory
Copied asset cronjob.sh to current directory
Copied asset cmpjob.sh to current directory
Copied asset cmpcl.sh to current directory
Copied asset cmpcl-phase.sh to current directory
Copied asset tweet-results to current directory
Copied asset benchmarks-all.toml to current directory
Copied asset benchmarks-100.toml to current directory
Copied asset benchmarks-gc.toml to current directory
Copied asset benchmarks-gcplus.toml to current directory
Copied asset benchmarks-trial.toml to current directory
Copied asset configurations-sample.toml to current directory
Copied asset configurations-gollvm.toml to current directory
Copied asset configurations-cronjob.toml to current directory
Copied asset configurations-cmpjob.toml to current directory
Copied asset configurations-pgo.toml to current directory
Copied asset configurations-random.toml to current directory
Copied asset suites.toml to current directory
Created Dockerfile
(cd /home/runner/golang-work/1.27.0/aarch64/33227761610-1/tmp/go-bent.JUqIO4/build/spexs2; cat <<EOF > go.mod
module build

go 1.25

EOF)
(cd /home/runner/golang-work/1.27.0/aarch64/33227761610-1/tmp/go-bent.JUqIO4/build/spexs2; GOSUMDB=sum.golang.org GOROOT=/tmp/boostkit-perf/33227761610-1/Toolchain/golang/1.27.0/aarch64/go-install GOMODCACHE=/home/runner/golang-work/1.27.0/aarch64/33227761610-1/go-mod-cache GOENV=off GOPROXY=https://goproxy.cn GOTOOLCHAIN=local GOCACHE=/home/runner/golang-work/1.27.0/aarch64/33227761610-1/go-cache GOWORK=off GOPATH=/home/runner/golang-work/1.27.0/aarch64/33227761610-1/tmp/go-bent.JUqIO4/gopath GOOS=linux GOARCH=arm64 GO111MODULE=auto ROOT=/home/runner/golang-work/1.27.0/aarch64/33227761610-1/tmp/go-bent.JUqIO4 go get -t -v github.com/egonelbre/spexs2/_benchmark@v0.0.0-20190702105659-492016b6bcd2 )
(cd /home/runner/golang-work/1.27.0/aarch64/33227761610-1/tmp/go-bent.JUqIO4/build/ethereum_ethash; cat <<EOF > go.mod
module build

go 1.25

EOF)
(cd /home/runner/golang-work/1.27.0/aarch64/33227761610-1/tmp/go-bent.JUqIO4/build/ethereum_ethash; GOSUMDB=sum.golang.org GOROOT=/tmp/boostkit-perf/33227761610-1/Toolchain/golang/1.27.0/aarch64/go-install GOMODCACHE=/home/runner/golang-work/1.27.0/aarch64/33227761610-1/go-mod-cache GOENV=off GOPROXY=https://goproxy.cn GOTOOLCHAIN=local GOCACHE=/home/runner/golang-work/1.27.0/aarch64/33227761610-1/go-cache GOWORK=off GOPATH=/home/runner/golang-work/1.27.0/aarch64/33227761610-1/tmp/go-bent.JUqIO4/gopath GOOS=linux GOARCH=arm64 GO111MODULE=auto ROOT=/home/runner/golang-work/1.27.0/aarch64/33227761610-1/tmp/go-bent.JUqIO4 go get -t -v github.com/ethereum/go-ethereum/consensus/ethash@v1.17.4 )
(cd /home/runner/golang-work/1.27.0/aarch64/33227761610-1/tmp/go-bent.JUqIO4/build/gonum_path; cat <<EOF > go.mod
module build

go 1.25

EOF)
(cd /home/runner/golang-work/1.27.0/aarch64/33227761610-1/tmp/go-bent.JUqIO4/build/gonum_path; GOSUMDB=sum.golang.org GOROOT=/tmp/boostkit-perf/33227761610-1/Toolchain/golang/1.27.0/aarch64/go-install GOMODCACHE=/home/runner/golang-work/1.27.0/aarch64/33227761610-1/go-mod-cache GOENV=off GOPROXY=https://goproxy.cn GOTOOLCHAIN=local GOCACHE=/home/runner/golang-work/1.27.0/aarch64/33227761610-1/go-cache GOWORK=off GOPATH=/home/runner/golang-work/1.27.0/aarch64/33227761610-1/tmp/go-bent.JUqIO4/gopath GOOS=linux GOARCH=arm64 GO111MODULE=auto ROOT=/home/runner/golang-work/1.27.0/aarch64/33227761610-1/tmp/go-bent.JUqIO4 go get -t -v gonum.org/v1/gonum/graph/path@v0.17.0 )
rm -rf /home/runner/golang-work/1.27.0/aarch64/33227761610-1/tmp/go-bent.JUqIO4/goroots/experiment
Copying directory /tmp/boostkit-perf/33227761610-1/Toolchain/golang/1.27.0/aarch64/go-install/bin to /home/runner/golang-work/1.27.0/aarch64/33227761610-1/tmp/go-bent.JUqIO4/goroots/experiment/bin, error=<nil>
Copying directory /tmp/boostkit-perf/33227761610-1/Toolchain/golang/1.27.0/aarch64/go-install/src to /home/runner/golang-work/1.27.0/aarch64/33227761610-1/tmp/go-bent.JUqIO4/goroots/experiment/src, error=<nil>
Copying directory /tmp/boostkit-perf/33227761610-1/Toolchain/golang/1.27.0/aarch64/go-install/pkg to /home/runner/golang-work/1.27.0/aarch64/33227761610-1/tmp/go-bent.JUqIO4/goroots/experiment/pkg, error=<nil>
( GOSUMDB=sum.golang.org GOMODCACHE=/home/runner/golang-work/1.27.0/aarch64/33227761610-1/go-mod-cache GOENV=off GOPROXY=https://goproxy.cn GOTOOLCHAIN=local GOCACHE=/home/runner/golang-work/1.27.0/aarch64/33227761610-1/go-cache GOWORK=off GOPATH=/home/runner/golang-work/1.27.0/aarch64/33227761610-1/tmp/go-bent.JUqIO4/gopath GOOS=linux GOARCH=arm64 GO111MODULE=auto ROOT=/home/runner/golang-work/1.27.0/aarch64/33227761610-1/tmp/go-bent.JUqIO4 GOROOT=/home/runner/golang-work/1.27.0/aarch64/33227761610-1/tmp/go-bent.JUqIO4/goroots/experiment /home/runner/golang-work/1.27.0/aarch64/33227761610-1/tmp/go-bent.JUqIO4/goroots/experiment/bin/go install -a std )
(cd /home/runner/golang-work/1.27.0/aarch64/33227761610-1/tmp/go-bent.JUqIO4/build/gonum_path; GOSUMDB=sum.golang.org GOMODCACHE=/home/runner/golang-work/1.27.0/aarch64/33227761610-1/go-mod-cache GOENV=off GOPROXY=https://goproxy.cn GOTOOLCHAIN=local GOCACHE=/home/runner/golang-work/1.27.0/aarch64/33227761610-1/go-cache GOWORK=off GOPATH=/home/runner/golang-work/1.27.0/aarch64/33227761610-1/tmp/go-bent.JUqIO4/gopath GOOS=linux GOARCH=arm64 GO111MODULE=auto ROOT=/home/runner/golang-work/1.27.0/aarch64/33227761610-1/tmp/go-bent.JUqIO4 GOROOT=/home/runner/golang-work/1.27.0/aarch64/33227761610-1/tmp/go-bent.JUqIO4/goroots/experiment BENT_BENCH=gonum_path BENT_CONFIG=experiment BENT_I=0 /home/runner/golang-work/1.27.0/aarch64/33227761610-1/tmp/go-bent.JUqIO4/goroots/experiment/bin/go test -vet=off -c -o /home/runner/golang-work/1.27.0/aarch64/33227761610-1/tmp/go-bent.JUqIO4/testbin/gonum_path_experiment -tags safe -a gonum.org/v1/gonum/graph/path )
toolchain: experiment
( GOSUMDB=sum.golang.org GOMODCACHE=/home/runner/golang-work/1.27.0/aarch64/33227761610-1/go-mod-cache GOENV=off GOPROXY=https://goproxy.cn GOTOOLCHAIN=local GOCACHE=/home/runner/golang-work/1.27.0/aarch64/33227761610-1/go-cache GOWORK=off GOPATH=/home/runner/golang-work/1.27.0/aarch64/33227761610-1/tmp/go-bent.JUqIO4/gopath GOOS=linux GOARCH=arm64 GO111MODULE=auto ROOT=/home/runner/golang-work/1.27.0/aarch64/33227761610-1/tmp/go-bent.JUqIO4 GOROOT=/home/runner/golang-work/1.27.0/aarch64/33227761610-1/tmp/go-bent.JUqIO4/goroots/experiment BENT_BENCH=gonum_path BENT_CONFIG=experiment BENT_I=0 /home/runner/golang-work/1.27.0/aarch64/33227761610-1/tmp/go-bent.JUqIO4/benchsize /home/runner/golang-work/1.27.0/aarch64/33227761610-1/tmp/go-bent.JUqIO4/testbin/gonum_path_experiment Gonum_path )
which: no gsize in (/tmp/boostkit-perf/33227761610-1/Toolchain/golang/1.27.0/aarch64/go-install/bin:/tmp/boostkit-perf/33227761610-1/Toolchain/golang/1.27.0/aarch64/venv/bin:/usr/local/bin:/usr/bin:/usr/local/sbin:/usr/sbin)
goos: linux
goarch: arm64
pkg:
egrep: warning: egrep is obsolescent; using grep -E
Unit total-bytes assume=exact
BenchmarkGonum_path 1 5204510 total-bytes
egrep: warning: egrep is obsolescent; using grep -E
Unit text-bytes assume=exact
BenchmarkGonum_path 1 1501460 text-bytes
egrep: warning: egrep is obsolescent; using grep -E
Unit data-bytes assume=exact
BenchmarkGonum_path 1 276500 data-bytes
egrep: warning: egrep is obsolescent; using grep -E
Unit rodata-bytes assume=exact
BenchmarkGonum_path 1 98337 rodata-bytes
egrep: warning: egrep is obsolescent; using grep -E
Unit pclntab-bytes assume=exact
BenchmarkGonum_path 1 1360182 pclntab-bytes
egrep: warning: egrep is obsolescent; using grep -E
Unit debug-bytes assume=exact
BenchmarkGonum_path 1 1240365 debug-bytes

rm -rf /home/runner/golang-work/1.27.0/aarch64/33227761610-1/tmp/go-bent.JUqIO4/gopath/bin
(cd /home/runner/golang-work/1.27.0/aarch64/33227761610-1/tmp/go-bent.JUqIO4/build/spexs2; GOSUMDB=sum.golang.org GOMODCACHE=/home/runner/golang-work/1.27.0/aarch64/33227761610-1/go-mod-cache GOENV=off GOPROXY=https://goproxy.cn GOTOOLCHAIN=local GOCACHE=/home/runner/golang-work/1.27.0/aarch64/33227761610-1/go-cache GOWORK=off GOPATH=/home/runner/golang-work/1.27.0/aarch64/33227761610-1/tmp/go-bent.JUqIO4/gopath GOOS=linux GOARCH=arm64 GO111MODULE=auto ROOT=/home/runner/golang-work/1.27.0/aarch64/33227761610-1/tmp/go-bent.JUqIO4 GOROOT=/home/runner/golang-work/1.27.0/aarch64/33227761610-1/tmp/go-bent.JUqIO4/goroots/experiment BENT_BENCH=spexs2 BENT_CONFIG=experiment BENT_I=0 /home/runner/golang-work/1.27.0/aarch64/33227761610-1/tmp/go-bent.JUqIO4/goroots/experiment/bin/go test -vet=off -c -o /home/runner/golang-work/1.27.0/aarch64/33227761610-1/tmp/go-bent.JUqIO4/testbin/spexs2_experiment -a github.com/egonelbre/spexs2/_benchmark )
toolchain: experiment
( GOSUMDB=sum.golang.org GOMODCACHE=/home/runner/golang-work/1.27.0/aarch64/33227761610-1/go-mod-cache GOENV=off GOPROXY=https://goproxy.cn GOTOOLCHAIN=local GOCACHE=/home/runner/golang-work/1.27.0/aarch64/33227761610-1/go-cache GOWORK=off GOPATH=/home/runner/golang-work/1.27.0/aarch64/33227761610-1/tmp/go-bent.JUqIO4/gopath GOOS=linux GOARCH=arm64 GO111MODULE=auto ROOT=/home/runner/golang-work/1.27.0/aarch64/33227761610-1/tmp/go-bent.JUqIO4 GOROOT=/home/runner/golang-work/1.27.0/aarch64/33227761610-1/tmp/go-bent.JUqIO4/goroots/experiment BENT_BENCH=spexs2 BENT_CONFIG=experiment BENT_I=0 /home/runner/golang-work/1.27.0/aarch64/33227761610-1/tmp/go-bent.JUqIO4/benchsize /home/runner/golang-work/1.27.0/aarch64/33227761610-1/tmp/go-bent.JUqIO4/testbin/spexs2_experiment Spexs2 )
which: no gsize in (/tmp/boostkit-perf/33227761610-1/Toolchain/golang/1.27.0/aarch64/go-install/bin:/tmp/boostkit-perf/33227761610-1/Toolchain/golang/1.27.0/aarch64/venv/bin:/usr/local/bin:/usr/bin:/usr/local/sbin:/usr/sbin)
goos: linux
goarch: arm64
pkg:
egrep: warning: egrep is obsolescent; using grep -E
Unit total-bytes assume=exact
BenchmarkSpexs2 1 5611757 total-bytes
egrep: warning: egrep is obsolescent; using grep -E
Unit text-bytes assume=exact
BenchmarkSpexs2 1 1625204 text-bytes
egrep: warning: egrep is obsolescent; using grep -E
Unit data-bytes assume=exact
BenchmarkSpexs2 1 242772 data-bytes
egrep: warning: egrep is obsolescent; using grep -E
Unit rodata-bytes assume=exact
BenchmarkSpexs2 1 96065 rodata-bytes
egrep: warning: egrep is obsolescent; using grep -E
Unit pclntab-bytes assume=exact
BenchmarkSpexs2 1 1457153 pclntab-bytes
egrep: warning: egrep is obsolescent; using grep -E
Unit debug-bytes assume=exact
BenchmarkSpexs2 1 1359827 debug-bytes

rm -rf /home/runner/golang-work/1.27.0/aarch64/33227761610-1/tmp/go-bent.JUqIO4/gopath/bin
(cd /home/runner/golang-work/1.27.0/aarch64/33227761610-1/tmp/go-bent.JUqIO4/build/ethereum_ethash; GOSUMDB=sum.golang.org GOMODCACHE=/home/runner/golang-work/1.27.0/aarch64/33227761610-1/go-mod-cache GOENV=off GOPROXY=https://goproxy.cn GOTOOLCHAIN=local GOCACHE=/home/runner/golang-work/1.27.0/aarch64/33227761610-1/go-cache GOWORK=off GOPATH=/home/runner/golang-work/1.27.0/aarch64/33227761610-1/tmp/go-bent.JUqIO4/gopath GOOS=linux GOARCH=arm64 GO111MODULE=auto ROOT=/home/runner/golang-work/1.27.0/aarch64/33227761610-1/tmp/go-bent.JUqIO4 GOROOT=/home/runner/golang-work/1.27.0/aarch64/33227761610-1/tmp/go-bent.JUqIO4/goroots/experiment BENT_BENCH=ethereum_ethash BENT_CONFIG=experiment BENT_I=0 /home/runner/golang-work/1.27.0/aarch64/33227761610-1/tmp/go-bent.JUqIO4/goroots/experiment/bin/go test -vet=off -c -o /home/runner/golang-work/1.27.0/aarch64/33227761610-1/tmp/go-bent.JUqIO4/testbin/ethereum_ethash_experiment -a github.com/ethereum/go-ethereum/consensus/ethash )
toolchain: experiment
( GOSUMDB=sum.golang.org GOMODCACHE=/home/runner/golang-work/1.27.0/aarch64/33227761610-1/go-mod-cache GOENV=off GOPROXY=https://goproxy.cn GOTOOLCHAIN=local GOCACHE=/home/runner/golang-work/1.27.0/aarch64/33227761610-1/go-cache GOWORK=off GOPATH=/home/runner/golang-work/1.27.0/aarch64/33227761610-1/tmp/go-bent.JUqIO4/gopath GOOS=linux GOARCH=arm64 GO111MODULE=auto ROOT=/home/runner/golang-work/1.27.0/aarch64/33227761610-1/tmp/go-bent.JUqIO4 GOROOT=/home/runner/golang-work/1.27.0/aarch64/33227761610-1/tmp/go-bent.JUqIO4/goroots/experiment BENT_BENCH=ethereum_ethash BENT_CONFIG=experiment BENT_I=0 /home/runner/golang-work/1.27.0/aarch64/33227761610-1/tmp/go-bent.JUqIO4/benchsize /home/runner/golang-work/1.27.0/aarch64/33227761610-1/tmp/go-bent.JUqIO4/testbin/ethereum_ethash_experiment Ethereum_ethash )
which: no gsize in (/tmp/boostkit-perf/33227761610-1/Toolchain/golang/1.27.0/aarch64/go-install/bin:/tmp/boostkit-perf/33227761610-1/Toolchain/golang/1.27.0/aarch64/venv/bin:/usr/local/bin:/usr/bin:/usr/local/sbin:/usr/sbin)
goos: linux
goarch: arm64
pkg:
egrep: warning: egrep is obsolescent; using grep -E
Unit total-bytes assume=exact
BenchmarkEthereum_ethash 1 11313760 total-bytes
egrep: warning: egrep is obsolescent; using grep -E
Unit text-bytes assume=exact
BenchmarkEthereum_ethash 1 2740660 text-bytes
egrep: warning: egrep is obsolescent; using grep -E
Unit data-bytes assume=exact
BenchmarkEthereum_ethash 1 2446865 data-bytes
egrep: warning: egrep is obsolescent; using grep -E
Unit rodata-bytes assume=exact
BenchmarkEthereum_ethash 1 2181096 rodata-bytes
egrep: warning: egrep is obsolescent; using grep -E
Unit pclntab-bytes assume=exact
BenchmarkEthereum_ethash 1 2508258 pclntab-bytes
egrep: warning: egrep is obsolescent; using grep -E
Unit debug-bytes assume=exact
BenchmarkEthereum_ethash 1 2076376 debug-bytes

rm -rf /home/runner/golang-work/1.27.0/aarch64/33227761610-1/tmp/go-bent.JUqIO4/gopath/bin
(cd /home/runner/golang-work/1.27.0/aarch64/33227761610-1/tmp/go-bent.JUqIO4/build/spexs2; GOSUMDB=sum.golang.org GOROOT=/tmp/boostkit-perf/33227761610-1/Toolchain/golang/1.27.0/aarch64/go-install GOMODCACHE=/home/runner/golang-work/1.27.0/aarch64/33227761610-1/go-mod-cache GOENV=off GOPROXY=https://goproxy.cn GOTOOLCHAIN=local GOCACHE=/home/runner/golang-work/1.27.0/aarch64/33227761610-1/go-cache GOWORK=off GOPATH=/home/runner/golang-work/1.27.0/aarch64/33227761610-1/tmp/go-bent.JUqIO4/gopath GOOS=linux GOARCH=arm64 GO111MODULE=auto ROOT=/home/runner/golang-work/1.27.0/aarch64/33227761610-1/tmp/go-bent.JUqIO4 go list -f '{{.Dir}}' github.com/egonelbre/spexs2/_benchmark )
# Rundir=/home/runner/golang-work/1.27.0/aarch64/33227761610-1/go-mod-cache/github.com/egonelbre/spexs2@v0.0.0-20190702105659-492016b6bcd2/_benchmark

Copying /home/runner/golang-work/1.27.0/aarch64/33227761610-1/go-mod-cache/github.com/egonelbre/spexs2@v0.0.0-20190702105659-492016b6bcd2/_benchmark/proteins_10k.inp to /home/runner/golang-work/1.27.0/aarch64/33227761610-1/tmp/go-bent.JUqIO4/build/spexs2/proteins_10k.inp
Copying /home/runner/golang-work/1.27.0/aarch64/33227761610-1/go-mod-cache/github.com/egonelbre/spexs2@v0.0.0-20190702105659-492016b6bcd2/_benchmark/proteins_10k.ref to /home/runner/golang-work/1.27.0/aarch64/33227761610-1/tmp/go-bent.JUqIO4/build/spexs2/proteins_10k.ref
Copying /home/runner/golang-work/1.27.0/aarch64/33227761610-1/go-mod-cache/github.com/egonelbre/spexs2@v0.0.0-20190702105659-492016b6bcd2/_benchmark/proteins_30k.inp to /home/runner/golang-work/1.27.0/aarch64/33227761610-1/tmp/go-bent.JUqIO4/build/spexs2/proteins_30k.inp
Copying /home/runner/golang-work/1.27.0/aarch64/33227761610-1/go-mod-cache/github.com/egonelbre/spexs2@v0.0.0-20190702105659-492016b6bcd2/_benchmark/proteins_30k.ref to /home/runner/golang-work/1.27.0/aarch64/33227761610-1/tmp/go-bent.JUqIO4/build/spexs2/proteins_30k.ref
Copying /home/runner/golang-work/1.27.0/aarch64/33227761610-1/go-mod-cache/github.com/egonelbre/spexs2@v0.0.0-20190702105659-492016b6bcd2/_benchmark/proteins_large.inp to /home/runner/golang-work/1.27.0/aarch64/33227761610-1/tmp/go-bent.JUqIO4/build/spexs2/proteins_large.inp
Copying /home/runner/golang-work/1.27.0/aarch64/33227761610-1/go-mod-cache/github.com/egonelbre/spexs2@v0.0.0-20190702105659-492016b6bcd2/_benchmark/proteins_large.ref to /home/runner/golang-work/1.27.0/aarch64/33227761610-1/tmp/go-bent.JUqIO4/build/spexs2/proteins_large.ref
(cd /home/runner/golang-work/1.27.0/aarch64/33227761610-1/tmp/go-bent.JUqIO4/build/ethereum_ethash; GOSUMDB=sum.golang.org GOROOT=/tmp/boostkit-perf/33227761610-1/Toolchain/golang/1.27.0/aarch64/go-install GOMODCACHE=/home/runner/golang-work/1.27.0/aarch64/33227761610-1/go-mod-cache GOENV=off GOPROXY=https://goproxy.cn GOTOOLCHAIN=local GOCACHE=/home/runner/golang-work/1.27.0/aarch64/33227761610-1/go-cache GOWORK=off GOPATH=/home/runner/golang-work/1.27.0/aarch64/33227761610-1/tmp/go-bent.JUqIO4/gopath GOOS=linux GOARCH=arm64 GO111MODULE=auto ROOT=/home/runner/golang-work/1.27.0/aarch64/33227761610-1/tmp/go-bent.JUqIO4 go list -f '{{.Dir}}' github.com/ethereum/go-ethereum/consensus/ethash )
# Rundir=/home/runner/golang-work/1.27.0/aarch64/33227761610-1/go-mod-cache/github.com/ethereum/go-ethereum@v1.17.4/consensus/ethash

(cd /home/runner/golang-work/1.27.0/aarch64/33227761610-1/tmp/go-bent.JUqIO4/build/gonum_path; GOSUMDB=sum.golang.org GOROOT=/tmp/boostkit-perf/33227761610-1/Toolchain/golang/1.27.0/aarch64/go-install GOMODCACHE=/home/runner/golang-work/1.27.0/aarch64/33227761610-1/go-mod-cache GOENV=off GOPROXY=https://goproxy.cn GOTOOLCHAIN=local GOCACHE=/home/runner/golang-work/1.27.0/aarch64/33227761610-1/go-cache GOWORK=off GOPATH=/home/runner/golang-work/1.27.0/aarch64/33227761610-1/tmp/go-bent.JUqIO4/gopath GOOS=linux GOARCH=arm64 GO111MODULE=auto ROOT=/home/runner/golang-work/1.27.0/aarch64/33227761610-1/tmp/go-bent.JUqIO4 go list -f '{{.Dir}}' gonum.org/v1/gonum/graph/path )
# Rundir=/home/runner/golang-work/1.27.0/aarch64/33227761610-1/go-mod-cache/gonum.org/v1/gonum@v0.17.0/graph/path

mkdir -p /home/runner/golang-work/1.27.0/aarch64/33227761610-1/tmp/go-bent.JUqIO4/build/gonum_path/testdata
Copying directory /home/runner/golang-work/1.27.0/aarch64/33227761610-1/go-mod-cache/gonum.org/v1/gonum@v0.17.0/graph/path/testdata /home/runner/golang-work/1.27.0/aarch64/33227761610-1/tmp/go-bent.JUqIO4/build/gonum_path/testdata
experiment-spexs2-0
experiment-gonum_path-0
experiment-ethereum_ethash-0
experiment-spexs2-1
experiment-ethereum_ethash-1
experiment-gonum_path-1
experiment-gonum_path-2
experiment-spexs2-2
experiment-ethereum_ethash-2
experiment-spexs2-3
experiment-ethereum_ethash-3
experiment-gonum_path-3
experiment-gonum_path-4
experiment-ethereum_ethash-4
experiment-spexs2-4
experiment-ethereum_ethash-5
experiment-spexs2-5
experiment-gonum_path-5
experiment-gonum_path-6
experiment-ethereum_ethash-6
experiment-spexs2-6
experiment-gonum_path-7
experiment-spexs2-7
experiment-ethereum_ethash-7
experiment-ethereum_ethash-8
experiment-gonum_path-8
experiment-spexs2-8
experiment-gonum_path-9
experiment-spexs2-9
experiment-ethereum_ethash-9

shortname: spexs2
toolchain: experiment
(cd /home/runner/golang-work/1.27.0/aarch64/33227761610-1/tmp/go-bent.JUqIO4/build/spexs2; GOSUMDB=sum.golang.org GOMODCACHE=/home/runner/golang-work/1.27.0/aarch64/33227761610-1/go-mod-cache GOENV=off GOPROXY=https://goproxy.cn GOTOOLCHAIN=local GOCACHE=/home/runner/golang-work/1.27.0/aarch64/33227761610-1/go-cache GOWORK=off GOPATH=/home/runner/golang-work/1.27.0/aarch64/33227761610-1/tmp/go-bent.JUqIO4/gopath GOOS=linux GOARCH=arm64 GO111MODULE=auto ROOT=/home/runner/golang-work/1.27.0/aarch64/33227761610-1/tmp/go-bent.JUqIO4 GOROOT=/tmp/boostkit-perf/33227761610-1/Toolchain/golang/1.27.0/aarch64/go-install/ BENT_DIR=/home/runner/golang-work/1.27.0/aarch64/33227761610-1/tmp/go-bent.JUqIO4 BENT_PROFILES=/home/runner/golang-work/1.27.0/aarch64/33227761610-1/tmp/go-bent.JUqIO4/bench/20260829T020121.experiment.profiles BENT_CONFIG=experiment BENT_BENCH=spexs2 BENT_I=0 BENT_BINARY=spexs2_experiment /home/runner/golang-work/1.27.0/aarch64/33227761610-1/tmp/go-bent.JUqIO4/testbin/spexs2_experiment -test.run=none -test.bench=BenchmarkRun )
goos: linux
goarch: arm64
pkg: github.com/egonelbre/spexs2/_benchmark
BenchmarkRun/10k/0-256         	       1	19529511970 ns/op
BenchmarkRun/10k/1-256         	       1	19098009130 ns/op
BenchmarkRun/10k/2-256         	       1	11503718400 ns/op
BenchmarkRun/10k/4-256         	       1	7930964080 ns/op
BenchmarkRun/10k/8-256         	       1	6004775480 ns/op
BenchmarkRun/10k/16-256        	       1	5531526330 ns/op
BenchmarkRun/10k/32-256        	       1	5543422710 ns/op
BenchmarkRun/30k/0-256         	       1	62289960910 ns/op
BenchmarkRun/30k/1-256         	       1	57577475950 ns/op
BenchmarkRun/30k/2-256         	       1	33519596700 ns/op
BenchmarkRun/30k/4-256         	       1	19002647030 ns/op
BenchmarkRun/30k/8-256         	       1	12272625010 ns/op
BenchmarkRun/30k/16-256        	       1	9889398590 ns/op
BenchmarkRun/30k/32-256        	       1	11274305250 ns/op
PASS

shortname: gonum_path
toolchain: experiment
(cd /home/runner/golang-work/1.27.0/aarch64/33227761610-1/tmp/go-bent.JUqIO4/build/gonum_path; GOSUMDB=sum.golang.org GOMODCACHE=/home/runner/golang-work/1.27.0/aarch64/33227761610-1/go-mod-cache GOENV=off GOPROXY=https://goproxy.cn GOTOOLCHAIN=local GOCACHE=/home/runner/golang-work/1.27.0/aarch64/33227761610-1/go-cache GOWORK=off GOPATH=/home/runner/golang-work/1.27.0/aarch64/33227761610-1/tmp/go-bent.JUqIO4/gopath GOOS=linux GOARCH=arm64 GO111MODULE=auto ROOT=/home/runner/golang-work/1.27.0/aarch64/33227761610-1/tmp/go-bent.JUqIO4 GOROOT=/tmp/boostkit-perf/33227761610-1/Toolchain/golang/1.27.0/aarch64/go-install/ BENT_DIR=/home/runner/golang-work/1.27.0/aarch64/33227761610-1/tmp/go-bent.JUqIO4 BENT_PROFILES=/home/runner/golang-work/1.27.0/aarch64/33227761610-1/tmp/go-bent.JUqIO4/bench/20260829T020121.experiment.profiles BENT_CONFIG=experiment BENT_BENCH=gonum_path BENT_I=0 BENT_BINARY=gonum_path_experiment /home/runner/golang-work/1.27.0/aarch64/33227761610-1/tmp/go-bent.JUqIO4/testbin/gonum_path_experiment -test.run=none '-test.bench=BenchmarkRandomGraphDominators/gnm-n=1e[567]' )
PASS

shortname: ethereum_ethash
toolchain: experiment
(cd /home/runner/golang-work/1.27.0/aarch64/33227761610-1/tmp/go-bent.JUqIO4/build/ethereum_ethash; GOSUMDB=sum.golang.org GOMODCACHE=/home/runner/golang-work/1.27.0/aarch64/33227761610-1/go-mod-cache GOENV=off GOPROXY=https://goproxy.cn GOTOOLCHAIN=local GOCACHE=/home/runner/golang-work/1.27.0/aarch64/33227761610-1/go-cache GOWORK=off GOPATH=/home/runner/golang-work/1.27.0/aarch64/33227761610-1/tmp/go-bent.JUqIO4/gopath GOOS=linux GOARCH=arm64 GO111MODULE=auto ROOT=/home/runner/golang-work/1.27.0/aarch64/33227761610-1/tmp/go-bent.JUqIO4 GOROOT=/tmp/boostkit-perf/33227761610-1/Toolchain/golang/1.27.0/aarch64/go-install/ BENT_DIR=/home/runner/golang-work/1.27.0/aarch64/33227761610-1/tmp/go-bent.JUqIO4 BENT_PROFILES=/home/runner/golang-work/1.27.0/aarch64/33227761610-1/tmp/go-bent.JUqIO4/bench/20260829T020121.experiment.profiles BENT_CONFIG=experiment BENT_BENCH=ethereum_ethash BENT_I=0 BENT_BINARY=ethereum_ethash_experiment /home/runner/golang-work/1.27.0/aarch64/33227761610-1/tmp/go-bent.JUqIO4/testbin/ethereum_ethash_experiment -test.run=none -test.bench=BenchmarkCacheGeneration )
PASS

shortname: spexs2
toolchain: experiment
(cd /home/runner/golang-work/1.27.0/aarch64/33227761610-1/tmp/go-bent.JUqIO4/build/spexs2; GOSUMDB=sum.golang.org GOMODCACHE=/home/runner/golang-work/1.27.0/aarch64/33227761610-1/go-mod-cache GOENV=off GOPROXY=https://goproxy.cn GOTOOLCHAIN=local GOCACHE=/home/runner/golang-work/1.27.0/aarch64/33227761610-1/go-cache GOWORK=off GOPATH=/home/runner/golang-work/1.27.0/aarch64/33227761610-1/tmp/go-bent.JUqIO4/gopath GOOS=linux GOARCH=arm64 GO111MODULE=auto ROOT=/home/runner/golang-work/1.27.0/aarch64/33227761610-1/tmp/go-bent.JUqIO4 GOROOT=/tmp/boostkit-perf/33227761610-1/Toolchain/golang/1.27.0/aarch64/go-install/ BENT_DIR=/home/runner/golang-work/1.27.0/aarch64/33227761610-1/tmp/go-bent.JUqIO4 BENT_PROFILES=/home/runner/golang-work/1.27.0/aarch64/33227761610-1/tmp/go-bent.JUqIO4/bench/20260829T020121.experiment.profiles BENT_CONFIG=experiment BENT_BENCH=spexs2 BENT_I=1 BENT_BINARY=spexs2_experiment /home/runner/golang-work/1.27.0/aarch64/33227761610-1/tmp/go-bent.JUqIO4/testbin/spexs2_experiment -test.run=none -test.bench=BenchmarkRun )
goos: linux
goarch: arm64
pkg: github.com/egonelbre/spexs2/_benchmark
BenchmarkRun/10k/0-256         	       1	19622783310 ns/op
BenchmarkRun/10k/1-256         	       1	18993582040 ns/op
BenchmarkRun/10k/2-256         	       1	11026806050 ns/op
BenchmarkRun/10k/4-256         	       1	7575041010 ns/op
BenchmarkRun/10k/8-256         	       1	6155046480 ns/op
BenchmarkRun/10k/16-256        	       1	5882548920 ns/op
BenchmarkRun/10k/32-256        	       1	5528675610 ns/op
BenchmarkRun/30k/0-256         	       1	63144795780 ns/op
BenchmarkRun/30k/1-256         	       1	57572738720 ns/op
BenchmarkRun/30k/2-256         	       1	32976960170 ns/op
BenchmarkRun/30k/4-256         	       1	18552543100 ns/op
BenchmarkRun/30k/8-256         	       1	12220399770 ns/op
BenchmarkRun/30k/16-256        	       1	10363266240 ns/op
BenchmarkRun/30k/32-256        	       1	9759630880 ns/op
PASS

shortname: ethereum_ethash
toolchain: experiment
(cd /home/runner/golang-work/1.27.0/aarch64/33227761610-1/tmp/go-bent.JUqIO4/build/ethereum_ethash; GOSUMDB=sum.golang.org GOMODCACHE=/home/runner/golang-work/1.27.0/aarch64/33227761610-1/go-mod-cache GOENV=off GOPROXY=https://goproxy.cn GOTOOLCHAIN=local GOCACHE=/home/runner/golang-work/1.27.0/aarch64/33227761610-1/go-cache GOWORK=off GOPATH=/home/runner/golang-work/1.27.0/aarch64/33227761610-1/tmp/go-bent.JUqIO4/gopath GOOS=linux GOARCH=arm64 GO111MODULE=auto ROOT=/home/runner/golang-work/1.27.0/aarch64/33227761610-1/tmp/go-bent.JUqIO4 GOROOT=/tmp/boostkit-perf/33227761610-1/Toolchain/golang/1.27.0/aarch64/go-install/ BENT_DIR=/home/runner/golang-work/1.27.0/aarch64/33227761610-1/tmp/go-bent.JUqIO4 BENT_PROFILES=/home/runner/golang-work/1.27.0/aarch64/33227761610-1/tmp/go-bent.JUqIO4/bench/20260829T020121.experiment.profiles BENT_CONFIG=experiment BENT_BENCH=ethereum_ethash BENT_I=1 BENT_BINARY=ethereum_ethash_experiment /home/runner/golang-work/1.27.0/aarch64/33227761610-1/tmp/go-bent.JUqIO4/testbin/ethereum_ethash_experiment -test.run=none -test.bench=BenchmarkCacheGeneration )
PASS

shortname: gonum_path
toolchain: experiment
(cd /home/runner/golang-work/1.27.0/aarch64/33227761610-1/tmp/go-bent.JUqIO4/build/gonum_path; GOSUMDB=sum.golang.org GOMODCACHE=/home/runner/golang-work/1.27.0/aarch64/33227761610-1/go-mod-cache GOENV=off GOPROXY=https://goproxy.cn GOTOOLCHAIN=local GOCACHE=/home/runner/golang-work/1.27.0/aarch64/33227761610-1/go-cache GOWORK=off GOPATH=/home/runner/golang-work/1.27.0/aarch64/33227761610-1/tmp/go-bent.JUqIO4/gopath GOOS=linux GOARCH=arm64 GO111MODULE=auto ROOT=/home/runner/golang-work/1.27.0/aarch64/33227761610-1/tmp/go-bent.JUqIO4 GOROOT=/tmp/boostkit-perf/33227761610-1/Toolchain/golang/1.27.0/aarch64/go-install/ BENT_DIR=/home/runner/golang-work/1.27.0/aarch64/33227761610-1/tmp/go-bent.JUqIO4 BENT_PROFILES=/home/runner/golang-work/1.27.0/aarch64/33227761610-1/tmp/go-bent.JUqIO4/bench/20260829T020121.experiment.profiles BENT_CONFIG=experiment BENT_BENCH=gonum_path BENT_I=1 BENT_BINARY=gonum_path_experiment /home/runner/golang-work/1.27.0/aarch64/33227761610-1/tmp/go-bent.JUqIO4/testbin/gonum_path_experiment -test.run=none '-test.bench=BenchmarkRandomGraphDominators/gnm-n=1e[567]' )
PASS

shortname: gonum_path
toolchain: experiment
(cd /home/runner/golang-work/1.27.0/aarch64/33227761610-1/tmp/go-bent.JUqIO4/build/gonum_path; GOSUMDB=sum.golang.org GOMODCACHE=/home/runner/golang-work/1.27.0/aarch64/33227761610-1/go-mod-cache GOENV=off GOPROXY=https://goproxy.cn GOTOOLCHAIN=local GOCACHE=/home/runner/golang-work/1.27.0/aarch64/33227761610-1/go-cache GOWORK=off GOPATH=/home/runner/golang-work/1.27.0/aarch64/33227761610-1/tmp/go-bent.JUqIO4/gopath GOOS=linux GOARCH=arm64 GO111MODULE=auto ROOT=/home/runner/golang-work/1.27.0/aarch64/33227761610-1/tmp/go-bent.JUqIO4 GOROOT=/tmp/boostkit-perf/33227761610-1/Toolchain/golang/1.27.0/aarch64/go-install/ BENT_DIR=/home/runner/golang-work/1.27.0/aarch64/33227761610-1/tmp/go-bent.JUqIO4 BENT_PROFILES=/home/runner/golang-work/1.27.0/aarch64/33227761610-1/tmp/go-bent.JUqIO4/bench/20260829T020121.experiment.profiles BENT_CONFIG=experiment BENT_BENCH=gonum_path BENT_I=2 BENT_BINARY=gonum_path_experiment /home/runner/golang-work/1.27.0/aarch64/33227761610-1/tmp/go-bent.JUqIO4/testbin/gonum_path_experiment -test.run=none '-test.bench=BenchmarkRandomGraphDominators/gnm-n=1e[567]' )
PASS

shortname: spexs2
toolchain: experiment
(cd /home/runner/golang-work/1.27.0/aarch64/33227761610-1/tmp/go-bent.JUqIO4/build/spexs2; GOSUMDB=sum.golang.org GOMODCACHE=/home/runner/golang-work/1.27.0/aarch64/33227761610-1/go-mod-cache GOENV=off GOPROXY=https://goproxy.cn GOTOOLCHAIN=local GOCACHE=/home/runner/golang-work/1.27.0/aarch64/33227761610-1/go-cache GOWORK=off GOPATH=/home/runner/golang-work/1.27.0/aarch64/33227761610-1/tmp/go-bent.JUqIO4/gopath GOOS=linux GOARCH=arm64 GO111MODULE=auto ROOT=/home/runner/golang-work/1.27.0/aarch64/33227761610-1/tmp/go-bent.JUqIO4 GOROOT=/tmp/boostkit-perf/33227761610-1/Toolchain/golang/1.27.0/aarch64/go-install/ BENT_DIR=/home/runner/golang-work/1.27.0/aarch64/33227761610-1/tmp/go-bent.JUqIO4 BENT_PROFILES=/home/runner/golang-work/1.27.0/aarch64/33227761610-1/tmp/go-bent.JUqIO4/bench/20260829T020121.experiment.profiles BENT_CONFIG=experiment BENT_BENCH=spexs2 BENT_I=2 BENT_BINARY=spexs2_experiment /home/runner/golang-work/1.27.0/aarch64/33227761610-1/tmp/go-bent.JUqIO4/testbin/spexs2_experiment -test.run=none -test.bench=BenchmarkRun )
goos: linux
goarch: arm64
pkg: github.com/egonelbre/spexs2/_benchmark
BenchmarkRun/10k/0-256         	       1	19814159490 ns/op
BenchmarkRun/10k/1-256         	       1	18930030890 ns/op
BenchmarkRun/10k/2-256         	       1	11613553990 ns/op
BenchmarkRun/10k/4-256         	       1	7948850720 ns/op
BenchmarkRun/10k/8-256         	       1	6501673120 ns/op
BenchmarkRun/10k/16-256        	       1	6026684500 ns/op
BenchmarkRun/10k/32-256        	       1	5308659440 ns/op
BenchmarkRun/30k/0-256         	       1	61727716330 ns/op
BenchmarkRun/30k/1-256         	       1	56528339640 ns/op
BenchmarkRun/30k/2-256         	       1	30502413850 ns/op
BenchmarkRun/30k/4-256         	       1	17976540940 ns/op
BenchmarkRun/30k/8-256         	       1	12565354660 ns/op
BenchmarkRun/30k/16-256        	       1	10053298480 ns/op
BenchmarkRun/30k/32-256        	       1	11095180920 ns/op
PASS

shortname: ethereum_ethash
toolchain: experiment
(cd /home/runner/golang-work/1.27.0/aarch64/33227761610-1/tmp/go-bent.JUqIO4/build/ethereum_ethash; GOSUMDB=sum.golang.org GOMODCACHE=/home/runner/golang-work/1.27.0/aarch64/33227761610-1/go-mod-cache GOENV=off GOPROXY=https://goproxy.cn GOTOOLCHAIN=local GOCACHE=/home/runner/golang-work/1.27.0/aarch64/33227761610-1/go-cache GOWORK=off GOPATH=/home/runner/golang-work/1.27.0/aarch64/33227761610-1/tmp/go-bent.JUqIO4/gopath GOOS=linux GOARCH=arm64 GO111MODULE=auto ROOT=/home/runner/golang-work/1.27.0/aarch64/33227761610-1/tmp/go-bent.JUqIO4 GOROOT=/tmp/boostkit-perf/33227761610-1/Toolchain/golang/1.27.0/aarch64/go-install/ BENT_DIR=/home/runner/golang-work/1.27.0/aarch64/33227761610-1/tmp/go-bent.JUqIO4 BENT_PROFILES=/home/runner/golang-work/1.27.0/aarch64/33227761610-1/tmp/go-bent.JUqIO4/bench/20260829T020121.experiment.profiles BENT_CONFIG=experiment BENT_BENCH=ethereum_ethash BENT_I=2 BENT_BINARY=ethereum_ethash_experiment /home/runner/golang-work/1.27.0/aarch64/33227761610-1/tmp/go-bent.JUqIO4/testbin/ethereum_ethash_experiment -test.run=none -test.bench=BenchmarkCacheGeneration )
PASS

shortname: spexs2
toolchain: experiment
(cd /home/runner/golang-work/1.27.0/aarch64/33227761610-1/tmp/go-bent.JUqIO4/build/spexs2; GOSUMDB=sum.golang.org GOMODCACHE=/home/runner/golang-work/1.27.0/aarch64/33227761610-1/go-mod-cache GOENV=off GOPROXY=https://goproxy.cn GOTOOLCHAIN=local GOCACHE=/home/runner/golang-work/1.27.0/aarch64/33227761610-1/go-cache GOWORK=off GOPATH=/home/runner/golang-work/1.27.0/aarch64/33227761610-1/tmp/go-bent.JUqIO4/gopath GOOS=linux GOARCH=arm64 GO111MODULE=auto ROOT=/home/runner/golang-work/1.27.0/aarch64/33227761610-1/tmp/go-bent.JUqIO4 GOROOT=/tmp/boostkit-perf/33227761610-1/Toolchain/golang/1.27.0/aarch64/go-install/ BENT_DIR=/home/runner/golang-work/1.27.0/aarch64/33227761610-1/tmp/go-bent.JUqIO4 BENT_PROFILES=/home/runner/golang-work/1.27.0/aarch64/33227761610-1/tmp/go-bent.JUqIO4/bench/20260829T020121.experiment.profiles BENT_CONFIG=experiment BENT_BENCH=spexs2 BENT_I=3 BENT_BINARY=spexs2_experiment /home/runner/golang-work/1.27.0/aarch64/33227761610-1/tmp/go-bent.JUqIO4/testbin/spexs2_experiment -test.run=none -test.bench=BenchmarkRun )
goos: linux
goarch: arm64
pkg: github.com/egonelbre/spexs2/_benchmark
BenchmarkRun/10k/0-256         	       1	19572554240 ns/op
BenchmarkRun/10k/1-256         	       1	18898331580 ns/op
BenchmarkRun/10k/2-256         	       1	11112459990 ns/op
BenchmarkRun/10k/4-256         	       1	7491580360 ns/op
BenchmarkRun/10k/8-256         	       1	5886049450 ns/op
BenchmarkRun/10k/16-256        	       1	5583114140 ns/op
BenchmarkRun/10k/32-256        	       1	6110989710 ns/op
BenchmarkRun/30k/0-256         	       1	61117102130 ns/op
BenchmarkRun/30k/1-256         	       1	56293167010 ns/op
BenchmarkRun/30k/2-256         	       1	30943959290 ns/op
BenchmarkRun/30k/4-256         	       1	17920164670 ns/op
BenchmarkRun/30k/8-256         	       1	12454930410 ns/op
BenchmarkRun/30k/16-256        	       1	9538971730 ns/op
BenchmarkRun/30k/32-256        	       1	9382952570 ns/op
PASS

shortname: ethereum_ethash
toolchain: experiment
(cd /home/runner/golang-work/1.27.0/aarch64/33227761610-1/tmp/go-bent.JUqIO4/build/ethereum_ethash; GOSUMDB=sum.golang.org GOMODCACHE=/home/runner/golang-work/1.27.0/aarch64/33227761610-1/go-mod-cache GOENV=off GOPROXY=https://goproxy.cn GOTOOLCHAIN=local GOCACHE=/home/runner/golang-work/1.27.0/aarch64/33227761610-1/go-cache GOWORK=off GOPATH=/home/runner/golang-work/1.27.0/aarch64/33227761610-1/tmp/go-bent.JUqIO4/gopath GOOS=linux GOARCH=arm64 GO111MODULE=auto ROOT=/home/runner/golang-work/1.27.0/aarch64/33227761610-1/tmp/go-bent.JUqIO4 GOROOT=/tmp/boostkit-perf/33227761610-1/Toolchain/golang/1.27.0/aarch64/go-install/ BENT_DIR=/home/runner/golang-work/1.27.0/aarch64/33227761610-1/tmp/go-bent.JUqIO4 BENT_PROFILES=/home/runner/golang-work/1.27.0/aarch64/33227761610-1/tmp/go-bent.JUqIO4/bench/20260829T020121.experiment.profiles BENT_CONFIG=experiment BENT_BENCH=ethereum_ethash BENT_I=3 BENT_BINARY=ethereum_ethash_experiment /home/runner/golang-work/1.27.0/aarch64/33227761610-1/tmp/go-bent.JUqIO4/testbin/ethereum_ethash_experiment -test.run=none -test.bench=BenchmarkCacheGeneration )
PASS

shortname: gonum_path
toolchain: experiment
(cd /home/runner/golang-work/1.27.0/aarch64/33227761610-1/tmp/go-bent.JUqIO4/build/gonum_path; GOSUMDB=sum.golang.org GOMODCACHE=/home/runner/golang-work/1.27.0/aarch64/33227761610-1/go-mod-cache GOENV=off GOPROXY=https://goproxy.cn GOTOOLCHAIN=local GOCACHE=/home/runner/golang-work/1.27.0/aarch64/33227761610-1/go-cache GOWORK=off GOPATH=/home/runner/golang-work/1.27.0/aarch64/33227761610-1/tmp/go-bent.JUqIO4/gopath GOOS=linux GOARCH=arm64 GO111MODULE=auto ROOT=/home/runner/golang-work/1.27.0/aarch64/33227761610-1/tmp/go-bent.JUqIO4 GOROOT=/tmp/boostkit-perf/33227761610-1/Toolchain/golang/1.27.0/aarch64/go-install/ BENT_DIR=/home/runner/golang-work/1.27.0/aarch64/33227761610-1/tmp/go-bent.JUqIO4 BENT_PROFILES=/home/runner/golang-work/1.27.0/aarch64/33227761610-1/tmp/go-bent.JUqIO4/bench/20260829T020121.experiment.profiles BENT_CONFIG=experiment BENT_BENCH=gonum_path BENT_I=3 BENT_BINARY=gonum_path_experiment /home/runner/golang-work/1.27.0/aarch64/33227761610-1/tmp/go-bent.JUqIO4/testbin/gonum_path_experiment -test.run=none '-test.bench=BenchmarkRandomGraphDominators/gnm-n=1e[567]' )
PASS

shortname: gonum_path
toolchain: experiment
(cd /home/runner/golang-work/1.27.0/aarch64/33227761610-1/tmp/go-bent.JUqIO4/build/gonum_path; GOSUMDB=sum.golang.org GOMODCACHE=/home/runner/golang-work/1.27.0/aarch64/33227761610-1/go-mod-cache GOENV=off GOPROXY=https://goproxy.cn GOTOOLCHAIN=local GOCACHE=/home/runner/golang-work/1.27.0/aarch64/33227761610-1/go-cache GOWORK=off GOPATH=/home/runner/golang-work/1.27.0/aarch64/33227761610-1/tmp/go-bent.JUqIO4/gopath GOOS=linux GOARCH=arm64 GO111MODULE=auto ROOT=/home/runner/golang-work/1.27.0/aarch64/33227761610-1/tmp/go-bent.JUqIO4 GOROOT=/tmp/boostkit-perf/33227761610-1/Toolchain/golang/1.27.0/aarch64/go-install/ BENT_DIR=/home/runner/golang-work/1.27.0/aarch64/33227761610-1/tmp/go-bent.JUqIO4 BENT_PROFILES=/home/runner/golang-work/1.27.0/aarch64/33227761610-1/tmp/go-bent.JUqIO4/bench/20260829T020121.experiment.profiles BENT_CONFIG=experiment BENT_BENCH=gonum_path BENT_I=4 BENT_BINARY=gonum_path_experiment /home/runner/golang-work/1.27.0/aarch64/33227761610-1/tmp/go-bent.JUqIO4/testbin/gonum_path_experiment -test.run=none '-test.bench=BenchmarkRandomGraphDominators/gnm-n=1e[567]' )
PASS

shortname: ethereum_ethash
toolchain: experiment
(cd /home/runner/golang-work/1.27.0/aarch64/33227761610-1/tmp/go-bent.JUqIO4/build/ethereum_ethash; GOSUMDB=sum.golang.org GOMODCACHE=/home/runner/golang-work/1.27.0/aarch64/33227761610-1/go-mod-cache GOENV=off GOPROXY=https://goproxy.cn GOTOOLCHAIN=local GOCACHE=/home/runner/golang-work/1.27.0/aarch64/33227761610-1/go-cache GOWORK=off GOPATH=/home/runner/golang-work/1.27.0/aarch64/33227761610-1/tmp/go-bent.JUqIO4/gopath GOOS=linux GOARCH=arm64 GO111MODULE=auto ROOT=/home/runner/golang-work/1.27.0/aarch64/33227761610-1/tmp/go-bent.JUqIO4 GOROOT=/tmp/boostkit-perf/33227761610-1/Toolchain/golang/1.27.0/aarch64/go-install/ BENT_DIR=/home/runner/golang-work/1.27.0/aarch64/33227761610-1/tmp/go-bent.JUqIO4 BENT_PROFILES=/home/runner/golang-work/1.27.0/aarch64/33227761610-1/tmp/go-bent.JUqIO4/bench/20260829T020121.experiment.profiles BENT_CONFIG=experiment BENT_BENCH=ethereum_ethash BENT_I=4 BENT_BINARY=ethereum_ethash_experiment /home/runner/golang-work/1.27.0/aarch64/33227761610-1/tmp/go-bent.JUqIO4/testbin/ethereum_ethash_experiment -test.run=none -test.bench=BenchmarkCacheGeneration )
PASS

shortname: spexs2
toolchain: experiment
(cd /home/runner/golang-work/1.27.0/aarch64/33227761610-1/tmp/go-bent.JUqIO4/build/spexs2; GOSUMDB=sum.golang.org GOMODCACHE=/home/runner/golang-work/1.27.0/aarch64/33227761610-1/go-mod-cache GOENV=off GOPROXY=https://goproxy.cn GOTOOLCHAIN=local GOCACHE=/home/runner/golang-work/1.27.0/aarch64/33227761610-1/go-cache GOWORK=off GOPATH=/home/runner/golang-work/1.27.0/aarch64/33227761610-1/tmp/go-bent.JUqIO4/gopath GOOS=linux GOARCH=arm64 GO111MODULE=auto ROOT=/home/runner/golang-work/1.27.0/aarch64/33227761610-1/tmp/go-bent.JUqIO4 GOROOT=/tmp/boostkit-perf/33227761610-1/Toolchain/golang/1.27.0/aarch64/go-install/ BENT_DIR=/home/runner/golang-work/1.27.0/aarch64/33227761610-1/tmp/go-bent.JUqIO4 BENT_PROFILES=/home/runner/golang-work/1.27.0/aarch64/33227761610-1/tmp/go-bent.JUqIO4/bench/20260829T020121.experiment.profiles BENT_CONFIG=experiment BENT_BENCH=spexs2 BENT_I=4 BENT_BINARY=spexs2_experiment /home/runner/golang-work/1.27.0/aarch64/33227761610-1/tmp/go-bent.JUqIO4/testbin/spexs2_experiment -test.run=none -test.bench=BenchmarkRun )
goos: linux
goarch: arm64
pkg: github.com/egonelbre/spexs2/_benchmark
BenchmarkRun/10k/0-256         	       1	19452308500 ns/op
BenchmarkRun/10k/1-256         	       1	18894621100 ns/op
BenchmarkRun/10k/2-256         	       1	11006347370 ns/op
BenchmarkRun/10k/4-256         	       1	7534155170 ns/op
BenchmarkRun/10k/8-256         	       1	5962311880 ns/op
BenchmarkRun/10k/16-256        	       1	4853922000 ns/op
BenchmarkRun/10k/32-256        	       1	6422566420 ns/op
BenchmarkRun/30k/0-256         	       1	62278502760 ns/op
BenchmarkRun/30k/1-256         	       1	57431798780 ns/op
BenchmarkRun/30k/2-256         	       1	30901674140 ns/op
BenchmarkRun/30k/4-256         	       1	19190427730 ns/op
BenchmarkRun/30k/8-256         	       1	13587864830 ns/op
BenchmarkRun/30k/16-256        	       1	11365651660 ns/op
BenchmarkRun/30k/32-256        	       1	11550451540 ns/op
PASS

shortname: ethereum_ethash
toolchain: experiment
(cd /home/runner/golang-work/1.27.0/aarch64/33227761610-1/tmp/go-bent.JUqIO4/build/ethereum_ethash; GOSUMDB=sum.golang.org GOMODCACHE=/home/runner/golang-work/1.27.0/aarch64/33227761610-1/go-mod-cache GOENV=off GOPROXY=https://goproxy.cn GOTOOLCHAIN=local GOCACHE=/home/runner/golang-work/1.27.0/aarch64/33227761610-1/go-cache GOWORK=off GOPATH=/home/runner/golang-work/1.27.0/aarch64/33227761610-1/tmp/go-bent.JUqIO4/gopath GOOS=linux GOARCH=arm64 GO111MODULE=auto ROOT=/home/runner/golang-work/1.27.0/aarch64/33227761610-1/tmp/go-bent.JUqIO4 GOROOT=/tmp/boostkit-perf/33227761610-1/Toolchain/golang/1.27.0/aarch64/go-install/ BENT_DIR=/home/runner/golang-work/1.27.0/aarch64/33227761610-1/tmp/go-bent.JUqIO4 BENT_PROFILES=/home/runner/golang-work/1.27.0/aarch64/33227761610-1/tmp/go-bent.JUqIO4/bench/20260829T020121.experiment.profiles BENT_CONFIG=experiment BENT_BENCH=ethereum_ethash BENT_I=5 BENT_BINARY=ethereum_ethash_experiment /home/runner/golang-work/1.27.0/aarch64/33227761610-1/tmp/go-bent.JUqIO4/testbin/ethereum_ethash_experiment -test.run=none -test.bench=BenchmarkCacheGeneration )
PASS

shortname: spexs2
toolchain: experiment
(cd /home/runner/golang-work/1.27.0/aarch64/33227761610-1/tmp/go-bent.JUqIO4/build/spexs2; GOSUMDB=sum.golang.org GOMODCACHE=/home/runner/golang-work/1.27.0/aarch64/33227761610-1/go-mod-cache GOENV=off GOPROXY=https://goproxy.cn GOTOOLCHAIN=local GOCACHE=/home/runner/golang-work/1.27.0/aarch64/33227761610-1/go-cache GOWORK=off GOPATH=/home/runner/golang-work/1.27.0/aarch64/33227761610-1/tmp/go-bent.JUqIO4/gopath GOOS=linux GOARCH=arm64 GO111MODULE=auto ROOT=/home/runner/golang-work/1.27.0/aarch64/33227761610-1/tmp/go-bent.JUqIO4 GOROOT=/tmp/boostkit-perf/33227761610-1/Toolchain/golang/1.27.0/aarch64/go-install/ BENT_DIR=/home/runner/golang-work/1.27.0/aarch64/33227761610-1/tmp/go-bent.JUqIO4 BENT_PROFILES=/home/runner/golang-work/1.27.0/aarch64/33227761610-1/tmp/go-bent.JUqIO4/bench/20260829T020121.experiment.profiles BENT_CONFIG=experiment BENT_BENCH=spexs2 BENT_I=5 BENT_BINARY=spexs2_experiment /home/runner/golang-work/1.27.0/aarch64/33227761610-1/tmp/go-bent.JUqIO4/testbin/spexs2_experiment -test.run=none -test.bench=BenchmarkRun )
goos: linux
goarch: arm64
pkg: github.com/egonelbre/spexs2/_benchmark
BenchmarkRun/10k/0-256         	       1	19576244450 ns/op
BenchmarkRun/10k/1-256         	       1	18670500690 ns/op
BenchmarkRun/10k/2-256         	       1	11346602960 ns/op
BenchmarkRun/10k/4-256         	       1	7278098060 ns/op
BenchmarkRun/10k/8-256         	       1	5963570150 ns/op
BenchmarkRun/10k/16-256        	       1	5206723950 ns/op
BenchmarkRun/10k/32-256        	       1	5131267350 ns/op
BenchmarkRun/30k/0-256         	       1	61427663220 ns/op
BenchmarkRun/30k/1-256         	       1	57007750600 ns/op
BenchmarkRun/30k/2-256         	       1	31254533600 ns/op
BenchmarkRun/30k/4-256         	       1	19503507590 ns/op
BenchmarkRun/30k/8-256         	       1	12313849280 ns/op
BenchmarkRun/30k/16-256        	       1	10572647780 ns/op
BenchmarkRun/30k/32-256        	       1	9965903480 ns/op
PASS

shortname: gonum_path
toolchain: experiment
(cd /home/runner/golang-work/1.27.0/aarch64/33227761610-1/tmp/go-bent.JUqIO4/build/gonum_path; GOSUMDB=sum.golang.org GOMODCACHE=/home/runner/golang-work/1.27.0/aarch64/33227761610-1/go-mod-cache GOENV=off GOPROXY=https://goproxy.cn GOTOOLCHAIN=local GOCACHE=/home/runner/golang-work/1.27.0/aarch64/33227761610-1/go-cache GOWORK=off GOPATH=/home/runner/golang-work/1.27.0/aarch64/33227761610-1/tmp/go-bent.JUqIO4/gopath GOOS=linux GOARCH=arm64 GO111MODULE=auto ROOT=/home/runner/golang-work/1.27.0/aarch64/33227761610-1/tmp/go-bent.JUqIO4 GOROOT=/tmp/boostkit-perf/33227761610-1/Toolchain/golang/1.27.0/aarch64/go-install/ BENT_DIR=/home/runner/golang-work/1.27.0/aarch64/33227761610-1/tmp/go-bent.JUqIO4 BENT_PROFILES=/home/runner/golang-work/1.27.0/aarch64/33227761610-1/tmp/go-bent.JUqIO4/bench/20260829T020121.experiment.profiles BENT_CONFIG=experiment BENT_BENCH=gonum_path BENT_I=5 BENT_BINARY=gonum_path_experiment /home/runner/golang-work/1.27.0/aarch64/33227761610-1/tmp/go-bent.JUqIO4/testbin/gonum_path_experiment -test.run=none '-test.bench=BenchmarkRandomGraphDominators/gnm-n=1e[567]' )
PASS

shortname: gonum_path
toolchain: experiment
(cd /home/runner/golang-work/1.27.0/aarch64/33227761610-1/tmp/go-bent.JUqIO4/build/gonum_path; GOSUMDB=sum.golang.org GOMODCACHE=/home/runner/golang-work/1.27.0/aarch64/33227761610-1/go-mod-cache GOENV=off GOPROXY=https://goproxy.cn GOTOOLCHAIN=local GOCACHE=/home/runner/golang-work/1.27.0/aarch64/33227761610-1/go-cache GOWORK=off GOPATH=/home/runner/golang-work/1.27.0/aarch64/33227761610-1/tmp/go-bent.JUqIO4/gopath GOOS=linux GOARCH=arm64 GO111MODULE=auto ROOT=/home/runner/golang-work/1.27.0/aarch64/33227761610-1/tmp/go-bent.JUqIO4 GOROOT=/tmp/boostkit-perf/33227761610-1/Toolchain/golang/1.27.0/aarch64/go-install/ BENT_DIR=/home/runner/golang-work/1.27.0/aarch64/33227761610-1/tmp/go-bent.JUqIO4 BENT_PROFILES=/home/runner/golang-work/1.27.0/aarch64/33227761610-1/tmp/go-bent.JUqIO4/bench/20260829T020121.experiment.profiles BENT_CONFIG=experiment BENT_BENCH=gonum_path BENT_I=6 BENT_BINARY=gonum_path_experiment /home/runner/golang-work/1.27.0/aarch64/33227761610-1/tmp/go-bent.JUqIO4/testbin/gonum_path_experiment -test.run=none '-test.bench=BenchmarkRandomGraphDominators/gnm-n=1e[567]' )
PASS

shortname: ethereum_ethash
toolchain: experiment
(cd /home/runner/golang-work/1.27.0/aarch64/33227761610-1/tmp/go-bent.JUqIO4/build/ethereum_ethash; GOSUMDB=sum.golang.org GOMODCACHE=/home/runner/golang-work/1.27.0/aarch64/33227761610-1/go-mod-cache GOENV=off GOPROXY=https://goproxy.cn GOTOOLCHAIN=local GOCACHE=/home/runner/golang-work/1.27.0/aarch64/33227761610-1/go-cache GOWORK=off GOPATH=/home/runner/golang-work/1.27.0/aarch64/33227761610-1/tmp/go-bent.JUqIO4/gopath GOOS=linux GOARCH=arm64 GO111MODULE=auto ROOT=/home/runner/golang-work/1.27.0/aarch64/33227761610-1/tmp/go-bent.JUqIO4 GOROOT=/tmp/boostkit-perf/33227761610-1/Toolchain/golang/1.27.0/aarch64/go-install/ BENT_DIR=/home/runner/golang-work/1.27.0/aarch64/33227761610-1/tmp/go-bent.JUqIO4 BENT_PROFILES=/home/runner/golang-work/1.27.0/aarch64/33227761610-1/tmp/go-bent.JUqIO4/bench/20260829T020121.experiment.profiles BENT_CONFIG=experiment BENT_BENCH=ethereum_ethash BENT_I=6 BENT_BINARY=ethereum_ethash_experiment /home/runner/golang-work/1.27.0/aarch64/33227761610-1/tmp/go-bent.JUqIO4/testbin/ethereum_ethash_experiment -test.run=none -test.bench=BenchmarkCacheGeneration )
PASS

shortname: spexs2
toolchain: experiment
(cd /home/runner/golang-work/1.27.0/aarch64/33227761610-1/tmp/go-bent.JUqIO4/build/spexs2; GOSUMDB=sum.golang.org GOMODCACHE=/home/runner/golang-work/1.27.0/aarch64/33227761610-1/go-mod-cache GOENV=off GOPROXY=https://goproxy.cn GOTOOLCHAIN=local GOCACHE=/home/runner/golang-work/1.27.0/aarch64/33227761610-1/go-cache GOWORK=off GOPATH=/home/runner/golang-work/1.27.0/aarch64/33227761610-1/tmp/go-bent.JUqIO4/gopath GOOS=linux GOARCH=arm64 GO111MODULE=auto ROOT=/home/runner/golang-work/1.27.0/aarch64/33227761610-1/tmp/go-bent.JUqIO4 GOROOT=/tmp/boostkit-perf/33227761610-1/Toolchain/golang/1.27.0/aarch64/go-install/ BENT_DIR=/home/runner/golang-work/1.27.0/aarch64/33227761610-1/tmp/go-bent.JUqIO4 BENT_PROFILES=/home/runner/golang-work/1.27.0/aarch64/33227761610-1/tmp/go-bent.JUqIO4/bench/20260829T020121.experiment.profiles BENT_CONFIG=experiment BENT_BENCH=spexs2 BENT_I=6 BENT_BINARY=spexs2_experiment /home/runner/golang-work/1.27.0/aarch64/33227761610-1/tmp/go-bent.JUqIO4/testbin/spexs2_experiment -test.run=none -test.bench=BenchmarkRun )
goos: linux
goarch: arm64
pkg: github.com/egonelbre/spexs2/_benchmark
BenchmarkRun/10k/0-256         	       1	19531489670 ns/op
BenchmarkRun/10k/1-256         	       1	18747653960 ns/op
BenchmarkRun/10k/2-256         	       1	11432887890 ns/op
BenchmarkRun/10k/4-256         	       1	7965897670 ns/op
BenchmarkRun/10k/8-256         	       1	5693239440 ns/op
BenchmarkRun/10k/16-256        	       1	5519526190 ns/op
BenchmarkRun/10k/32-256        	       1	5739323680 ns/op
BenchmarkRun/30k/0-256         	       1	63039391010 ns/op
BenchmarkRun/30k/1-256         	       1	58224829830 ns/op
BenchmarkRun/30k/2-256         	       1	32907698480 ns/op
BenchmarkRun/30k/4-256         	       1	17971162150 ns/op
BenchmarkRun/30k/8-256         	       1	12613836510 ns/op
BenchmarkRun/30k/16-256        	       1	11039671800 ns/op
BenchmarkRun/30k/32-256        	       1	11002031120 ns/op
PASS

shortname: gonum_path
toolchain: experiment
(cd /home/runner/golang-work/1.27.0/aarch64/33227761610-1/tmp/go-bent.JUqIO4/build/gonum_path; GOSUMDB=sum.golang.org GOMODCACHE=/home/runner/golang-work/1.27.0/aarch64/33227761610-1/go-mod-cache GOENV=off GOPROXY=https://goproxy.cn GOTOOLCHAIN=local GOCACHE=/home/runner/golang-work/1.27.0/aarch64/33227761610-1/go-cache GOWORK=off GOPATH=/home/runner/golang-work/1.27.0/aarch64/33227761610-1/tmp/go-bent.JUqIO4/gopath GOOS=linux GOARCH=arm64 GO111MODULE=auto ROOT=/home/runner/golang-work/1.27.0/aarch64/33227761610-1/tmp/go-bent.JUqIO4 GOROOT=/tmp/boostkit-perf/33227761610-1/Toolchain/golang/1.27.0/aarch64/go-install/ BENT_DIR=/home/runner/golang-work/1.27.0/aarch64/33227761610-1/tmp/go-bent.JUqIO4 BENT_PROFILES=/home/runner/golang-work/1.27.0/aarch64/33227761610-1/tmp/go-bent.JUqIO4/bench/20260829T020121.experiment.profiles BENT_CONFIG=experiment BENT_BENCH=gonum_path BENT_I=7 BENT_BINARY=gonum_path_experiment /home/runner/golang-work/1.27.0/aarch64/33227761610-1/tmp/go-bent.JUqIO4/testbin/gonum_path_experiment -test.run=none '-test.bench=BenchmarkRandomGraphDominators/gnm-n=1e[567]' )
PASS

shortname: spexs2
toolchain: experiment
(cd /home/runner/golang-work/1.27.0/aarch64/33227761610-1/tmp/go-bent.JUqIO4/build/spexs2; GOSUMDB=sum.golang.org GOMODCACHE=/home/runner/golang-work/1.27.0/aarch64/33227761610-1/go-mod-cache GOENV=off GOPROXY=https://goproxy.cn GOTOOLCHAIN=local GOCACHE=/home/runner/golang-work/1.27.0/aarch64/33227761610-1/go-cache GOWORK=off GOPATH=/home/runner/golang-work/1.27.0/aarch64/33227761610-1/tmp/go-bent.JUqIO4/gopath GOOS=linux GOARCH=arm64 GO111MODULE=auto ROOT=/home/runner/golang-work/1.27.0/aarch64/33227761610-1/tmp/go-bent.JUqIO4 GOROOT=/tmp/boostkit-perf/33227761610-1/Toolchain/golang/1.27.0/aarch64/go-install/ BENT_DIR=/home/runner/golang-work/1.27.0/aarch64/33227761610-1/tmp/go-bent.JUqIO4 BENT_PROFILES=/home/runner/golang-work/1.27.0/aarch64/33227761610-1/tmp/go-bent.JUqIO4/bench/20260829T020121.experiment.profiles BENT_CONFIG=experiment BENT_BENCH=spexs2 BENT_I=7 BENT_BINARY=spexs2_experiment /home/runner/golang-work/1.27.0/aarch64/33227761610-1/tmp/go-bent.JUqIO4/testbin/spexs2_experiment -test.run=none -test.bench=BenchmarkRun )
goos: linux
goarch: arm64
pkg: github.com/egonelbre/spexs2/_benchmark
BenchmarkRun/10k/0-256         	       1	19440774980 ns/op
BenchmarkRun/10k/1-256         	       1	18829006460 ns/op
BenchmarkRun/10k/2-256         	       1	11455141650 ns/op
BenchmarkRun/10k/4-256         	       1	8264481880 ns/op
BenchmarkRun/10k/8-256         	       1	6028275660 ns/op
BenchmarkRun/10k/16-256        	       1	5948175230 ns/op
BenchmarkRun/10k/32-256        	       1	6850169630 ns/op
BenchmarkRun/30k/0-256         	       1	65927048410 ns/op
BenchmarkRun/30k/1-256         	       1	57144824350 ns/op
BenchmarkRun/30k/2-256         	       1	36864037760 ns/op
BenchmarkRun/30k/4-256         	       1	19830153790 ns/op
BenchmarkRun/30k/8-256         	       1	13987665050 ns/op
BenchmarkRun/30k/16-256        	       1	11252261710 ns/op
BenchmarkRun/30k/32-256        	       1	10723671410 ns/op
PASS

shortname: ethereum_ethash
toolchain: experiment
(cd /home/runner/golang-work/1.27.0/aarch64/33227761610-1/tmp/go-bent.JUqIO4/build/ethereum_ethash; GOSUMDB=sum.golang.org GOMODCACHE=/home/runner/golang-work/1.27.0/aarch64/33227761610-1/go-mod-cache GOENV=off GOPROXY=https://goproxy.cn GOTOOLCHAIN=local GOCACHE=/home/runner/golang-work/1.27.0/aarch64/33227761610-1/go-cache GOWORK=off GOPATH=/home/runner/golang-work/1.27.0/aarch64/33227761610-1/tmp/go-bent.JUqIO4/gopath GOOS=linux GOARCH=arm64 GO111MODULE=auto ROOT=/home/runner/golang-work/1.27.0/aarch64/33227761610-1/tmp/go-bent.JUqIO4 GOROOT=/tmp/boostkit-perf/33227761610-1/Toolchain/golang/1.27.0/aarch64/go-install/ BENT_DIR=/home/runner/golang-work/1.27.0/aarch64/33227761610-1/tmp/go-bent.JUqIO4 BENT_PROFILES=/home/runner/golang-work/1.27.0/aarch64/33227761610-1/tmp/go-bent.JUqIO4/bench/20260829T020121.experiment.profiles BENT_CONFIG=experiment BENT_BENCH=ethereum_ethash BENT_I=7 BENT_BINARY=ethereum_ethash_experiment /home/runner/golang-work/1.27.0/aarch64/33227761610-1/tmp/go-bent.JUqIO4/testbin/ethereum_ethash_experiment -test.run=none -test.bench=BenchmarkCacheGeneration )
PASS

shortname: ethereum_ethash
toolchain: experiment
(cd /home/runner/golang-work/1.27.0/aarch64/33227761610-1/tmp/go-bent.JUqIO4/build/ethereum_ethash; GOSUMDB=sum.golang.org GOMODCACHE=/home/runner/golang-work/1.27.0/aarch64/33227761610-1/go-mod-cache GOENV=off GOPROXY=https://goproxy.cn GOTOOLCHAIN=local GOCACHE=/home/runner/golang-work/1.27.0/aarch64/33227761610-1/go-cache GOWORK=off GOPATH=/home/runner/golang-work/1.27.0/aarch64/33227761610-1/tmp/go-bent.JUqIO4/gopath GOOS=linux GOARCH=arm64 GO111MODULE=auto ROOT=/home/runner/golang-work/1.27.0/aarch64/33227761610-1/tmp/go-bent.JUqIO4 GOROOT=/tmp/boostkit-perf/33227761610-1/Toolchain/golang/1.27.0/aarch64/go-install/ BENT_DIR=/home/runner/golang-work/1.27.0/aarch64/33227761610-1/tmp/go-bent.JUqIO4 BENT_PROFILES=/home/runner/golang-work/1.27.0/aarch64/33227761610-1/tmp/go-bent.JUqIO4/bench/20260829T020121.experiment.profiles BENT_CONFIG=experiment BENT_BENCH=ethereum_ethash BENT_I=8 BENT_BINARY=ethereum_ethash_experiment /home/runner/golang-work/1.27.0/aarch64/33227761610-1/tmp/go-bent.JUqIO4/testbin/ethereum_ethash_experiment -test.run=none -test.bench=BenchmarkCacheGeneration )
PASS

shortname: gonum_path
toolchain: experiment
(cd /home/runner/golang-work/1.27.0/aarch64/33227761610-1/tmp/go-bent.JUqIO4/build/gonum_path; GOSUMDB=sum.golang.org GOMODCACHE=/home/runner/golang-work/1.27.0/aarch64/33227761610-1/go-mod-cache GOENV=off GOPROXY=https://goproxy.cn GOTOOLCHAIN=local GOCACHE=/home/runner/golang-work/1.27.0/aarch64/33227761610-1/go-cache GOWORK=off GOPATH=/home/runner/golang-work/1.27.0/aarch64/33227761610-1/tmp/go-bent.JUqIO4/gopath GOOS=linux GOARCH=arm64 GO111MODULE=auto ROOT=/home/runner/golang-work/1.27.0/aarch64/33227761610-1/tmp/go-bent.JUqIO4 GOROOT=/tmp/boostkit-perf/33227761610-1/Toolchain/golang/1.27.0/aarch64/go-install/ BENT_DIR=/home/runner/golang-work/1.27.0/aarch64/33227761610-1/tmp/go-bent.JUqIO4 BENT_PROFILES=/home/runner/golang-work/1.27.0/aarch64/33227761610-1/tmp/go-bent.JUqIO4/bench/20260829T020121.experiment.profiles BENT_CONFIG=experiment BENT_BENCH=gonum_path BENT_I=8 BENT_BINARY=gonum_path_experiment /home/runner/golang-work/1.27.0/aarch64/33227761610-1/tmp/go-bent.JUqIO4/testbin/gonum_path_experiment -test.run=none '-test.bench=BenchmarkRandomGraphDominators/gnm-n=1e[567]' )
PASS

shortname: spexs2
toolchain: experiment
(cd /home/runner/golang-work/1.27.0/aarch64/33227761610-1/tmp/go-bent.JUqIO4/build/spexs2; GOSUMDB=sum.golang.org GOMODCACHE=/home/runner/golang-work/1.27.0/aarch64/33227761610-1/go-mod-cache GOENV=off GOPROXY=https://goproxy.cn GOTOOLCHAIN=local GOCACHE=/home/runner/golang-work/1.27.0/aarch64/33227761610-1/go-cache GOWORK=off GOPATH=/home/runner/golang-work/1.27.0/aarch64/33227761610-1/tmp/go-bent.JUqIO4/gopath GOOS=linux GOARCH=arm64 GO111MODULE=auto ROOT=/home/runner/golang-work/1.27.0/aarch64/33227761610-1/tmp/go-bent.JUqIO4 GOROOT=/tmp/boostkit-perf/33227761610-1/Toolchain/golang/1.27.0/aarch64/go-install/ BENT_DIR=/home/runner/golang-work/1.27.0/aarch64/33227761610-1/tmp/go-bent.JUqIO4 BENT_PROFILES=/home/runner/golang-work/1.27.0/aarch64/33227761610-1/tmp/go-bent.JUqIO4/bench/20260829T020121.experiment.profiles BENT_CONFIG=experiment BENT_BENCH=spexs2 BENT_I=8 BENT_BINARY=spexs2_experiment /home/runner/golang-work/1.27.0/aarch64/33227761610-1/tmp/go-bent.JUqIO4/testbin/spexs2_experiment -test.run=none -test.bench=BenchmarkRun )
goos: linux
goarch: arm64
pkg: github.com/egonelbre/spexs2/_benchmark
BenchmarkRun/10k/0-256         	       1	19500100120 ns/op
BenchmarkRun/10k/1-256         	       1	19244668600 ns/op
BenchmarkRun/10k/2-256         	       1	11342397240 ns/op
BenchmarkRun/10k/4-256         	       1	8545801600 ns/op
BenchmarkRun/10k/8-256         	       1	5872420560 ns/op
BenchmarkRun/10k/16-256        	       1	5529985370 ns/op
BenchmarkRun/10k/32-256        	       1	5730816580 ns/op
BenchmarkRun/30k/0-256         	       1	62239053650 ns/op
BenchmarkRun/30k/1-256         	       1	56644036830 ns/op
BenchmarkRun/30k/2-256         	       1	30755017860 ns/op
BenchmarkRun/30k/4-256         	       1	18902138190 ns/op
BenchmarkRun/30k/8-256         	       1	12921582250 ns/op
BenchmarkRun/30k/16-256        	       1	10077259800 ns/op
BenchmarkRun/30k/32-256        	       1	10301389740 ns/op
PASS

shortname: gonum_path
toolchain: experiment
(cd /home/runner/golang-work/1.27.0/aarch64/33227761610-1/tmp/go-bent.JUqIO4/build/gonum_path; GOSUMDB=sum.golang.org GOMODCACHE=/home/runner/golang-work/1.27.0/aarch64/33227761610-1/go-mod-cache GOENV=off GOPROXY=https://goproxy.cn GOTOOLCHAIN=local GOCACHE=/home/runner/golang-work/1.27.0/aarch64/33227761610-1/go-cache GOWORK=off GOPATH=/home/runner/golang-work/1.27.0/aarch64/33227761610-1/tmp/go-bent.JUqIO4/gopath GOOS=linux GOARCH=arm64 GO111MODULE=auto ROOT=/home/runner/golang-work/1.27.0/aarch64/33227761610-1/tmp/go-bent.JUqIO4 GOROOT=/tmp/boostkit-perf/33227761610-1/Toolchain/golang/1.27.0/aarch64/go-install/ BENT_DIR=/home/runner/golang-work/1.27.0/aarch64/33227761610-1/tmp/go-bent.JUqIO4 BENT_PROFILES=/home/runner/golang-work/1.27.0/aarch64/33227761610-1/tmp/go-bent.JUqIO4/bench/20260829T020121.experiment.profiles BENT_CONFIG=experiment BENT_BENCH=gonum_path BENT_I=9 BENT_BINARY=gonum_path_experiment /home/runner/golang-work/1.27.0/aarch64/33227761610-1/tmp/go-bent.JUqIO4/testbin/gonum_path_experiment -test.run=none '-test.bench=BenchmarkRandomGraphDominators/gnm-n=1e[567]' )
PASS

shortname: spexs2
toolchain: experiment
(cd /home/runner/golang-work/1.27.0/aarch64/33227761610-1/tmp/go-bent.JUqIO4/build/spexs2; GOSUMDB=sum.golang.org GOMODCACHE=/home/runner/golang-work/1.27.0/aarch64/33227761610-1/go-mod-cache GOENV=off GOPROXY=https://goproxy.cn GOTOOLCHAIN=local GOCACHE=/home/runner/golang-work/1.27.0/aarch64/33227761610-1/go-cache GOWORK=off GOPATH=/home/runner/golang-work/1.27.0/aarch64/33227761610-1/tmp/go-bent.JUqIO4/gopath GOOS=linux GOARCH=arm64 GO111MODULE=auto ROOT=/home/runner/golang-work/1.27.0/aarch64/33227761610-1/tmp/go-bent.JUqIO4 GOROOT=/tmp/boostkit-perf/33227761610-1/Toolchain/golang/1.27.0/aarch64/go-install/ BENT_DIR=/home/runner/golang-work/1.27.0/aarch64/33227761610-1/tmp/go-bent.JUqIO4 BENT_PROFILES=/home/runner/golang-work/1.27.0/aarch64/33227761610-1/tmp/go-bent.JUqIO4/bench/20260829T020121.experiment.profiles BENT_CONFIG=experiment BENT_BENCH=spexs2 BENT_I=9 BENT_BINARY=spexs2_experiment /home/runner/golang-work/1.27.0/aarch64/33227761610-1/tmp/go-bent.JUqIO4/testbin/spexs2_experiment -test.run=none -test.bench=BenchmarkRun )
goos: linux
goarch: arm64
pkg: github.com/egonelbre/spexs2/_benchmark
BenchmarkRun/10k/0-256         	       1	19387007720 ns/op
BenchmarkRun/10k/1-256         	       1	18774828340 ns/op
BenchmarkRun/10k/2-256         	       1	11381435330 ns/op
BenchmarkRun/10k/4-256         	       1	7335905780 ns/op
BenchmarkRun/10k/8-256         	       1	5528030020 ns/op
BenchmarkRun/10k/16-256        	       1	5663855750 ns/op
BenchmarkRun/10k/32-256        	       1	5292130590 ns/op
BenchmarkRun/30k/0-256         	       1	59779746170 ns/op
BenchmarkRun/30k/1-256         	       1	58186692010 ns/op
BenchmarkRun/30k/2-256         	       1	32248883850 ns/op
BenchmarkRun/30k/4-256         	       1	18306857880 ns/op
BenchmarkRun/30k/8-256         	       1	11808472730 ns/op
BenchmarkRun/30k/16-256        	       1	9966748000 ns/op
BenchmarkRun/30k/32-256        	       1	11268658530 ns/op
PASS

shortname: ethereum_ethash
toolchain: experiment
(cd /home/runner/golang-work/1.27.0/aarch64/33227761610-1/tmp/go-bent.JUqIO4/build/ethereum_ethash; GOSUMDB=sum.golang.org GOMODCACHE=/home/runner/golang-work/1.27.0/aarch64/33227761610-1/go-mod-cache GOENV=off GOPROXY=https://goproxy.cn GOTOOLCHAIN=local GOCACHE=/home/runner/golang-work/1.27.0/aarch64/33227761610-1/go-cache GOWORK=off GOPATH=/home/runner/golang-work/1.27.0/aarch64/33227761610-1/tmp/go-bent.JUqIO4/gopath GOOS=linux GOARCH=arm64 GO111MODULE=auto ROOT=/home/runner/golang-work/1.27.0/aarch64/33227761610-1/tmp/go-bent.JUqIO4 GOROOT=/tmp/boostkit-perf/33227761610-1/Toolchain/golang/1.27.0/aarch64/go-install/ BENT_DIR=/home/runner/golang-work/1.27.0/aarch64/33227761610-1/tmp/go-bent.JUqIO4 BENT_PROFILES=/home/runner/golang-work/1.27.0/aarch64/33227761610-1/tmp/go-bent.JUqIO4/bench/20260829T020121.experiment.profiles BENT_CONFIG=experiment BENT_BENCH=ethereum_ethash BENT_I=9 BENT_BINARY=ethereum_ethash_experiment /home/runner/golang-work/1.27.0/aarch64/33227761610-1/tmp/go-bent.JUqIO4/testbin/ethereum_ethash_experiment -test.run=none -test.bench=BenchmarkCacheGeneration )
PASS
[golang-parse] normalized 39 official benchmark measurements
