[envoy-k6] scenario: direct_response
[envoy-k6] command: /tmp/boostkit-perf/33368362497-1/Middleware/envoy/1.39.1/x86_64/tools/k6 run --vus 30 --duration 20s --summary-export /home/runner/actions-runner/_work/boostkit-performance-evaluation/boostkit-performance-evaluation/.perf-output/Middleware/envoy/1.39.1/x86_64/33368362497-1/benchmark_direct_response_summary.json /home/runner/actions-runner/_work/boostkit-performance-evaluation/boostkit-performance-evaluation/.perf-output/Middleware/envoy/1.39.1/x86_64/33368362497-1/envoy_k6_request.js

         /\      Grafana   /‾‾/  
    /\  /  \     |\  __   /  /   
   /  \/    \    | |/ /  /   ‾‾\ 
  /          \   |   (  |  (‾)  |
 / __________ \  |_|\_\  \_____/ 


     execution: local
        script: /home/runner/actions-runner/_work/boostkit-performance-evaluation/boostkit-performance-evaluation/.perf-output/Middleware/envoy/1.39.1/x86_64/33368362497-1/envoy_k6_request.js
        output: -

     scenarios: (100.00%) 1 scenario, 30 max VUs, 50s max duration (incl. graceful stop):
              * default: 30 looping VUs for 20s (gracefulStop: 30s)


running (01.0s), 30/30 VUs, 7389 complete and 0 interrupted iterations
default   [   5% ] 30 VUs  01.0s/20s

running (02.0s), 30/30 VUs, 14932 complete and 0 interrupted iterations
default   [  10% ] 30 VUs  02.0s/20s

running (03.0s), 30/30 VUs, 22539 complete and 0 interrupted iterations
default   [  15% ] 30 VUs  03.0s/20s

running (04.0s), 30/30 VUs, 30191 complete and 0 interrupted iterations
default   [  20% ] 30 VUs  04.0s/20s

running (05.0s), 30/30 VUs, 37791 complete and 0 interrupted iterations
default   [  25% ] 30 VUs  05.0s/20s

running (06.0s), 30/30 VUs, 45480 complete and 0 interrupted iterations
default   [  30% ] 30 VUs  06.0s/20s

running (07.0s), 30/30 VUs, 53115 complete and 0 interrupted iterations
default   [  35% ] 30 VUs  07.0s/20s

running (08.0s), 30/30 VUs, 60811 complete and 0 interrupted iterations
default   [  40% ] 30 VUs  08.0s/20s

running (09.0s), 30/30 VUs, 68537 complete and 0 interrupted iterations
default   [  45% ] 30 VUs  09.0s/20s

running (10.0s), 30/30 VUs, 76300 complete and 0 interrupted iterations
default   [  50% ] 30 VUs  10.0s/20s

running (11.0s), 30/30 VUs, 84027 complete and 0 interrupted iterations
default   [  55% ] 30 VUs  11.0s/20s

running (12.0s), 30/30 VUs, 91754 complete and 0 interrupted iterations
default   [  60% ] 30 VUs  12.0s/20s

running (13.0s), 30/30 VUs, 99492 complete and 0 interrupted iterations
default   [  65% ] 30 VUs  13.0s/20s

running (14.0s), 30/30 VUs, 107230 complete and 0 interrupted iterations
default   [  70% ] 30 VUs  14.0s/20s

running (15.0s), 30/30 VUs, 114954 complete and 0 interrupted iterations
default   [  75% ] 30 VUs  15.0s/20s

running (16.0s), 30/30 VUs, 122660 complete and 0 interrupted iterations
default   [  80% ] 30 VUs  16.0s/20s

running (17.0s), 30/30 VUs, 130469 complete and 0 interrupted iterations
default   [  85% ] 30 VUs  17.0s/20s

running (18.0s), 30/30 VUs, 138266 complete and 0 interrupted iterations
default   [  90% ] 30 VUs  18.0s/20s

running (19.0s), 30/30 VUs, 146026 complete and 0 interrupted iterations
default   [  95% ] 30 VUs  19.0s/20s

running (20.0s), 30/30 VUs, 153844 complete and 0 interrupted iterations
default   [ 100% ] 30 VUs  20.0s/20s


  █ TOTAL RESULTS 

    HTTP
    http_req_duration..............: avg=1.39ms min=98.24µs med=1.07ms max=21.46ms p(90)=3.15ms p(95)=3.98ms
      { expected_response:true }...: avg=1.39ms min=98.24µs med=1.07ms max=21.46ms p(90)=3.15ms p(95)=3.98ms
    http_req_failed................: 0.00%  0 out of 153905
    http_reqs......................: 153905 7693.405069/s

    EXECUTION
    iteration_duration.............: avg=3.89ms min=1.19ms  med=3.47ms max=24.18ms p(90)=6.31ms p(95)=7.5ms 
    iterations.....................: 153905 7693.405069/s
    vus............................: 30     min=30          max=30
    vus_max........................: 30     min=30          max=30

    NETWORK
    data_received..................: 218 MB 11 MB/s
    data_sent......................: 261 MB 13 MB/s




running (20.0s), 00/30 VUs, 153905 complete and 0 interrupted iterations
default ✓ [ 100% ] 30 VUs  20s

[envoy-k6] scenario: reverse_proxy
[envoy-k6] command: /tmp/boostkit-perf/33368362497-1/Middleware/envoy/1.39.1/x86_64/tools/k6 run --vus 30 --duration 20s --summary-export /home/runner/actions-runner/_work/boostkit-performance-evaluation/boostkit-performance-evaluation/.perf-output/Middleware/envoy/1.39.1/x86_64/33368362497-1/benchmark_reverse_proxy_summary.json /home/runner/actions-runner/_work/boostkit-performance-evaluation/boostkit-performance-evaluation/.perf-output/Middleware/envoy/1.39.1/x86_64/33368362497-1/envoy_k6_request.js

         /\      Grafana   /‾‾/  
    /\  /  \     |\  __   /  /   
   /  \/    \    | |/ /  /   ‾‾\ 
  /          \   |   (  |  (‾)  |
 / __________ \  |_|\_\  \_____/ 


     execution: local
        script: /home/runner/actions-runner/_work/boostkit-performance-evaluation/boostkit-performance-evaluation/.perf-output/Middleware/envoy/1.39.1/x86_64/33368362497-1/envoy_k6_request.js
        output: -

     scenarios: (100.00%) 1 scenario, 30 max VUs, 50s max duration (incl. graceful stop):
              * default: 30 looping VUs for 20s (gracefulStop: 30s)


running (01.0s), 30/30 VUs, 6713 complete and 0 interrupted iterations
default   [   5% ] 30 VUs  01.0s/20s

running (02.0s), 30/30 VUs, 13643 complete and 0 interrupted iterations
default   [  10% ] 30 VUs  02.0s/20s

running (03.0s), 30/30 VUs, 20557 complete and 0 interrupted iterations
default   [  15% ] 30 VUs  03.0s/20s

running (04.0s), 30/30 VUs, 27411 complete and 0 interrupted iterations
default   [  20% ] 30 VUs  04.0s/20s

running (05.0s), 30/30 VUs, 34322 complete and 0 interrupted iterations
default   [  25% ] 30 VUs  05.0s/20s

running (06.0s), 30/30 VUs, 41317 complete and 0 interrupted iterations
default   [  30% ] 30 VUs  06.0s/20s

running (07.0s), 30/30 VUs, 48294 complete and 0 interrupted iterations
default   [  35% ] 30 VUs  07.0s/20s

running (08.0s), 30/30 VUs, 55287 complete and 0 interrupted iterations
default   [  40% ] 30 VUs  08.0s/20s

running (09.0s), 30/30 VUs, 62298 complete and 0 interrupted iterations
default   [  45% ] 30 VUs  09.0s/20s

running (10.0s), 30/30 VUs, 69314 complete and 0 interrupted iterations
default   [  50% ] 30 VUs  10.0s/20s

running (11.0s), 30/30 VUs, 76342 complete and 0 interrupted iterations
default   [  55% ] 30 VUs  11.0s/20s

running (12.0s), 30/30 VUs, 83339 complete and 0 interrupted iterations
default   [  60% ] 30 VUs  12.0s/20s

running (13.0s), 30/30 VUs, 90350 complete and 0 interrupted iterations
default   [  65% ] 30 VUs  13.0s/20s

running (14.0s), 30/30 VUs, 97378 complete and 0 interrupted iterations
default   [  70% ] 30 VUs  14.0s/20s

running (15.0s), 30/30 VUs, 104353 complete and 0 interrupted iterations
default   [  75% ] 30 VUs  15.0s/20s

running (16.0s), 30/30 VUs, 111446 complete and 0 interrupted iterations
default   [  80% ] 30 VUs  16.0s/20s

running (17.0s), 30/30 VUs, 118485 complete and 0 interrupted iterations
default   [  85% ] 30 VUs  17.0s/20s

running (18.0s), 30/30 VUs, 125595 complete and 0 interrupted iterations
default   [  90% ] 30 VUs  18.0s/20s

running (19.0s), 30/30 VUs, 132690 complete and 0 interrupted iterations
default   [  95% ] 30 VUs  19.0s/20s

running (20.0s), 30/30 VUs, 139794 complete and 0 interrupted iterations
default   [ 100% ] 30 VUs  20.0s/20s


  █ TOTAL RESULTS 

    HTTP
    http_req_duration..............: avg=2ms    min=231.05µs med=1.39ms max=18.1ms  p(90)=4.61ms p(95)=5.86ms
      { expected_response:true }...: avg=2ms    min=231.05µs med=1.39ms max=18.1ms  p(90)=4.61ms p(95)=5.86ms
    http_req_failed................: 0.00%  0 out of 139850
    http_reqs......................: 139850 6991.351662/s

    EXECUTION
    iteration_duration.............: avg=4.28ms min=1.29ms   med=3.67ms max=33.56ms p(90)=7.4ms  p(95)=8.81ms
    iterations.....................: 139850 6991.351662/s
    vus............................: 30     min=30          max=30
    vus_max........................: 30     min=30          max=30

    NETWORK
    data_received..................: 206 MB 10 MB/s
    data_sent......................: 237 MB 12 MB/s




running (20.0s), 00/30 VUs, 139850 complete and 0 interrupted iterations
default ✓ [ 100% ] 30 VUs  20s

