[fullbench] /home/runner/boostkit-perf/zstd/1.5.7/aarch64/33859468843-1/zstd-source/tests/fullbench
*** Zstandard speed analyzer 1.5.7 64-bits, by Yann Collet (Sep  4 2026) ***

                                                                      
 Sample 10000000 bytes : 

 0#compress                       :   215.5 MB/s  ( 3239077) 
 0#compress                       :   216.0 MB/s  ( 3239077) 
 0#compress                       :   216.0 MB/s  ( 3239077) 
 0#compress                       :   216.0 MB/s  ( 3239077) 
 0#compress                       :   216.0 MB/s  ( 3239077) 
 0#compress                       :   216.0 MB/s  ( 3239077) 

 1#decompress                     :   808.4 MB/s  (10000000) 
 1#decompress                     :   808.4 MB/s  (10000000) 
 1#decompress                     :   808.4 MB/s  (10000000) 
 1#decompress                     :   808.4 MB/s  (10000000) 
 1#decompress                     :   808.4 MB/s  (10000000) 
 1#decompress                     :   808.4 MB/s  (10000000) 

 2#compress_freshCCtx             :   212.3 MB/s  ( 3239077) 
 2#compress_freshCCtx             :   213.1 MB/s  ( 3239077) 
 2#compress_freshCCtx             :   213.1 MB/s  ( 3239077) 
 2#compress_freshCCtx             :   213.1 MB/s  ( 3239077) 
 2#compress_freshCCtx             :   213.1 MB/s  ( 3239077) 
 2#compress_freshCCtx             :   213.1 MB/s  ( 3239077) 

 3#decompressDCtx                 :   802.8 MB/s  (10000000) 
 3#decompressDCtx                 :   803.1 MB/s  (10000000) 
 3#decompressDCtx                 :   803.1 MB/s  (10000000) 
 3#decompressDCtx                 :   803.8 MB/s  (10000000) 
 3#decompressDCtx                 :   803.8 MB/s  (10000000) 
 3#decompressDCtx                 :   803.8 MB/s  (10000000) 

 4#compressContinue               :   214.0 MB/s  ( 3239077) 
 4#compressContinue               :   215.1 MB/s  ( 3239077) 
 4#compressContinue               :   215.1 MB/s  ( 3239077) 
 4#compressContinue               :   215.2 MB/s  ( 3239077) 
 4#compressContinue               :   215.3 MB/s  ( 3239077) 
 4#compressContinue               :   215.3 MB/s  ( 3239077) 

 5#compressContinue_extDict       :   212.8 MB/s  ( 3239062) 
 5#compressContinue_extDict       :   214.8 MB/s  ( 3239062) 
 5#compressContinue_extDict       :   215.0 MB/s  ( 3239062) 
 5#compressContinue_extDict       :   215.1 MB/s  ( 3239062) 
 5#compressContinue_extDict       :   215.1 MB/s  ( 3239062) 
 5#compressContinue_extDict       :   215.1 MB/s  ( 3239062) 

 6#decompressContinue             :   802.9 MB/s  (10000000) 
 6#decompressContinue             :   805.5 MB/s  (10000000) 
 6#decompressContinue             :   805.9 MB/s  (10000000) 
 6#decompressContinue             :   805.9 MB/s  (10000000) 
 6#decompressContinue             :   805.9 MB/s  (10000000) 
 6#decompressContinue             :   805.9 MB/s  (10000000) 

 7#compressStream                 :   195.4 MB/s  ( 3239075) 
 7#compressStream                 :   196.3 MB/s  ( 3239075) 
 7#compressStream                 :   196.8 MB/s  ( 3239075) 
 7#compressStream                 :   196.8 MB/s  ( 3239075) 
 7#compressStream                 :   196.8 MB/s  ( 3239075) 
 7#compressStream                 :   196.8 MB/s  ( 3239075) 

 8#compressStream_freshCCtx       :   194.5 MB/s  ( 3239075) 
 8#compressStream_freshCCtx       :   196.4 MB/s  ( 3239075) 
 8#compressStream_freshCCtx       :   196.5 MB/s  ( 3239075) 
 8#compressStream_freshCCtx       :   196.6 MB/s  ( 3239075) 
 8#compressStream_freshCCtx       :   196.6 MB/s  ( 3239075) 
 8#compressStream_freshCCtx       :   196.6 MB/s  ( 3239075) 

 9#decompressStream               :   798.4 MB/s  (10000000) 
 9#decompressStream               :   804.6 MB/s  (10000000) 
 9#decompressStream               :   805.7 MB/s  (10000000) 
 9#decompressStream               :   805.7 MB/s  (10000000) 
 9#decompressStream               :   805.7 MB/s  (10000000) 
 9#decompressStream               :   805.7 MB/s  (10000000) 

10#compress2                      :   214.4 MB/s  ( 3239077) 
10#compress2                      :   215.6 MB/s  ( 3239077) 
10#compress2                      :   215.6 MB/s  ( 3239077) 
10#compress2                      :   215.6 MB/s  ( 3239077) 
10#compress2                      :   215.6 MB/s  ( 3239077) 
10#compress2                      :   215.6 MB/s  ( 3239077) 

11#compressStream2, end           :   214.1 MB/s  ( 3239077) 
11#compressStream2, end           :   215.6 MB/s  ( 3239077) 
11#compressStream2, end           :   215.6 MB/s  ( 3239077) 
11#compressStream2, end           :   215.6 MB/s  ( 3239077) 
11#compressStream2, end           :   215.6 MB/s  ( 3239077) 
11#compressStream2, end           :   215.8 MB/s  ( 3239077) 

12#compressStream2, end & short   :   212.4 MB/s  ( 3239077) 
12#compressStream2, end & short   :   213.7 MB/s  ( 3239077) 
12#compressStream2, end & short   :   213.7 MB/s  ( 3239077) 
12#compressStream2, end & short   :   213.7 MB/s  ( 3239077) 
12#compressStream2, end & short   :   213.7 MB/s  ( 3239077) 
12#compressStream2, end & short   :   213.8 MB/s  ( 3239077) 

13#compressStream2, continue      :   196.1 MB/s  ( 3239075) 
13#compressStream2, continue      :   197.2 MB/s  ( 3239075) 
13#compressStream2, continue      :   197.2 MB/s  ( 3239075) 
13#compressStream2, continue      :   197.2 MB/s  ( 3239075) 
13#compressStream2, continue      :   197.2 MB/s  ( 3239075) 
13#compressStream2, continue      :   197.2 MB/s  ( 3239075) 

14#compressStream2, -T2, continue :   332.4 MB/s  ( 3240235) 
14#compressStream2, -T2, continue :   346.5 MB/s  ( 3240235) 
14#compressStream2, -T2, continue :   346.5 MB/s  ( 3240235) 
14#compressStream2, -T2, continue :   346.5 MB/s  ( 3240235) 
14#compressStream2, -T2, continue :   346.5 MB/s  ( 3240235) 
14#compressStream2, -T2, continue :   346.5 MB/s  ( 3240235) 

15#compressStream2, -T2, end      :   304.0 MB/s  ( 3240239) 
15#compressStream2, -T2, end      :   334.7 MB/s  ( 3240239) 
15#compressStream2, -T2, end      :   334.7 MB/s  ( 3240239) 
15#compressStream2, -T2, end      :   337.0 MB/s  ( 3240239) 
15#compressStream2, -T2, end      :   340.9 MB/s  ( 3240239) 
15#compressStream2, -T2, end      :   343.9 MB/s  ( 3240239) 

16#compressSequences              :   523.5 MB/s  ( 3239695) 
16#compressSequences              :   531.4 MB/s  ( 3239695) 
16#compressSequences              :   532.4 MB/s  ( 3239695) 
16#compressSequences              :   532.4 MB/s  ( 3239695) 
16#compressSequences              :   532.4 MB/s  ( 3239695) 
16#compressSequences              :   532.4 MB/s  ( 3239695) 

17#compressSequencesAndLiterals   :   597.6 MB/s  ( 3239695) 
17#compressSequencesAndLiterals   :   604.0 MB/s  ( 3239695) 
17#compressSequencesAndLiterals   :   605.0 MB/s  ( 3239695) 
17#compressSequencesAndLiterals   :   605.0 MB/s  ( 3239695) 
17#compressSequencesAndLiterals   :   605.0 MB/s  ( 3239695) 
17#compressSequencesAndLiterals   :   605.0 MB/s  ( 3239695) 

18#convertSequences (1st block)   :  8244.4 MB/s  (   11846) 
18#convertSequences (1st block)   :  8346.9 MB/s  (   11846) 
18#convertSequences (1st block)   :  8352.6 MB/s  (   11846) 
18#convertSequences (1st block)   :  8352.6 MB/s  (   11846) 
18#convertSequences (1st block)   :  8352.6 MB/s  (   11846) 
18#convertSequences (1st block)   :  8352.6 MB/s  (   11846) 

19#get1BlockSummary (1st block)   : 16905.7 MB/s  (   11846) 
19#get1BlockSummary (1st block)   : 17296.4 MB/s  (   11846) 
19#get1BlockSummary (1st block)   : 17296.4 MB/s  (   11846) 
19#get1BlockSummary (1st block)   : 17307.5 MB/s  (   11846) 
19#get1BlockSummary (1st block)   : 17307.5 MB/s  (   11846) 
19#get1BlockSummary (1st block)   : 17307.5 MB/s  (   11846) 

20#decodeLiteralsHeader (1st block:128859.5 MB/s  (      39) 
20#decodeLiteralsHeader (1st block:130820.0 MB/s  (      39) 
20#decodeLiteralsHeader (1st block:130858.3 MB/s  (      39) 
20#decodeLiteralsHeader (1st block:130858.3 MB/s  (      39) 
20#decodeLiteralsHeader (1st block:130858.3 MB/s  (      39) 
20#decodeLiteralsHeader (1st block:130858.3 MB/s  (      39) 

21#decodeLiteralsBlock (1st block):  6082.4 MB/s  (   14193) 
21#decodeLiteralsBlock (1st block):  6147.3 MB/s  (   14193) 
21#decodeLiteralsBlock (1st block):  6147.3 MB/s  (   14193) 
21#decodeLiteralsBlock (1st block):  6152.5 MB/s  (   14193) 
21#decodeLiteralsBlock (1st block):  6152.5 MB/s  (   14193) 
21#decodeLiteralsBlock (1st block):  6152.5 MB/s  (   14193) 

22#decodeSeqHeaders (1st block)   : 30617.6 MB/s  (      49) 
22#decodeSeqHeaders (1st block)   : 30903.6 MB/s  (      49) 
22#decodeSeqHeaders (1st block)   : 31058.3 MB/s  (      49) 
22#decodeSeqHeaders (1st block)   : 31058.3 MB/s  (      49) 
22#decodeSeqHeaders (1st block)   : 31058.3 MB/s  (      49) 
22#decodeSeqHeaders (1st block)   : 31058.3 MB/s  (      49) 
