[sonic] running official CMake benchmark (benchmark/main.cpp)
2026-08-24T02:22:22+00:00
Running /tmp/boostkit-perf/32682799285-1/HPC/sonic/1.0.2/x86_64/build/benchmark/bench
Run on (16 X 2400 MHz CPU s)
CPU Caches:
  L1 Data 32 KiB (x8)
  L1 Instruction 32 KiB (x8)
  L2 Unified 1024 KiB (x8)
  L3 Unified 32768 KiB (x1)
Load Average: 1.27, 0.35, 0.11
***WARNING*** ASLR is enabled, the results may have unreproducible noise in them.
-----------------------------------------------------------------------------------------------------------
Benchmark                                                 Time             CPU   Iterations UserCounters...
-----------------------------------------------------------------------------------------------------------
twitter/SonicOnDemand_Normal_mean                     16096 ns        16048 ns            5 bytes_per_second=15.3431Gi/s Normal
twitter/SonicOnDemand_Normal_median                   16096 ns        16049 ns            5 bytes_per_second=15.3422Gi/s Normal
twitter/SonicOnDemand_Normal_stddev                    2.84 ns         2.48 ns            5 bytes_per_second=2.42909Mi/s Normal
twitter/SonicOnDemand_Normal_cv                        0.02 %          0.02 %             5 bytes_per_second=0.02% Normal
twitter/RapidjsonSaxOnDemand_Normal_mean             326618 ns       325652 ns            5 bytes_per_second=774.248Mi/s Normal
twitter/RapidjsonSaxOnDemand_Normal_median           326620 ns       325659 ns            5 bytes_per_second=774.23Mi/s Normal
twitter/RapidjsonSaxOnDemand_Normal_stddev              209 ns          207 ns            5 bytes_per_second=503.316Ki/s Normal
twitter/RapidjsonSaxOnDemand_Normal_cv                 0.06 %          0.06 %             5 bytes_per_second=0.06% Normal
twitter/SIMDjsonOnDemand_Normal_mean                  52328 ns        52170 ns            5 bytes_per_second=4.71967Gi/s Normal
twitter/SIMDjsonOnDemand_Normal_median                52325 ns        52170 ns            5 bytes_per_second=4.71968Gi/s Normal
twitter/SIMDjsonOnDemand_Normal_stddev                 14.0 ns         12.1 ns            5 bytes_per_second=1.12536Mi/s Normal
twitter/SIMDjsonOnDemand_Normal_cv                     0.03 %          0.02 %             5 bytes_per_second=0.02% Normal
citm_catalog/SonicOnDemand_Fronter_mean                9428 ns         9401 ns            5 bytes_per_second=171.116Gi/s Fronter
citm_catalog/SonicOnDemand_Fronter_median              9432 ns         9404 ns            5 bytes_per_second=171.055Gi/s Fronter
citm_catalog/SonicOnDemand_Fronter_stddev              9.97 ns         9.89 ns            5 bytes_per_second=184.573Mi/s Fronter
citm_catalog/SonicOnDemand_Fronter_cv                  0.11 %          0.11 %             5 bytes_per_second=0.11% Fronter
citm_catalog/RapidjsonSaxOnDemand_Fronter_mean        96952 ns        96663 ns            5 bytes_per_second=16.6412Gi/s Fronter
citm_catalog/RapidjsonSaxOnDemand_Fronter_median      96977 ns        96683 ns            5 bytes_per_second=16.6377Gi/s Fronter
citm_catalog/RapidjsonSaxOnDemand_Fronter_stddev        149 ns          151 ns            5 bytes_per_second=26.6388Mi/s Fronter
citm_catalog/RapidjsonSaxOnDemand_Fronter_cv           0.15 %          0.16 %             5 bytes_per_second=0.16% Fronter
citm_catalog/SIMDjsonOnDemand_Fronter_mean           228731 ns       227851 ns            5 bytes_per_second=7.05981Gi/s Fronter
citm_catalog/SIMDjsonOnDemand_Fronter_median         228742 ns       227860 ns            5 bytes_per_second=7.05954Gi/s Fronter
citm_catalog/SIMDjsonOnDemand_Fronter_stddev           52.4 ns         51.1 ns            5 bytes_per_second=1.62171Mi/s Fronter
citm_catalog/SIMDjsonOnDemand_Fronter_cv               0.02 %          0.02 %             5 bytes_per_second=0.02% Fronter
twitter/SonicOnDemand_NotFound_mean                   16000 ns        15952 ns            5 bytes_per_second=15.435Gi/s NotFound
twitter/SonicOnDemand_NotFound_median                 16000 ns        15953 ns            5 bytes_per_second=15.4346Gi/s NotFound
twitter/SonicOnDemand_NotFound_stddev                  1.63 ns         1.60 ns            5 bytes_per_second=1.58405Mi/s NotFound
twitter/SonicOnDemand_NotFound_cv                      0.01 %          0.01 %             5 bytes_per_second=0.01% NotFound
twitter/RapidjsonSaxOnDemand_NotFound_mean           329507 ns       328536 ns            5 bytes_per_second=767.451Mi/s NotFound
twitter/RapidjsonSaxOnDemand_NotFound_median         329462 ns       328489 ns            5 bytes_per_second=767.561Mi/s NotFound
twitter/RapidjsonSaxOnDemand_NotFound_stddev            351 ns          350 ns            5 bytes_per_second=838.265Ki/s NotFound
twitter/RapidjsonSaxOnDemand_NotFound_cv               0.11 %          0.11 %             5 bytes_per_second=0.11% NotFound
twitter/SIMDjsonOnDemand_NotFound_mean                52292 ns        52136 ns            5 bytes_per_second=4.72273Gi/s NotFound
twitter/SIMDjsonOnDemand_NotFound_median              52296 ns        52142 ns            5 bytes_per_second=4.72219Gi/s NotFound
twitter/SIMDjsonOnDemand_NotFound_stddev               14.5 ns         14.1 ns            5 bytes_per_second=1.30399Mi/s NotFound
twitter/SIMDjsonOnDemand_NotFound_cv                   0.03 %          0.03 %             5 bytes_per_second=0.03% NotFound
twitterescaped/Decode_SonicDyn_mean                  274177 ns       273109 ns            5 bytes_per_second=1.91786Gi/s testdata/twitterescaped.json
twitterescaped/Decode_SonicDyn_median                274293 ns       273230 ns            5 bytes_per_second=1.91701Gi/s testdata/twitterescaped.json
twitterescaped/Decode_SonicDyn_stddev                   633 ns          637 ns            5 bytes_per_second=4.58703Mi/s testdata/twitterescaped.json
twitterescaped/Decode_SonicDyn_cv                      0.23 %          0.23 %             5 bytes_per_second=0.23% testdata/twitterescaped.json
twitterescaped/Decode_Rapidjson_mean                 959649 ns       955963 ns            5 bytes_per_second=561.074Mi/s testdata/twitterescaped.json
twitterescaped/Decode_Rapidjson_median               961272 ns       957589 ns            5 bytes_per_second=560.109Mi/s testdata/twitterescaped.json
twitterescaped/Decode_Rapidjson_stddev                 5010 ns         5024 ns            5 bytes_per_second=2.96314Mi/s testdata/twitterescaped.json
twitterescaped/Decode_Rapidjson_cv                     0.52 %          0.53 %             5 bytes_per_second=0.53% testdata/twitterescaped.json
twitterescaped/Decode_YYjson_mean                   1023295 ns      1019331 ns            5 bytes_per_second=526.182Mi/s testdata/twitterescaped.json
twitterescaped/Decode_YYjson_median                 1023267 ns      1019324 ns            5 bytes_per_second=526.186Mi/s testdata/twitterescaped.json
twitterescaped/Decode_YYjson_stddev                     162 ns          163 ns            5 bytes_per_second=86.3224Ki/s testdata/twitterescaped.json
twitterescaped/Decode_YYjson_cv                        0.02 %          0.02 %             5 bytes_per_second=0.02% testdata/twitterescaped.json
twitterescaped/Decode_SIMDjson_mean                  370581 ns       369129 ns            5 bytes_per_second=1.41897Gi/s testdata/twitterescaped.json
twitterescaped/Decode_SIMDjson_median                370687 ns       369237 ns            5 bytes_per_second=1.41856Gi/s testdata/twitterescaped.json
twitterescaped/Decode_SIMDjson_stddev                   346 ns          352 ns            5 bytes_per_second=1.38546Mi/s testdata/twitterescaped.json
twitterescaped/Decode_SIMDjson_cv                      0.09 %          0.10 %             5 bytes_per_second=0.10% testdata/twitterescaped.json
twitterescaped/Decode_JsonCpp_mean                 26073937 ns     25994527 ns            5 bytes_per_second=20.6336Mi/s testdata/twitterescaped.json
twitterescaped/Decode_JsonCpp_median               26071054 ns     25991596 ns            5 bytes_per_second=20.6357Mi/s testdata/twitterescaped.json
twitterescaped/Decode_JsonCpp_stddev                 100644 ns        99355 ns            5 bytes_per_second=80.5755Ki/s testdata/twitterescaped.json
twitterescaped/Decode_JsonCpp_cv                       0.39 %          0.38 %             5 bytes_per_second=0.38% testdata/twitterescaped.json
twitter/Decode_SonicDyn_mean                         101668 ns       101256 ns            5 bytes_per_second=2.43173Gi/s testdata/twitter.json
twitter/Decode_SonicDyn_median                       101675 ns       101260 ns            5 bytes_per_second=2.43163Gi/s testdata/twitter.json
twitter/Decode_SonicDyn_stddev                         26.8 ns         28.6 ns            5 bytes_per_second=721.208Ki/s testdata/twitter.json
twitter/Decode_SonicDyn_cv                             0.03 %          0.03 %             5 bytes_per_second=0.03% testdata/twitter.json
twitter/Decode_Rapidjson_mean                        363731 ns       362445 ns            5 bytes_per_second=695.653Mi/s testdata/twitter.json
twitter/Decode_Rapidjson_median                      363600 ns       362316 ns            5 bytes_per_second=695.898Mi/s testdata/twitter.json
twitter/Decode_Rapidjson_stddev                         533 ns          531 ns            5 bytes_per_second=1.019Mi/s testdata/twitter.json
twitter/Decode_Rapidjson_cv                            0.15 %          0.15 %             5 bytes_per_second=0.15% testdata/twitter.json
twitter/Decode_YYjson_mean                           325827 ns       324506 ns            5 bytes_per_second=776.983Mi/s testdata/twitter.json
twitter/Decode_YYjson_median                         325852 ns       324534 ns            5 bytes_per_second=776.916Mi/s testdata/twitter.json
twitter/Decode_YYjson_stddev                           52.4 ns         55.1 ns            5 bytes_per_second=135.119Ki/s testdata/twitter.json
twitter/Decode_YYjson_cv                               0.02 %          0.02 %             5 bytes_per_second=0.02% testdata/twitter.json
twitter/Decode_SIMDjson_mean                          81737 ns        81420 ns            5 bytes_per_second=3.02417Gi/s testdata/twitter.json
twitter/Decode_SIMDjson_median                        81807 ns        81487 ns            5 bytes_per_second=3.02166Gi/s testdata/twitter.json
twitter/Decode_SIMDjson_stddev                          134 ns          133 ns            5 bytes_per_second=5.05522Mi/s testdata/twitter.json
twitter/Decode_SIMDjson_cv                             0.16 %          0.16 %             5 bytes_per_second=0.16% testdata/twitter.json
twitter/Decode_JsonCpp_mean                         9701892 ns      9671888 ns            5 bytes_per_second=26.0689Mi/s testdata/twitter.json
twitter/Decode_JsonCpp_median                       9702078 ns      9672230 ns            5 bytes_per_second=26.068Mi/s testdata/twitter.json
twitter/Decode_JsonCpp_stddev                         13127 ns        12942 ns            5 bytes_per_second=35.717Ki/s testdata/twitter.json
twitter/Decode_JsonCpp_cv                              0.14 %          0.13 %             5 bytes_per_second=0.13% testdata/twitter.json
poet/Decode_SonicDyn_mean                            817304 ns       814151 ns            5 bytes_per_second=4.01847Gi/s testdata/poet.json
poet/Decode_SonicDyn_median                          815920 ns       812757 ns            5 bytes_per_second=4.02534Gi/s testdata/poet.json
poet/Decode_SonicDyn_stddev                            2141 ns         2132 ns            5 bytes_per_second=10.7634Mi/s testdata/poet.json
poet/Decode_SonicDyn_cv                                0.26 %          0.26 %             5 bytes_per_second=0.26% testdata/poet.json
poet/Decode_Rapidjson_mean                          4816558 ns      4798131 ns            5 bytes_per_second=698.219Mi/s testdata/poet.json
poet/Decode_Rapidjson_median                        4816207 ns      4797759 ns            5 bytes_per_second=698.273Mi/s testdata/poet.json
poet/Decode_Rapidjson_stddev                           1226 ns         1271 ns            5 bytes_per_second=189.398Ki/s testdata/poet.json
poet/Decode_Rapidjson_cv                               0.03 %          0.03 %             5 bytes_per_second=0.03% testdata/poet.json
poet/Decode_YYjson_mean                             2703089 ns      2692710 ns            5 bytes_per_second=1.21499Gi/s testdata/poet.json
poet/Decode_YYjson_median                           2703254 ns      2692740 ns            5 bytes_per_second=1.21498Gi/s testdata/poet.json
poet/Decode_YYjson_stddev                               513 ns          503 ns            5 bytes_per_second=237.989Ki/s testdata/poet.json
poet/Decode_YYjson_cv                                  0.02 %          0.02 %             5 bytes_per_second=0.02% testdata/poet.json
poet/Decode_SIMDjson_mean                            959212 ns       955470 ns            5 bytes_per_second=3.4241Gi/s testdata/poet.json
poet/Decode_SIMDjson_median                          959067 ns       955336 ns            5 bytes_per_second=3.42458Gi/s testdata/poet.json
poet/Decode_SIMDjson_stddev                             519 ns          511 ns            5 bytes_per_second=1.87607Mi/s testdata/poet.json
poet/Decode_SIMDjson_cv                                0.05 %          0.05 %             5 bytes_per_second=0.05% testdata/poet.json
poet/Decode_JsonCpp_mean                           75663925 ns     75429585 ns            5 bytes_per_second=44.4142Mi/s testdata/poet.json
poet/Decode_JsonCpp_median                         75674340 ns     75440159 ns            5 bytes_per_second=44.408Mi/s testdata/poet.json
poet/Decode_JsonCpp_stddev                            66138 ns        62824 ns            5 bytes_per_second=37.8963Ki/s testdata/poet.json
poet/Decode_JsonCpp_cv                                 0.09 %          0.08 %             5 bytes_per_second=0.08% testdata/poet.json
otfcc/Decode_SonicDyn_mean                        143850395 ns    143276742 ns            5 bytes_per_second=442.039Mi/s testdata/otfcc.json
otfcc/Decode_SonicDyn_median                      144071267 ns    143494628 ns            5 bytes_per_second=441.36Mi/s testdata/otfcc.json
otfcc/Decode_SonicDyn_stddev                         640870 ns       634575 ns            5 bytes_per_second=1.96714Mi/s testdata/otfcc.json
otfcc/Decode_SonicDyn_cv                               0.45 %          0.44 %             5 bytes_per_second=0.45% testdata/otfcc.json
otfcc/Decode_Rapidjson_mean                       220511061 ns    219637523 ns            5 bytes_per_second=288.375Mi/s testdata/otfcc.json
otfcc/Decode_Rapidjson_median                     221126701 ns    220256420 ns            5 bytes_per_second=287.541Mi/s testdata/otfcc.json
otfcc/Decode_Rapidjson_stddev                       2192641 ns      2192205 ns            5 bytes_per_second=2.8802Mi/s testdata/otfcc.json
otfcc/Decode_Rapidjson_cv                              0.99 %          1.00 %             5 bytes_per_second=1.00% testdata/otfcc.json
otfcc/Decode_YYjson_mean                          183499057 ns    182746518 ns            5 bytes_per_second=346.561Mi/s testdata/otfcc.json
otfcc/Decode_YYjson_median                        183510054 ns    182755753 ns            5 bytes_per_second=346.544Mi/s testdata/otfcc.json
otfcc/Decode_YYjson_stddev                            23866 ns        21799 ns            5 bytes_per_second=42.334Ki/s testdata/otfcc.json
otfcc/Decode_YYjson_cv                                 0.01 %          0.01 %             5 bytes_per_second=0.01% testdata/otfcc.json
otfcc/Decode_SIMDjson_mean                        111887549 ns    111415201 ns            5 bytes_per_second=568.44Mi/s testdata/otfcc.json
otfcc/Decode_SIMDjson_median                      111873110 ns    111404358 ns            5 bytes_per_second=568.495Mi/s testdata/otfcc.json
otfcc/Decode_SIMDjson_stddev                          64185 ns        66466 ns            5 bytes_per_second=347.258Ki/s testdata/otfcc.json
otfcc/Decode_SIMDjson_cv                               0.06 %          0.06 %             5 bytes_per_second=0.06% testdata/otfcc.json
otfcc/Decode_JsonCpp_mean                        1.2560e+10 ns   1.2522e+10 ns            5 bytes_per_second=5.05963Mi/s testdata/otfcc.json
otfcc/Decode_JsonCpp_median                      1.2668e+10 ns   1.2631e+10 ns            5 bytes_per_second=5.01415Mi/s testdata/otfcc.json
otfcc/Decode_JsonCpp_stddev                       282891459 ns    281459059 ns            5 bytes_per_second=116.943Ki/s testdata/otfcc.json
otfcc/Decode_JsonCpp_cv                                2.25 %          2.25 %             5 bytes_per_second=2.26% testdata/otfcc.json
lottie/Decode_SonicDyn_mean                          455435 ns       453681 ns            5 bytes_per_second=607.354Mi/s testdata/lottie.json
lottie/Decode_SonicDyn_median                        455523 ns       453780 ns            5 bytes_per_second=607.219Mi/s testdata/lottie.json
lottie/Decode_SonicDyn_stddev                           948 ns          950 ns            5 bytes_per_second=1.2718Mi/s testdata/lottie.json
lottie/Decode_SonicDyn_cv                              0.21 %          0.21 %             5 bytes_per_second=0.21% testdata/lottie.json
lottie/Decode_Rapidjson_mean                         880326 ns       876635 ns            5 bytes_per_second=314.335Mi/s testdata/lottie.json
lottie/Decode_Rapidjson_median                       881607 ns       878204 ns            5 bytes_per_second=313.759Mi/s testdata/lottie.json
lottie/Decode_Rapidjson_stddev                         5984 ns         6610 ns            5 bytes_per_second=2.39073Mi/s testdata/lottie.json
lottie/Decode_Rapidjson_cv                             0.68 %          0.75 %             5 bytes_per_second=0.76% testdata/lottie.json
lottie/Decode_YYjson_mean                            860661 ns       857375 ns            5 bytes_per_second=321.381Mi/s testdata/lottie.json
lottie/Decode_YYjson_median                          860699 ns       857415 ns            5 bytes_per_second=321.366Mi/s testdata/lottie.json
lottie/Decode_YYjson_stddev                             279 ns          261 ns            5 bytes_per_second=100.126Ki/s testdata/lottie.json
lottie/Decode_YYjson_cv                                0.03 %          0.03 %             5 bytes_per_second=0.03% testdata/lottie.json
lottie/Decode_SIMDjson_mean                          371192 ns       369729 ns            5 bytes_per_second=745.261Mi/s testdata/lottie.json
lottie/Decode_SIMDjson_median                        371114 ns       369682 ns            5 bytes_per_second=745.354Mi/s testdata/lottie.json
lottie/Decode_SIMDjson_stddev                           400 ns          416 ns            5 bytes_per_second=858.037Ki/s testdata/lottie.json
lottie/Decode_SIMDjson_cv                              0.11 %          0.11 %             5 bytes_per_second=0.11% testdata/lottie.json
lottie/Decode_JsonCpp_mean                         74439566 ns     74212485 ns            5 bytes_per_second=3.71301Mi/s testdata/lottie.json
lottie/Decode_JsonCpp_median                       74651771 ns     74418972 ns            5 bytes_per_second=3.70261Mi/s testdata/lottie.json
lottie/Decode_JsonCpp_stddev                         428564 ns       425714 ns            5 bytes_per_second=21.8498Ki/s testdata/lottie.json
lottie/Decode_JsonCpp_cv                               0.58 %          0.57 %             5 bytes_per_second=0.57% testdata/lottie.json
gsoc-2018/Decode_SonicDyn_mean                       630260 ns       627833 ns            5 bytes_per_second=4.93648Gi/s testdata/gsoc-2018.json
gsoc-2018/Decode_SonicDyn_median                     630357 ns       627930 ns            5 bytes_per_second=4.93572Gi/s testdata/gsoc-2018.json
gsoc-2018/Decode_SonicDyn_stddev                        854 ns          859 ns            5 bytes_per_second=6.92653Mi/s testdata/gsoc-2018.json
gsoc-2018/Decode_SonicDyn_cv                           0.14 %          0.14 %             5 bytes_per_second=0.14% testdata/gsoc-2018.json
gsoc-2018/Decode_Rapidjson_mean                     4499830 ns      4482545 ns            5 bytes_per_second=708.007Mi/s testdata/gsoc-2018.json
gsoc-2018/Decode_Rapidjson_median                   4499838 ns      4482326 ns            5 bytes_per_second=708.04Mi/s testdata/gsoc-2018.json
gsoc-2018/Decode_Rapidjson_stddev                      6492 ns         6560 ns            5 bytes_per_second=1.03615Mi/s testdata/gsoc-2018.json
gsoc-2018/Decode_Rapidjson_cv                          0.14 %          0.15 %             5 bytes_per_second=0.15% testdata/gsoc-2018.json
gsoc-2018/Decode_YYjson_mean                        4322580 ns      4306062 ns            5 bytes_per_second=737.023Mi/s testdata/gsoc-2018.json
gsoc-2018/Decode_YYjson_median                      4322669 ns      4306040 ns            5 bytes_per_second=737.027Mi/s testdata/gsoc-2018.json
gsoc-2018/Decode_YYjson_stddev                         1338 ns         1239 ns            5 bytes_per_second=217.169Ki/s testdata/gsoc-2018.json
gsoc-2018/Decode_YYjson_cv                             0.03 %          0.03 %             5 bytes_per_second=0.03% testdata/gsoc-2018.json
gsoc-2018/Decode_SIMDjson_mean                       796452 ns       793197 ns            5 bytes_per_second=3.90733Gi/s testdata/gsoc-2018.json
gsoc-2018/Decode_SIMDjson_median                     796670 ns       793040 ns            5 bytes_per_second=3.90811Gi/s testdata/gsoc-2018.json
gsoc-2018/Decode_SIMDjson_stddev                        495 ns          450 ns            5 bytes_per_second=2.26942Mi/s testdata/gsoc-2018.json
gsoc-2018/Decode_SIMDjson_cv                           0.06 %          0.06 %             5 bytes_per_second=0.06% testdata/gsoc-2018.json
gsoc-2018/Decode_JsonCpp_mean                      52455608 ns     52288637 ns            5 bytes_per_second=61.1347Mi/s testdata/gsoc-2018.json
gsoc-2018/Decode_JsonCpp_median                    50093574 ns     49938997 ns            5 bytes_per_second=63.5509Mi/s testdata/gsoc-2018.json
gsoc-2018/Decode_JsonCpp_stddev                     5308454 ns      5282061 ns            5 bytes_per_second=5.43871Mi/s testdata/gsoc-2018.json
gsoc-2018/Decode_JsonCpp_cv                           10.12 %         10.10 %             5 bytes_per_second=8.90% testdata/gsoc-2018.json
github_events/Decode_SonicDyn_mean                    22408 ns        22341 ns            5 bytes_per_second=2.71509Gi/s testdata/github_events.json
github_events/Decode_SonicDyn_median                  22398 ns        22333 ns            5 bytes_per_second=2.71613Gi/s testdata/github_events.json
github_events/Decode_SonicDyn_stddev                   22.2 ns         22.6 ns            5 bytes_per_second=2.81251Mi/s testdata/github_events.json
github_events/Decode_SonicDyn_cv                       0.10 %          0.10 %             5 bytes_per_second=0.10% testdata/github_events.json
github_events/Decode_Rapidjson_mean                   99261 ns        98965 ns            5 bytes_per_second=627.644Mi/s testdata/github_events.json
github_events/Decode_Rapidjson_median                 99220 ns        98928 ns            5 bytes_per_second=627.877Mi/s testdata/github_events.json
github_events/Decode_Rapidjson_stddev                   197 ns          195 ns            5 bytes_per_second=1.23929Mi/s testdata/github_events.json
github_events/Decode_Rapidjson_cv                      0.20 %          0.20 %             5 bytes_per_second=0.20% testdata/github_events.json
github_events/Decode_YYjson_mean                      84541 ns        84290 ns            5 bytes_per_second=736.914Mi/s testdata/github_events.json
github_events/Decode_YYjson_median                    84533 ns        84279 ns            5 bytes_per_second=737.016Mi/s testdata/github_events.json
github_events/Decode_YYjson_stddev                     33.6 ns         34.1 ns            5 bytes_per_second=304.991Ki/s testdata/github_events.json
github_events/Decode_YYjson_cv                         0.04 %          0.04 %             5 bytes_per_second=0.04% testdata/github_events.json
github_events/Decode_SIMDjson_mean                    16952 ns        16901 ns            5 bytes_per_second=3.58916Gi/s testdata/github_events.json
github_events/Decode_SIMDjson_median                  16957 ns        16906 ns            5 bytes_per_second=3.58808Gi/s testdata/github_events.json
github_events/Decode_SIMDjson_stddev                   15.6 ns         15.4 ns            5 bytes_per_second=3.34294Mi/s testdata/github_events.json
github_events/Decode_SIMDjson_cv                       0.09 %          0.09 %             5 bytes_per_second=0.09% testdata/github_events.json
github_events/Decode_JsonCpp_mean                   2240081 ns      2233020 ns            5 bytes_per_second=27.8165Mi/s testdata/github_events.json
github_events/Decode_JsonCpp_median                 2239476 ns      2232335 ns            5 bytes_per_second=27.825Mi/s testdata/github_events.json
github_events/Decode_JsonCpp_stddev                    3483 ns         3470 ns            5 bytes_per_second=44.231Ki/s testdata/github_events.json
github_events/Decode_JsonCpp_cv                        0.16 %          0.16 %             5 bytes_per_second=0.16% testdata/github_events.json
fgo/Decode_SonicDyn_mean                           48486713 ns     48289428 ns            5 bytes_per_second=963.068Mi/s testdata/fgo.json
fgo/Decode_SonicDyn_median                         48497719 ns     48299623 ns            5 bytes_per_second=962.864Mi/s testdata/fgo.json
fgo/Decode_SonicDyn_stddev                            43389 ns        42774 ns            5 bytes_per_second=874.302Ki/s testdata/fgo.json
fgo/Decode_SonicDyn_cv                                 0.09 %          0.09 %             5 bytes_per_second=0.09% testdata/fgo.json
fgo/Decode_Rapidjson_mean                         112461059 ns    112033086 ns            5 bytes_per_second=415.174Mi/s testdata/fgo.json
fgo/Decode_Rapidjson_median                       112552789 ns    112125248 ns            5 bytes_per_second=414.768Mi/s testdata/fgo.json
fgo/Decode_Rapidjson_stddev                         1572676 ns      1564329 ns            5 bytes_per_second=5.8396Mi/s testdata/fgo.json
fgo/Decode_Rapidjson_cv                                1.40 %          1.40 %             5 bytes_per_second=1.41% testdata/fgo.json
fgo/Decode_YYjson_mean                            112369518 ns    111938042 ns            5 bytes_per_second=415.462Mi/s testdata/fgo.json
fgo/Decode_YYjson_median                          112372995 ns    111941400 ns            5 bytes_per_second=415.449Mi/s testdata/fgo.json
fgo/Decode_YYjson_stddev                              43852 ns        44051 ns            5 bytes_per_second=167.412Ki/s testdata/fgo.json
fgo/Decode_YYjson_cv                                   0.04 %          0.04 %             5 bytes_per_second=0.04% testdata/fgo.json
fgo/Decode_SIMDjson_mean                           58816121 ns     58572060 ns            5 bytes_per_second=793.996Mi/s testdata/fgo.json
fgo/Decode_SIMDjson_median                         58812212 ns     58566851 ns            5 bytes_per_second=794.066Mi/s testdata/fgo.json
fgo/Decode_SIMDjson_stddev                            32576 ns        32703 ns            5 bytes_per_second=453.926Ki/s testdata/fgo.json
fgo/Decode_SIMDjson_cv                                 0.06 %          0.06 %             5 bytes_per_second=0.06% testdata/fgo.json
fgo/Decode_JsonCpp_mean                          5843151899 ns   5825853873 ns            5 bytes_per_second=7.98731Mi/s testdata/fgo.json
fgo/Decode_JsonCpp_median                        5753057964 ns   5736172840 ns            5 bytes_per_second=8.10749Mi/s testdata/fgo.json
fgo/Decode_JsonCpp_stddev                         158461245 ns    157624078 ns            5 bytes_per_second=218.65Ki/s testdata/fgo.json
fgo/Decode_JsonCpp_cv                                  2.71 %          2.71 %             5 bytes_per_second=2.67% testdata/fgo.json
citm_catalog/Decode_SonicDyn_mean                    609706 ns       607436 ns            5 bytes_per_second=2.64816Gi/s testdata/citm_catalog.json
citm_catalog/Decode_SonicDyn_median                  610201 ns       607935 ns            5 bytes_per_second=2.64598Gi/s testdata/citm_catalog.json
citm_catalog/Decode_SonicDyn_stddev                     912 ns          925 ns            5 bytes_per_second=4.13265Mi/s testdata/citm_catalog.json
citm_catalog/Decode_SonicDyn_cv                        0.15 %          0.15 %             5 bytes_per_second=0.15% testdata/citm_catalog.json
citm_catalog/Decode_Rapidjson_mean                  1605867 ns      1599836 ns            5 bytes_per_second=1.00547Gi/s testdata/citm_catalog.json
citm_catalog/Decode_Rapidjson_median                1606436 ns      1600372 ns            5 bytes_per_second=1.00513Gi/s testdata/citm_catalog.json
citm_catalog/Decode_Rapidjson_stddev                   1319 ns         1319 ns            5 bytes_per_second=870.228Ki/s testdata/citm_catalog.json
citm_catalog/Decode_Rapidjson_cv                       0.08 %          0.08 %             5 bytes_per_second=0.08% testdata/citm_catalog.json
citm_catalog/Decode_YYjson_mean                     2059715 ns      2051966 ns            5 bytes_per_second=802.737Mi/s testdata/citm_catalog.json
citm_catalog/Decode_YYjson_median                   2059737 ns      2051967 ns            5 bytes_per_second=802.737Mi/s testdata/citm_catalog.json
citm_catalog/Decode_YYjson_stddev                       213 ns          200 ns            5 bytes_per_second=79.9585Ki/s testdata/citm_catalog.json
citm_catalog/Decode_YYjson_cv                          0.01 %          0.01 %             5 bytes_per_second=0.01% testdata/citm_catalog.json
citm_catalog/Decode_SIMDjson_mean                    596107 ns       593876 ns            5 bytes_per_second=2.70862Gi/s testdata/citm_catalog.json
citm_catalog/Decode_SIMDjson_median                  596095 ns       593878 ns            5 bytes_per_second=2.70861Gi/s testdata/citm_catalog.json
citm_catalog/Decode_SIMDjson_stddev                    47.4 ns         44.4 ns            5 bytes_per_second=212.282Ki/s testdata/citm_catalog.json
citm_catalog/Decode_SIMDjson_cv                        0.01 %          0.01 %             5 bytes_per_second=0.01% testdata/citm_catalog.json
citm_catalog/Decode_JsonCpp_mean                   63013002 ns     62825581 ns            5 bytes_per_second=26.2191Mi/s testdata/citm_catalog.json
citm_catalog/Decode_JsonCpp_median                 63008338 ns     62818530 ns            5 bytes_per_second=26.2214Mi/s testdata/citm_catalog.json
citm_catalog/Decode_JsonCpp_stddev                   359702 ns       358085 ns            5 bytes_per_second=153.118Ki/s testdata/citm_catalog.json
citm_catalog/Decode_JsonCpp_cv                         0.57 %          0.57 %             5 bytes_per_second=0.57% testdata/citm_catalog.json
canada/Decode_SonicDyn_mean                         2129572 ns      2121616 ns            5 bytes_per_second=1011.86Mi/s testdata/canada.json
canada/Decode_SonicDyn_median                       2129606 ns      2121648 ns            5 bytes_per_second=1011.84Mi/s testdata/canada.json
canada/Decode_SonicDyn_stddev                          3395 ns         3361 ns            5 bytes_per_second=1.60171Mi/s testdata/canada.json
canada/Decode_SonicDyn_cv                              0.16 %          0.16 %             5 bytes_per_second=0.16% testdata/canada.json
canada/Decode_Rapidjson_mean                        3056915 ns      3045474 ns            5 bytes_per_second=704.906Mi/s testdata/canada.json
canada/Decode_Rapidjson_median                      3056390 ns      3044944 ns            5 bytes_per_second=705.028Mi/s testdata/canada.json
canada/Decode_Rapidjson_stddev                         3875 ns         3871 ns            5 bytes_per_second=917.307Ki/s testdata/canada.json
canada/Decode_Rapidjson_cv                             0.13 %          0.13 %             5 bytes_per_second=0.13% testdata/canada.json
canada/Decode_YYjson_mean                           7134302 ns      7109846 ns            5 bytes_per_second=301.943Mi/s testdata/canada.json
canada/Decode_YYjson_median                         7134663 ns      7110193 ns            5 bytes_per_second=301.928Mi/s testdata/canada.json
canada/Decode_YYjson_stddev                            1675 ns         1591 ns            5 bytes_per_second=69.2176Ki/s testdata/canada.json
canada/Decode_YYjson_cv                                0.02 %          0.02 %             5 bytes_per_second=0.02% testdata/canada.json
canada/Decode_SIMDjson_mean                         2148989 ns      2140928 ns            5 bytes_per_second=1002.73Mi/s testdata/canada.json
canada/Decode_SIMDjson_median                       2149081 ns      2141054 ns            5 bytes_per_second=1002.67Mi/s testdata/canada.json
canada/Decode_SIMDjson_stddev                           243 ns          292 ns            5 bytes_per_second=140.145Ki/s testdata/canada.json
canada/Decode_SIMDjson_cv                              0.01 %          0.01 %             5 bytes_per_second=0.01% testdata/canada.json
canada/Decode_JsonCpp_mean                        315818229 ns    314895862 ns            5 bytes_per_second=6.81747Mi/s testdata/canada.json
canada/Decode_JsonCpp_median                      315385300 ns    314462545 ns            5 bytes_per_second=6.82679Mi/s testdata/canada.json
canada/Decode_JsonCpp_stddev                        1195241 ns      1194042 ns            5 bytes_per_second=26.4646Ki/s testdata/canada.json
canada/Decode_JsonCpp_cv                               0.38 %          0.38 %             5 bytes_per_second=0.38% testdata/canada.json
book/Decode_SonicDyn_mean                               497 ns          496 ns            5 bytes_per_second=705.933Mi/s testdata/book.json
book/Decode_SonicDyn_median                             497 ns          496 ns            5 bytes_per_second=705.969Mi/s testdata/book.json
book/Decode_SonicDyn_stddev                           0.478 ns        0.481 ns            5 bytes_per_second=701.62Ki/s testdata/book.json
book/Decode_SonicDyn_cv                                0.10 %          0.10 %             5 bytes_per_second=0.10% testdata/book.json
book/Decode_Rapidjson_mean                              922 ns          919 ns            5 bytes_per_second=380.765Mi/s testdata/book.json
book/Decode_Rapidjson_median                            922 ns          920 ns            5 bytes_per_second=380.62Mi/s testdata/book.json
book/Decode_Rapidjson_stddev                           2.09 ns         2.09 ns            5 bytes_per_second=886.014Ki/s testdata/book.json
book/Decode_Rapidjson_cv                               0.23 %          0.23 %             5 bytes_per_second=0.23% testdata/book.json
book/Decode_YYjson_mean                                 817 ns          815 ns            5 bytes_per_second=429.566Mi/s testdata/book.json
book/Decode_YYjson_median                               815 ns          813 ns            5 bytes_per_second=430.445Mi/s testdata/book.json
book/Decode_YYjson_stddev                              3.61 ns         3.61 ns            5 bytes_per_second=1.89092Mi/s testdata/book.json
book/Decode_YYjson_cv                                  0.44 %          0.44 %             5 bytes_per_second=0.44% testdata/book.json
book/Decode_SIMDjson_mean                               445 ns          444 ns            5 bytes_per_second=788.188Mi/s testdata/book.json
book/Decode_SIMDjson_median                             445 ns          444 ns            5 bytes_per_second=788.188Mi/s testdata/book.json
book/Decode_SIMDjson_stddev                           0.075 ns        0.077 ns            5 bytes_per_second=139.835Ki/s testdata/book.json
book/Decode_SIMDjson_cv                                0.02 %          0.02 %             5 bytes_per_second=0.02% testdata/book.json
book/Decode_JsonCpp_mean                              70159 ns        69949 ns            5 bytes_per_second=5.0036Mi/s testdata/book.json
book/Decode_JsonCpp_median                            70159 ns        69948 ns            5 bytes_per_second=5.00371Mi/s testdata/book.json
book/Decode_JsonCpp_stddev                             19.9 ns         20.2 ns            5 bytes_per_second=1.47852Ki/s testdata/book.json
book/Decode_JsonCpp_cv                                 0.03 %          0.03 %             5 bytes_per_second=0.03% testdata/book.json
twitterescaped/Encode_SonicDyn_mean                  138246 ns       137728 ns            5 bytes_per_second=3.80302Gi/s testdata/twitterescaped.json
twitterescaped/Encode_SonicDyn_median                138229 ns       137714 ns            5 bytes_per_second=3.80342Gi/s testdata/twitterescaped.json
twitterescaped/Encode_SonicDyn_stddev                   110 ns          109 ns            5 bytes_per_second=3.0933Mi/s testdata/twitterescaped.json
twitterescaped/Encode_SonicDyn_cv                      0.08 %          0.08 %             5 bytes_per_second=0.08% testdata/twitterescaped.json
twitterescaped/Encode_Rapidjson_mean                 525483 ns       523523 ns            5 bytes_per_second=1.0005Gi/s testdata/twitterescaped.json
twitterescaped/Encode_Rapidjson_median               525501 ns       523526 ns            5 bytes_per_second=1.00049Gi/s testdata/twitterescaped.json
twitterescaped/Encode_Rapidjson_stddev                 68.4 ns         76.3 ns            5 bytes_per_second=152.835Ki/s testdata/twitterescaped.json
twitterescaped/Encode_Rapidjson_cv                     0.01 %          0.01 %             5 bytes_per_second=0.01% testdata/twitterescaped.json
twitterescaped/Encode_YYjson_mean                    434100 ns       432482 ns            5 bytes_per_second=1.21111Gi/s testdata/twitterescaped.json
twitterescaped/Encode_YYjson_median                  434070 ns       432456 ns            5 bytes_per_second=1.21118Gi/s testdata/twitterescaped.json
twitterescaped/Encode_YYjson_stddev                     141 ns          145 ns            5 bytes_per_second=426.454Ki/s testdata/twitterescaped.json
twitterescaped/Encode_YYjson_cv                        0.03 %          0.03 %             5 bytes_per_second=0.03% testdata/twitterescaped.json
twitterescaped/Encode_SIMDjson_mean                  319718 ns       318509 ns            5 bytes_per_second=1.64455Gi/s testdata/twitterescaped.json
twitterescaped/Encode_SIMDjson_median                318991 ns       317781 ns            5 bytes_per_second=1.64825Gi/s testdata/twitterescaped.json
twitterescaped/Encode_SIMDjson_stddev                  2297 ns         2287 ns            5 bytes_per_second=12.0929Mi/s testdata/twitterescaped.json
twitterescaped/Encode_SIMDjson_cv                      0.72 %          0.72 %             5 bytes_per_second=0.72% testdata/twitterescaped.json
twitterescaped/Encode_JsonCpp_mean                 12035314 ns     11996261 ns            5 bytes_per_second=44.7113Mi/s testdata/twitterescaped.json
twitterescaped/Encode_JsonCpp_median               12011231 ns     11972650 ns            5 bytes_per_second=44.7983Mi/s testdata/twitterescaped.json
twitterescaped/Encode_JsonCpp_stddev                  70084 ns        69544 ns            5 bytes_per_second=263.688Ki/s testdata/twitterescaped.json
twitterescaped/Encode_JsonCpp_cv                       0.58 %          0.58 %             5 bytes_per_second=0.58% testdata/twitterescaped.json
twitter/Encode_SonicDyn_mean                          51657 ns        51471 ns            5 bytes_per_second=4.78382Gi/s testdata/twitter.json
twitter/Encode_SonicDyn_median                        51579 ns        51394 ns            5 bytes_per_second=4.79091Gi/s testdata/twitter.json
twitter/Encode_SonicDyn_stddev                          229 ns          227 ns            5 bytes_per_second=21.5531Mi/s testdata/twitter.json
twitter/Encode_SonicDyn_cv                             0.44 %          0.44 %             5 bytes_per_second=0.44% testdata/twitter.json
twitter/Encode_Rapidjson_mean                        226430 ns       225588 ns            5 bytes_per_second=1.09149Gi/s testdata/twitter.json
twitter/Encode_Rapidjson_median                      226734 ns       225891 ns            5 bytes_per_second=1.09002Gi/s testdata/twitter.json
twitter/Encode_Rapidjson_stddev                         461 ns          460 ns            5 bytes_per_second=2.28215Mi/s testdata/twitter.json
twitter/Encode_Rapidjson_cv                            0.20 %          0.20 %             5 bytes_per_second=0.20% testdata/twitter.json
twitter/Encode_YYjson_mean                           152099 ns       151546 ns            5 bytes_per_second=1.62476Gi/s testdata/twitter.json
twitter/Encode_YYjson_median                         152152 ns       151594 ns            5 bytes_per_second=1.62424Gi/s testdata/twitter.json
twitter/Encode_YYjson_stddev                            150 ns          146 ns            5 bytes_per_second=1.59915Mi/s testdata/twitter.json
twitter/Encode_YYjson_cv                               0.10 %          0.10 %             5 bytes_per_second=0.10% testdata/twitter.json
twitter/Encode_SIMDjson_mean                         137064 ns       136556 ns            5 bytes_per_second=1.80311Gi/s testdata/twitter.json
twitter/Encode_SIMDjson_median                       137066 ns       136559 ns            5 bytes_per_second=1.80307Gi/s testdata/twitter.json
twitter/Encode_SIMDjson_stddev                          156 ns          156 ns            5 bytes_per_second=2.1015Mi/s testdata/twitter.json
twitter/Encode_SIMDjson_cv                             0.11 %          0.11 %             5 bytes_per_second=0.11% testdata/twitter.json
twitter/Encode_JsonCpp_mean                         5001403 ns      4984953 ns            5 bytes_per_second=50.5801Mi/s testdata/twitter.json
twitter/Encode_JsonCpp_median                       4991258 ns      4974910 ns            5 bytes_per_second=50.6814Mi/s testdata/twitter.json
twitter/Encode_JsonCpp_stddev                         23271 ns        23197 ns            5 bytes_per_second=240.643Ki/s testdata/twitter.json
twitter/Encode_JsonCpp_cv                              0.47 %          0.47 %             5 bytes_per_second=0.46% testdata/twitter.json
poet/Encode_SonicDyn_mean                            508368 ns       506451 ns            5 bytes_per_second=6.45991Gi/s testdata/poet.json
poet/Encode_SonicDyn_median                          508362 ns       506455 ns            5 bytes_per_second=6.45986Gi/s testdata/poet.json
poet/Encode_SonicDyn_stddev                             187 ns          190 ns            5 bytes_per_second=2.48596Mi/s testdata/poet.json
poet/Encode_SonicDyn_cv                                0.04 %          0.04 %             5 bytes_per_second=0.04% testdata/poet.json
poet/Encode_Rapidjson_mean                          2495489 ns      2486187 ns            5 bytes_per_second=1.31592Gi/s testdata/poet.json
poet/Encode_Rapidjson_median                        2495460 ns      2486190 ns            5 bytes_per_second=1.31592Gi/s testdata/poet.json
poet/Encode_Rapidjson_stddev                            244 ns          250 ns            5 bytes_per_second=138.498Ki/s testdata/poet.json
poet/Encode_Rapidjson_cv                               0.01 %          0.01 %             5 bytes_per_second=0.01% testdata/poet.json
poet/Encode_YYjson_mean                             1159242 ns      1154892 ns            5 bytes_per_second=2.83284Gi/s testdata/poet.json
poet/Encode_YYjson_median                           1159308 ns      1154925 ns            5 bytes_per_second=2.83276Gi/s testdata/poet.json
poet/Encode_YYjson_stddev                               185 ns          172 ns            5 bytes_per_second=441.924Ki/s testdata/poet.json
poet/Encode_YYjson_cv                                  0.02 %          0.01 %             5 bytes_per_second=0.01% testdata/poet.json
poet/Encode_SIMDjson_mean                           1288047 ns      1283121 ns            5 bytes_per_second=2.54974Gi/s testdata/poet.json
poet/Encode_SIMDjson_median                         1288134 ns      1283170 ns            5 bytes_per_second=2.54965Gi/s testdata/poet.json
poet/Encode_SIMDjson_stddev                             603 ns          599 ns            5 bytes_per_second=1.21904Mi/s testdata/poet.json
poet/Encode_SIMDjson_cv                                0.05 %          0.05 %             5 bytes_per_second=0.05% testdata/poet.json
poet/Encode_JsonCpp_mean                           61660060 ns     61464330 ns            5 bytes_per_second=54.5064Mi/s testdata/poet.json
poet/Encode_JsonCpp_median                         61819270 ns     61622436 ns            5 bytes_per_second=54.3657Mi/s testdata/poet.json
poet/Encode_JsonCpp_stddev                           275518 ns       274463 ns            5 bytes_per_second=249.615Ki/s testdata/poet.json
poet/Encode_JsonCpp_cv                                 0.45 %          0.45 %             5 bytes_per_second=0.45% testdata/poet.json
otfcc/Encode_SonicDyn_mean                         76484515 ns     76179077 ns            5 bytes_per_second=831.368Mi/s testdata/otfcc.json
otfcc/Encode_SonicDyn_median                       76483268 ns     76177008 ns            5 bytes_per_second=831.391Mi/s testdata/otfcc.json
otfcc/Encode_SonicDyn_stddev                          64770 ns        64759 ns            5 bytes_per_second=723.799Ki/s testdata/otfcc.json
otfcc/Encode_SonicDyn_cv                               0.08 %          0.09 %             5 bytes_per_second=0.09% testdata/otfcc.json
otfcc/Encode_Rapidjson_mean                       137486694 ns    136944888 ns            5 bytes_per_second=462.47Mi/s testdata/otfcc.json
otfcc/Encode_Rapidjson_median                     137485997 ns    136949600 ns            5 bytes_per_second=462.454Mi/s testdata/otfcc.json
otfcc/Encode_Rapidjson_stddev                        141705 ns       136389 ns            5 bytes_per_second=471.538Ki/s testdata/otfcc.json
otfcc/Encode_Rapidjson_cv                              0.10 %          0.10 %             5 bytes_per_second=0.10% testdata/otfcc.json
otfcc/Encode_YYjson_mean                          135124530 ns    134594724 ns            5 bytes_per_second=470.545Mi/s testdata/otfcc.json
otfcc/Encode_YYjson_median                        135107032 ns    134575732 ns            5 bytes_per_second=470.611Mi/s testdata/otfcc.json
otfcc/Encode_YYjson_stddev                            66482 ns        68554 ns            5 bytes_per_second=245.396Ki/s testdata/otfcc.json
otfcc/Encode_YYjson_cv                                 0.05 %          0.05 %             5 bytes_per_second=0.05% testdata/otfcc.json
otfcc/Encode_SIMDjson_mean                        121195369 ns    120703100 ns            5 bytes_per_second=524.733Mi/s testdata/otfcc.json
otfcc/Encode_SIMDjson_median                      121096584 ns    120600763 ns            5 bytes_per_second=525.145Mi/s testdata/otfcc.json
otfcc/Encode_SIMDjson_stddev                        1081190 ns      1077712 ns            5 bytes_per_second=4.65421Mi/s testdata/otfcc.json
otfcc/Encode_SIMDjson_cv                               0.89 %          0.89 %             5 bytes_per_second=0.89% testdata/otfcc.json
otfcc/Encode_JsonCpp_mean                        5443660110 ns   5426846012 ns            5 bytes_per_second=11.7009Mi/s testdata/otfcc.json
otfcc/Encode_JsonCpp_median                      5218488809 ns   5202643670 ns            5 bytes_per_second=12.1732Mi/s testdata/otfcc.json
otfcc/Encode_JsonCpp_stddev                       314955488 ns    313501352 ns            5 bytes_per_second=677.875Ki/s testdata/otfcc.json
otfcc/Encode_JsonCpp_cv                                5.79 %          5.78 %             5 bytes_per_second=5.66% testdata/otfcc.json
lottie/Encode_SonicDyn_mean                          481358 ns       479516 ns            5 bytes_per_second=574.632Mi/s testdata/lottie.json
lottie/Encode_SonicDyn_median                        481182 ns       479348 ns            5 bytes_per_second=574.831Mi/s testdata/lottie.json
lottie/Encode_SonicDyn_stddev                           920 ns          924 ns            5 bytes_per_second=1.10748Mi/s testdata/lottie.json
lottie/Encode_SonicDyn_cv                              0.19 %          0.19 %             5 bytes_per_second=0.19% testdata/lottie.json
lottie/Encode_Rapidjson_mean                         798044 ns       794953 ns            5 bytes_per_second=346.618Mi/s testdata/lottie.json
lottie/Encode_Rapidjson_median                       798052 ns       794973 ns            5 bytes_per_second=346.608Mi/s testdata/lottie.json
lottie/Encode_Rapidjson_stddev                         1345 ns         1357 ns            5 bytes_per_second=605.788Ki/s testdata/lottie.json
lottie/Encode_Rapidjson_cv                             0.17 %          0.17 %             5 bytes_per_second=0.17% testdata/lottie.json
lottie/Encode_YYjson_mean                            944379 ns       940723 ns            5 bytes_per_second=292.907Mi/s testdata/lottie.json
lottie/Encode_YYjson_median                          944069 ns       940431 ns            5 bytes_per_second=292.998Mi/s testdata/lottie.json
lottie/Encode_YYjson_stddev                            1034 ns         1073 ns            5 bytes_per_second=342.127Ki/s testdata/lottie.json
lottie/Encode_YYjson_cv                                0.11 %          0.11 %             5 bytes_per_second=0.11% testdata/lottie.json
lottie/Encode_SIMDjson_mean                          667837 ns       665266 ns            5 bytes_per_second=414.198Mi/s testdata/lottie.json
lottie/Encode_SIMDjson_median                        667432 ns       664871 ns            5 bytes_per_second=414.433Mi/s testdata/lottie.json
lottie/Encode_SIMDjson_stddev                          3916 ns         3902 ns            5 bytes_per_second=2.43256Mi/s testdata/lottie.json
lottie/Encode_SIMDjson_cv                              0.59 %          0.59 %             5 bytes_per_second=0.59% testdata/lottie.json
lottie/Encode_JsonCpp_mean                         27787376 ns     27699655 ns            5 bytes_per_second=9.94981Mi/s testdata/lottie.json
lottie/Encode_JsonCpp_median                       28066527 ns     27978468 ns            5 bytes_per_second=9.84844Mi/s testdata/lottie.json
lottie/Encode_JsonCpp_stddev                         465483 ns       463949 ns            5 bytes_per_second=171.552Ki/s testdata/lottie.json
lottie/Encode_JsonCpp_cv                               1.68 %          1.67 %             5 bytes_per_second=1.68% testdata/lottie.json
gsoc-2018/Encode_SonicDyn_mean                       358252 ns       356861 ns            5 bytes_per_second=8.68486Gi/s testdata/gsoc-2018.json
gsoc-2018/Encode_SonicDyn_median                     358253 ns       356862 ns            5 bytes_per_second=8.68482Gi/s testdata/gsoc-2018.json
gsoc-2018/Encode_SonicDyn_stddev                       97.4 ns         95.7 ns            5 bytes_per_second=2.38596Mi/s testdata/gsoc-2018.json
gsoc-2018/Encode_SonicDyn_cv                           0.03 %          0.03 %             5 bytes_per_second=0.03% testdata/gsoc-2018.json
gsoc-2018/Encode_Rapidjson_mean                     2383140 ns      2373961 ns            5 bytes_per_second=1.30553Gi/s testdata/gsoc-2018.json
gsoc-2018/Encode_Rapidjson_median                   2383317 ns      2374083 ns            5 bytes_per_second=1.30547Gi/s testdata/gsoc-2018.json
gsoc-2018/Encode_Rapidjson_stddev                       471 ns          444 ns            5 bytes_per_second=256.031Ki/s testdata/gsoc-2018.json
gsoc-2018/Encode_Rapidjson_cv                          0.02 %          0.02 %             5 bytes_per_second=0.02% testdata/gsoc-2018.json
gsoc-2018/Encode_YYjson_mean                        2159641 ns      2151344 ns            5 bytes_per_second=1.44063Gi/s testdata/gsoc-2018.json
gsoc-2018/Encode_YYjson_median                      2159249 ns      2151006 ns            5 bytes_per_second=1.44085Gi/s testdata/gsoc-2018.json
gsoc-2018/Encode_YYjson_stddev                         1309 ns         1222 ns            5 bytes_per_second=857.868Ki/s testdata/gsoc-2018.json
gsoc-2018/Encode_YYjson_cv                             0.06 %          0.06 %             5 bytes_per_second=0.06% testdata/gsoc-2018.json
gsoc-2018/Encode_SIMDjson_mean                      2952467 ns      2941041 ns            5 bytes_per_second=1.05381Gi/s testdata/gsoc-2018.json
gsoc-2018/Encode_SIMDjson_median                    2954010 ns      2942503 ns            5 bytes_per_second=1.05328Gi/s testdata/gsoc-2018.json
gsoc-2018/Encode_SIMDjson_stddev                       3996 ns         3943 ns            5 bytes_per_second=1.44781Mi/s testdata/gsoc-2018.json
gsoc-2018/Encode_SIMDjson_cv                           0.14 %          0.13 %             5 bytes_per_second=0.13% testdata/gsoc-2018.json
gsoc-2018/Encode_JsonCpp_mean                      35341883 ns     35230060 ns            5 bytes_per_second=90.0841Mi/s testdata/gsoc-2018.json
gsoc-2018/Encode_JsonCpp_median                    35328072 ns     35216326 ns            5 bytes_per_second=90.1192Mi/s testdata/gsoc-2018.json
gsoc-2018/Encode_JsonCpp_stddev                       37010 ns        36648 ns            5 bytes_per_second=95.9294Ki/s testdata/gsoc-2018.json
gsoc-2018/Encode_JsonCpp_cv                            0.10 %          0.10 %             5 bytes_per_second=0.10% testdata/gsoc-2018.json
github_events/Encode_SonicDyn_mean                    12189 ns        12153 ns            5 bytes_per_second=4.99108Gi/s testdata/github_events.json
github_events/Encode_SonicDyn_median                  12187 ns        12151 ns            5 bytes_per_second=4.9922Gi/s testdata/github_events.json
github_events/Encode_SonicDyn_stddev                   5.44 ns         5.35 ns            5 bytes_per_second=2.24759Mi/s testdata/github_events.json
github_events/Encode_SonicDyn_cv                       0.04 %          0.04 %             5 bytes_per_second=0.04% testdata/github_events.json
github_events/Encode_Rapidjson_mean                   54373 ns        54211 ns            5 bytes_per_second=1.11896Gi/s testdata/github_events.json
github_events/Encode_Rapidjson_median                 54306 ns        54145 ns            5 bytes_per_second=1.1203Gi/s testdata/github_events.json
github_events/Encode_Rapidjson_stddev                   215 ns          215 ns            5 bytes_per_second=4.54121Mi/s testdata/github_events.json
github_events/Encode_Rapidjson_cv                      0.39 %          0.40 %             5 bytes_per_second=0.40% testdata/github_events.json
github_events/Encode_YYjson_mean                      30509 ns        30418 ns            5 bytes_per_second=1.99416Gi/s testdata/github_events.json
github_events/Encode_YYjson_median                    30511 ns        30419 ns            5 bytes_per_second=1.99409Gi/s testdata/github_events.json
github_events/Encode_YYjson_stddev                     4.64 ns         4.44 ns            5 bytes_per_second=305.375Ki/s testdata/github_events.json
github_events/Encode_YYjson_cv                         0.02 %          0.01 %             5 bytes_per_second=0.01% testdata/github_events.json
github_events/Encode_SIMDjson_mean                    33553 ns        33453 ns            5 bytes_per_second=1.81331Gi/s testdata/github_events.json
github_events/Encode_SIMDjson_median                  33473 ns        33373 ns            5 bytes_per_second=1.81761Gi/s testdata/github_events.json
github_events/Encode_SIMDjson_stddev                    150 ns          150 ns            5 bytes_per_second=8.32075Mi/s testdata/github_events.json
github_events/Encode_SIMDjson_cv                       0.45 %          0.45 %             5 bytes_per_second=0.45% testdata/github_events.json
github_events/Encode_JsonCpp_mean                   1056150 ns      1052581 ns            5 bytes_per_second=59.0119Mi/s testdata/github_events.json
github_events/Encode_JsonCpp_median                 1056579 ns      1053016 ns            5 bytes_per_second=58.9874Mi/s testdata/github_events.json
github_events/Encode_JsonCpp_stddev                    1243 ns         1230 ns            5 bytes_per_second=70.6183Ki/s testdata/github_events.json
github_events/Encode_JsonCpp_cv                        0.12 %          0.12 %             5 bytes_per_second=0.12% testdata/github_events.json
fgo/Encode_SonicDyn_mean                           26728177 ns     26618256 ns            5 bytes_per_second=1.70621Gi/s testdata/fgo.json
fgo/Encode_SonicDyn_median                         26706175 ns     26596393 ns            5 bytes_per_second=1.7076Gi/s testdata/fgo.json
fgo/Encode_SonicDyn_stddev                            70310 ns        70206 ns            5 bytes_per_second=4.60638Mi/s testdata/fgo.json
fgo/Encode_SonicDyn_cv                                 0.26 %          0.26 %             5 bytes_per_second=0.26% testdata/fgo.json
fgo/Encode_Rapidjson_mean                          59917613 ns     59681147 ns            5 bytes_per_second=779.241Mi/s testdata/fgo.json
fgo/Encode_Rapidjson_median                        59906079 ns     59666211 ns            5 bytes_per_second=779.436Mi/s testdata/fgo.json
fgo/Encode_Rapidjson_stddev                           34078 ns        33988 ns            5 bytes_per_second=454.234Ki/s testdata/fgo.json
fgo/Encode_Rapidjson_cv                                0.06 %          0.06 %             5 bytes_per_second=0.06% testdata/fgo.json
fgo/Encode_YYjson_mean                             65420581 ns     65163971 ns            5 bytes_per_second=713.676Mi/s testdata/fgo.json
fgo/Encode_YYjson_median                           65419045 ns     65162729 ns            5 bytes_per_second=713.69Mi/s testdata/fgo.json
fgo/Encode_YYjson_stddev                              11472 ns        11964 ns            5 bytes_per_second=134.167Ki/s testdata/fgo.json
fgo/Encode_YYjson_cv                                   0.02 %          0.02 %             5 bytes_per_second=0.02% testdata/fgo.json
fgo/Encode_SIMDjson_mean                           68092055 ns     67819576 ns            5 bytes_per_second=685.742Mi/s testdata/fgo.json
fgo/Encode_SIMDjson_median                         68153095 ns     67880725 ns            5 bytes_per_second=685.113Mi/s testdata/fgo.json
fgo/Encode_SIMDjson_stddev                           313813 ns       310632 ns            5 bytes_per_second=3.15197Mi/s testdata/fgo.json
fgo/Encode_SIMDjson_cv                                 0.46 %          0.46 %             5 bytes_per_second=0.46% testdata/fgo.json
fgo/Encode_JsonCpp_mean                          2302435224 ns   2295547554 ns            5 bytes_per_second=20.2593Mi/s testdata/fgo.json
fgo/Encode_JsonCpp_median                        2301939530 ns   2295063030 ns            5 bytes_per_second=20.2635Mi/s testdata/fgo.json
fgo/Encode_JsonCpp_stddev                           6286022 ns      6262596 ns            5 bytes_per_second=56.6288Ki/s testdata/fgo.json
fgo/Encode_JsonCpp_cv                                  0.27 %          0.27 %             5 bytes_per_second=0.27% testdata/fgo.json
citm_catalog/Encode_SonicDyn_mean                    276677 ns       275605 ns            5 bytes_per_second=5.83655Gi/s testdata/citm_catalog.json
citm_catalog/Encode_SonicDyn_median                  276746 ns       275680 ns            5 bytes_per_second=5.83496Gi/s testdata/citm_catalog.json
citm_catalog/Encode_SonicDyn_stddev                     165 ns          160 ns            5 bytes_per_second=3.46579Mi/s testdata/citm_catalog.json
citm_catalog/Encode_SonicDyn_cv                        0.06 %          0.06 %             5 bytes_per_second=0.06% testdata/citm_catalog.json
citm_catalog/Encode_Rapidjson_mean                   593849 ns       591548 ns            5 bytes_per_second=2.71928Gi/s testdata/citm_catalog.json
citm_catalog/Encode_Rapidjson_median                 593700 ns       591412 ns            5 bytes_per_second=2.71991Gi/s testdata/citm_catalog.json
citm_catalog/Encode_Rapidjson_stddev                    308 ns          312 ns            5 bytes_per_second=1.46996Mi/s testdata/citm_catalog.json
citm_catalog/Encode_Rapidjson_cv                       0.05 %          0.05 %             5 bytes_per_second=0.05% testdata/citm_catalog.json
citm_catalog/Encode_YYjson_mean                      649347 ns       646827 ns            5 bytes_per_second=2.48689Gi/s testdata/citm_catalog.json
citm_catalog/Encode_YYjson_median                    649489 ns       646968 ns            5 bytes_per_second=2.48634Gi/s testdata/citm_catalog.json
citm_catalog/Encode_YYjson_stddev                       393 ns          406 ns            5 bytes_per_second=1.59928Mi/s testdata/citm_catalog.json
citm_catalog/Encode_YYjson_cv                          0.06 %          0.06 %             5 bytes_per_second=0.06% testdata/citm_catalog.json
citm_catalog/Encode_SIMDjson_mean                    519975 ns       517971 ns            5 bytes_per_second=3.10568Gi/s testdata/citm_catalog.json
citm_catalog/Encode_SIMDjson_median                  522267 ns       520255 ns            5 bytes_per_second=3.09192Gi/s testdata/citm_catalog.json
citm_catalog/Encode_SIMDjson_stddev                    3716 ns         3708 ns            5 bytes_per_second=22.8324Mi/s testdata/citm_catalog.json
citm_catalog/Encode_SIMDjson_cv                        0.71 %          0.72 %             5 bytes_per_second=0.72% testdata/citm_catalog.json
citm_catalog/Encode_JsonCpp_mean                   23855501 ns     23780421 ns            5 bytes_per_second=69.2794Mi/s testdata/citm_catalog.json
citm_catalog/Encode_JsonCpp_median                 24036667 ns     23961945 ns            5 bytes_per_second=68.7419Mi/s testdata/citm_catalog.json
citm_catalog/Encode_JsonCpp_stddev                   360988 ns       360006 ns            5 bytes_per_second=1.05239Mi/s testdata/citm_catalog.json
citm_catalog/Encode_JsonCpp_cv                         1.51 %          1.51 %             5 bytes_per_second=1.52% testdata/citm_catalog.json
canada/Encode_SonicDyn_mean                         3793198 ns      3778620 ns            5 bytes_per_second=568.137Mi/s testdata/canada.json
canada/Encode_SonicDyn_median                       3790967 ns      3776131 ns            5 bytes_per_second=568.51Mi/s testdata/canada.json
canada/Encode_SonicDyn_stddev                          6075 ns         6102 ns            5 bytes_per_second=939.213Ki/s testdata/canada.json
canada/Encode_SonicDyn_cv                              0.16 %          0.16 %             5 bytes_per_second=0.16% testdata/canada.json
canada/Encode_Rapidjson_mean                        7438779 ns      7410932 ns            5 bytes_per_second=289.676Mi/s testdata/canada.json
canada/Encode_Rapidjson_median                      7436379 ns      7407965 ns            5 bytes_per_second=289.792Mi/s testdata/canada.json
canada/Encode_Rapidjson_stddev                         5193 ns         5290 ns            5 bytes_per_second=211.594Ki/s testdata/canada.json
canada/Encode_Rapidjson_cv                             0.07 %          0.07 %             5 bytes_per_second=0.07% testdata/canada.json
canada/Encode_YYjson_mean                           7262498 ns      7238018 ns            5 bytes_per_second=296.596Mi/s testdata/canada.json
canada/Encode_YYjson_median                         7262360 ns      7237601 ns            5 bytes_per_second=296.613Mi/s testdata/canada.json
canada/Encode_YYjson_stddev                             962 ns         1212 ns            5 bytes_per_second=50.864Ki/s testdata/canada.json
canada/Encode_YYjson_cv                                0.01 %          0.02 %             5 bytes_per_second=0.02% testdata/canada.json
canada/Encode_SIMDjson_mean                         3485563 ns      3471965 ns            5 bytes_per_second=618.315Mi/s testdata/canada.json
canada/Encode_SIMDjson_median                       3485586 ns      3472160 ns            5 bytes_per_second=618.281Mi/s testdata/canada.json
canada/Encode_SIMDjson_stddev                           484 ns          447 ns            5 bytes_per_second=81.4798Ki/s testdata/canada.json
canada/Encode_SIMDjson_cv                              0.01 %          0.01 %             5 bytes_per_second=0.01% testdata/canada.json
canada/Encode_JsonCpp_mean                        119892449 ns    119533896 ns            5 bytes_per_second=17.9672Mi/s testdata/canada.json
canada/Encode_JsonCpp_median                      121648362 ns    121283118 ns            5 bytes_per_second=17.7005Mi/s testdata/canada.json
canada/Encode_JsonCpp_stddev                        2763220 ns      2753710 ns            5 bytes_per_second=427.441Ki/s testdata/canada.json
canada/Encode_JsonCpp_cv                               2.30 %          2.30 %             5 bytes_per_second=2.32% testdata/canada.json
book/Encode_SonicDyn_mean                               326 ns          325 ns            5 bytes_per_second=1.05225Gi/s testdata/book.json
book/Encode_SonicDyn_median                             326 ns          325 ns            5 bytes_per_second=1.05258Gi/s testdata/book.json
book/Encode_SonicDyn_stddev                           0.342 ns        0.334 ns            5 bytes_per_second=1.10638Mi/s testdata/book.json
book/Encode_SonicDyn_cv                                0.11 %          0.10 %             5 bytes_per_second=0.10% testdata/book.json
book/Encode_Rapidjson_mean                              794 ns          792 ns            5 bytes_per_second=442.124Mi/s testdata/book.json
book/Encode_Rapidjson_median                            793 ns          791 ns            5 bytes_per_second=442.428Mi/s testdata/book.json
book/Encode_Rapidjson_stddev                           1.29 ns         1.27 ns            5 bytes_per_second=727.458Ki/s testdata/book.json
book/Encode_Rapidjson_cv                               0.16 %          0.16 %             5 bytes_per_second=0.16% testdata/book.json
book/Encode_YYjson_mean                                 689 ns          687 ns            5 bytes_per_second=509.634Mi/s testdata/book.json
book/Encode_YYjson_median                               685 ns          683 ns            5 bytes_per_second=512.12Mi/s testdata/book.json
book/Encode_YYjson_stddev                              8.37 ns         8.36 ns            5 bytes_per_second=6.10176Mi/s testdata/book.json
book/Encode_YYjson_cv                                  1.22 %          1.22 %             5 bytes_per_second=1.20% testdata/book.json
book/Encode_SIMDjson_mean                               497 ns          496 ns            5 bytes_per_second=706.029Mi/s testdata/book.json
book/Encode_SIMDjson_median                             497 ns          496 ns            5 bytes_per_second=705.836Mi/s testdata/book.json
book/Encode_SIMDjson_stddev                            4.73 ns         4.74 ns            5 bytes_per_second=6.74729Mi/s testdata/book.json
book/Encode_SIMDjson_cv                                0.95 %          0.96 %             5 bytes_per_second=0.96% testdata/book.json
book/Encode_JsonCpp_mean                              34391 ns        34288 ns            5 bytes_per_second=10.2077Mi/s testdata/book.json
book/Encode_JsonCpp_median                            34383 ns        34281 ns            5 bytes_per_second=10.2097Mi/s testdata/book.json
book/Encode_JsonCpp_stddev                             28.2 ns         28.5 ns            5 bytes_per_second=8.68392Ki/s testdata/book.json
book/Encode_JsonCpp_cv                                 0.08 %          0.08 %             5 bytes_per_second=0.08% testdata/book.json
twitterescaped/Stat_SonicDyn_mean                     46500 ns        46354 ns            5 bytes_per_second=11.2996Gi/s testdata/twitterescaped.json
twitterescaped/Stat_SonicDyn_median                   46495 ns        46350 ns            5 bytes_per_second=11.3006Gi/s testdata/twitterescaped.json
twitterescaped/Stat_SonicDyn_stddev                    16.1 ns         14.8 ns            5 bytes_per_second=3.68948Mi/s testdata/twitterescaped.json
twitterescaped/Stat_SonicDyn_cv                        0.03 %          0.03 %             5 bytes_per_second=0.03% testdata/twitterescaped.json
twitterescaped/Find_SonicDyn_mean                    143183 ns       142604 ns            5 bytes_per_second=3.673Gi/s testdata/twitterescaped.json
twitterescaped/Find_SonicDyn_median                  143204 ns       142624 ns            5 bytes_per_second=3.67247Gi/s testdata/twitterescaped.json
twitterescaped/Find_SonicDyn_stddev                     128 ns          128 ns            5 bytes_per_second=3.3801Mi/s testdata/twitterescaped.json
twitterescaped/Find_SonicDyn_cv                        0.09 %          0.09 %             5 bytes_per_second=0.09% testdata/twitterescaped.json
twitterescaped/Stat_Rapidjson_mean                    52364 ns        52187 ns            5 bytes_per_second=10.0367Gi/s testdata/twitterescaped.json
twitterescaped/Stat_Rapidjson_median                  52332 ns        52158 ns            5 bytes_per_second=10.0423Gi/s testdata/twitterescaped.json
twitterescaped/Stat_Rapidjson_stddev                   65.6 ns         64.5 ns            5 bytes_per_second=12.691Mi/s testdata/twitterescaped.json
twitterescaped/Stat_Rapidjson_cv                       0.13 %          0.12 %             5 bytes_per_second=0.12% testdata/twitterescaped.json
twitterescaped/Find_Rapidjson_mean                   175933 ns       175328 ns            5 bytes_per_second=2.98795Gi/s testdata/twitterescaped.json
twitterescaped/Find_Rapidjson_median                 176878 ns       176271 ns            5 bytes_per_second=2.97147Gi/s testdata/twitterescaped.json
twitterescaped/Find_Rapidjson_stddev                   2545 ns         2543 ns            5 bytes_per_second=44.6221Mi/s testdata/twitterescaped.json
twitterescaped/Find_Rapidjson_cv                       1.45 %          1.45 %             5 bytes_per_second=1.46% testdata/twitterescaped.json
twitter/Stat_SonicDyn_mean                            18129 ns        18075 ns            5 bytes_per_second=13.6426Gi/s testdata/twitter.json
twitter/Stat_SonicDyn_median                          18374 ns        18319 ns            5 bytes_per_second=13.4413Gi/s testdata/twitter.json
twitter/Stat_SonicDyn_stddev                            772 ns          770 ns            5 bytes_per_second=601.197Mi/s testdata/twitter.json
twitter/Stat_SonicDyn_cv                               4.26 %          4.26 %             5 bytes_per_second=4.30% testdata/twitter.json
twitter/Find_SonicDyn_mean                            52865 ns        52705 ns            5 bytes_per_second=4.67181Gi/s testdata/twitter.json
twitter/Find_SonicDyn_median                          52839 ns        52680 ns            5 bytes_per_second=4.67402Gi/s testdata/twitter.json
twitter/Find_SonicDyn_stddev                            116 ns          116 ns            5 bytes_per_second=10.5523Mi/s testdata/twitter.json
twitter/Find_SonicDyn_cv                               0.22 %          0.22 %             5 bytes_per_second=0.22% testdata/twitter.json
twitter/Stat_Rapidjson_mean                           20107 ns        20046 ns            5 bytes_per_second=12.2828Gi/s testdata/twitter.json
twitter/Stat_Rapidjson_median                         20110 ns        20050 ns            5 bytes_per_second=12.2804Gi/s testdata/twitter.json
twitter/Stat_Rapidjson_stddev                          12.7 ns         12.5 ns            5 bytes_per_second=7.81984Mi/s testdata/twitter.json
twitter/Stat_Rapidjson_cv                              0.06 %          0.06 %             5 bytes_per_second=0.06% testdata/twitter.json
twitter/Find_Rapidjson_mean                           59871 ns        59693 ns            5 bytes_per_second=4.12763Gi/s testdata/twitter.json
twitter/Find_Rapidjson_median                         59851 ns        59672 ns            5 bytes_per_second=4.12634Gi/s testdata/twitter.json
twitter/Find_Rapidjson_stddev                          1729 ns         1726 ns            5 bytes_per_second=122.221Mi/s testdata/twitter.json
twitter/Find_Rapidjson_cv                              2.89 %          2.89 %             5 bytes_per_second=2.89% testdata/twitter.json
poet/Stat_SonicDyn_mean                              116464 ns       115998 ns            5 bytes_per_second=28.2042Gi/s testdata/poet.json
poet/Stat_SonicDyn_median                            116383 ns       115898 ns            5 bytes_per_second=28.2285Gi/s testdata/poet.json
poet/Stat_SonicDyn_stddev                               228 ns          251 ns            5 bytes_per_second=62.4451Mi/s testdata/poet.json
poet/Stat_SonicDyn_cv                                  0.20 %          0.22 %             5 bytes_per_second=0.22% testdata/poet.json
poet/Find_SonicDyn_mean                              183435 ns       182747 ns            5 bytes_per_second=17.9025Gi/s testdata/poet.json
poet/Find_SonicDyn_median                            183446 ns       182755 ns            5 bytes_per_second=17.9017Gi/s testdata/poet.json
poet/Find_SonicDyn_stddev                              27.7 ns         25.5 ns            5 bytes_per_second=2.55516Mi/s testdata/poet.json
poet/Find_SonicDyn_cv                                  0.02 %          0.01 %             5 bytes_per_second=0.01% testdata/poet.json
poet/Stat_Rapidjson_mean                             150716 ns       150152 ns            5 bytes_per_second=21.7888Gi/s testdata/poet.json
poet/Stat_Rapidjson_median                           150715 ns       150150 ns            5 bytes_per_second=21.7891Gi/s testdata/poet.json
poet/Stat_Rapidjson_stddev                             30.3 ns         29.5 ns            5 bytes_per_second=4.3872Mi/s testdata/poet.json
poet/Stat_Rapidjson_cv                                 0.02 %          0.02 %             5 bytes_per_second=0.02% testdata/poet.json
poet/Find_Rapidjson_mean                             169107 ns       168469 ns            5 bytes_per_second=19.4197Gi/s testdata/poet.json
poet/Find_Rapidjson_median                           169118 ns       168477 ns            5 bytes_per_second=19.4188Gi/s testdata/poet.json
poet/Find_Rapidjson_stddev                             23.1 ns         22.7 ns            5 bytes_per_second=2.67911Mi/s testdata/poet.json
poet/Find_Rapidjson_cv                                 0.01 %          0.01 %             5 bytes_per_second=0.01% testdata/poet.json
otfcc/Stat_SonicDyn_mean                           58458042 ns     58229938 ns            5 bytes_per_second=1.06215Gi/s testdata/otfcc.json
otfcc/Stat_SonicDyn_median                         58428204 ns     58199957 ns            5 bytes_per_second=1.06269Gi/s testdata/otfcc.json
otfcc/Stat_SonicDyn_stddev                           132122 ns       131096 ns            5 bytes_per_second=2.44916Mi/s testdata/otfcc.json
otfcc/Stat_SonicDyn_cv                                 0.23 %          0.23 %             5 bytes_per_second=0.23% testdata/otfcc.json
otfcc/Find_SonicDyn_mean                          814301479 ns    811345954 ns            5 bytes_per_second=78.0599Mi/s testdata/otfcc.json
otfcc/Find_SonicDyn_median                        813090859 ns    810134950 ns            5 bytes_per_second=78.1757Mi/s testdata/otfcc.json
otfcc/Find_SonicDyn_stddev                          3180727 ns      3181935 ns            5 bytes_per_second=312.919Ki/s testdata/otfcc.json
otfcc/Find_SonicDyn_cv                                 0.39 %          0.39 %             5 bytes_per_second=0.39% testdata/otfcc.json
otfcc/Stat_Rapidjson_mean                          55658978 ns     55445235 ns            5 bytes_per_second=1.11549Gi/s testdata/otfcc.json
otfcc/Stat_Rapidjson_median                        55625468 ns     55411527 ns            5 bytes_per_second=1.11617Gi/s testdata/otfcc.json
otfcc/Stat_Rapidjson_stddev                          123902 ns       123516 ns            5 bytes_per_second=2.5387Mi/s testdata/otfcc.json
otfcc/Stat_Rapidjson_cv                                0.22 %          0.22 %             5 bytes_per_second=0.22% testdata/otfcc.json
otfcc/Find_Rapidjson_mean                        1079983381 ns   1076587592 ns            5 bytes_per_second=58.895Mi/s testdata/otfcc.json
otfcc/Find_Rapidjson_median                      1097569762 ns   1094134670 ns            5 bytes_per_second=57.884Mi/s testdata/otfcc.json
otfcc/Find_Rapidjson_stddev                        40818245 ns     40704851 ns            5 bytes_per_second=2.23609Mi/s testdata/otfcc.json
otfcc/Find_Rapidjson_cv                                3.78 %          3.78 %             5 bytes_per_second=3.80% testdata/otfcc.json
lottie/Stat_SonicDyn_mean                            173929 ns       173274 ns            5 bytes_per_second=1.55305Gi/s testdata/lottie.json
lottie/Stat_SonicDyn_median                          173915 ns       173270 ns            5 bytes_per_second=1.55299Gi/s testdata/lottie.json
lottie/Stat_SonicDyn_stddev                            1557 ns         1550 ns            5 bytes_per_second=14.243Mi/s testdata/lottie.json
lottie/Stat_SonicDyn_cv                                0.90 %          0.89 %             5 bytes_per_second=0.90% testdata/lottie.json
lottie/Find_SonicDyn_mean                            235245 ns       234345 ns            5 bytes_per_second=1.14825Gi/s testdata/lottie.json
lottie/Find_SonicDyn_median                          235182 ns       234283 ns            5 bytes_per_second=1.14855Gi/s testdata/lottie.json
lottie/Find_SonicDyn_stddev                             332 ns          333 ns            5 bytes_per_second=1.67334Mi/s testdata/lottie.json
lottie/Find_SonicDyn_cv                                0.14 %          0.14 %             5 bytes_per_second=0.14% testdata/lottie.json
lottie/Stat_Rapidjson_mean                           161721 ns       161117 ns            5 bytes_per_second=1.67013Gi/s testdata/lottie.json
lottie/Stat_Rapidjson_median                         161704 ns       161097 ns            5 bytes_per_second=1.67034Gi/s testdata/lottie.json
lottie/Stat_Rapidjson_stddev                           60.6 ns         62.6 ns            5 bytes_per_second=680.631Ki/s testdata/lottie.json
lottie/Stat_Rapidjson_cv                               0.04 %          0.04 %             5 bytes_per_second=0.04% testdata/lottie.json
lottie/Find_Rapidjson_mean                           193881 ns       193158 ns            5 bytes_per_second=1.39309Gi/s testdata/lottie.json
lottie/Find_Rapidjson_median                         193920 ns       193195 ns            5 bytes_per_second=1.39282Gi/s testdata/lottie.json
lottie/Find_Rapidjson_stddev                           99.5 ns          100 ns            5 bytes_per_second=759.673Ki/s testdata/lottie.json
lottie/Find_Rapidjson_cv                               0.05 %          0.05 %             5 bytes_per_second=0.05% testdata/lottie.json
gsoc-2018/Stat_SonicDyn_mean                          60353 ns        60154 ns            5 bytes_per_second=51.5227Gi/s testdata/gsoc-2018.json
gsoc-2018/Stat_SonicDyn_median                        60356 ns        60156 ns            5 bytes_per_second=51.5212Gi/s testdata/gsoc-2018.json
gsoc-2018/Stat_SonicDyn_stddev                         11.5 ns         11.5 ns            5 bytes_per_second=10.0503Mi/s testdata/gsoc-2018.json
gsoc-2018/Stat_SonicDyn_cv                             0.02 %          0.02 %             5 bytes_per_second=0.02% testdata/gsoc-2018.json
gsoc-2018/Find_SonicDyn_mean                        1315971 ns      1311012 ns            5 bytes_per_second=2.36596Gi/s testdata/gsoc-2018.json
gsoc-2018/Find_SonicDyn_median                      1333751 ns      1328745 ns            5 bytes_per_second=2.33249Gi/s testdata/gsoc-2018.json
gsoc-2018/Find_SonicDyn_stddev                        41019 ns        40853 ns            5 bytes_per_second=78.7871Mi/s testdata/gsoc-2018.json
gsoc-2018/Find_SonicDyn_cv                             3.12 %          3.12 %             5 bytes_per_second=3.25% testdata/gsoc-2018.json
gsoc-2018/Stat_Rapidjson_mean                         92857 ns        92509 ns            5 bytes_per_second=33.5024Gi/s testdata/gsoc-2018.json
gsoc-2018/Stat_Rapidjson_median                       92803 ns        92456 ns            5 bytes_per_second=33.5218Gi/s testdata/gsoc-2018.json
gsoc-2018/Stat_Rapidjson_stddev                         134 ns          133 ns            5 bytes_per_second=49.1919Mi/s testdata/gsoc-2018.json
gsoc-2018/Stat_Rapidjson_cv                            0.14 %          0.14 %             5 bytes_per_second=0.14% testdata/gsoc-2018.json
gsoc-2018/Find_Rapidjson_mean                       1521519 ns      1516135 ns            5 bytes_per_second=2.0442Gi/s testdata/gsoc-2018.json
gsoc-2018/Find_Rapidjson_median                     1521584 ns      1516165 ns            5 bytes_per_second=2.04416Gi/s testdata/gsoc-2018.json
gsoc-2018/Find_Rapidjson_stddev                         394 ns          375 ns            5 bytes_per_second=530.273Ki/s testdata/gsoc-2018.json
gsoc-2018/Find_Rapidjson_cv                            0.03 %          0.02 %             5 bytes_per_second=0.02% testdata/gsoc-2018.json
github_events/Stat_SonicDyn_mean                       4332 ns         4319 ns            5 bytes_per_second=14.0444Gi/s testdata/github_events.json
github_events/Stat_SonicDyn_median                     4332 ns         4319 ns            5 bytes_per_second=14.0436Gi/s testdata/github_events.json
github_events/Stat_SonicDyn_stddev                    0.804 ns        0.786 ns            5 bytes_per_second=2.6188Mi/s testdata/github_events.json
github_events/Stat_SonicDyn_cv                         0.02 %          0.02 %             5 bytes_per_second=0.02% testdata/github_events.json
github_events/Find_SonicDyn_mean                       9110 ns         9083 ns            5 bytes_per_second=6.67795Gi/s testdata/github_events.json
github_events/Find_SonicDyn_median                     9109 ns         9082 ns            5 bytes_per_second=6.6789Gi/s testdata/github_events.json
github_events/Find_SonicDyn_stddev                     10.8 ns         10.8 ns            5 bytes_per_second=8.13198Mi/s testdata/github_events.json
github_events/Find_SonicDyn_cv                         0.12 %          0.12 %             5 bytes_per_second=0.12% testdata/github_events.json
github_events/Stat_Rapidjson_mean                      4605 ns         4592 ns            5 bytes_per_second=13.2103Gi/s testdata/github_events.json
github_events/Stat_Rapidjson_median                    4606 ns         4592 ns            5 bytes_per_second=13.2099Gi/s testdata/github_events.json
github_events/Stat_Rapidjson_stddev                    1.26 ns         1.22 ns            5 bytes_per_second=3.59793Mi/s testdata/github_events.json
github_events/Stat_Rapidjson_cv                        0.03 %          0.03 %             5 bytes_per_second=0.03% testdata/github_events.json
github_events/Find_Rapidjson_mean                     11069 ns        11037 ns            5 bytes_per_second=5.49729Gi/s testdata/github_events.json
github_events/Find_Rapidjson_median                   11145 ns        11112 ns            5 bytes_per_second=5.4587Gi/s testdata/github_events.json
github_events/Find_Rapidjson_stddev                     189 ns          189 ns            5 bytes_per_second=98.3661Mi/s testdata/github_events.json
github_events/Find_Rapidjson_cv                        1.71 %          1.71 %             5 bytes_per_second=1.75% testdata/github_events.json
fgo/Stat_SonicDyn_mean                             13380836 ns     13326997 ns            5 bytes_per_second=3.40946Gi/s testdata/fgo.json
fgo/Stat_SonicDyn_median                           13443585 ns     13389612 ns            5 bytes_per_second=3.39188Gi/s testdata/fgo.json
fgo/Stat_SonicDyn_stddev                             327188 ns       326034 ns            5 bytes_per_second=85.6932Mi/s testdata/fgo.json
fgo/Stat_SonicDyn_cv                                   2.45 %          2.45 %             5 bytes_per_second=2.45% testdata/fgo.json
fgo/Find_SonicDyn_mean                             23715507 ns     23620826 ns            5 bytes_per_second=1.92271Gi/s testdata/fgo.json
fgo/Find_SonicDyn_median                           23716805 ns     23621324 ns            5 bytes_per_second=1.92267Gi/s testdata/fgo.json
fgo/Find_SonicDyn_stddev                              14084 ns        13988 ns            5 bytes_per_second=1.16622Mi/s testdata/fgo.json
fgo/Find_SonicDyn_cv                                   0.06 %          0.06 %             5 bytes_per_second=0.06% testdata/fgo.json
fgo/Stat_Rapidjson_mean                            13334637 ns     13281355 ns            5 bytes_per_second=3.41953Gi/s testdata/fgo.json
fgo/Stat_Rapidjson_median                          13333932 ns     13280091 ns            5 bytes_per_second=3.41986Gi/s testdata/fgo.json
fgo/Stat_Rapidjson_stddev                              3751 ns         3611 ns            5 bytes_per_second=974.495Ki/s testdata/fgo.json
fgo/Stat_Rapidjson_cv                                  0.03 %          0.03 %             5 bytes_per_second=0.03% testdata/fgo.json
fgo/Find_Rapidjson_mean                            24268205 ns     24174405 ns            5 bytes_per_second=1.87872Gi/s testdata/fgo.json
fgo/Find_Rapidjson_median                          24348788 ns     24254816 ns            5 bytes_per_second=1.87245Gi/s testdata/fgo.json
fgo/Find_Rapidjson_stddev                            116265 ns       115809 ns            5 bytes_per_second=9.23658Mi/s testdata/fgo.json
fgo/Find_Rapidjson_cv                                  0.48 %          0.48 %             5 bytes_per_second=0.48% testdata/fgo.json
citm_catalog/Stat_SonicDyn_mean                      133009 ns       132511 ns            5 bytes_per_second=12.1395Gi/s testdata/citm_catalog.json
citm_catalog/Stat_SonicDyn_median                    133302 ns       132803 ns            5 bytes_per_second=12.1126Gi/s testdata/citm_catalog.json
citm_catalog/Stat_SonicDyn_stddev                       710 ns          709 ns            5 bytes_per_second=66.9374Mi/s testdata/citm_catalog.json
citm_catalog/Stat_SonicDyn_cv                          0.53 %          0.53 %             5 bytes_per_second=0.54% testdata/citm_catalog.json
citm_catalog/Find_SonicDyn_mean                      214967 ns       214158 ns            5 bytes_per_second=7.5112Gi/s testdata/citm_catalog.json
citm_catalog/Find_SonicDyn_median                    215069 ns       214258 ns            5 bytes_per_second=7.5077Gi/s testdata/citm_catalog.json
citm_catalog/Find_SonicDyn_stddev                       187 ns          184 ns            5 bytes_per_second=6.60013Mi/s testdata/citm_catalog.json
citm_catalog/Find_SonicDyn_cv                          0.09 %          0.09 %             5 bytes_per_second=0.09% testdata/citm_catalog.json
citm_catalog/Stat_Rapidjson_mean                     135542 ns       135034 ns            5 bytes_per_second=11.9125Gi/s testdata/citm_catalog.json
citm_catalog/Stat_Rapidjson_median                   135442 ns       134936 ns            5 bytes_per_second=11.9211Gi/s testdata/citm_catalog.json
citm_catalog/Stat_Rapidjson_stddev                      431 ns          429 ns            5 bytes_per_second=38.7175Mi/s testdata/citm_catalog.json
citm_catalog/Stat_Rapidjson_cv                         0.32 %          0.32 %             5 bytes_per_second=0.32% testdata/citm_catalog.json
citm_catalog/Find_Rapidjson_mean                     203404 ns       202644 ns            5 bytes_per_second=7.93797Gi/s testdata/citm_catalog.json
citm_catalog/Find_Rapidjson_median                   203515 ns       202765 ns            5 bytes_per_second=7.93323Gi/s testdata/citm_catalog.json
citm_catalog/Find_Rapidjson_stddev                      212 ns          216 ns            5 bytes_per_second=8.6568Mi/s testdata/citm_catalog.json
citm_catalog/Find_Rapidjson_cv                         0.10 %          0.11 %             5 bytes_per_second=0.11% testdata/citm_catalog.json
canada/Stat_SonicDyn_mean                            604170 ns       601911 ns            5 bytes_per_second=3.48787Gi/s testdata/canada.json
canada/Stat_SonicDyn_median                          609892 ns       607606 ns            5 bytes_per_second=3.45035Gi/s testdata/canada.json
canada/Stat_SonicDyn_stddev                           25104 ns        25001 ns            5 bytes_per_second=150.13Mi/s testdata/canada.json
canada/Stat_SonicDyn_cv                                4.16 %          4.15 %             5 bytes_per_second=4.20% testdata/canada.json
canada/Find_SonicDyn_mean                            490291 ns       488402 ns            5 bytes_per_second=4.29248Gi/s testdata/canada.json
canada/Find_SonicDyn_median                          490399 ns       488506 ns            5 bytes_per_second=4.29156Gi/s testdata/canada.json
canada/Find_SonicDyn_stddev                             489 ns          487 ns            5 bytes_per_second=4.3831Mi/s testdata/canada.json
canada/Find_SonicDyn_cv                                0.10 %          0.10 %             5 bytes_per_second=0.10% testdata/canada.json
canada/Stat_Rapidjson_mean                           569925 ns       567791 ns            5 bytes_per_second=3.69237Gi/s testdata/canada.json
canada/Stat_Rapidjson_median                         568601 ns       566473 ns            5 bytes_per_second=3.70089Gi/s testdata/canada.json
canada/Stat_Rapidjson_stddev                           2849 ns         2847 ns            5 bytes_per_second=18.9189Mi/s testdata/canada.json
canada/Stat_Rapidjson_cv                               0.50 %          0.50 %             5 bytes_per_second=0.50% testdata/canada.json
canada/Find_Rapidjson_mean                           408135 ns       406612 ns            5 bytes_per_second=5.15591Gi/s testdata/canada.json
canada/Find_Rapidjson_median                         408110 ns       406597 ns            5 bytes_per_second=5.1561Gi/s testdata/canada.json
canada/Find_Rapidjson_stddev                           86.3 ns         87.9 ns            5 bytes_per_second=1.14122Mi/s testdata/canada.json
canada/Find_Rapidjson_cv                               0.02 %          0.02 %             5 bytes_per_second=0.02% testdata/canada.json
book/Stat_SonicDyn_mean                                 112 ns          112 ns            5 bytes_per_second=3.06322Gi/s testdata/book.json
book/Stat_SonicDyn_median                               112 ns          111 ns            5 bytes_per_second=3.06747Gi/s testdata/book.json
book/Stat_SonicDyn_stddev                             0.269 ns        0.269 ns            5 bytes_per_second=7.54403Mi/s testdata/book.json
book/Stat_SonicDyn_cv                                  0.24 %          0.24 %             5 bytes_per_second=0.24% testdata/book.json
book/Find_SonicDyn_mean                                 167 ns          167 ns            5 bytes_per_second=2.04935Gi/s testdata/book.json
book/Find_SonicDyn_median                               167 ns          167 ns            5 bytes_per_second=2.04917Gi/s testdata/book.json
book/Find_SonicDyn_stddev                             0.077 ns        0.077 ns            5 bytes_per_second=994.866Ki/s testdata/book.json
book/Find_SonicDyn_cv                                  0.05 %          0.05 %             5 bytes_per_second=0.05% testdata/book.json
book/Stat_Rapidjson_mean                                129 ns          128 ns            5 bytes_per_second=2.66582Gi/s testdata/book.json
book/Stat_Rapidjson_median                              129 ns          128 ns            5 bytes_per_second=2.66588Gi/s testdata/book.json
book/Stat_Rapidjson_stddev                            0.014 ns        0.011 ns            5 bytes_per_second=243.414Ki/s testdata/book.json
book/Stat_Rapidjson_cv                                 0.01 %          0.01 %             5 bytes_per_second=0.01% testdata/book.json
book/Find_Rapidjson_mean                                130 ns          130 ns            5 bytes_per_second=2.63023Gi/s testdata/book.json
book/Find_Rapidjson_median                              130 ns          130 ns            5 bytes_per_second=2.63016Gi/s testdata/book.json
book/Find_Rapidjson_stddev                            0.070 ns        0.069 ns            5 bytes_per_second=1.43724Mi/s testdata/book.json
book/Find_Rapidjson_cv                                 0.05 %          0.05 %             5 bytes_per_second=0.05% testdata/book.json
[sonic-parse] normalized 163 official scenarios
[sonic] sonic benchmark results written to benchmark.json and benchmark_sonic.json
