[golang] running selected official Go benchmark components
[golang] running official Go test benchmarks
toolchain: experiment
go: downloading github.com/biogo/biogo v1.0.4
go: downloading github.com/blevesearch/bleve/v2 v2.4.4
go: downloading github.com/dustin/go-wikiparse v0.0.0-20211018054215-c01ec186f20c
go: downloading github.com/yuin/gopher-lua v1.1.2
go: downloading golang.org/x/sys v0.47.0
go: downloading gitlab.com/golang-commonmark/markdown v0.0.0-20211110145824-bf3e522c626a
go: downloading github.com/google/pprof v0.0.0-20241017200806-017d972448fc
go: downloading github.com/gomodule/redigo v1.9.2
go: downloading golang.org/x/sync v0.22.0
go: downloading go.etcd.io/etcd/client/v3 v3.5.8
go: downloading github.com/kballard/go-shellquote v0.0.0-20180428030007-95032a82bc51
go: downloading github.com/BurntSushi/toml v1.0.0
go: downloading github.com/opencontainers/runtime-spec v1.0.2
go: downloading go.chromium.org/luci v0.0.0-20250606083430-318ed8f4881d
go: downloading github.com/biogo/store v0.0.0-20201120204734-aad293a2328f
go: downloading github.com/biogo/graph v0.0.0-20150317020928-057c1989faed
go: downloading go.etcd.io/etcd/api/v3 v3.5.8
go: downloading go.etcd.io/etcd/client/pkg/v3 v3.5.8
go: downloading go.uber.org/zap v1.24.0
go: downloading google.golang.org/grpc v1.70.0
go: downloading gitlab.com/golang-commonmark/html v0.0.0-20191124015941-a22733972181
go: downloading gitlab.com/golang-commonmark/linkify v0.0.0-20191026162114-a0c2df6c8f82
go: downloading gitlab.com/golang-commonmark/mdurl v0.0.0-20191124015652-932350d1cb84
go: downloading gitlab.com/golang-commonmark/puny v0.0.0-20191124015043-9f83538fa04f
go: downloading github.com/gogo/protobuf v1.3.2
go: downloading github.com/golang/protobuf v1.5.4
go: downloading google.golang.org/genproto/googleapis/api v0.0.0-20250127172529-29210b9bc287
go: downloading github.com/coreos/go-semver v0.3.0
go: downloading github.com/coreos/go-systemd/v22 v22.3.2
go: downloading go.uber.org/atomic v1.7.0
go: downloading go.uber.org/multierr v1.6.0
go: downloading golang.org/x/text v0.41.0
go: downloading github.com/blevesearch/geo v0.1.20
go: downloading google.golang.org/protobuf v1.36.5
go: downloading github.com/blevesearch/bleve_index_api v1.1.12
go: downloading golang.org/x/net v0.58.0
go: downloading google.golang.org/genproto/googleapis/rpc v0.0.0-20250127172529-29210b9bc287
go: downloading github.com/blevesearch/upsidedown_store_api v1.0.2
go: downloading go.etcd.io/bbolt v1.3.7
go: downloading github.com/blevesearch/gtreap v0.1.1
go: downloading github.com/RoaringBitmap/roaring v1.9.3
go: downloading github.com/blevesearch/scorch_segment_api/v2 v2.2.16
go: downloading github.com/blevesearch/vellum v1.0.10
go: downloading github.com/blevesearch/zapx/v11 v11.3.10
go: downloading github.com/blevesearch/zapx/v12 v12.3.10
go: downloading github.com/blevesearch/zapx/v13 v13.3.10
go: downloading github.com/blevesearch/zapx/v14 v14.3.10
go: downloading github.com/blevesearch/zapx/v15 v15.3.16
go: downloading github.com/blevesearch/zapx/v16 v16.1.9-0.20241217210638-a0519e7caf3b
go: downloading github.com/golang/geo v0.0.0-20210211234256-740aa86cb551
go: downloading github.com/json-iterator/go v0.0.0-20171115153421-f7279a603ede
go: downloading github.com/blevesearch/mmap-go v1.0.4
go: downloading github.com/golang/snappy v0.0.4
go: downloading github.com/blevesearch/snowballstem v0.9.0
go: downloading github.com/blevesearch/segment v0.9.1
go: downloading github.com/bits-and-blooms/bitset v1.12.0
go: downloading github.com/blevesearch/go-porterstemmer v1.0.3
go: downloading golang.org/x/crypto v0.55.0
go: downloading golang.org/x/oauth2 v0.36.0
go: downloading cloud.google.com/go/compute/metadata v0.6.0
go: downloading github.com/golang/mock v1.6.0
go: downloading github.com/klauspost/compress v1.17.11
go: downloading github.com/danjacques/gofslock v0.0.0-20240212154529-d899e02bfe22
go: downloading golang.org/x/exp v0.0.0-20260812173653-3d80eb74bc5b
go: downloading google.golang.org/api v0.218.0
go: downloading golang.org/x/term v0.45.0
go: downloading github.com/julienschmidt/httprouter v1.3.0
go: downloading github.com/xo/terminfo v0.0.0-20220910002029-abceb7e1c41e
?   	golang.org/x/benchmarks/build	[no test files]
?   	golang.org/x/benchmarks/cmd/bench	[no test files]
PASS
ok  	golang.org/x/benchmarks/cmd/bent	0.002s
?   	golang.org/x/benchmarks/cmd/bent/logtobench	[no test files]
?   	golang.org/x/benchmarks/driver	[no test files]
?   	golang.org/x/benchmarks/garbage	[no test files]
goos: linux
goarch: amd64
pkg: golang.org/x/benchmarks/gc_latency
cpu: General Purpose Processor
BenchmarkGCLatency
BenchmarkGCLatency/how=stack/fluff=false
BenchmarkGCLatency/how=stack/fluff=false-16         	       1	    156164 p99.999-ns	    171475 p99.9999-ns
BenchmarkGCLatency/how=stack/fluff=false-16         	       1	    159314 p99.999-ns	    168955 p99.9999-ns
BenchmarkGCLatency/how=stack/fluff=false-16         	       1	    158334 p99.999-ns	    170305 p99.9999-ns
BenchmarkGCLatency/how=stack/fluff=false-16         	       1	    158464 p99.999-ns	    168634 p99.9999-ns
BenchmarkGCLatency/how=stack/fluff=false-16         	       1	    160435 p99.999-ns	    182296 p99.9999-ns
BenchmarkGCLatency/how=stack/fluff=false-16         	       1	    161624 p99.999-ns	    168155 p99.9999-ns
BenchmarkGCLatency/how=heap/fluff=false
BenchmarkGCLatency/how=heap/fluff=false-16          	       1	    156735 p99.999-ns	    169135 p99.9999-ns
BenchmarkGCLatency/how=heap/fluff=false-16          	       1	    156255 p99.999-ns	    171255 p99.9999-ns
BenchmarkGCLatency/how=heap/fluff=false-16          	       1	    156974 p99.999-ns	    171805 p99.9999-ns
BenchmarkGCLatency/how=heap/fluff=false-16          	       1	    157305 p99.999-ns	    169994 p99.9999-ns
BenchmarkGCLatency/how=heap/fluff=false-16          	       1	    159104 p99.999-ns	    174755 p99.9999-ns
BenchmarkGCLatency/how=heap/fluff=false-16          	       1	    162124 p99.999-ns	    183965 p99.9999-ns
BenchmarkGCLatency/how=global/fluff=false
BenchmarkGCLatency/how=global/fluff=false-16        	       1	    160225 p99.999-ns	    706779 p99.9999-ns
BenchmarkGCLatency/how=global/fluff=false-16        	       1	    159224 p99.999-ns	    793942 p99.9999-ns
BenchmarkGCLatency/how=global/fluff=false-16        	       1	    160214 p99.999-ns	    794032 p99.9999-ns
BenchmarkGCLatency/how=global/fluff=false-16        	       1	    159364 p99.999-ns	    802012 p99.9999-ns
BenchmarkGCLatency/how=global/fluff=false-16        	       1	    161144 p99.999-ns	    797742 p99.9999-ns
BenchmarkGCLatency/how=global/fluff=false-16        	       1	    159814 p99.999-ns	    768052 p99.9999-ns
PASS
ok  	golang.org/x/benchmarks/gc_latency	83.173s
?   	golang.org/x/benchmarks/http	[no test files]
?   	golang.org/x/benchmarks/json	[no test files]
PASS
ok  	golang.org/x/benchmarks/stats	0.002s
?   	golang.org/x/benchmarks/sweet/benchmarks/biogo-igor	[no test files]
?   	golang.org/x/benchmarks/sweet/benchmarks/biogo-krishna	[no test files]
?   	golang.org/x/benchmarks/sweet/benchmarks/bleve-index	[no test files]
?   	golang.org/x/benchmarks/sweet/benchmarks/cockroachdb	[no test files]
?   	golang.org/x/benchmarks/sweet/benchmarks/esbuild	[no test files]
?   	golang.org/x/benchmarks/sweet/benchmarks/etcd	[no test files]
?   	golang.org/x/benchmarks/sweet/benchmarks/go-build	[no test files]
?   	golang.org/x/benchmarks/sweet/benchmarks/gopher-lua	[no test files]
?   	golang.org/x/benchmarks/sweet/benchmarks/gvisor	[no test files]
?   	golang.org/x/benchmarks/sweet/benchmarks/internal/cgroups	[no test files]
?   	golang.org/x/benchmarks/sweet/benchmarks/internal/driver	[no test files]
?   	golang.org/x/benchmarks/sweet/benchmarks/internal/par	[no test files]
PASS
ok  	golang.org/x/benchmarks/sweet/benchmarks/internal/pool	0.002s
?   	golang.org/x/benchmarks/sweet/benchmarks/internal/server	[no test files]
?   	golang.org/x/benchmarks/sweet/benchmarks/markdown	[no test files]
?   	golang.org/x/benchmarks/sweet/benchmarks/tile38	[no test files]
?   	golang.org/x/benchmarks/sweet/cli/assets	[no test files]
?   	golang.org/x/benchmarks/sweet/cli/subcommands	[no test files]
PASS
ok  	golang.org/x/benchmarks/sweet/cmd/sweet	0.006s
PASS
ok  	golang.org/x/benchmarks/sweet/common	0.002s
?   	golang.org/x/benchmarks/sweet/common/diagnostics	[no test files]
PASS
ok  	golang.org/x/benchmarks/sweet/common/fileutil	0.002s
?   	golang.org/x/benchmarks/sweet/common/log	[no test files]
?   	golang.org/x/benchmarks/sweet/common/profile	[no test files]
?   	golang.org/x/benchmarks/sweet/generators	[no test files]
?   	golang.org/x/benchmarks/sweet/harnesses	[no test files]
?   	golang.org/x/benchmarks/sweet/source-assets/gvisor/http	[no test files]
?   	golang.org/x/benchmarks/sweet/source-assets/gvisor/syscall	[no test files]
?   	golang.org/x/benchmarks/third_party/biogo-examples/igor/igor	[no test files]
?   	golang.org/x/benchmarks/third_party/biogo-examples/igor/turner	[no test files]
?   	golang.org/x/benchmarks/third_party/biogo-examples/krishna	[no test files]
?   	golang.org/x/benchmarks/third_party/bleve-bench	[no test files]
Building Go cmd/dist using /tmp/boostkit-perf/33136448799-1/Toolchain/golang/1.27.0/x86_64/go-install. (go1.27.0 linux/amd64)
Building Go toolchain1 using /tmp/boostkit-perf/33136448799-1/Toolchain/golang/1.27.0/x86_64/go-install.
Building Go bootstrap cmd/go (go_bootstrap) using Go toolchain1.
Building Go toolchain2 using go_bootstrap and Go toolchain1.
Building Go toolchain3 using go_bootstrap and Go toolchain2.
Building packages and commands for linux/amd64.
Packaging archives for linux/amd64.
distpack: 5c6780bac53e2c4e go1.27.0.src.tar.gz
distpack: 776c597236a0de52 go1.27.0.linux-amd64.tar.gz
distpack: 5240200aca71b9a4 v0.0.1-go1.27.0.linux-amd64.zip
distpack: 58528cce1848ddf4 v0.0.1-go1.27.0.linux-amd64.mod
distpack: 816e608c60d356dc v0.0.1-go1.27.0.linux-amd64.info
---
Installed Go for linux/amd64 in /home/runner/golang-work/1.27.0/x86_64/33136448799-1/tmp/go-distsize.Ffctnj/goroot
Installed commands in /home/runner/golang-work/1.27.0/x86_64/33136448799-1/tmp/go-distsize.Ffctnj/goroot/bin
*** You need to add /home/runner/golang-work/1.27.0/x86_64/33136448799-1/tmp/go-distsize.Ffctnj/goroot/bin to your PATH.
toolchain: experiment
Unit total-bytes assume=exact
BenchmarkGoDistribution 1 75481644 total-bytes
Copied asset foo to current directory
Copied asset memprofile to current directory
Copied asset cpuprofile to current directory
Copied asset tmpclr to current directory
Copied asset benchtime to current directory
Copied asset benchsize to current directory
Copied asset benchdwarf to current directory
Copied asset cronjob.sh to current directory
Copied asset cmpjob.sh to current directory
Copied asset cmpcl.sh to current directory
Copied asset cmpcl-phase.sh to current directory
Copied asset tweet-results to current directory
Copied asset benchmarks-all.toml to current directory
Copied asset benchmarks-100.toml to current directory
Copied asset benchmarks-gc.toml to current directory
Copied asset benchmarks-gcplus.toml to current directory
Copied asset benchmarks-trial.toml to current directory
Copied asset configurations-sample.toml to current directory
Copied asset configurations-gollvm.toml to current directory
Copied asset configurations-cronjob.toml to current directory
Copied asset configurations-cmpjob.toml to current directory
Copied asset configurations-pgo.toml to current directory
Copied asset configurations-random.toml to current directory
Copied asset suites.toml to current directory
Created Dockerfile
rm -rf /home/runner/golang-work/1.27.0/x86_64/33136448799-1/tmp/go-bent.b7tVdI/goroots/experiment
Copying directory /tmp/boostkit-perf/33136448799-1/Toolchain/golang/1.27.0/x86_64/go-install/bin to /home/runner/golang-work/1.27.0/x86_64/33136448799-1/tmp/go-bent.b7tVdI/goroots/experiment/bin, error=<nil>
Copying directory /tmp/boostkit-perf/33136448799-1/Toolchain/golang/1.27.0/x86_64/go-install/src to /home/runner/golang-work/1.27.0/x86_64/33136448799-1/tmp/go-bent.b7tVdI/goroots/experiment/src, error=<nil>
Copying directory /tmp/boostkit-perf/33136448799-1/Toolchain/golang/1.27.0/x86_64/go-install/pkg to /home/runner/golang-work/1.27.0/x86_64/33136448799-1/tmp/go-bent.b7tVdI/goroots/experiment/pkg, error=<nil>
[golang-parse] normalized 7 official benchmark measurements
