[glibc] running official benchtests with make bench (BENCHSET="math-benchset stdio-benchset stdio-common-benchset stdlib-benchset string-benchset malloc-simple malloc-tcache malloc-thread" USE_CLOCK_GETTIME=1)
make -C /tmp/boostkit-perf/32925762756-1/Toolchain/glibc/2.44/aarch64/glibc-src/benchtests  objdir=`pwd` bench
make[1]: Entering directory '/tmp/boostkit-perf/32925762756-1/Toolchain/glibc/2.44/aarch64/glibc-src/benchtests'
for run in /tmp/boostkit-perf/32925762756-1/Toolchain/glibc/2.44/aarch64/glibc-build/benchtests/bench-math-inlines /tmp/boostkit-perf/32925762756-1/Toolchain/glibc/2.44/aarch64/glibc-build/benchtests/bench-fclose /tmp/boostkit-perf/32925762756-1/Toolchain/glibc/2.44/aarch64/glibc-build/benchtests/bench-sprintf /tmp/boostkit-perf/32925762756-1/Toolchain/glibc/2.44/aarch64/glibc-build/benchtests/bench-arc4random /tmp/boostkit-perf/32925762756-1/Toolchain/glibc/2.44/aarch64/glibc-build/benchtests/bench-bsearch /tmp/boostkit-perf/32925762756-1/Toolchain/glibc/2.44/aarch64/glibc-build/benchtests/bench-random-lock /tmp/boostkit-perf/32925762756-1/Toolchain/glibc/2.44/aarch64/glibc-build/benchtests/bench-strtod /tmp/boostkit-perf/32925762756-1/Toolchain/glibc/2.44/aarch64/glibc-build/benchtests/bench-bzero /tmp/boostkit-perf/32925762756-1/Toolchain/glibc/2.44/aarch64/glibc-build/benchtests/bench-bzero-large /tmp/boostkit-perf/32925762756-1/Toolchain/glibc/2.44/aarch64/glibc-build/benchtests/bench-memccpy /tmp/boostkit-perf/32925762756-1/Toolchain/glibc/2.44/aarch64/glibc-build/benchtests/bench-memchr /tmp/boostkit-perf/32925762756-1/Toolchain/glibc/2.44/aarch64/glibc-build/benchtests/bench-memcmp /tmp/boostkit-perf/32925762756-1/Toolchain/glibc/2.44/aarch64/glibc-build/benchtests/bench-memcmpeq /tmp/boostkit-perf/32925762756-1/Toolchain/glibc/2.44/aarch64/glibc-build/benchtests/bench-memcpy /tmp/boostkit-perf/32925762756-1/Toolchain/glibc/2.44/aarch64/glibc-build/benchtests/bench-memcpy-large /tmp/boostkit-perf/32925762756-1/Toolchain/glibc/2.44/aarch64/glibc-build/benchtests/bench-memcpy-random /tmp/boostkit-perf/32925762756-1/Toolchain/glibc/2.44/aarch64/glibc-build/benchtests/bench-memmem /tmp/boostkit-perf/32925762756-1/Toolchain/glibc/2.44/aarch64/glibc-build/benchtests/bench-memmove /tmp/boostkit-perf/32925762756-1/Toolchain/glibc/2.44/aarch64/glibc-build/benchtests/bench-memmove-large /tmp/boostkit-perf/32925762756-1/Toolchain/glibc/2.44/aarch64/glibc-build/benchtests/bench-mempcpy /tmp/boostkit-perf/32925762756-1/Toolchain/glibc/2.44/aarch64/glibc-build/benchtests/bench-memrchr /tmp/boostkit-perf/32925762756-1/Toolchain/glibc/2.44/aarch64/glibc-build/benchtests/bench-memset /tmp/boostkit-perf/32925762756-1/Toolchain/glibc/2.44/aarch64/glibc-build/benchtests/bench-memset-large /tmp/boostkit-perf/32925762756-1/Toolchain/glibc/2.44/aarch64/glibc-build/benchtests/bench-memset-random /tmp/boostkit-perf/32925762756-1/Toolchain/glibc/2.44/aarch64/glibc-build/benchtests/bench-memset-zero /tmp/boostkit-perf/32925762756-1/Toolchain/glibc/2.44/aarch64/glibc-build/benchtests/bench-memset-zero-large /tmp/boostkit-perf/32925762756-1/Toolchain/glibc/2.44/aarch64/glibc-build/benchtests/bench-rawmemchr /tmp/boostkit-perf/32925762756-1/Toolchain/glibc/2.44/aarch64/glibc-build/benchtests/bench-stpcpy /tmp/boostkit-perf/32925762756-1/Toolchain/glibc/2.44/aarch64/glibc-build/benchtests/bench-stpcpy_chk /tmp/boostkit-perf/32925762756-1/Toolchain/glibc/2.44/aarch64/glibc-build/benchtests/bench-stpncpy /tmp/boostkit-perf/32925762756-1/Toolchain/glibc/2.44/aarch64/glibc-build/benchtests/bench-strcasecmp /tmp/boostkit-perf/32925762756-1/Toolchain/glibc/2.44/aarch64/glibc-build/benchtests/bench-strcasestr /tmp/boostkit-perf/32925762756-1/Toolchain/glibc/2.44/aarch64/glibc-build/benchtests/bench-strcat /tmp/boostkit-perf/32925762756-1/Toolchain/glibc/2.44/aarch64/glibc-build/benchtests/bench-strchr /tmp/boostkit-perf/32925762756-1/Toolchain/glibc/2.44/aarch64/glibc-build/benchtests/bench-strchrnul /tmp/boostkit-perf/32925762756-1/Toolchain/glibc/2.44/aarch64/glibc-build/benchtests/bench-strcmp /tmp/boostkit-perf/32925762756-1/Toolchain/glibc/2.44/aarch64/glibc-build/benchtests/bench-strcoll /tmp/boostkit-perf/32925762756-1/Toolchain/glibc/2.44/aarch64/glibc-build/benchtests/bench-strcpy /tmp/boostkit-perf/32925762756-1/Toolchain/glibc/2.44/aarch64/glibc-build/benchtests/bench-strcpy_chk /tmp/boostkit-perf/32925762756-1/Toolchain/glibc/2.44/aarch64/glibc-build/benchtests/bench-strcspn /tmp/boostkit-perf/32925762756-1/Toolchain/glibc/2.44/aarch64/glibc-build/benchtests/bench-strlen /tmp/boostkit-perf/32925762756-1/Toolchain/glibc/2.44/aarch64/glibc-build/benchtests/bench-strlen-random /tmp/boostkit-perf/32925762756-1/Toolchain/glibc/2.44/aarch64/glibc-build/benchtests/bench-strncasecmp /tmp/boostkit-perf/32925762756-1/Toolchain/glibc/2.44/aarch64/glibc-build/benchtests/bench-strncat /tmp/boostkit-perf/32925762756-1/Toolchain/glibc/2.44/aarch64/glibc-build/benchtests/bench-strncmp /tmp/boostkit-perf/32925762756-1/Toolchain/glibc/2.44/aarch64/glibc-build/benchtests/bench-strncpy /tmp/boostkit-perf/32925762756-1/Toolchain/glibc/2.44/aarch64/glibc-build/benchtests/bench-strnlen /tmp/boostkit-perf/32925762756-1/Toolchain/glibc/2.44/aarch64/glibc-build/benchtests/bench-strpbrk /tmp/boostkit-perf/32925762756-1/Toolchain/glibc/2.44/aarch64/glibc-build/benchtests/bench-strrchr /tmp/boostkit-perf/32925762756-1/Toolchain/glibc/2.44/aarch64/glibc-build/benchtests/bench-strsep /tmp/boostkit-perf/32925762756-1/Toolchain/glibc/2.44/aarch64/glibc-build/benchtests/bench-strspn /tmp/boostkit-perf/32925762756-1/Toolchain/glibc/2.44/aarch64/glibc-build/benchtests/bench-strstr /tmp/boostkit-perf/32925762756-1/Toolchain/glibc/2.44/aarch64/glibc-build/benchtests/bench-strtok; do \
  echo "Running ${run}"; \
   env GCONV_PATH=/tmp/boostkit-perf/32925762756-1/Toolchain/glibc/2.44/aarch64/glibc-build/iconvdata LOCPATH=/tmp/boostkit-perf/32925762756-1/Toolchain/glibc/2.44/aarch64/glibc-build/localedata LC_ALL=C    /tmp/boostkit-perf/32925762756-1/Toolchain/glibc/2.44/aarch64/glibc-build/elf/ld-linux-aarch64.so.1 --library-path /tmp/boostkit-perf/32925762756-1/Toolchain/glibc/2.44/aarch64/glibc-build:/tmp/boostkit-perf/32925762756-1/Toolchain/glibc/2.44/aarch64/glibc-build/math:/tmp/boostkit-perf/32925762756-1/Toolchain/glibc/2.44/aarch64/glibc-build/elf:/tmp/boostkit-perf/32925762756-1/Toolchain/glibc/2.44/aarch64/glibc-build/dlfcn:/tmp/boostkit-perf/32925762756-1/Toolchain/glibc/2.44/aarch64/glibc-build/nss:/tmp/boostkit-perf/32925762756-1/Toolchain/glibc/2.44/aarch64/glibc-build/nis:/tmp/boostkit-perf/32925762756-1/Toolchain/glibc/2.44/aarch64/glibc-build/rt:/tmp/boostkit-perf/32925762756-1/Toolchain/glibc/2.44/aarch64/glibc-build/resolv:/tmp/boostkit-perf/32925762756-1/Toolchain/glibc/2.44/aarch64/glibc-build/mathvec:/tmp/boostkit-perf/32925762756-1/Toolchain/glibc/2.44/aarch64/glibc-build/support:/tmp/boostkit-perf/32925762756-1/Toolchain/glibc/2.44/aarch64/glibc-build/misc:/tmp/boostkit-perf/32925762756-1/Toolchain/glibc/2.44/aarch64/glibc-build/debug:/tmp/boostkit-perf/32925762756-1/Toolchain/glibc/2.44/aarch64/glibc-build/nptl:/usr/lib/gcc/aarch64-openEuler-linux/12/../../../../lib64/:/usr/lib/gcc/aarch64-openEuler-linux/12/../../../../lib64/ ${run} > ${run}.out; \
done
Running /tmp/boostkit-perf/32925762756-1/Toolchain/glibc/2.44/aarch64/glibc-build/benchtests/bench-math-inlines
Running /tmp/boostkit-perf/32925762756-1/Toolchain/glibc/2.44/aarch64/glibc-build/benchtests/bench-fclose
Running /tmp/boostkit-perf/32925762756-1/Toolchain/glibc/2.44/aarch64/glibc-build/benchtests/bench-sprintf
Running /tmp/boostkit-perf/32925762756-1/Toolchain/glibc/2.44/aarch64/glibc-build/benchtests/bench-arc4random
Running /tmp/boostkit-perf/32925762756-1/Toolchain/glibc/2.44/aarch64/glibc-build/benchtests/bench-bsearch
Running /tmp/boostkit-perf/32925762756-1/Toolchain/glibc/2.44/aarch64/glibc-build/benchtests/bench-random-lock
Running /tmp/boostkit-perf/32925762756-1/Toolchain/glibc/2.44/aarch64/glibc-build/benchtests/bench-strtod
Running /tmp/boostkit-perf/32925762756-1/Toolchain/glibc/2.44/aarch64/glibc-build/benchtests/bench-bzero
Running /tmp/boostkit-perf/32925762756-1/Toolchain/glibc/2.44/aarch64/glibc-build/benchtests/bench-bzero-large
Running /tmp/boostkit-perf/32925762756-1/Toolchain/glibc/2.44/aarch64/glibc-build/benchtests/bench-memccpy
Running /tmp/boostkit-perf/32925762756-1/Toolchain/glibc/2.44/aarch64/glibc-build/benchtests/bench-memchr
Running /tmp/boostkit-perf/32925762756-1/Toolchain/glibc/2.44/aarch64/glibc-build/benchtests/bench-memcmp
Running /tmp/boostkit-perf/32925762756-1/Toolchain/glibc/2.44/aarch64/glibc-build/benchtests/bench-memcmpeq
Running /tmp/boostkit-perf/32925762756-1/Toolchain/glibc/2.44/aarch64/glibc-build/benchtests/bench-memcpy
Running /tmp/boostkit-perf/32925762756-1/Toolchain/glibc/2.44/aarch64/glibc-build/benchtests/bench-memcpy-large
Running /tmp/boostkit-perf/32925762756-1/Toolchain/glibc/2.44/aarch64/glibc-build/benchtests/bench-memcpy-random
Running /tmp/boostkit-perf/32925762756-1/Toolchain/glibc/2.44/aarch64/glibc-build/benchtests/bench-memmem
Running /tmp/boostkit-perf/32925762756-1/Toolchain/glibc/2.44/aarch64/glibc-build/benchtests/bench-memmove
Running /tmp/boostkit-perf/32925762756-1/Toolchain/glibc/2.44/aarch64/glibc-build/benchtests/bench-memmove-large
Running /tmp/boostkit-perf/32925762756-1/Toolchain/glibc/2.44/aarch64/glibc-build/benchtests/bench-mempcpy
Running /tmp/boostkit-perf/32925762756-1/Toolchain/glibc/2.44/aarch64/glibc-build/benchtests/bench-memrchr
Running /tmp/boostkit-perf/32925762756-1/Toolchain/glibc/2.44/aarch64/glibc-build/benchtests/bench-memset
Running /tmp/boostkit-perf/32925762756-1/Toolchain/glibc/2.44/aarch64/glibc-build/benchtests/bench-memset-large
Running /tmp/boostkit-perf/32925762756-1/Toolchain/glibc/2.44/aarch64/glibc-build/benchtests/bench-memset-random
Running /tmp/boostkit-perf/32925762756-1/Toolchain/glibc/2.44/aarch64/glibc-build/benchtests/bench-memset-zero
Running /tmp/boostkit-perf/32925762756-1/Toolchain/glibc/2.44/aarch64/glibc-build/benchtests/bench-memset-zero-large
Running /tmp/boostkit-perf/32925762756-1/Toolchain/glibc/2.44/aarch64/glibc-build/benchtests/bench-rawmemchr
Running /tmp/boostkit-perf/32925762756-1/Toolchain/glibc/2.44/aarch64/glibc-build/benchtests/bench-stpcpy
Running /tmp/boostkit-perf/32925762756-1/Toolchain/glibc/2.44/aarch64/glibc-build/benchtests/bench-stpcpy_chk
Running /tmp/boostkit-perf/32925762756-1/Toolchain/glibc/2.44/aarch64/glibc-build/benchtests/bench-stpncpy
Running /tmp/boostkit-perf/32925762756-1/Toolchain/glibc/2.44/aarch64/glibc-build/benchtests/bench-strcasecmp
Running /tmp/boostkit-perf/32925762756-1/Toolchain/glibc/2.44/aarch64/glibc-build/benchtests/bench-strcasestr
Running /tmp/boostkit-perf/32925762756-1/Toolchain/glibc/2.44/aarch64/glibc-build/benchtests/bench-strcat
Running /tmp/boostkit-perf/32925762756-1/Toolchain/glibc/2.44/aarch64/glibc-build/benchtests/bench-strchr
Running /tmp/boostkit-perf/32925762756-1/Toolchain/glibc/2.44/aarch64/glibc-build/benchtests/bench-strchrnul
Running /tmp/boostkit-perf/32925762756-1/Toolchain/glibc/2.44/aarch64/glibc-build/benchtests/bench-strcmp
Running /tmp/boostkit-perf/32925762756-1/Toolchain/glibc/2.44/aarch64/glibc-build/benchtests/bench-strcoll
Running /tmp/boostkit-perf/32925762756-1/Toolchain/glibc/2.44/aarch64/glibc-build/benchtests/bench-strcpy
Running /tmp/boostkit-perf/32925762756-1/Toolchain/glibc/2.44/aarch64/glibc-build/benchtests/bench-strcpy_chk
Running /tmp/boostkit-perf/32925762756-1/Toolchain/glibc/2.44/aarch64/glibc-build/benchtests/bench-strcspn
Running /tmp/boostkit-perf/32925762756-1/Toolchain/glibc/2.44/aarch64/glibc-build/benchtests/bench-strlen
Running /tmp/boostkit-perf/32925762756-1/Toolchain/glibc/2.44/aarch64/glibc-build/benchtests/bench-strlen-random
Running /tmp/boostkit-perf/32925762756-1/Toolchain/glibc/2.44/aarch64/glibc-build/benchtests/bench-strncasecmp
Running /tmp/boostkit-perf/32925762756-1/Toolchain/glibc/2.44/aarch64/glibc-build/benchtests/bench-strncat
Running /tmp/boostkit-perf/32925762756-1/Toolchain/glibc/2.44/aarch64/glibc-build/benchtests/bench-strncmp
Running /tmp/boostkit-perf/32925762756-1/Toolchain/glibc/2.44/aarch64/glibc-build/benchtests/bench-strncpy
Running /tmp/boostkit-perf/32925762756-1/Toolchain/glibc/2.44/aarch64/glibc-build/benchtests/bench-strnlen
Running /tmp/boostkit-perf/32925762756-1/Toolchain/glibc/2.44/aarch64/glibc-build/benchtests/bench-strpbrk
Running /tmp/boostkit-perf/32925762756-1/Toolchain/glibc/2.44/aarch64/glibc-build/benchtests/bench-strrchr
Running /tmp/boostkit-perf/32925762756-1/Toolchain/glibc/2.44/aarch64/glibc-build/benchtests/bench-strsep
Running /tmp/boostkit-perf/32925762756-1/Toolchain/glibc/2.44/aarch64/glibc-build/benchtests/bench-strspn
Running /tmp/boostkit-perf/32925762756-1/Toolchain/glibc/2.44/aarch64/glibc-build/benchtests/bench-strstr
Running /tmp/boostkit-perf/32925762756-1/Toolchain/glibc/2.44/aarch64/glibc-build/benchtests/bench-strtok
if [ -n '' ] ; then \
{ timing_type=$( env GCONV_PATH=/tmp/boostkit-perf/32925762756-1/Toolchain/glibc/2.44/aarch64/glibc-build/iconvdata LOCPATH=/tmp/boostkit-perf/32925762756-1/Toolchain/glibc/2.44/aarch64/glibc-build/localedata LC_ALL=C  /tmp/boostkit-perf/32925762756-1/Toolchain/glibc/2.44/aarch64/glibc-build/elf/ld-linux-aarch64.so.1 --library-path /tmp/boostkit-perf/32925762756-1/Toolchain/glibc/2.44/aarch64/glibc-build:/tmp/boostkit-perf/32925762756-1/Toolchain/glibc/2.44/aarch64/glibc-build/math:/tmp/boostkit-perf/32925762756-1/Toolchain/glibc/2.44/aarch64/glibc-build/elf:/tmp/boostkit-perf/32925762756-1/Toolchain/glibc/2.44/aarch64/glibc-build/dlfcn:/tmp/boostkit-perf/32925762756-1/Toolchain/glibc/2.44/aarch64/glibc-build/nss:/tmp/boostkit-perf/32925762756-1/Toolchain/glibc/2.44/aarch64/glibc-build/nis:/tmp/boostkit-perf/32925762756-1/Toolchain/glibc/2.44/aarch64/glibc-build/rt:/tmp/boostkit-perf/32925762756-1/Toolchain/glibc/2.44/aarch64/glibc-build/resolv:/tmp/boostkit-perf/32925762756-1/Toolchain/glibc/2.44/aarch64/glibc-build/mathvec:/tmp/boostkit-perf/32925762756-1/Toolchain/glibc/2.44/aarch64/glibc-build/support:/tmp/boostkit-perf/32925762756-1/Toolchain/glibc/2.44/aarch64/glibc-build/misc:/tmp/boostkit-perf/32925762756-1/Toolchain/glibc/2.44/aarch64/glibc-build/debug:/tmp/boostkit-perf/32925762756-1/Toolchain/glibc/2.44/aarch64/glibc-build/nptl:/usr/lib/gcc/aarch64-openEuler-linux/12/../../../../lib64/:/usr/lib/gcc/aarch64-openEuler-linux/12/../../../../lib64/ /tmp/boostkit-perf/32925762756-1/Toolchain/glibc/2.44/aarch64/glibc-build/benchtests/bench-timing-type); \
  echo "{\"timing_type\": \"${timing_type}\","; \
  echo " \"functions\": {"; \
  for run in ; do \
    op=$( env GCONV_PATH=/tmp/boostkit-perf/32925762756-1/Toolchain/glibc/2.44/aarch64/glibc-build/iconvdata LOCPATH=/tmp/boostkit-perf/32925762756-1/Toolchain/glibc/2.44/aarch64/glibc-build/localedata LC_ALL=C    /tmp/boostkit-perf/32925762756-1/Toolchain/glibc/2.44/aarch64/glibc-build/elf/ld-linux-aarch64.so.1 --library-path /tmp/boostkit-perf/32925762756-1/Toolchain/glibc/2.44/aarch64/glibc-build:/tmp/boostkit-perf/32925762756-1/Toolchain/glibc/2.44/aarch64/glibc-build/math:/tmp/boostkit-perf/32925762756-1/Toolchain/glibc/2.44/aarch64/glibc-build/elf:/tmp/boostkit-perf/32925762756-1/Toolchain/glibc/2.44/aarch64/glibc-build/dlfcn:/tmp/boostkit-perf/32925762756-1/Toolchain/glibc/2.44/aarch64/glibc-build/nss:/tmp/boostkit-perf/32925762756-1/Toolchain/glibc/2.44/aarch64/glibc-build/nis:/tmp/boostkit-perf/32925762756-1/Toolchain/glibc/2.44/aarch64/glibc-build/rt:/tmp/boostkit-perf/32925762756-1/Toolchain/glibc/2.44/aarch64/glibc-build/resolv:/tmp/boostkit-perf/32925762756-1/Toolchain/glibc/2.44/aarch64/glibc-build/mathvec:/tmp/boostkit-perf/32925762756-1/Toolchain/glibc/2.44/aarch64/glibc-build/support:/tmp/boostkit-perf/32925762756-1/Toolchain/glibc/2.44/aarch64/glibc-build/misc:/tmp/boostkit-perf/32925762756-1/Toolchain/glibc/2.44/aarch64/glibc-build/debug:/tmp/boostkit-perf/32925762756-1/Toolchain/glibc/2.44/aarch64/glibc-build/nptl:/usr/lib/gcc/aarch64-openEuler-linux/12/../../../../lib64/:/usr/lib/gcc/aarch64-openEuler-linux/12/../../../../lib64/ ${run} ); \
    ret=$?; \
    case "${ret}" in \
      77) \
      echo "UNSUPPORTED ${run}: ${op}" >&2; \
	;; \
      0) \
	echo "Running ${run}" >&2; \
	if [ "${run}" != "" ]; then \
	  echo ","; \
	fi; \
	echo "${op}"; \
	;; \
      *) \
	echo "FAILED ${run}" >&2; \
	;; \
    esac; \
  done; \
  echo; \
  echo " }"; \
  echo "}"; \
  } > /tmp/boostkit-perf/32925762756-1/Toolchain/glibc/2.44/aarch64/glibc-build/benchtests/bench.out-tmp; \
  if [ -f /tmp/boostkit-perf/32925762756-1/Toolchain/glibc/2.44/aarch64/glibc-build/benchtests/bench.out ]; then \
    mv -f /tmp/boostkit-perf/32925762756-1/Toolchain/glibc/2.44/aarch64/glibc-build/benchtests/bench.out /tmp/boostkit-perf/32925762756-1/Toolchain/glibc/2.44/aarch64/glibc-build/benchtests/bench.out.old; \
  fi; \
  mv -f /tmp/boostkit-perf/32925762756-1/Toolchain/glibc/2.44/aarch64/glibc-build/benchtests/bench.out-tmp /tmp/boostkit-perf/32925762756-1/Toolchain/glibc/2.44/aarch64/glibc-build/benchtests/bench.out; \
  python3 -B scripts/validate_benchout.py /tmp/boostkit-perf/32925762756-1/Toolchain/glibc/2.44/aarch64/glibc-build/benchtests/bench.out \
  scripts/benchout.schema.json; \
fi
for run in /tmp/boostkit-perf/32925762756-1/Toolchain/glibc/2.44/aarch64/glibc-build/benchtests/bench-malloc-simple /tmp/boostkit-perf/32925762756-1/Toolchain/glibc/2.44/aarch64/glibc-build/benchtests/bench-malloc-tcache /tmp/boostkit-perf/32925762756-1/Toolchain/glibc/2.44/aarch64/glibc-build/benchtests/bench-malloc-thread; do \
  echo "${run}"; \
  if basename ${run} | grep -q "bench-[cm]alloc-thread"; then \
	for thr in 1 8 16 32; do \
		echo "Running ${run} ${thr}"; \
		 env GCONV_PATH=/tmp/boostkit-perf/32925762756-1/Toolchain/glibc/2.44/aarch64/glibc-build/iconvdata LOCPATH=/tmp/boostkit-perf/32925762756-1/Toolchain/glibc/2.44/aarch64/glibc-build/localedata LC_ALL=C    /tmp/boostkit-perf/32925762756-1/Toolchain/glibc/2.44/aarch64/glibc-build/elf/ld-linux-aarch64.so.1 --library-path /tmp/boostkit-perf/32925762756-1/Toolchain/glibc/2.44/aarch64/glibc-build:/tmp/boostkit-perf/32925762756-1/Toolchain/glibc/2.44/aarch64/glibc-build/math:/tmp/boostkit-perf/32925762756-1/Toolchain/glibc/2.44/aarch64/glibc-build/elf:/tmp/boostkit-perf/32925762756-1/Toolchain/glibc/2.44/aarch64/glibc-build/dlfcn:/tmp/boostkit-perf/32925762756-1/Toolchain/glibc/2.44/aarch64/glibc-build/nss:/tmp/boostkit-perf/32925762756-1/Toolchain/glibc/2.44/aarch64/glibc-build/nis:/tmp/boostkit-perf/32925762756-1/Toolchain/glibc/2.44/aarch64/glibc-build/rt:/tmp/boostkit-perf/32925762756-1/Toolchain/glibc/2.44/aarch64/glibc-build/resolv:/tmp/boostkit-perf/32925762756-1/Toolchain/glibc/2.44/aarch64/glibc-build/mathvec:/tmp/boostkit-perf/32925762756-1/Toolchain/glibc/2.44/aarch64/glibc-build/support:/tmp/boostkit-perf/32925762756-1/Toolchain/glibc/2.44/aarch64/glibc-build/misc:/tmp/boostkit-perf/32925762756-1/Toolchain/glibc/2.44/aarch64/glibc-build/debug:/tmp/boostkit-perf/32925762756-1/Toolchain/glibc/2.44/aarch64/glibc-build/nptl:/usr/lib/gcc/aarch64-openEuler-linux/12/../../../../lib64/:/usr/lib/gcc/aarch64-openEuler-linux/12/../../../../lib64/ ${run} ${thr} > ${run}-${thr}.out; \
	done;\
  elif basename ${run} | grep -q "bench-[cm]alloc-tcache"; then \
	for thr in 64 512 1024; do \
		echo "Running ${run} ${thr}"; \
		 env GCONV_PATH=/tmp/boostkit-perf/32925762756-1/Toolchain/glibc/2.44/aarch64/glibc-build/iconvdata LOCPATH=/tmp/boostkit-perf/32925762756-1/Toolchain/glibc/2.44/aarch64/glibc-build/localedata LC_ALL=C    /tmp/boostkit-perf/32925762756-1/Toolchain/glibc/2.44/aarch64/glibc-build/elf/ld-linux-aarch64.so.1 --library-path /tmp/boostkit-perf/32925762756-1/Toolchain/glibc/2.44/aarch64/glibc-build:/tmp/boostkit-perf/32925762756-1/Toolchain/glibc/2.44/aarch64/glibc-build/math:/tmp/boostkit-perf/32925762756-1/Toolchain/glibc/2.44/aarch64/glibc-build/elf:/tmp/boostkit-perf/32925762756-1/Toolchain/glibc/2.44/aarch64/glibc-build/dlfcn:/tmp/boostkit-perf/32925762756-1/Toolchain/glibc/2.44/aarch64/glibc-build/nss:/tmp/boostkit-perf/32925762756-1/Toolchain/glibc/2.44/aarch64/glibc-build/nis:/tmp/boostkit-perf/32925762756-1/Toolchain/glibc/2.44/aarch64/glibc-build/rt:/tmp/boostkit-perf/32925762756-1/Toolchain/glibc/2.44/aarch64/glibc-build/resolv:/tmp/boostkit-perf/32925762756-1/Toolchain/glibc/2.44/aarch64/glibc-build/mathvec:/tmp/boostkit-perf/32925762756-1/Toolchain/glibc/2.44/aarch64/glibc-build/support:/tmp/boostkit-perf/32925762756-1/Toolchain/glibc/2.44/aarch64/glibc-build/misc:/tmp/boostkit-perf/32925762756-1/Toolchain/glibc/2.44/aarch64/glibc-build/debug:/tmp/boostkit-perf/32925762756-1/Toolchain/glibc/2.44/aarch64/glibc-build/nptl:/usr/lib/gcc/aarch64-openEuler-linux/12/../../../../lib64/:/usr/lib/gcc/aarch64-openEuler-linux/12/../../../../lib64/ ${run} ${thr} > ${run}-${thr}.out; \
	done;\
  else \
	for thr in 8 16 32 64 128 256 512 1024 2048 4096; do \
	  echo "Running ${run} ${thr}"; \
	   env GCONV_PATH=/tmp/boostkit-perf/32925762756-1/Toolchain/glibc/2.44/aarch64/glibc-build/iconvdata LOCPATH=/tmp/boostkit-perf/32925762756-1/Toolchain/glibc/2.44/aarch64/glibc-build/localedata LC_ALL=C    /tmp/boostkit-perf/32925762756-1/Toolchain/glibc/2.44/aarch64/glibc-build/elf/ld-linux-aarch64.so.1 --library-path /tmp/boostkit-perf/32925762756-1/Toolchain/glibc/2.44/aarch64/glibc-build:/tmp/boostkit-perf/32925762756-1/Toolchain/glibc/2.44/aarch64/glibc-build/math:/tmp/boostkit-perf/32925762756-1/Toolchain/glibc/2.44/aarch64/glibc-build/elf:/tmp/boostkit-perf/32925762756-1/Toolchain/glibc/2.44/aarch64/glibc-build/dlfcn:/tmp/boostkit-perf/32925762756-1/Toolchain/glibc/2.44/aarch64/glibc-build/nss:/tmp/boostkit-perf/32925762756-1/Toolchain/glibc/2.44/aarch64/glibc-build/nis:/tmp/boostkit-perf/32925762756-1/Toolchain/glibc/2.44/aarch64/glibc-build/rt:/tmp/boostkit-perf/32925762756-1/Toolchain/glibc/2.44/aarch64/glibc-build/resolv:/tmp/boostkit-perf/32925762756-1/Toolchain/glibc/2.44/aarch64/glibc-build/mathvec:/tmp/boostkit-perf/32925762756-1/Toolchain/glibc/2.44/aarch64/glibc-build/support:/tmp/boostkit-perf/32925762756-1/Toolchain/glibc/2.44/aarch64/glibc-build/misc:/tmp/boostkit-perf/32925762756-1/Toolchain/glibc/2.44/aarch64/glibc-build/debug:/tmp/boostkit-perf/32925762756-1/Toolchain/glibc/2.44/aarch64/glibc-build/nptl:/usr/lib/gcc/aarch64-openEuler-linux/12/../../../../lib64/:/usr/lib/gcc/aarch64-openEuler-linux/12/../../../../lib64/ ${run} ${thr} > ${run}-${thr}.out; \
	done;\
  fi;\
done
/tmp/boostkit-perf/32925762756-1/Toolchain/glibc/2.44/aarch64/glibc-build/benchtests/bench-malloc-simple
Running /tmp/boostkit-perf/32925762756-1/Toolchain/glibc/2.44/aarch64/glibc-build/benchtests/bench-malloc-simple 8
Running /tmp/boostkit-perf/32925762756-1/Toolchain/glibc/2.44/aarch64/glibc-build/benchtests/bench-malloc-simple 16
Running /tmp/boostkit-perf/32925762756-1/Toolchain/glibc/2.44/aarch64/glibc-build/benchtests/bench-malloc-simple 32
Running /tmp/boostkit-perf/32925762756-1/Toolchain/glibc/2.44/aarch64/glibc-build/benchtests/bench-malloc-simple 64
Running /tmp/boostkit-perf/32925762756-1/Toolchain/glibc/2.44/aarch64/glibc-build/benchtests/bench-malloc-simple 128
Running /tmp/boostkit-perf/32925762756-1/Toolchain/glibc/2.44/aarch64/glibc-build/benchtests/bench-malloc-simple 256
Running /tmp/boostkit-perf/32925762756-1/Toolchain/glibc/2.44/aarch64/glibc-build/benchtests/bench-malloc-simple 512
Running /tmp/boostkit-perf/32925762756-1/Toolchain/glibc/2.44/aarch64/glibc-build/benchtests/bench-malloc-simple 1024
Running /tmp/boostkit-perf/32925762756-1/Toolchain/glibc/2.44/aarch64/glibc-build/benchtests/bench-malloc-simple 2048
Running /tmp/boostkit-perf/32925762756-1/Toolchain/glibc/2.44/aarch64/glibc-build/benchtests/bench-malloc-simple 4096
/tmp/boostkit-perf/32925762756-1/Toolchain/glibc/2.44/aarch64/glibc-build/benchtests/bench-malloc-tcache
Running /tmp/boostkit-perf/32925762756-1/Toolchain/glibc/2.44/aarch64/glibc-build/benchtests/bench-malloc-tcache 64
Running /tmp/boostkit-perf/32925762756-1/Toolchain/glibc/2.44/aarch64/glibc-build/benchtests/bench-malloc-tcache 512
Running /tmp/boostkit-perf/32925762756-1/Toolchain/glibc/2.44/aarch64/glibc-build/benchtests/bench-malloc-tcache 1024
/tmp/boostkit-perf/32925762756-1/Toolchain/glibc/2.44/aarch64/glibc-build/benchtests/bench-malloc-thread
Running /tmp/boostkit-perf/32925762756-1/Toolchain/glibc/2.44/aarch64/glibc-build/benchtests/bench-malloc-thread 1
Running /tmp/boostkit-perf/32925762756-1/Toolchain/glibc/2.44/aarch64/glibc-build/benchtests/bench-malloc-thread 8
Running /tmp/boostkit-perf/32925762756-1/Toolchain/glibc/2.44/aarch64/glibc-build/benchtests/bench-malloc-thread 16
Running /tmp/boostkit-perf/32925762756-1/Toolchain/glibc/2.44/aarch64/glibc-build/benchtests/bench-malloc-thread 32
make[1]: Leaving directory '/tmp/boostkit-perf/32925762756-1/Toolchain/glibc/2.44/aarch64/glibc-src/benchtests'
[glibc] skipping empty optional benchtest output: /tmp/boostkit-perf/32925762756-1/Toolchain/glibc/2.44/aarch64/glibc-build/benchtests/bench.out
[glibc] saved 70 official glibc raw benchtest outputs
[glibc-parse] normalized 18 official glibc benchtest metrics
[glibc] benchtest results written to benchmark_bench.txt and benchmark_glibc.json
