[fullbench] /home/runner/boostkit-perf/lz4/1.10.0/aarch64/33859168385-1/lz4-source/tests/fullbench --no-prompt -i3 -B4 -c1 /home/runner/boostkit-perf/lz4/1.10.0/aarch64/33859168385-1/dataset/silesia.tar
*** LZ4 speed analyzer v1.10.0 64-bits, by Yann Collet ***
- 3 iterations -
-Using Block Size of 64 KB-
Loading /home/runner/boostkit-perf/lz4/1.10.0/aarch64/33859168385-1/dataset/silesia.tar...       

                                                                               
 /home/runner/boostkit-perf/lz4/1.10.0/aarch64/33859168385-1/dataset/silesia.tar : 
 1-LZ4_compress_default               : 211957760 ->102449093 (48.33%),  414.6 MB/s
[fullbench] /home/runner/boostkit-perf/lz4/1.10.0/aarch64/33859168385-1/lz4-source/tests/fullbench --no-prompt -i3 -B4 -d4 /home/runner/boostkit-perf/lz4/1.10.0/aarch64/33859168385-1/dataset/silesia.tar
*** LZ4 speed analyzer v1.10.0 64-bits, by Yann Collet ***
- 3 iterations -
-Using Block Size of 64 KB-
Loading /home/runner/boostkit-perf/lz4/1.10.0/aarch64/33859168385-1/dataset/silesia.tar...       

                                                                               
 /home/runner/boostkit-perf/lz4/1.10.0/aarch64/33859168385-1/dataset/silesia.tar : 
 4-LZ4_decompress_safe                : 211957760 ->  2277.5 MB/s
[fullbench] /home/runner/boostkit-perf/lz4/1.10.0/aarch64/33859168385-1/lz4-source/tests/fullbench --no-prompt -i3 -B7 -c1 /home/runner/boostkit-perf/lz4/1.10.0/aarch64/33859168385-1/dataset/silesia.tar
*** LZ4 speed analyzer v1.10.0 64-bits, by Yann Collet ***
- 3 iterations -
-Using Block Size of 4096 KB-
Loading /home/runner/boostkit-perf/lz4/1.10.0/aarch64/33859168385-1/dataset/silesia.tar...       

                                                                               
 /home/runner/boostkit-perf/lz4/1.10.0/aarch64/33859168385-1/dataset/silesia.tar : 
 1-LZ4_compress_default               : 211957760 ->100935877 (47.62%),  448.4 MB/s
[fullbench] /home/runner/boostkit-perf/lz4/1.10.0/aarch64/33859168385-1/lz4-source/tests/fullbench --no-prompt -i3 -B7 -d4 /home/runner/boostkit-perf/lz4/1.10.0/aarch64/33859168385-1/dataset/silesia.tar
*** LZ4 speed analyzer v1.10.0 64-bits, by Yann Collet ***
- 3 iterations -
-Using Block Size of 4096 KB-
Loading /home/runner/boostkit-perf/lz4/1.10.0/aarch64/33859168385-1/dataset/silesia.tar...       

                                                                               
 /home/runner/boostkit-perf/lz4/1.10.0/aarch64/33859168385-1/dataset/silesia.tar : 
 4-LZ4_decompress_safe                : 211957760 ->  2907.2 MB/s
