[snappy-benchmark] cd SOURCE_DIR && ./build/snappy_benchmark
2026-08-18T17:21:34+08:00
Running ./build/snappy_benchmark
Run on (256 X 2900 MHz CPU s)
CPU Caches:
  L1 Data 64 KiB (x128)
  L1 Instruction 64 KiB (x128)
  L2 Unified 1280 KiB (x128)
  L3 Unified 57344 KiB (x4)
Load Average: 0.70, 0.27, 0.15
----------------------------------------------------------------------------------------
Benchmark                              Time             CPU   Iterations UserCounters...
----------------------------------------------------------------------------------------
BM_UFlat/0/1                       41848 ns        41822 ns        16729 bytes_per_second=2.28032G/s html
BM_UFlat/0/2                       38510 ns        38488 ns        18175 bytes_per_second=2.47782G/s html
BM_UFlat/1/1                      478399 ns       478045 ns         1464 bytes_per_second=1.3678G/s urls
BM_UFlat/1/2                      444516 ns       444181 ns         1576 bytes_per_second=1.47208G/s urls
BM_UFlat/2/1                        2834 ns         2833 ns       247141 bytes_per_second=40.4694G/s jpg
BM_UFlat/2/2                        2823 ns         2821 ns       248065 bytes_per_second=40.6369G/s jpg
BM_UFlat/3/1                         116 ns          116 ns      6020447 bytes_per_second=1.60498G/s jpg_200
BM_UFlat/3/2                         111 ns          110 ns      6325747 bytes_per_second=1.68583G/s jpg_200
BM_UFlat/4/1                        6016 ns         6013 ns       116134 bytes_per_second=15.8591G/s pdf
BM_UFlat/4/2                       13291 ns        13283 ns        52616 bytes_per_second=7.17946G/s pdf
BM_UFlat/5/1                      172887 ns       172796 ns         4050 bytes_per_second=2.20763G/s html4
BM_UFlat/5/2                      158522 ns       158441 ns         4417 bytes_per_second=2.40764G/s html4
BM_UFlat/6/1                      161249 ns       161172 ns         4338 bytes_per_second=899.926M/s txt1
BM_UFlat/6/2                      144395 ns       144325 ns         4849 bytes_per_second=1004.98M/s txt1
BM_UFlat/7/1                      145268 ns       145185 ns         4822 bytes_per_second=822.26M/s txt2
BM_UFlat/7/2                      133853 ns       133783 ns         5232 bytes_per_second=892.339M/s txt2
BM_UFlat/8/1                      425127 ns       424890 ns         1647 bytes_per_second=957.858M/s txt3
BM_UFlat/8/2                      375444 ns       375249 ns         1865 bytes_per_second=1084.57M/s txt3
BM_UFlat/9/1                      605160 ns       604811 ns         1156 bytes_per_second=759.805M/s txt4
BM_UFlat/9/2                      559955 ns       559656 ns         1249 bytes_per_second=821.109M/s txt4
BM_UFlat/10/1                      39087 ns        39067 ns        17931 bytes_per_second=2.82705G/s pb
BM_UFlat/10/2                      35821 ns        35804 ns        19563 bytes_per_second=3.08463G/s pb
BM_UFlat/11/1                     144164 ns       144086 ns         4859 bytes_per_second=1.19138G/s gaviota
BM_UFlat/11/2                     110722 ns       110668 ns         6324 bytes_per_second=1.55114G/s gaviota
BM_UFlatMedley                   2243310 ns      2241328 ns          312 bytes_per_second=1.21689G/s
BM_UValidate/0/1                   17349 ns        17341 ns        40369 bytes_per_second=5.49958G/s html
BM_UValidate/0/2                   15630 ns        15622 ns        44781 bytes_per_second=6.10463G/s html
BM_UValidate/1/1                  306875 ns       306708 ns         2282 bytes_per_second=2.1319G/s urls
BM_UValidate/1/2                  281515 ns       281363 ns         2487 bytes_per_second=2.32393G/s urls
BM_UValidate/2/1                     106 ns          106 ns      6462403 bytes_per_second=1077.17G/s jpg
BM_UValidate/2/2                     106 ns          106 ns      6593579 bytes_per_second=1080.66G/s jpg
BM_UValidate/3/1                    74.3 ns         74.3 ns      9444205 bytes_per_second=2.50757G/s jpg_200
BM_UValidate/3/2                    70.6 ns         70.6 ns      9904555 bytes_per_second=2.63888G/s jpg_200
BM_UValidate/4/1                    1710 ns         1709 ns       410054 bytes_per_second=55.7959G/s pdf
BM_UValidate/4/2                    5692 ns         5689 ns       123444 bytes_per_second=16.764G/s pdf
BM_UValidate/5/1                   70523 ns        70489 ns         9839 bytes_per_second=5.4118G/s html4
BM_UValidate/5/2                   63303 ns        63268 ns        11021 bytes_per_second=6.02939G/s html4
BM_UValidate/6/1                   78701 ns        78661 ns         8788 bytes_per_second=1.80069G/s txt1
BM_UValidate/6/2                   69043 ns        69008 ns        10064 bytes_per_second=2.05257G/s txt1
BM_UValidate/7/1                   68313 ns        68278 ns        10103 bytes_per_second=1.70747G/s txt2
BM_UValidate/7/2                   62439 ns        62408 ns        11120 bytes_per_second=1.86807G/s txt2
BM_UValidate/8/1                  287150 ns       287002 ns         2440 bytes_per_second=1.38482G/s txt3
BM_UValidate/8/2                  249517 ns       249395 ns         2806 bytes_per_second=1.59364G/s txt3
BM_UValidate/9/1                  418172 ns       417955 ns         1675 bytes_per_second=1099.49M/s txt4
BM_UValidate/9/2                  386412 ns       386230 ns         1813 bytes_per_second=1.16192G/s txt4
BM_UValidate/10/1                  15082 ns        15074 ns        46381 bytes_per_second=7.32666G/s pb
BM_UValidate/10/2                  13797 ns        13790 ns        50789 bytes_per_second=8.00878G/s pb
BM_UValidate/11/1                  71889 ns        71849 ns         9723 bytes_per_second=2.38918G/s gaviota
BM_UValidate/11/2                  55389 ns        55361 ns        12629 bytes_per_second=3.10079G/s gaviota
BM_UValidateMedley               1495565 ns      1494501 ns          468 bytes_per_second=1.82499G/s
BM_UIOVecSource/0/1                97154 ns        97101 ns         7185 bytes_per_second=1005.72M/s html (22.22 %)
BM_UIOVecSource/0/2               119073 ns       119012 ns         5867 bytes_per_second=820.558M/s html (20.70 %)
BM_UIOVecSource/1/1              1353980 ns      1352925 ns          517 bytes_per_second=494.9M/s urls (47.31 %)
BM_UIOVecSource/1/2              1724896 ns      1723537 ns          406 bytes_per_second=388.482M/s urls (45.43 %)
BM_UIOVecSource/2/1                 6525 ns         6521 ns       106527 bytes_per_second=17.5791G/s jpg (99.95 %)
BM_UIOVecSource/2/2                37965 ns        37946 ns        18448 bytes_per_second=3.02116G/s jpg (99.95 %)
BM_UIOVecSource/3/1                  267 ns          267 ns      2611654 bytes_per_second=713.997M/s jpg_200 (73.00 %)
BM_UIOVecSource/3/2                  380 ns          380 ns      1844484 bytes_per_second=501.529M/s jpg_200 (72.50 %)
BM_UIOVecSource/4/1                10467 ns        10461 ns        66915 bytes_per_second=9.11635G/s pdf (83.30 %)
BM_UIOVecSource/4/2               144433 ns       144357 ns         4848 bytes_per_second=676.49M/s pdf (80.99 %)
BM_UIOVecSource/5/1               482864 ns       482538 ns         1452 bytes_per_second=809.522M/s html4 (22.44 %)
BM_UIOVecSource/5/2               563007 ns       562636 ns         1245 bytes_per_second=694.276M/s html4 (20.82 %)
BM_UIOVecSource/6/1               462900 ns       462649 ns         1513 bytes_per_second=313.506M/s txt1 (57.02 %)
BM_UIOVecSource/6/2               582624 ns       582332 ns         1202 bytes_per_second=249.073M/s txt1 (52.31 %)
BM_UIOVecSource/7/1               351859 ns       351682 ns         1990 bytes_per_second=339.454M/s txt2 (61.03 %)
BM_UIOVecSource/7/2               511959 ns       511695 ns         1368 bytes_per_second=233.303M/s txt2 (56.77 %)
BM_UIOVecSource/8/1              1241215 ns      1240484 ns          564 bytes_per_second=328.085M/s txt3 (54.30 %)
BM_UIOVecSource/8/2              1566481 ns      1565442 ns          447 bytes_per_second=259.981M/s txt3 (49.40 %)
BM_UIOVecSource/9/1              1535533 ns      1534560 ns          456 bytes_per_second=299.459M/s txt4 (65.32 %)
BM_UIOVecSource/9/2              2130582 ns      2129140 ns          329 bytes_per_second=215.833M/s txt4 (60.99 %)
BM_UIOVecSource/10/1               66016 ns        65981 ns        10500 bytes_per_second=1.67386G/s pb (19.60 %)
BM_UIOVecSource/10/2               81575 ns        81533 ns         8479 bytes_per_second=1.35458G/s pb (18.33 %)
BM_UIOVecSource/11/1              379968 ns       379787 ns         1842 bytes_per_second=462.842M/s gaviota (37.68 %)
BM_UIOVecSource/11/2              462799 ns       462551 ns         1514 bytes_per_second=380.025M/s gaviota (31.21 %)
BM_UIOVecSink/0                    73427 ns        73392 ns         9527 bytes_per_second=1.29943G/s html
BM_UIOVecSink/1                   727596 ns       727158 ns          961 bytes_per_second=920.794M/s urls
BM_UIOVecSink/2                     2870 ns         2869 ns       243977 bytes_per_second=39.963G/s jpg
BM_UIOVecSink/3                      215 ns          215 ns      3251221 bytes_per_second=885.747M/s jpg_200
BM_UIOVecSink/4                     6505 ns         6502 ns       103120 bytes_per_second=14.6669G/s pdf
BM_UFlatSink/0/1                   41874 ns        41854 ns        16707 bytes_per_second=2.2786G/s html
BM_UFlatSink/0/2                   38516 ns        38496 ns        18151 bytes_per_second=2.47734G/s html
BM_UFlatSink/1/1                  478641 ns       478320 ns         1463 bytes_per_second=1.36701G/s urls
BM_UFlatSink/1/2                  444801 ns       444487 ns         1574 bytes_per_second=1.47106G/s urls
BM_UFlatSink/2/1                    2824 ns         2823 ns       248017 bytes_per_second=40.6133G/s jpg
BM_UFlatSink/2/2                    2816 ns         2814 ns       248771 bytes_per_second=40.7364G/s jpg
BM_UFlatSink/3/1                     123 ns          123 ns      5647281 bytes_per_second=1.51362G/s jpg_200
BM_UFlatSink/3/2                     119 ns          118 ns      5901075 bytes_per_second=1.57237G/s jpg_200
BM_UFlatSink/4/1                    6019 ns         6016 ns       115852 bytes_per_second=15.8533G/s pdf
BM_UFlatSink/4/2                   13247 ns        13240 ns        52642 bytes_per_second=7.20283G/s pdf
BM_UFlatSink/5/1                  172785 ns       172700 ns         4053 bytes_per_second=2.20885G/s html4
BM_UFlatSink/5/2                  158411 ns       158330 ns         4420 bytes_per_second=2.40933G/s html4
BM_UFlatSink/6/1                  161141 ns       161064 ns         4345 bytes_per_second=900.533M/s txt1
BM_UFlatSink/6/2                  144372 ns       144290 ns         4851 bytes_per_second=1005.22M/s txt1
BM_UFlatSink/7/1                  145378 ns       145307 ns         4818 bytes_per_second=821.571M/s txt2
BM_UFlatSink/7/2                  133975 ns       133907 ns         5223 bytes_per_second=891.513M/s txt2
BM_UFlatSink/8/1                  424886 ns       424676 ns         1648 bytes_per_second=958.341M/s txt3
BM_UFlatSink/8/2                  375263 ns       375045 ns         1866 bytes_per_second=1085.16M/s txt3
BM_UFlatSink/9/1                  604683 ns       604342 ns         1156 bytes_per_second=760.395M/s txt4
BM_UFlatSink/9/2                  559960 ns       559665 ns         1249 bytes_per_second=821.096M/s txt4
BM_UFlatSink/10/1                  38978 ns        38958 ns        17960 bytes_per_second=2.83497G/s pb
BM_UFlatSink/10/2                  35761 ns        35742 ns        19567 bytes_per_second=3.09005G/s pb
BM_UFlatSink/11/1                 143126 ns       143052 ns         4890 bytes_per_second=1.19999G/s gaviota
BM_UFlatSink/11/2                 110120 ns       110065 ns         6355 bytes_per_second=1.55963G/s gaviota
BM_ZFlat/0/1                       95751 ns        95699 ns         7303 bytes_per_second=1020.45M/s html (22.22 %)
BM_ZFlat/0/2                      117284 ns       117225 ns         5944 bytes_per_second=833.064M/s html (20.70 %)
BM_ZFlat/1/1                     1345027 ns      1344014 ns          520 bytes_per_second=498.181M/s urls (47.31 %)
BM_ZFlat/1/2                     1717043 ns      1715788 ns          408 bytes_per_second=390.236M/s urls (45.43 %)
BM_ZFlat/2/1                        4690 ns         4688 ns       149488 bytes_per_second=24.4553G/s jpg (99.95 %)
BM_ZFlat/2/2                       36120 ns        36102 ns        19390 bytes_per_second=3.17545G/s jpg (99.95 %)
BM_ZFlat/3/1                         241 ns          241 ns      2916161 bytes_per_second=792.496M/s jpg_200 (73.00 %)
BM_ZFlat/3/2                         353 ns          353 ns      1983284 bytes_per_second=540.099M/s jpg_200 (72.50 %)
BM_ZFlat/4/1                        8842 ns         8837 ns        79114 bytes_per_second=10.7919G/s pdf (83.30 %)
BM_ZFlat/4/2                      142489 ns       142419 ns         4916 bytes_per_second=685.699M/s pdf (80.99 %)
BM_ZFlat/5/1                      476902 ns       476612 ns         1469 bytes_per_second=819.588M/s html4 (22.44 %)
BM_ZFlat/5/2                      556386 ns       556097 ns         1260 bytes_per_second=702.44M/s html4 (20.82 %)
BM_ZFlat/6/1                      461016 ns       460771 ns         1519 bytes_per_second=314.784M/s txt1 (57.02 %)
BM_ZFlat/6/2                      580168 ns       579876 ns         1207 bytes_per_second=250.128M/s txt1 (52.31 %)
BM_ZFlat/7/1                      350366 ns       350191 ns         1999 bytes_per_second=340.9M/s txt2 (61.03 %)
BM_ZFlat/7/2                      510802 ns       510531 ns         1371 bytes_per_second=233.835M/s txt2 (56.77 %)
BM_ZFlat/8/1                     1236393 ns      1235691 ns          567 bytes_per_second=329.358M/s txt3 (54.30 %)
BM_ZFlat/8/2                     1561991 ns      1561064 ns          448 bytes_per_second=260.71M/s txt3 (49.40 %)
BM_ZFlat/9/1                     1531776 ns      1530873 ns          457 bytes_per_second=300.181M/s txt4 (65.32 %)
BM_ZFlat/9/2                     2124372 ns      2122902 ns          330 bytes_per_second=216.467M/s txt4 (60.99 %)
BM_ZFlat/10/1                      64182 ns        64152 ns        10877 bytes_per_second=1.72161G/s pb (19.60 %)
BM_ZFlat/10/2                      79470 ns        79428 ns         8600 bytes_per_second=1.39048G/s pb (18.33 %)
BM_ZFlat/11/1                     377947 ns       377756 ns         1852 bytes_per_second=465.33M/s gaviota (37.68 %)
BM_ZFlat/11/2                     463538 ns       463299 ns         1512 bytes_per_second=379.412M/s gaviota (31.21 %)
BM_ZFlatAll/1                    6193727 ns      6187913 ns          112 bytes_per_second=451.348M/s 12 kTestDataFiles
BM_ZFlatAll/2                    8113834 ns      8106458 ns           86 bytes_per_second=344.528M/s 12 kTestDataFiles
BM_ZFlatIncreasingTableSize/1      52727 ns        52701 ns        13263 bytes_per_second=1.15362G/s 8 tables
BM_ZFlatIncreasingTableSize/2      73374 ns        73339 ns         9541 bytes_per_second=848.88M/s 8 tables
[snappy-benchmark] normalized 4 core metrics
