[fullbench] /tmp/boostkit-perf/32928002295-1/HPC/zstd/1.5.7/x86_64/zstd-source/tests/fullbench
*** Zstandard speed analyzer 1.5.7 64-bits, by Yann Collet (Aug 26 2026) ***

                                                                      
 Sample 10000000 bytes : 

 0#compress                       :   309.8 MB/s  ( 3239077) 
 0#compress                       :   309.8 MB/s  ( 3239077) 
 0#compress                       :   309.9 MB/s  ( 3239077) 
 0#compress                       :   310.0 MB/s  ( 3239077) 
 0#compress                       :   310.0 MB/s  ( 3239077) 
 0#compress                       :   310.0 MB/s  ( 3239077) 

 1#decompress                     :  1368.5 MB/s  (10000000) 
 1#decompress                     :  1368.5 MB/s  (10000000) 
 1#decompress                     :  1368.6 MB/s  (10000000) 
 1#decompress                     :  1368.7 MB/s  (10000000) 
 1#decompress                     :  1368.7 MB/s  (10000000) 
 1#decompress                     :  1368.7 MB/s  (10000000) 

 2#compress_freshCCtx             :   309.6 MB/s  ( 3239077) 
 2#compress_freshCCtx             :   309.7 MB/s  ( 3239077) 
 2#compress_freshCCtx             :   310.0 MB/s  ( 3239077) 
 2#compress_freshCCtx             :   310.0 MB/s  ( 3239077) 
 2#compress_freshCCtx             :   310.0 MB/s  ( 3239077) 
 2#compress_freshCCtx             :   310.0 MB/s  ( 3239077) 

 3#decompressDCtx                 :  1364.9 MB/s  (10000000) 
 3#decompressDCtx                 :  1364.9 MB/s  (10000000) 
 3#decompressDCtx                 :  1364.9 MB/s  (10000000) 
 3#decompressDCtx                 :  1365.6 MB/s  (10000000) 
 3#decompressDCtx                 :  1365.6 MB/s  (10000000) 
 3#decompressDCtx                 :  1365.6 MB/s  (10000000) 

 4#compressContinue               :   309.7 MB/s  ( 3239077) 
 4#compressContinue               :   309.7 MB/s  ( 3239077) 
 4#compressContinue               :   309.7 MB/s  ( 3239077) 
 4#compressContinue               :   309.7 MB/s  ( 3239077) 
 4#compressContinue               :   309.7 MB/s  ( 3239077) 
 4#compressContinue               :   309.7 MB/s  ( 3239077) 

 5#compressContinue_extDict       :   308.3 MB/s  ( 3239062) 
 5#compressContinue_extDict       :   308.3 MB/s  ( 3239062) 
 5#compressContinue_extDict       :   308.3 MB/s  ( 3239062) 
 5#compressContinue_extDict       :   308.3 MB/s  ( 3239062) 
 5#compressContinue_extDict       :   308.3 MB/s  ( 3239062) 
 5#compressContinue_extDict       :   308.3 MB/s  ( 3239062) 

 6#decompressContinue             :  1363.5 MB/s  (10000000) 
 6#decompressContinue             :  1363.5 MB/s  (10000000) 
 6#decompressContinue             :  1363.5 MB/s  (10000000) 
 6#decompressContinue             :  1363.6 MB/s  (10000000) 
 6#decompressContinue             :  1363.7 MB/s  (10000000) 
 6#decompressContinue             :  1363.7 MB/s  (10000000) 

 7#compressStream                 :   284.1 MB/s  ( 3239075) 
 7#compressStream                 :   284.1 MB/s  ( 3239075) 
 7#compressStream                 :   284.2 MB/s  ( 3239075) 
 7#compressStream                 :   284.2 MB/s  ( 3239075) 
 7#compressStream                 :   284.2 MB/s  ( 3239075) 
 7#compressStream                 :   284.3 MB/s  ( 3239075) 

 8#compressStream_freshCCtx       :   284.7 MB/s  ( 3239075) 
 8#compressStream_freshCCtx       :   284.7 MB/s  ( 3239075) 
 8#compressStream_freshCCtx       :   284.7 MB/s  ( 3239075) 
 8#compressStream_freshCCtx       :   284.8 MB/s  ( 3239075) 
 8#compressStream_freshCCtx       :   284.8 MB/s  ( 3239075) 
 8#compressStream_freshCCtx       :   284.8 MB/s  ( 3239075) 

 9#decompressStream               :  1173.7 MB/s  (10000000) 
 9#decompressStream               :  1173.8 MB/s  (10000000) 
 9#decompressStream               :  1174.6 MB/s  (10000000) 
 9#decompressStream               :  1174.6 MB/s  (10000000) 
 9#decompressStream               :  1174.6 MB/s  (10000000) 
 9#decompressStream               :  1174.6 MB/s  (10000000) 

10#compress2                      :   310.2 MB/s  ( 3239077) 
10#compress2                      :   310.2 MB/s  ( 3239077) 
10#compress2                      :   310.2 MB/s  ( 3239077) 
10#compress2                      :   310.2 MB/s  ( 3239077) 
10#compress2                      :   310.2 MB/s  ( 3239077) 
10#compress2                      :   310.2 MB/s  ( 3239077) 

11#compressStream2, end           :   309.9 MB/s  ( 3239077) 
11#compressStream2, end           :   309.9 MB/s  ( 3239077) 
11#compressStream2, end           :   309.9 MB/s  ( 3239077) 
11#compressStream2, end           :   309.9 MB/s  ( 3239077) 
11#compressStream2, end           :   309.9 MB/s  ( 3239077) 
11#compressStream2, end           :   309.9 MB/s  ( 3239077) 

12#compressStream2, end & short   :   307.9 MB/s  ( 3239077) 
12#compressStream2, end & short   :   307.9 MB/s  ( 3239077) 
12#compressStream2, end & short   :   308.0 MB/s  ( 3239077) 
12#compressStream2, end & short   :   308.0 MB/s  ( 3239077) 
12#compressStream2, end & short   :   308.0 MB/s  ( 3239077) 
12#compressStream2, end & short   :   308.0 MB/s  ( 3239077) 

13#compressStream2, continue      :   284.4 MB/s  ( 3239075) 
13#compressStream2, continue      :   284.4 MB/s  ( 3239075) 
13#compressStream2, continue      :   284.4 MB/s  ( 3239075) 
13#compressStream2, continue      :   284.6 MB/s  ( 3239075) 
13#compressStream2, continue      :   284.6 MB/s  ( 3239075) 
13#compressStream2, continue      :   284.6 MB/s  ( 3239075) 

14#compressStream2, -T2, continue :   524.6 MB/s  ( 3240235) 
14#compressStream2, -T2, continue :   524.7 MB/s  ( 3240235) 
14#compressStream2, -T2, continue :   525.0 MB/s  ( 3240235) 
14#compressStream2, -T2, continue :   525.1 MB/s  ( 3240235) 
14#compressStream2, -T2, continue :   525.1 MB/s  ( 3240235) 
14#compressStream2, -T2, continue :   525.1 MB/s  ( 3240235) 

15#compressStream2, -T2, end      :   525.6 MB/s  ( 3240239) 
15#compressStream2, -T2, end      :   526.0 MB/s  ( 3240239) 
15#compressStream2, -T2, end      :   526.0 MB/s  ( 3240239) 
15#compressStream2, -T2, end      :   526.0 MB/s  ( 3240239) 
15#compressStream2, -T2, end      :   526.0 MB/s  ( 3240239) 
15#compressStream2, -T2, end      :   526.0 MB/s  ( 3240239) 

16#compressSequences              :   814.7 MB/s  ( 3239695) 
16#compressSequences              :   815.4 MB/s  ( 3239695) 
16#compressSequences              :   815.4 MB/s  ( 3239695) 
16#compressSequences              :   815.4 MB/s  ( 3239695) 
16#compressSequences              :   815.7 MB/s  ( 3239695) 
16#compressSequences              :   815.8 MB/s  ( 3239695) 

17#compressSequencesAndLiterals   :   921.9 MB/s  ( 3239695) 
17#compressSequencesAndLiterals   :   921.9 MB/s  ( 3239695) 
17#compressSequencesAndLiterals   :   921.9 MB/s  ( 3239695) 
17#compressSequencesAndLiterals   :   921.9 MB/s  ( 3239695) 
17#compressSequencesAndLiterals   :   921.9 MB/s  ( 3239695) 
17#compressSequencesAndLiterals   :   921.9 MB/s  ( 3239695) 

18#convertSequences (1st block)   : 10822.3 MB/s  (   11846) 
18#convertSequences (1st block)   : 10822.3 MB/s  (   11846) 
18#convertSequences (1st block)   : 10822.3 MB/s  (   11846) 
18#convertSequences (1st block)   : 10822.3 MB/s  (   11846) 
18#convertSequences (1st block)   : 10822.3 MB/s  (   11846) 
18#convertSequences (1st block)   : 10822.8 MB/s  (   11846) 

19#get1BlockSummary (1st block)   : 24215.8 MB/s  (   11846) 
19#get1BlockSummary (1st block)   : 24215.8 MB/s  (   11846) 
19#get1BlockSummary (1st block)   : 24218.7 MB/s  (   11846) 
19#get1BlockSummary (1st block)   : 24218.7 MB/s  (   11846) 
19#get1BlockSummary (1st block)   : 24218.7 MB/s  (   11846) 
19#get1BlockSummary (1st block)   : 24218.7 MB/s  (   11846) 

20#decodeLiteralsHeader (1st block:184994.2 MB/s  (      39) 
20#decodeLiteralsHeader (1st block:184994.2 MB/s  (      39) 
20#decodeLiteralsHeader (1st block:184994.2 MB/s  (      39) 
20#decodeLiteralsHeader (1st block:184994.2 MB/s  (      39) 
20#decodeLiteralsHeader (1st block:184994.2 MB/s  (      39) 
20#decodeLiteralsHeader (1st block:184994.2 MB/s  (      39) 

21#decodeLiteralsBlock (1st block): 12477.8 MB/s  (   14193) 
21#decodeLiteralsBlock (1st block): 12477.8 MB/s  (   14193) 
21#decodeLiteralsBlock (1st block): 12477.8 MB/s  (   14193) 
21#decodeLiteralsBlock (1st block): 12477.8 MB/s  (   14193) 
21#decodeLiteralsBlock (1st block): 12477.8 MB/s  (   14193) 
21#decodeLiteralsBlock (1st block): 12477.8 MB/s  (   14193) 

22#decodeSeqHeaders (1st block)   : 51609.2 MB/s  (      49) 
22#decodeSeqHeaders (1st block)   : 51612.9 MB/s  (      49) 
22#decodeSeqHeaders (1st block)   : 51612.9 MB/s  (      49) 
22#decodeSeqHeaders (1st block)   : 51612.9 MB/s  (      49) 
22#decodeSeqHeaders (1st block)   : 51612.9 MB/s  (      49) 
22#decodeSeqHeaders (1st block)   : 51612.9 MB/s  (      49) 
