[fullbench] /tmp/boostkit-perf/32121479490-1/HPC/zstd/1.5.7/x86_64/zstd-source/tests/fullbench
*** Zstandard speed analyzer 1.5.7 64-bits, by Yann Collet (Aug 18 2026) ***

                                                                      
 Sample 10000000 bytes : 

 0#compress                       :   309.3 MB/s  ( 3239077) 
 0#compress                       :   309.3 MB/s  ( 3239077) 
 0#compress                       :   309.5 MB/s  ( 3239077) 
 0#compress                       :   309.5 MB/s  ( 3239077) 
 0#compress                       :   309.5 MB/s  ( 3239077) 
 0#compress                       :   309.5 MB/s  ( 3239077) 

 1#decompress                     :  1365.5 MB/s  (10000000) 
 1#decompress                     :  1365.5 MB/s  (10000000) 
 1#decompress                     :  1365.5 MB/s  (10000000) 
 1#decompress                     :  1365.5 MB/s  (10000000) 
 1#decompress                     :  1365.5 MB/s  (10000000) 
 1#decompress                     :  1365.5 MB/s  (10000000) 

 2#compress_freshCCtx             :   309.3 MB/s  ( 3239077) 
 2#compress_freshCCtx             :   309.3 MB/s  ( 3239077) 
 2#compress_freshCCtx             :   309.3 MB/s  ( 3239077) 
 2#compress_freshCCtx             :   309.3 MB/s  ( 3239077) 
 2#compress_freshCCtx             :   309.3 MB/s  ( 3239077) 
 2#compress_freshCCtx             :   309.3 MB/s  ( 3239077) 

 3#decompressDCtx                 :  1352.8 MB/s  (10000000) 
 3#decompressDCtx                 :  1353.2 MB/s  (10000000) 
 3#decompressDCtx                 :  1353.3 MB/s  (10000000) 
 3#decompressDCtx                 :  1353.5 MB/s  (10000000) 
 3#decompressDCtx                 :  1353.5 MB/s  (10000000) 
 3#decompressDCtx                 :  1353.5 MB/s  (10000000) 

 4#compressContinue               :   309.2 MB/s  ( 3239077) 
 4#compressContinue               :   309.4 MB/s  ( 3239077) 
 4#compressContinue               :   309.4 MB/s  ( 3239077) 
 4#compressContinue               :   309.4 MB/s  ( 3239077) 
 4#compressContinue               :   309.4 MB/s  ( 3239077) 
 4#compressContinue               :   309.4 MB/s  ( 3239077) 

 5#compressContinue_extDict       :   306.6 MB/s  ( 3239062) 
 5#compressContinue_extDict       :   306.6 MB/s  ( 3239062) 
 5#compressContinue_extDict       :   306.7 MB/s  ( 3239062) 
 5#compressContinue_extDict       :   306.7 MB/s  ( 3239062) 
 5#compressContinue_extDict       :   306.7 MB/s  ( 3239062) 
 5#compressContinue_extDict       :   306.7 MB/s  ( 3239062) 

 6#decompressContinue             :  1354.9 MB/s  (10000000) 
 6#decompressContinue             :  1355.1 MB/s  (10000000) 
 6#decompressContinue             :  1355.3 MB/s  (10000000) 
 6#decompressContinue             :  1355.3 MB/s  (10000000) 
 6#decompressContinue             :  1355.3 MB/s  (10000000) 
 6#decompressContinue             :  1355.3 MB/s  (10000000) 

 7#compressStream                 :   283.0 MB/s  ( 3239075) 
 7#compressStream                 :   283.0 MB/s  ( 3239075) 
 7#compressStream                 :   283.0 MB/s  ( 3239075) 
 7#compressStream                 :   283.0 MB/s  ( 3239075) 
 7#compressStream                 :   283.0 MB/s  ( 3239075) 
 7#compressStream                 :   283.0 MB/s  ( 3239075) 

 8#compressStream_freshCCtx       :   283.3 MB/s  ( 3239075) 
 8#compressStream_freshCCtx       :   283.4 MB/s  ( 3239075) 
 8#compressStream_freshCCtx       :   283.4 MB/s  ( 3239075) 
 8#compressStream_freshCCtx       :   283.4 MB/s  ( 3239075) 
 8#compressStream_freshCCtx       :   283.4 MB/s  ( 3239075) 
 8#compressStream_freshCCtx       :   283.4 MB/s  ( 3239075) 

 9#decompressStream               :  1366.9 MB/s  (10000000) 
 9#decompressStream               :  1367.1 MB/s  (10000000) 
 9#decompressStream               :  1367.1 MB/s  (10000000) 
 9#decompressStream               :  1367.1 MB/s  (10000000) 
 9#decompressStream               :  1367.1 MB/s  (10000000) 
 9#decompressStream               :  1367.1 MB/s  (10000000) 

10#compress2                      :   309.0 MB/s  ( 3239077) 
10#compress2                      :   309.0 MB/s  ( 3239077) 
10#compress2                      :   309.0 MB/s  ( 3239077) 
10#compress2                      :   309.0 MB/s  ( 3239077) 
10#compress2                      :   309.0 MB/s  ( 3239077) 
10#compress2                      :   309.0 MB/s  ( 3239077) 

11#compressStream2, end           :   308.5 MB/s  ( 3239077) 
11#compressStream2, end           :   308.7 MB/s  ( 3239077) 
11#compressStream2, end           :   308.7 MB/s  ( 3239077) 
11#compressStream2, end           :   308.7 MB/s  ( 3239077) 
11#compressStream2, end           :   308.7 MB/s  ( 3239077) 
11#compressStream2, end           :   308.7 MB/s  ( 3239077) 

12#compressStream2, end & short   :   306.8 MB/s  ( 3239077) 
12#compressStream2, end & short   :   306.8 MB/s  ( 3239077) 
12#compressStream2, end & short   :   306.8 MB/s  ( 3239077) 
12#compressStream2, end & short   :   306.8 MB/s  ( 3239077) 
12#compressStream2, end & short   :   306.8 MB/s  ( 3239077) 
12#compressStream2, end & short   :   306.8 MB/s  ( 3239077) 

13#compressStream2, continue      :   283.6 MB/s  ( 3239075) 
13#compressStream2, continue      :   283.6 MB/s  ( 3239075) 
13#compressStream2, continue      :   283.6 MB/s  ( 3239075) 
13#compressStream2, continue      :   283.6 MB/s  ( 3239075) 
13#compressStream2, continue      :   283.6 MB/s  ( 3239075) 
13#compressStream2, continue      :   283.6 MB/s  ( 3239075) 

14#compressStream2, -T2, continue :   524.6 MB/s  ( 3240235) 
14#compressStream2, -T2, continue :   524.7 MB/s  ( 3240235) 
14#compressStream2, -T2, continue :   524.7 MB/s  ( 3240235) 
14#compressStream2, -T2, continue :   524.7 MB/s  ( 3240235) 
14#compressStream2, -T2, continue :   524.7 MB/s  ( 3240235) 
14#compressStream2, -T2, continue :   524.7 MB/s  ( 3240235) 

15#compressStream2, -T2, end      :   523.4 MB/s  ( 3240239) 
15#compressStream2, -T2, end      :   523.4 MB/s  ( 3240239) 
15#compressStream2, -T2, end      :   523.5 MB/s  ( 3240239) 
15#compressStream2, -T2, end      :   523.5 MB/s  ( 3240239) 
15#compressStream2, -T2, end      :   523.6 MB/s  ( 3240239) 
15#compressStream2, -T2, end      :   523.6 MB/s  ( 3240239) 

16#compressSequences              :   806.7 MB/s  ( 3239695) 
16#compressSequences              :   806.7 MB/s  ( 3239695) 
16#compressSequences              :   806.7 MB/s  ( 3239695) 
16#compressSequences              :   806.7 MB/s  ( 3239695) 
16#compressSequences              :   806.7 MB/s  ( 3239695) 
16#compressSequences              :   806.7 MB/s  ( 3239695) 

17#compressSequencesAndLiterals   :   923.5 MB/s  ( 3239695) 
17#compressSequencesAndLiterals   :   923.5 MB/s  ( 3239695) 
17#compressSequencesAndLiterals   :   923.5 MB/s  ( 3239695) 
17#compressSequencesAndLiterals   :   923.5 MB/s  ( 3239695) 
17#compressSequencesAndLiterals   :   923.5 MB/s  ( 3239695) 
17#compressSequencesAndLiterals   :   923.5 MB/s  ( 3239695) 

18#convertSequences (1st block)   : 10825.6 MB/s  (   11846) 
18#convertSequences (1st block)   : 10826.8 MB/s  (   11846) 
18#convertSequences (1st block)   : 10827.2 MB/s  (   11846) 
18#convertSequences (1st block)   : 10827.2 MB/s  (   11846) 
18#convertSequences (1st block)   : 10827.2 MB/s  (   11846) 
18#convertSequences (1st block)   : 10827.2 MB/s  (   11846) 

19#get1BlockSummary (1st block)   : 24184.1 MB/s  (   11846) 
19#get1BlockSummary (1st block)   : 24186.9 MB/s  (   11846) 
19#get1BlockSummary (1st block)   : 24186.9 MB/s  (   11846) 
19#get1BlockSummary (1st block)   : 24186.9 MB/s  (   11846) 
19#get1BlockSummary (1st block)   : 24186.9 MB/s  (   11846) 
19#get1BlockSummary (1st block)   : 24190.8 MB/s  (   11846) 

20#decodeLiteralsHeader (1st block:183898.1 MB/s  (      39) 
20#decodeLiteralsHeader (1st block:183898.1 MB/s  (      39) 
20#decodeLiteralsHeader (1st block:183936.0 MB/s  (      39) 
20#decodeLiteralsHeader (1st block:183936.0 MB/s  (      39) 
20#decodeLiteralsHeader (1st block:183936.0 MB/s  (      39) 
20#decodeLiteralsHeader (1st block:183936.0 MB/s  (      39) 

21#decodeLiteralsBlock (1st block): 12389.2 MB/s  (   14193) 
21#decodeLiteralsBlock (1st block): 12389.2 MB/s  (   14193) 
21#decodeLiteralsBlock (1st block): 12390.0 MB/s  (   14193) 
21#decodeLiteralsBlock (1st block): 12390.0 MB/s  (   14193) 
21#decodeLiteralsBlock (1st block): 12390.0 MB/s  (   14193) 
21#decodeLiteralsBlock (1st block): 12390.0 MB/s  (   14193) 

22#decodeSeqHeaders (1st block)   : 51692.6 MB/s  (      49) 
22#decodeSeqHeaders (1st block)   : 51692.6 MB/s  (      49) 
22#decodeSeqHeaders (1st block)   : 51709.3 MB/s  (      49) 
22#decodeSeqHeaders (1st block)   : 51709.3 MB/s  (      49) 
22#decodeSeqHeaders (1st block)   : 51709.3 MB/s  (      49) 
22#decodeSeqHeaders (1st block)   : 51709.3 MB/s  (      49) 
