[protobuf] running the upstream serialization benchmark
[ANN] Compiling proto definitions in /tmp/boostkit-perf/32439734023-1/HPC/protobuf/35.1/aarch64/tmp/protobuf_bench_hkxfzy6s...
[ANN] Benchmarking SimpleMessage: Simple message with 4 scalar fields (int32, string, float, bool)
[ANN] SimpleMessage size=100 iteration 1/1
[ANN] Benchmarking RepeatedInt32: Message with repeated int32 field
[ANN] RepeatedInt32 size=100 iteration 1/1
[ANN] Benchmarking RepeatedString: Message with repeated string field
[ANN] RepeatedString size=100 iteration 1/1
[ANN] Benchmarking NestedMessage: Message with nested sub-message and repeated nested fields
[ANN] NestedMessage size=100 iteration 1/1
[ANN] Benchmarking LargeMessage: Large message with mixed scalar, repeated, and nested fields
[ANN] LargeMessage size=100 iteration 1/1
[ANN] Results saved to: /home/runner/actions-runner/_work/boostkit-performance-evaluation/boostkit-performance-evaluation/.perf-output/HPC/protobuf/35.1/aarch64/32439734023-1/benchmark_ann.json
[ANN] SimpleMessage: SerQPS=0.002724s, Size=28B
[ANN]   size=10: SerQPS=4216652.26, DeserQPS=2283360.01, Fidelity=1.0
[ANN]   size=50: SerQPS=4350937.76, DeserQPS=2294979.21, Fidelity=1.0
[ANN]   size=100: SerQPS=4211571.44, DeserQPS=2306590.41, Fidelity=1.0
[ANN]   size=500: SerQPS=4354099.45, DeserQPS=2297241.76, Fidelity=1.0
[ANN]   size=1000: SerQPS=4382304.88, DeserQPS=2293473.32, Fidelity=1.0
[ANN] RepeatedInt32: SerQPS=0.003395s, Size=102B
[ANN]   size=10: SerQPS=4132726.38, DeserQPS=2075360.71, Fidelity=1.0
[ANN]   size=50: SerQPS=3861802.78, DeserQPS=1436061.22, Fidelity=1.0
[ANN]   size=100: SerQPS=3245360.57, DeserQPS=1108343.42, Fidelity=1.0
[ANN]   size=500: SerQPS=712347.83, DeserQPS=349627.31, Fidelity=1.0
[ANN]   size=1000: SerQPS=358775.77, DeserQPS=191316.31, Fidelity=1.0
[ANN] RepeatedString: SerQPS=0.010866s, Size=890B
[ANN]   size=10: SerQPS=3555097.47, DeserQPS=1650650.92, Fidelity=1.0
[ANN]   size=50: SerQPS=1927795.19, DeserQPS=721650.35, Fidelity=1.0
[ANN]   size=100: SerQPS=1241101.94, DeserQPS=464675.89, Fidelity=1.0
[ANN]   size=500: SerQPS=347901.79, DeserQPS=147492.53, Fidelity=1.0
[ANN]   size=1000: SerQPS=193903.35, DeserQPS=80227.85, Fidelity=1.0
[ANN] NestedMessage: SerQPS=0.032264s, Size=2204B
[ANN]   size=10: SerQPS=1915819.67, DeserQPS=1130479.22, Fidelity=1.0
[ANN]   size=50: SerQPS=608319.77, DeserQPS=404492.49, Fidelity=1.0
[ANN]   size=100: SerQPS=354818.04, DeserQPS=235801.97, Fidelity=1.0
[ANN]   size=500: SerQPS=81880.5, DeserQPS=55009.93, Fidelity=1.0
[ANN]   size=1000: SerQPS=41957.18, DeserQPS=28301.89, Fidelity=1.0
[ANN] LargeMessage: SerQPS=0.007197s, Size=304B
[ANN]   size=10: SerQPS=1892138.76, DeserQPS=1007931.18, Fidelity=1.0
[ANN]   size=50: SerQPS=1676581.52, DeserQPS=806162.84, Fidelity=1.0
[ANN]   size=100: SerQPS=1534127.29, DeserQPS=690499.98, Fidelity=1.0
[ANN]   size=500: SerQPS=544622.86, DeserQPS=291079.08, Fidelity=1.0
[ANN]   size=1000: SerQPS=315513.03, DeserQPS=171597.41, Fidelity=1.0
[ANN] Benchmark complete
[protobuf] running the upstream micro benchmark
[MICRO] Compiling proto definitions in /tmp/boostkit-perf/32439734023-1/HPC/protobuf/35.1/aarch64/tmp/protobuf_micro_4bit3vd4...
[MICRO] Using protobuf module (fallback=False), num_messages=10000
[MICRO] Running single_serialize...
[MICRO] Running single_deserialize...
[MICRO] Running multithread_serialize...
[MICRO] Running multithread_deserialize...
[MICRO] Running json_serialization...
[MICRO] Running large_message...
[MICRO] Running size_parameter_sweep...
[MICRO] Results saved to: /home/runner/actions-runner/_work/boostkit-performance-evaluation/boostkit-performance-evaluation/.perf-output/HPC/protobuf/35.1/aarch64/32439734023-1/micro_benchmark.json
[MICRO] single_serialize: {'avg_time_s': 0.002384, 'serialize_qps': 4194304.0, 'avg_latency_us': 0.2384}
[MICRO] single_deserialize: {'avg_time_s': 0.00439, 'deserialize_qps': 2278151.11, 'avg_latency_us': 0.439}
[MICRO] multithread_serialize: {'threads_1': {'avg_time_s': 0.003245, 'avg_qps': 3081781.04}, 'threads_2': {'avg_time_s': 0.003253, 'avg_qps': 3074552.12}, 'threads_4': {'avg_time_s': 0.003775, 'avg_qps': 2649089.88}, 'threads_8': {'avg_time_s': 0.003748, 'avg_qps': 2668302.05}, 'threads_all': {'avg_time_s': 0.012686, 'avg_qps': 2017894.47}}
[MICRO] multithread_deserialize: {'threads_1': {'avg_time_s': 0.009079, 'avg_qps': 1101474.3}, 'threads_2': {'avg_time_s': 0.009143, 'avg_qps': 1093719.26}, 'threads_4': {'avg_time_s': 0.009173, 'avg_qps': 1090137.49}, 'threads_8': {'avg_time_s': 0.009235, 'avg_qps': 1082876.1}, 'threads_all': {'avg_time_s': 0.027248, 'avg_qps': 939529.97}}
[MICRO] json_serialization: {'binary_serialize': {'avg_time_s': 0.002538, 'avg_qps': 3940163.46}, 'json_serialize': {'avg_time_s': 0.160069, 'avg_qps': 62473.25}, 'binary_size_bytes': 23, 'json_size_bytes': 73, 'size_ratio': 3.17}
[MICRO] large_message: {'avg_serialize_time_s': 6e-06, 'avg_deserialize_time_s': 7e-06, 'serialize_qps': 369871.34, 'avg_message_size_bytes': 1799}
[MICRO] size_parameter_sweep: {'size_10': {'avg_serialize_qps': 4190532.52, 'avg_deserialize_qps': 2028389.59}, 'size_50': {'avg_serialize_qps': 3724297.64, 'avg_deserialize_qps': 1392762.41}, 'size_100': {'avg_serialize_qps': 3242099.4, 'avg_deserialize_qps': 1134147.42}, 'size_500': {'avg_serialize_qps': 704285.86, 'avg_deserialize_qps': 340549.03}, 'size_1000': {'avg_serialize_qps': 357875.77, 'avg_deserialize_qps': 188211.98}}
[MICRO] Benchmark complete
[AGGREGATE] Results saved to /home/runner/actions-runner/_work/boostkit-performance-evaluation/boostkit-performance-evaluation/.perf-output/HPC/protobuf/35.1/aarch64/32439734023-1/aggregate_results.json
[protobuf] upstream protobuf benchmark outputs are ready
