[snappy] downloading Silesia corpus from https://wanos.co/assets/silesia.tar
  % Total    % Received % Xferd  Average Speed   Time    Time     Time  Current
                                 Dload  Upload   Total   Spent    Left  Speed

  0     0    0     0    0     0      0      0 --:--:-- --:--:-- --:--:--     0
  0     0    0     0    0     0      0      0 --:--:-- --:--:-- --:--:--     0
  0  202M    0  148k    0     0  95790      0  0:36:52  0:00:01  0:36:51 95740
  1  202M    1 3827k    0     0  1474k      0  0:02:20  0:00:02  0:02:18 1474k
  5  202M    5 10.3M    0     0  2982k      0  0:01:09  0:00:03  0:01:06 2981k
  7  202M    7 16.0M    0     0  3596k      0  0:00:57  0:00:04  0:00:53 3595k
 11  202M   11 22.7M    0     0  4169k      0  0:00:49  0:00:05  0:00:44 4703k
 14  202M   14 29.3M    0     0  4586k      0  0:00:45  0:00:06  0:00:39 6016k
 17  202M   17 36.0M    0     0  4872k      0  0:00:42  0:00:07  0:00:35 6642k
 21  202M   21 42.7M    0     0  5099k      0  0:00:40  0:00:08  0:00:32 6606k
 22  202M   22 45.1M    0     0  4824k      0  0:00:42  0:00:09  0:00:33 5948k
 22  202M   22 45.1M    0     0  4373k      0  0:00:47  0:00:10  0:00:37 4601k
 22  202M   22 45.1M    0     0  4000k      0  0:00:51  0:00:11  0:00:40 3231k
 22  202M   22 45.2M    0     0  3679k      0  0:00:56  0:00:12  0:00:44 1877k
 23  202M   23 47.5M    0     0  3565k      0  0:00:58  0:00:13  0:00:45  977k
 25  202M   25 51.6M    0     0  3632k      0  0:00:56  0:00:14  0:00:42 1347k
 25  202M   25 51.7M    0     0  3404k      0  0:01:00  0:00:15  0:00:45 1354k
 25  202M   25 51.7M    0     0  3195k      0  0:01:04  0:00:16  0:00:48 1346k
 25  202M   25 51.8M    0     0  3022k      0  0:01:08  0:00:17  0:00:51 1360k
 25  202M   25 51.9M    0     0  2861k      0  0:01:12  0:00:18  0:00:54  903k
 26  202M   26 54.1M    0     0  2830k      0  0:01:13  0:00:19  0:00:54  502k
 29  202M   29 59.7M    0     0  2966k      0  0:01:09  0:00:20  0:00:49 1619k
 32  202M   32 65.3M    0     0  3102k      0  0:01:06  0:00:21  0:00:45 2790k
 35  202M   35 70.9M    0     0  3217k      0  0:01:04  0:00:22  0:00:42 3901k
 36  202M   36 73.6M    0     0  3198k      0  0:01:04  0:00:23  0:00:41 4454k
 38  202M   38 77.4M    0     0  3225k      0  0:01:04  0:00:24  0:00:40 4773k
 41  202M   41 82.9M    0     0  3322k      0  0:01:02  0:00:25  0:00:37 4798k
 43  202M   43 88.5M    0     0  3412k      0  0:01:00  0:00:26  0:00:34 4750k
 46  202M   46 94.1M    0     0  3494k      0  0:00:59  0:00:27  0:00:32 4741k
 49  202M   49 99.7M    0     0  3574k      0  0:00:57  0:00:28  0:00:29 5347k
 51  202M   51  104M    0     0  3628k      0  0:00:57  0:00:29  0:00:28 5619k
 54  202M   54  110M    0     0  3713k      0  0:00:55  0:00:30  0:00:25 5721k
 55  202M   55  112M    0     0  3652k      0  0:00:56  0:00:31  0:00:25 4906k
 57  202M   57  117M    0     0  3683k      0  0:00:56  0:00:32  0:00:24 4731k
 60  202M   60  122M    0     0  3743k      0  0:00:55  0:00:33  0:00:22 4703k
 63  202M   63  128M    0     0  3798k      0  0:00:54  0:00:34  0:00:20 4798k
 66  202M   66  133M    0     0  3852k      0  0:00:53  0:00:35  0:00:18 4701k
 68  202M   68  139M    0     0  3904k      0  0:00:53  0:00:36  0:00:17 5523k
 71  202M   71  144M    0     0  3942k      0  0:00:52  0:00:37  0:00:15 5628k
 74  202M   74  150M    0     0  3995k      0  0:00:51  0:00:38  0:00:13 5697k
 77  202M   77  155M    0     0  4036k      0  0:00:51  0:00:39  0:00:12 5687k
 79  202M   79  161M    0     0  4079k      0  0:00:50  0:00:40  0:00:10 5703k
 82  202M   82  167M    0     0  4117k      0  0:00:50  0:00:41  0:00:09 5678k
 85  202M   85  172M    0     0  4153k      0  0:00:49  0:00:42  0:00:07 5737k
 88  202M   88  178M    0     0  4187k      0  0:00:49  0:00:43  0:00:06 5666k
 90  202M   90  183M    0     0  4220k      0  0:00:49  0:00:44  0:00:05 5681k
 93  202M   93  189M    0     0  4253k      0  0:00:48  0:00:45  0:00:03 5662k
 96  202M   96  194M    0     0  4284k      0  0:00:48  0:00:46  0:00:02 5672k
 99  202M   99  200M    0     0  4314k      0  0:00:47  0:00:47 --:--:-- 5685k
100  202M  100  202M    0     0  4325k      0  0:00:47  0:00:47 --:--:-- 5735k
/home/runner/boostkit-perf/snappy/1.2.2/x86_64/38042780834-1/silesia.tar: OK
[snappy-benchmark] /home/runner/boostkit-perf/snappy/1.2.2/x86_64/38042780834-1/lzbench-source/lzbench -esnappy -b4 -t20u20 /home/runner/boostkit-perf/snappy/1.2.2/x86_64/38042780834-1/silesia.tar
snappy compr iter=1 time=0.24s speed=891.61 MB/s     
snappy compr iter=2 time=0.48s speed=892.32 MB/s     
snappy compr iter=3 time=0.71s speed=892.21 MB/s     
snappy compr iter=4 time=0.95s speed=894.02 MB/s     
snappy compr iter=5 time=1.19s speed=894.33 MB/s     
snappy compr iter=6 time=1.42s speed=894.17 MB/s     
snappy compr iter=7 time=1.66s speed=894.54 MB/s     
snappy compr iter=8 time=1.90s speed=894.60 MB/s     
snappy compr iter=9 time=2.14s speed=893.36 MB/s     
snappy compr iter=10 time=2.37s speed=894.49 MB/s     
snappy compr iter=11 time=2.61s speed=894.21 MB/s     
snappy compr iter=12 time=2.85s speed=894.46 MB/s     
snappy compr iter=13 time=3.08s speed=893.61 MB/s     
snappy compr iter=14 time=3.32s speed=892.59 MB/s     
snappy compr iter=15 time=3.56s speed=894.17 MB/s     
snappy compr iter=16 time=3.79s speed=894.32 MB/s     
snappy compr iter=17 time=4.03s speed=893.41 MB/s     
snappy compr iter=18 time=4.27s speed=892.66 MB/s     
snappy compr iter=19 time=4.51s speed=893.55 MB/s     
snappy compr iter=20 time=4.74s speed=894.05 MB/s     
snappy compr iter=21 time=4.98s speed=891.29 MB/s     
snappy compr iter=22 time=5.22s speed=894.10 MB/s     
snappy compr iter=23 time=5.46s speed=894.36 MB/s     
snappy compr iter=24 time=5.69s speed=894.80 MB/s     
snappy compr iter=25 time=5.93s speed=894.28 MB/s     
snappy compr iter=26 time=6.17s speed=894.15 MB/s     
snappy compr iter=27 time=6.40s speed=893.86 MB/s     
snappy compr iter=28 time=6.64s speed=892.48 MB/s     
snappy compr iter=29 time=6.88s speed=894.33 MB/s     
snappy compr iter=30 time=7.12s speed=893.83 MB/s     
snappy compr iter=31 time=7.35s speed=894.56 MB/s     
snappy compr iter=32 time=7.59s speed=893.81 MB/s     
snappy compr iter=33 time=7.83s speed=892.98 MB/s     
snappy compr iter=34 time=8.06s speed=894.12 MB/s     
snappy compr iter=35 time=8.30s speed=894.55 MB/s     
snappy compr iter=36 time=8.54s speed=894.24 MB/s     
snappy compr iter=37 time=8.77s speed=894.75 MB/s     
snappy compr iter=38 time=9.01s speed=892.18 MB/s     
snappy compr iter=39 time=9.25s speed=894.42 MB/s     
snappy compr iter=40 time=9.49s speed=894.19 MB/s     
snappy compr iter=41 time=9.72s speed=894.69 MB/s     
snappy compr iter=42 time=9.96s speed=894.28 MB/s     
snappy compr iter=43 time=10.20s speed=894.23 MB/s     
snappy compr iter=44 time=10.43s speed=894.32 MB/s     
snappy compr iter=45 time=10.67s speed=893.99 MB/s     
snappy compr iter=46 time=10.91s speed=892.13 MB/s     
snappy compr iter=47 time=11.15s speed=894.01 MB/s     
snappy compr iter=48 time=11.38s speed=894.44 MB/s     
snappy compr iter=49 time=11.62s speed=894.31 MB/s     
snappy compr iter=50 time=11.86s speed=894.64 MB/s     
snappy compr iter=51 time=12.09s speed=894.20 MB/s     
snappy compr iter=52 time=12.33s speed=893.85 MB/s     
snappy compr iter=53 time=12.57s speed=892.84 MB/s     
snappy compr iter=54 time=12.81s speed=894.62 MB/s     
snappy compr iter=55 time=13.04s speed=894.28 MB/s     
snappy compr iter=56 time=13.28s speed=894.68 MB/s     
snappy compr iter=57 time=13.52s speed=894.18 MB/s     
snappy compr iter=58 time=13.75s speed=894.76 MB/s     
snappy compr iter=59 time=13.99s speed=892.45 MB/s     
snappy compr iter=60 time=14.23s speed=894.06 MB/s     
snappy compr iter=61 time=14.47s speed=893.73 MB/s     
snappy compr iter=62 time=14.70s speed=893.01 MB/s     
snappy compr iter=63 time=14.94s speed=894.04 MB/s     
snappy compr iter=64 time=15.18s speed=894.01 MB/s     
snappy compr iter=65 time=15.41s speed=894.58 MB/s     
snappy compr iter=66 time=15.65s speed=893.86 MB/s     
snappy compr iter=67 time=15.89s speed=893.70 MB/s     
snappy compr iter=68 time=16.13s speed=893.73 MB/s     
snappy compr iter=69 time=16.36s speed=892.51 MB/s     
snappy compr iter=70 time=16.60s speed=891.65 MB/s     
snappy compr iter=71 time=16.84s speed=893.60 MB/s     
snappy compr iter=72 time=17.08s speed=893.38 MB/s     
snappy compr iter=73 time=17.31s speed=893.94 MB/s     
snappy compr iter=74 time=17.55s speed=893.54 MB/s     
snappy compr iter=75 time=17.79s speed=893.78 MB/s     
snappy compr iter=76 time=18.02s speed=893.43 MB/s     
snappy compr iter=77 time=18.26s speed=893.88 MB/s     
snappy compr iter=78 time=18.50s speed=892.87 MB/s     
snappy compr iter=79 time=18.74s speed=892.47 MB/s     
snappy compr iter=80 time=18.97s speed=893.50 MB/s     
snappy compr iter=81 time=19.21s speed=893.52 MB/s     
snappy compr iter=82 time=19.45s speed=893.50 MB/s     
snappy compr iter=83 time=19.68s speed=893.88 MB/s     
snappy compr iter=84 time=19.92s speed=893.70 MB/s     
snappy decompr iter=1 time=0.25s speed=833.95 MB/s     
snappy decompr iter=2 time=0.52s speed=836.73 MB/s     
snappy decompr iter=3 time=0.79s speed=836.21 MB/s     
snappy decompr iter=4 time=1.05s speed=836.08 MB/s     
snappy decompr iter=5 time=1.32s speed=836.09 MB/s     
snappy decompr iter=6 time=1.59s speed=836.29 MB/s     
snappy decompr iter=7 time=1.85s speed=836.06 MB/s     
snappy decompr iter=8 time=2.12s speed=836.33 MB/s     
snappy decompr iter=9 time=2.39s speed=836.07 MB/s     
snappy decompr iter=10 time=2.65s speed=836.41 MB/s     
snappy decompr iter=11 time=2.92s speed=836.06 MB/s     
snappy decompr iter=12 time=3.19s speed=836.26 MB/s     
snappy decompr iter=13 time=3.45s speed=834.82 MB/s     
snappy decompr iter=14 time=3.72s speed=834.56 MB/s     
snappy decompr iter=15 time=3.99s speed=836.22 MB/s     
snappy decompr iter=16 time=4.26s speed=836.47 MB/s     
snappy decompr iter=17 time=4.52s speed=836.39 MB/s     
snappy decompr iter=18 time=4.79s speed=836.26 MB/s     
snappy decompr iter=19 time=5.06s speed=836.22 MB/s     
snappy decompr iter=20 time=5.32s speed=836.09 MB/s     
snappy decompr iter=21 time=5.59s speed=836.41 MB/s     
snappy decompr iter=22 time=5.86s speed=836.14 MB/s     
snappy decompr iter=23 time=6.12s speed=836.27 MB/s     
snappy decompr iter=24 time=6.39s speed=835.29 MB/s     
snappy decompr iter=25 time=6.66s speed=836.28 MB/s     
snappy decompr iter=26 time=6.92s speed=836.09 MB/s     
snappy decompr iter=27 time=7.19s speed=836.18 MB/s     
snappy decompr iter=28 time=7.46s speed=836.16 MB/s     
snappy decompr iter=29 time=7.72s speed=836.33 MB/s     
snappy decompr iter=30 time=7.99s speed=836.05 MB/s     
snappy decompr iter=31 time=8.26s speed=836.18 MB/s     
snappy decompr iter=32 time=8.52s speed=836.23 MB/s     
snappy decompr iter=33 time=8.79s speed=836.14 MB/s     
snappy decompr iter=34 time=9.06s speed=835.81 MB/s     
snappy decompr iter=35 time=9.32s speed=835.53 MB/s     
snappy decompr iter=36 time=9.59s speed=835.58 MB/s     
snappy decompr iter=37 time=9.86s speed=835.23 MB/s     
snappy decompr iter=38 time=10.12s speed=835.86 MB/s     
snappy decompr iter=39 time=10.39s speed=835.71 MB/s     
snappy decompr iter=40 time=10.66s speed=835.98 MB/s     
snappy decompr iter=41 time=10.92s speed=835.65 MB/s     
snappy decompr iter=42 time=11.19s speed=835.90 MB/s     
snappy decompr iter=43 time=11.46s speed=835.74 MB/s     
snappy decompr iter=44 time=11.72s speed=835.94 MB/s     
snappy decompr iter=45 time=11.99s speed=835.61 MB/s     
snappy decompr iter=46 time=12.26s speed=836.26 MB/s     
snappy decompr iter=47 time=12.53s speed=836.42 MB/s     
snappy decompr iter=48 time=12.79s speed=835.32 MB/s     
snappy decompr iter=49 time=13.06s speed=833.87 MB/s     
snappy decompr iter=50 time=13.33s speed=835.08 MB/s     
snappy decompr iter=51 time=13.59s speed=834.61 MB/s     
snappy decompr iter=52 time=13.86s speed=834.60 MB/s     
snappy decompr iter=53 time=14.13s speed=836.02 MB/s     
snappy decompr iter=54 time=14.39s speed=835.62 MB/s     
snappy decompr iter=55 time=14.66s speed=835.29 MB/s     
snappy decompr iter=56 time=14.93s speed=836.06 MB/s     
snappy decompr iter=57 time=15.20s speed=836.43 MB/s     
snappy decompr iter=58 time=15.46s speed=835.72 MB/s     
snappy decompr iter=59 time=15.73s speed=835.78 MB/s     
snappy decompr iter=60 time=16.00s speed=835.92 MB/s     
snappy decompr iter=61 time=16.26s speed=836.25 MB/s     
snappy decompr iter=62 time=16.53s speed=835.84 MB/s     
snappy decompr iter=63 time=16.80s speed=835.64 MB/s     
snappy decompr iter=64 time=17.06s speed=836.13 MB/s     
snappy decompr iter=65 time=17.33s speed=836.16 MB/s     
snappy decompr iter=66 time=17.60s speed=836.35 MB/s     
snappy decompr iter=67 time=17.86s speed=836.15 MB/s     
snappy decompr iter=68 time=18.13s speed=836.35 MB/s     
snappy decompr iter=69 time=18.40s speed=836.07 MB/s     
snappy decompr iter=70 time=18.66s speed=836.27 MB/s     
snappy decompr iter=71 time=18.93s speed=835.94 MB/s     
snappy decompr iter=72 time=19.20s speed=836.20 MB/s     
snappy decompr iter=73 time=19.46s speed=835.99 MB/s     
snappy decompr iter=74 time=19.73s speed=836.15 MB/s     
snappy decompr iter=75 time=20.00s speed=835.85 MB/s     
lzbench 2.2 | GCC 12.3.1 | 64-bit Linux | AMD EPYC 9654 96-Core Processor                

Compressor name         Compress. Decompress. Compr. size  Ratio Filename
snappy 1.2.2              894 MB/s   836 MB/s   122160453  57.64 /home/runner/boostkit-perf/snappy/1.2.2/x86_64/38042780834-1/silesia.tar
[Params] cIters=1 dIters=1 cTime=20.0 dTime=20.0 chunkSize=4KB cSpeed=0MB
[snappy-benchmark] normalized 3 lzbench metrics
