[envoy-k6] scenario: direct_response
[envoy-k6] command: /tmp/boostkit-perf/33482213167-1/Middleware/envoy/1.39.1/aarch64/tools/k6 run --vus 30 --duration 20s --summary-export /home/runner/actions-runner/_work/boostkit-performance-evaluation/boostkit-performance-evaluation/.perf-output/Middleware/envoy/1.39.1/aarch64/33482213167-1/benchmark_direct_response_summary.json /home/runner/actions-runner/_work/boostkit-performance-evaluation/boostkit-performance-evaluation/.perf-output/Middleware/envoy/1.39.1/aarch64/33482213167-1/envoy_k6_request.js

         /\      Grafana   /‾‾/  
    /\  /  \     |\  __   /  /   
   /  \/    \    | |/ /  /   ‾‾\ 
  /          \   |   (  |  (‾)  |
 / __________ \  |_|\_\  \_____/ 


     execution: local
        script: /home/runner/actions-runner/_work/boostkit-performance-evaluation/boostkit-performance-evaluation/.perf-output/Middleware/envoy/1.39.1/aarch64/33482213167-1/envoy_k6_request.js
        output: -

     scenarios: (100.00%) 1 scenario, 30 max VUs, 50s max duration (incl. graceful stop):
              * default: 30 looping VUs for 20s (gracefulStop: 30s)


running (01.0s), 30/30 VUs, 9089 complete and 0 interrupted iterations
default   [   5% ] 30 VUs  01.0s/20s

running (02.0s), 30/30 VUs, 18274 complete and 0 interrupted iterations
default   [  10% ] 30 VUs  02.0s/20s

running (03.0s), 30/30 VUs, 26275 complete and 0 interrupted iterations
default   [  15% ] 30 VUs  03.0s/20s

running (04.0s), 30/30 VUs, 34156 complete and 0 interrupted iterations
default   [  20% ] 30 VUs  04.0s/20s

running (05.0s), 30/30 VUs, 42093 complete and 0 interrupted iterations
default   [  25% ] 30 VUs  05.0s/20s

running (06.0s), 30/30 VUs, 49976 complete and 0 interrupted iterations
default   [  30% ] 30 VUs  06.0s/20s

running (07.0s), 30/30 VUs, 57956 complete and 0 interrupted iterations
default   [  35% ] 30 VUs  07.0s/20s

running (08.0s), 30/30 VUs, 65910 complete and 0 interrupted iterations
default   [  40% ] 30 VUs  08.0s/20s

running (09.0s), 30/30 VUs, 74027 complete and 0 interrupted iterations
default   [  45% ] 30 VUs  09.0s/20s

running (10.0s), 30/30 VUs, 82522 complete and 0 interrupted iterations
default   [  50% ] 30 VUs  10.0s/20s

running (11.0s), 30/30 VUs, 91252 complete and 0 interrupted iterations
default   [  55% ] 30 VUs  11.0s/20s

running (12.0s), 30/30 VUs, 100196 complete and 0 interrupted iterations
default   [  60% ] 30 VUs  12.0s/20s

running (13.0s), 30/30 VUs, 109162 complete and 0 interrupted iterations
default   [  65% ] 30 VUs  13.0s/20s

running (14.0s), 30/30 VUs, 118587 complete and 0 interrupted iterations
default   [  70% ] 30 VUs  14.0s/20s

running (15.0s), 30/30 VUs, 128111 complete and 0 interrupted iterations
default   [  75% ] 30 VUs  15.0s/20s

running (16.0s), 30/30 VUs, 137538 complete and 0 interrupted iterations
default   [  80% ] 30 VUs  16.0s/20s

running (17.0s), 30/30 VUs, 147294 complete and 0 interrupted iterations
default   [  85% ] 30 VUs  17.0s/20s

running (18.0s), 30/30 VUs, 157245 complete and 0 interrupted iterations
default   [  90% ] 30 VUs  18.0s/20s

running (19.0s), 30/30 VUs, 167195 complete and 0 interrupted iterations
default   [  95% ] 30 VUs  19.0s/20s

running (20.0s), 30/30 VUs, 177197 complete and 0 interrupted iterations
default   [ 100% ] 30 VUs  20.0s/20s


  █ TOTAL RESULTS 

    HTTP
    http_req_duration..............: avg=428.48µs min=127.76µs med=319.43µs max=9.18ms  p(90)=711.14µs p(95)=1.16ms
      { expected_response:true }...: avg=428.48µs min=127.76µs med=319.43µs max=9.18ms  p(90)=711.14µs p(95)=1.16ms
    http_req_failed................: 0.00%  0 out of 177331
    http_reqs......................: 177331 8865.369292/s

    EXECUTION
    iteration_duration.............: avg=3.35ms   min=1.54ms   med=2.64ms   max=21.28ms p(90)=6.24ms   p(95)=6.79ms
    iterations.....................: 177331 8865.369292/s
    vus............................: 30     min=30          max=30
    vus_max........................: 30     min=30          max=30

    NETWORK
    data_received..................: 251 MB 13 MB/s
    data_sent......................: 301 MB 15 MB/s




running (20.0s), 00/30 VUs, 177331 complete and 0 interrupted iterations
default ✓ [ 100% ] 30 VUs  20s

[envoy-k6] scenario: reverse_proxy
[envoy-k6] command: /tmp/boostkit-perf/33482213167-1/Middleware/envoy/1.39.1/aarch64/tools/k6 run --vus 30 --duration 20s --summary-export /home/runner/actions-runner/_work/boostkit-performance-evaluation/boostkit-performance-evaluation/.perf-output/Middleware/envoy/1.39.1/aarch64/33482213167-1/benchmark_reverse_proxy_summary.json /home/runner/actions-runner/_work/boostkit-performance-evaluation/boostkit-performance-evaluation/.perf-output/Middleware/envoy/1.39.1/aarch64/33482213167-1/envoy_k6_request.js

         /\      Grafana   /‾‾/  
    /\  /  \     |\  __   /  /   
   /  \/    \    | |/ /  /   ‾‾\ 
  /          \   |   (  |  (‾)  |
 / __________ \  |_|\_\  \_____/ 


     execution: local
        script: /home/runner/actions-runner/_work/boostkit-performance-evaluation/boostkit-performance-evaluation/.perf-output/Middleware/envoy/1.39.1/aarch64/33482213167-1/envoy_k6_request.js
        output: -

     scenarios: (100.00%) 1 scenario, 30 max VUs, 50s max duration (incl. graceful stop):
              * default: 30 looping VUs for 20s (gracefulStop: 30s)


running (01.0s), 30/30 VUs, 7436 complete and 0 interrupted iterations
default   [   5% ] 30 VUs  01.0s/20s

running (02.0s), 30/30 VUs, 14395 complete and 0 interrupted iterations
default   [  10% ] 30 VUs  02.0s/20s

running (03.0s), 30/30 VUs, 21440 complete and 0 interrupted iterations
default   [  15% ] 30 VUs  03.0s/20s

running (04.0s), 30/30 VUs, 28562 complete and 0 interrupted iterations
default   [  20% ] 30 VUs  04.0s/20s

running (05.0s), 30/30 VUs, 35818 complete and 0 interrupted iterations
default   [  25% ] 30 VUs  05.0s/20s

running (06.0s), 30/30 VUs, 43427 complete and 0 interrupted iterations
default   [  30% ] 30 VUs  06.0s/20s

running (07.0s), 30/30 VUs, 51347 complete and 0 interrupted iterations
default   [  35% ] 30 VUs  07.0s/20s

running (08.0s), 30/30 VUs, 59493 complete and 0 interrupted iterations
default   [  40% ] 30 VUs  08.0s/20s

running (09.0s), 30/30 VUs, 67752 complete and 0 interrupted iterations
default   [  45% ] 30 VUs  09.0s/20s

running (10.0s), 30/30 VUs, 76118 complete and 0 interrupted iterations
default   [  50% ] 30 VUs  10.0s/20s

running (11.0s), 30/30 VUs, 84743 complete and 0 interrupted iterations
default   [  55% ] 30 VUs  11.0s/20s

running (12.0s), 30/30 VUs, 93413 complete and 0 interrupted iterations
default   [  60% ] 30 VUs  12.0s/20s

running (13.0s), 30/30 VUs, 102316 complete and 0 interrupted iterations
default   [  65% ] 30 VUs  13.0s/20s

running (14.0s), 30/30 VUs, 111164 complete and 0 interrupted iterations
default   [  70% ] 30 VUs  14.0s/20s

running (15.0s), 30/30 VUs, 120285 complete and 0 interrupted iterations
default   [  75% ] 30 VUs  15.0s/20s

running (16.0s), 30/30 VUs, 129276 complete and 0 interrupted iterations
default   [  80% ] 30 VUs  16.0s/20s

running (17.0s), 30/30 VUs, 138391 complete and 0 interrupted iterations
default   [  85% ] 30 VUs  17.0s/20s

running (18.0s), 30/30 VUs, 147783 complete and 0 interrupted iterations
default   [  90% ] 30 VUs  18.0s/20s

running (19.0s), 30/30 VUs, 157245 complete and 0 interrupted iterations
default   [  95% ] 30 VUs  19.0s/20s

running (20.0s), 30/30 VUs, 166737 complete and 0 interrupted iterations
default   [ 100% ] 30 VUs  20.0s/20s


  █ TOTAL RESULTS 

    HTTP
    http_req_duration..............: avg=697.53µs min=266.67µs med=568.97µs max=9.72ms  p(90)=1.18ms p(95)=1.56ms
      { expected_response:true }...: avg=697.53µs min=266.67µs med=568.97µs max=9.72ms  p(90)=1.18ms p(95)=1.56ms
    http_req_failed................: 0.00%  0 out of 166850
    http_reqs......................: 166850 8341.559518/s

    EXECUTION
    iteration_duration.............: avg=3.57ms   min=1.78ms   med=2.81ms   max=16.69ms p(90)=6.39ms p(95)=6.96ms
    iterations.....................: 166850 8341.559518/s
    vus............................: 30     min=30          max=30
    vus_max........................: 30     min=30          max=30

    NETWORK
    data_received..................: 245 MB 12 MB/s
    data_sent......................: 283 MB 14 MB/s




running (20.0s), 00/30 VUs, 166850 complete and 0 interrupted iterations
default ✓ [ 100% ] 30 VUs  20s

