[fullbench] /home/runner/boostkit-perf/zstd/1.5.7/x86_64/33859468843-1/zstd-source/tests/fullbench
*** Zstandard speed analyzer 1.5.7 64-bits, by Yann Collet (Sep  4 2026) ***

                                                                      
 Sample 10000000 bytes : 

 0#compress                       :   312.4 MB/s  ( 3239077) 
 0#compress                       :   312.5 MB/s  ( 3239077) 
 0#compress                       :   312.5 MB/s  ( 3239077) 
 0#compress                       :   312.5 MB/s  ( 3239077) 
 0#compress                       :   312.5 MB/s  ( 3239077) 
 0#compress                       :   312.5 MB/s  ( 3239077) 

 1#decompress                     :  1380.6 MB/s  (10000000) 
 1#decompress                     :  1380.8 MB/s  (10000000) 
 1#decompress                     :  1381.0 MB/s  (10000000) 
 1#decompress                     :  1381.0 MB/s  (10000000) 
 1#decompress                     :  1381.0 MB/s  (10000000) 
 1#decompress                     :  1381.0 MB/s  (10000000) 

 2#compress_freshCCtx             :   313.2 MB/s  ( 3239077) 
 2#compress_freshCCtx             :   313.2 MB/s  ( 3239077) 
 2#compress_freshCCtx             :   313.2 MB/s  ( 3239077) 
 2#compress_freshCCtx             :   313.2 MB/s  ( 3239077) 
 2#compress_freshCCtx             :   313.2 MB/s  ( 3239077) 
 2#compress_freshCCtx             :   313.3 MB/s  ( 3239077) 

 3#decompressDCtx                 :  1381.1 MB/s  (10000000) 
 3#decompressDCtx                 :  1381.1 MB/s  (10000000) 
 3#decompressDCtx                 :  1381.1 MB/s  (10000000) 
 3#decompressDCtx                 :  1381.1 MB/s  (10000000) 
 3#decompressDCtx                 :  1381.1 MB/s  (10000000) 
 3#decompressDCtx                 :  1381.1 MB/s  (10000000) 

 4#compressContinue               :   313.1 MB/s  ( 3239077) 
 4#compressContinue               :   313.3 MB/s  ( 3239077) 
 4#compressContinue               :   313.4 MB/s  ( 3239077) 
 4#compressContinue               :   313.4 MB/s  ( 3239077) 
 4#compressContinue               :   313.4 MB/s  ( 3239077) 
 4#compressContinue               :   313.4 MB/s  ( 3239077) 

 5#compressContinue_extDict       :   311.8 MB/s  ( 3239062) 
 5#compressContinue_extDict       :   311.8 MB/s  ( 3239062) 
 5#compressContinue_extDict       :   311.8 MB/s  ( 3239062) 
 5#compressContinue_extDict       :   311.8 MB/s  ( 3239062) 
 5#compressContinue_extDict       :   311.8 MB/s  ( 3239062) 
 5#compressContinue_extDict       :   311.8 MB/s  ( 3239062) 

 6#decompressContinue             :  1374.3 MB/s  (10000000) 
 6#decompressContinue             :  1374.7 MB/s  (10000000) 
 6#decompressContinue             :  1374.7 MB/s  (10000000) 
 6#decompressContinue             :  1374.7 MB/s  (10000000) 
 6#decompressContinue             :  1374.7 MB/s  (10000000) 
 6#decompressContinue             :  1374.7 MB/s  (10000000) 

 7#compressStream                 :   287.3 MB/s  ( 3239075) 
 7#compressStream                 :   287.3 MB/s  ( 3239075) 
 7#compressStream                 :   287.3 MB/s  ( 3239075) 
 7#compressStream                 :   287.3 MB/s  ( 3239075) 
 7#compressStream                 :   287.3 MB/s  ( 3239075) 
 7#compressStream                 :   287.3 MB/s  ( 3239075) 

 8#compressStream_freshCCtx       :   287.0 MB/s  ( 3239075) 
 8#compressStream_freshCCtx       :   287.0 MB/s  ( 3239075) 
 8#compressStream_freshCCtx       :   287.0 MB/s  ( 3239075) 
 8#compressStream_freshCCtx       :   287.0 MB/s  ( 3239075) 
 8#compressStream_freshCCtx       :   287.0 MB/s  ( 3239075) 
 8#compressStream_freshCCtx       :   287.0 MB/s  ( 3239075) 

 9#decompressStream               :  1381.4 MB/s  (10000000) 
 9#decompressStream               :  1381.4 MB/s  (10000000) 
 9#decompressStream               :  1381.4 MB/s  (10000000) 
 9#decompressStream               :  1381.4 MB/s  (10000000) 
 9#decompressStream               :  1381.4 MB/s  (10000000) 
 9#decompressStream               :  1381.4 MB/s  (10000000) 

10#compress2                      :   313.0 MB/s  ( 3239077) 
10#compress2                      :   313.0 MB/s  ( 3239077) 
10#compress2                      :   313.0 MB/s  ( 3239077) 
10#compress2                      :   313.1 MB/s  ( 3239077) 
10#compress2                      :   313.1 MB/s  ( 3239077) 
10#compress2                      :   313.1 MB/s  ( 3239077) 

11#compressStream2, end           :   313.0 MB/s  ( 3239077) 
11#compressStream2, end           :   313.0 MB/s  ( 3239077) 
11#compressStream2, end           :   313.0 MB/s  ( 3239077) 
11#compressStream2, end           :   313.1 MB/s  ( 3239077) 
11#compressStream2, end           :   313.1 MB/s  ( 3239077) 
11#compressStream2, end           :   313.1 MB/s  ( 3239077) 

12#compressStream2, end & short   :   311.4 MB/s  ( 3239077) 
12#compressStream2, end & short   :   311.4 MB/s  ( 3239077) 
12#compressStream2, end & short   :   311.4 MB/s  ( 3239077) 
12#compressStream2, end & short   :   311.4 MB/s  ( 3239077) 
12#compressStream2, end & short   :   311.4 MB/s  ( 3239077) 
12#compressStream2, end & short   :   311.4 MB/s  ( 3239077) 

13#compressStream2, continue      :   287.3 MB/s  ( 3239075) 
13#compressStream2, continue      :   287.3 MB/s  ( 3239075) 
13#compressStream2, continue      :   287.3 MB/s  ( 3239075) 
13#compressStream2, continue      :   287.3 MB/s  ( 3239075) 
13#compressStream2, continue      :   287.3 MB/s  ( 3239075) 
13#compressStream2, continue      :   287.3 MB/s  ( 3239075) 

14#compressStream2, -T2, continue :   497.9 MB/s  ( 3240235) 
14#compressStream2, -T2, continue :   497.9 MB/s  ( 3240235) 
14#compressStream2, -T2, continue :   498.1 MB/s  ( 3240235) 
14#compressStream2, -T2, continue :   498.1 MB/s  ( 3240235) 
14#compressStream2, -T2, continue :   498.1 MB/s  ( 3240235) 
14#compressStream2, -T2, continue :   499.2 MB/s  ( 3240235) 

15#compressStream2, -T2, end      :   497.9 MB/s  ( 3240239) 
15#compressStream2, -T2, end      :   498.5 MB/s  ( 3240239) 
15#compressStream2, -T2, end      :   498.5 MB/s  ( 3240239) 
15#compressStream2, -T2, end      :   498.5 MB/s  ( 3240239) 
15#compressStream2, -T2, end      :   501.9 MB/s  ( 3240239) 
15#compressStream2, -T2, end      :   512.3 MB/s  ( 3240239) 

16#compressSequences              :   828.2 MB/s  ( 3239695) 
16#compressSequences              :   828.5 MB/s  ( 3239695) 
16#compressSequences              :   828.5 MB/s  ( 3239695) 
16#compressSequences              :   828.5 MB/s  ( 3239695) 
16#compressSequences              :   828.7 MB/s  ( 3239695) 
16#compressSequences              :   828.7 MB/s  ( 3239695) 

17#compressSequencesAndLiterals   :   934.4 MB/s  ( 3239695) 
17#compressSequencesAndLiterals   :   934.4 MB/s  ( 3239695) 
17#compressSequencesAndLiterals   :   934.4 MB/s  ( 3239695) 
17#compressSequencesAndLiterals   :   934.4 MB/s  ( 3239695) 
17#compressSequencesAndLiterals   :   934.4 MB/s  ( 3239695) 
17#compressSequencesAndLiterals   :   934.4 MB/s  ( 3239695) 

18#convertSequences (1st block)   : 10915.4 MB/s  (   11846) 
18#convertSequences (1st block)   : 10915.4 MB/s  (   11846) 
18#convertSequences (1st block)   : 10915.4 MB/s  (   11846) 
18#convertSequences (1st block)   : 10915.4 MB/s  (   11846) 
18#convertSequences (1st block)   : 10915.4 MB/s  (   11846) 
18#convertSequences (1st block)   : 10915.4 MB/s  (   11846) 

19#get1BlockSummary (1st block)   : 24360.4 MB/s  (   11846) 
19#get1BlockSummary (1st block)   : 24360.4 MB/s  (   11846) 
19#get1BlockSummary (1st block)   : 24361.2 MB/s  (   11846) 
19#get1BlockSummary (1st block)   : 24362.6 MB/s  (   11846) 
19#get1BlockSummary (1st block)   : 24362.6 MB/s  (   11846) 
19#get1BlockSummary (1st block)   : 24363.8 MB/s  (   11846) 

20#decodeLiteralsHeader (1st block:184877.7 MB/s  (      39) 
20#decodeLiteralsHeader (1st block:184877.7 MB/s  (      39) 
20#decodeLiteralsHeader (1st block:184877.7 MB/s  (      39) 
20#decodeLiteralsHeader (1st block:184877.7 MB/s  (      39) 
20#decodeLiteralsHeader (1st block:184877.7 MB/s  (      39) 
20#decodeLiteralsHeader (1st block:184929.8 MB/s  (      39) 

21#decodeLiteralsBlock (1st block): 12593.6 MB/s  (   14193) 
21#decodeLiteralsBlock (1st block): 12595.6 MB/s  (   14193) 
21#decodeLiteralsBlock (1st block): 12595.6 MB/s  (   14193) 
21#decodeLiteralsBlock (1st block): 12595.6 MB/s  (   14193) 
21#decodeLiteralsBlock (1st block): 12595.6 MB/s  (   14193) 
21#decodeLiteralsBlock (1st block): 12595.6 MB/s  (   14193) 

22#decodeSeqHeaders (1st block)   : 52094.9 MB/s  (      49) 
22#decodeSeqHeaders (1st block)   : 52094.9 MB/s  (      49) 
22#decodeSeqHeaders (1st block)   : 52094.9 MB/s  (      49) 
22#decodeSeqHeaders (1st block)   : 52094.9 MB/s  (      49) 
22#decodeSeqHeaders (1st block)   : 52094.9 MB/s  (      49) 
22#decodeSeqHeaders (1st block)   : 52094.9 MB/s  (      49) 
