[envoy-k6] scenario: direct_response
[envoy-k6] command: /tmp/boostkit-perf/33482213167-1/Middleware/envoy/1.39.1/x86_64/tools/k6 run --vus 30 --duration 20s --summary-export /home/runner/actions-runner/_work/boostkit-performance-evaluation/boostkit-performance-evaluation/.perf-output/Middleware/envoy/1.39.1/x86_64/33482213167-1/benchmark_direct_response_summary.json /home/runner/actions-runner/_work/boostkit-performance-evaluation/boostkit-performance-evaluation/.perf-output/Middleware/envoy/1.39.1/x86_64/33482213167-1/envoy_k6_request.js

         /\      Grafana   /‾‾/  
    /\  /  \     |\  __   /  /   
   /  \/    \    | |/ /  /   ‾‾\ 
  /          \   |   (  |  (‾)  |
 / __________ \  |_|\_\  \_____/ 


     execution: local
        script: /home/runner/actions-runner/_work/boostkit-performance-evaluation/boostkit-performance-evaluation/.perf-output/Middleware/envoy/1.39.1/x86_64/33482213167-1/envoy_k6_request.js
        output: -

     scenarios: (100.00%) 1 scenario, 30 max VUs, 50s max duration (incl. graceful stop):
              * default: 30 looping VUs for 20s (gracefulStop: 30s)


running (01.0s), 30/30 VUs, 7351 complete and 0 interrupted iterations
default   [   5% ] 30 VUs  01.0s/20s

running (02.0s), 30/30 VUs, 14855 complete and 0 interrupted iterations
default   [  10% ] 30 VUs  02.0s/20s

running (03.0s), 30/30 VUs, 22444 complete and 0 interrupted iterations
default   [  15% ] 30 VUs  03.0s/20s

running (04.0s), 30/30 VUs, 29994 complete and 0 interrupted iterations
default   [  20% ] 30 VUs  04.0s/20s

running (05.0s), 30/30 VUs, 37678 complete and 0 interrupted iterations
default   [  25% ] 30 VUs  05.0s/20s

running (06.0s), 30/30 VUs, 45330 complete and 0 interrupted iterations
default   [  30% ] 30 VUs  06.0s/20s

running (07.0s), 30/30 VUs, 53030 complete and 0 interrupted iterations
default   [  35% ] 30 VUs  07.0s/20s

running (08.0s), 30/30 VUs, 60711 complete and 0 interrupted iterations
default   [  40% ] 30 VUs  08.0s/20s

running (09.0s), 30/30 VUs, 68395 complete and 0 interrupted iterations
default   [  45% ] 30 VUs  09.0s/20s

running (10.0s), 30/30 VUs, 76134 complete and 0 interrupted iterations
default   [  50% ] 30 VUs  10.0s/20s

running (11.0s), 30/30 VUs, 83903 complete and 0 interrupted iterations
default   [  55% ] 30 VUs  11.0s/20s

running (12.0s), 30/30 VUs, 91568 complete and 0 interrupted iterations
default   [  60% ] 30 VUs  12.0s/20s

running (13.0s), 30/30 VUs, 99303 complete and 0 interrupted iterations
default   [  65% ] 30 VUs  13.0s/20s

running (14.0s), 30/30 VUs, 107064 complete and 0 interrupted iterations
default   [  70% ] 30 VUs  14.0s/20s

running (15.0s), 30/30 VUs, 114826 complete and 0 interrupted iterations
default   [  75% ] 30 VUs  15.0s/20s

running (16.0s), 30/30 VUs, 122595 complete and 0 interrupted iterations
default   [  80% ] 30 VUs  16.0s/20s

running (17.0s), 30/30 VUs, 130301 complete and 0 interrupted iterations
default   [  85% ] 30 VUs  17.0s/20s

running (18.0s), 30/30 VUs, 138036 complete and 0 interrupted iterations
default   [  90% ] 30 VUs  18.0s/20s

running (19.0s), 30/30 VUs, 145798 complete and 0 interrupted iterations
default   [  95% ] 30 VUs  19.0s/20s

running (20.0s), 30/30 VUs, 153541 complete and 0 interrupted iterations
default   [ 100% ] 30 VUs  20.0s/20s


  █ TOTAL RESULTS 

    HTTP
    http_req_duration..............: avg=1.4ms  min=88.13µs med=1.08ms max=13.23ms p(90)=3.16ms p(95)=4ms  
      { expected_response:true }...: avg=1.4ms  min=88.13µs med=1.08ms max=13.23ms p(90)=3.16ms p(95)=4ms  
    http_req_failed................: 0.00%  0 out of 153593
    http_reqs......................: 153593 7678.688586/s

    EXECUTION
    iteration_duration.............: avg=3.89ms min=1.2ms   med=3.47ms max=18.74ms p(90)=6.34ms p(95)=7.5ms
    iterations.....................: 153593 7678.688586/s
    vus............................: 30     min=30          max=30
    vus_max........................: 30     min=30          max=30

    NETWORK
    data_received..................: 217 MB 11 MB/s
    data_sent......................: 261 MB 13 MB/s




running (20.0s), 00/30 VUs, 153593 complete and 0 interrupted iterations
default ✓ [ 100% ] 30 VUs  20s

[envoy-k6] scenario: reverse_proxy
[envoy-k6] command: /tmp/boostkit-perf/33482213167-1/Middleware/envoy/1.39.1/x86_64/tools/k6 run --vus 30 --duration 20s --summary-export /home/runner/actions-runner/_work/boostkit-performance-evaluation/boostkit-performance-evaluation/.perf-output/Middleware/envoy/1.39.1/x86_64/33482213167-1/benchmark_reverse_proxy_summary.json /home/runner/actions-runner/_work/boostkit-performance-evaluation/boostkit-performance-evaluation/.perf-output/Middleware/envoy/1.39.1/x86_64/33482213167-1/envoy_k6_request.js

         /\      Grafana   /‾‾/  
    /\  /  \     |\  __   /  /   
   /  \/    \    | |/ /  /   ‾‾\ 
  /          \   |   (  |  (‾)  |
 / __________ \  |_|\_\  \_____/ 


     execution: local
        script: /home/runner/actions-runner/_work/boostkit-performance-evaluation/boostkit-performance-evaluation/.perf-output/Middleware/envoy/1.39.1/x86_64/33482213167-1/envoy_k6_request.js
        output: -

     scenarios: (100.00%) 1 scenario, 30 max VUs, 50s max duration (incl. graceful stop):
              * default: 30 looping VUs for 20s (gracefulStop: 30s)


running (01.0s), 30/30 VUs, 6685 complete and 0 interrupted iterations
default   [   5% ] 30 VUs  01.0s/20s

running (02.0s), 30/30 VUs, 13577 complete and 0 interrupted iterations
default   [  10% ] 30 VUs  02.0s/20s

running (03.0s), 30/30 VUs, 20490 complete and 0 interrupted iterations
default   [  15% ] 30 VUs  03.0s/20s

running (04.0s), 30/30 VUs, 27390 complete and 0 interrupted iterations
default   [  20% ] 30 VUs  04.0s/20s

running (05.0s), 30/30 VUs, 34291 complete and 0 interrupted iterations
default   [  25% ] 30 VUs  05.0s/20s

running (06.0s), 30/30 VUs, 41244 complete and 0 interrupted iterations
default   [  30% ] 30 VUs  06.0s/20s

running (07.0s), 30/30 VUs, 48207 complete and 0 interrupted iterations
default   [  35% ] 30 VUs  07.0s/20s

running (08.0s), 30/30 VUs, 55201 complete and 0 interrupted iterations
default   [  40% ] 30 VUs  08.0s/20s

running (09.0s), 30/30 VUs, 62179 complete and 0 interrupted iterations
default   [  45% ] 30 VUs  09.0s/20s

running (10.0s), 30/30 VUs, 69214 complete and 0 interrupted iterations
default   [  50% ] 30 VUs  10.0s/20s

running (11.0s), 30/30 VUs, 76201 complete and 0 interrupted iterations
default   [  55% ] 30 VUs  11.0s/20s

running (12.0s), 30/30 VUs, 83216 complete and 0 interrupted iterations
default   [  60% ] 30 VUs  12.0s/20s

running (13.0s), 30/30 VUs, 90286 complete and 0 interrupted iterations
default   [  65% ] 30 VUs  13.0s/20s

running (14.0s), 30/30 VUs, 97325 complete and 0 interrupted iterations
default   [  70% ] 30 VUs  14.0s/20s

running (15.0s), 30/30 VUs, 104359 complete and 0 interrupted iterations
default   [  75% ] 30 VUs  15.0s/20s

running (16.0s), 30/30 VUs, 111369 complete and 0 interrupted iterations
default   [  80% ] 30 VUs  16.0s/20s

running (17.0s), 30/30 VUs, 118448 complete and 0 interrupted iterations
default   [  85% ] 30 VUs  17.0s/20s

running (18.0s), 30/30 VUs, 125515 complete and 0 interrupted iterations
default   [  90% ] 30 VUs  18.0s/20s

running (19.0s), 30/30 VUs, 132593 complete and 0 interrupted iterations
default   [  95% ] 30 VUs  19.0s/20s

running (20.0s), 30/30 VUs, 139684 complete and 0 interrupted iterations
default   [ 100% ] 30 VUs  20.0s/20s


  █ TOTAL RESULTS 

    HTTP
    http_req_duration..............: avg=2ms    min=211.27µs med=1.39ms max=17.45ms p(90)=4.62ms p(95)=5.89ms
      { expected_response:true }...: avg=2ms    min=211.27µs med=1.39ms max=17.45ms p(90)=4.62ms p(95)=5.89ms
    http_req_failed................: 0.00%  0 out of 139739
    http_reqs......................: 139739 6985.879786/s

    EXECUTION
    iteration_duration.............: avg=4.28ms min=1.3ms    med=3.65ms max=31.94ms p(90)=7.43ms p(95)=8.88ms
    iterations.....................: 139739 6985.879786/s
    vus............................: 30     min=30          max=30
    vus_max........................: 30     min=30          max=30

    NETWORK
    data_received..................: 205 MB 10 MB/s
    data_sent......................: 237 MB 12 MB/s




running (20.0s), 00/30 VUs, 139739 complete and 0 interrupted iterations
default ✓ [ 100% ] 30 VUs  20s

