[envoy-k6] scenario: direct_response
[envoy-k6] command: /tmp/boostkit-perf/33368362497-1/Middleware/envoy/1.39.1/aarch64/tools/k6 run --vus 30 --duration 20s --summary-export /home/runner/actions-runner/_work/boostkit-performance-evaluation/boostkit-performance-evaluation/.perf-output/Middleware/envoy/1.39.1/aarch64/33368362497-1/benchmark_direct_response_summary.json /home/runner/actions-runner/_work/boostkit-performance-evaluation/boostkit-performance-evaluation/.perf-output/Middleware/envoy/1.39.1/aarch64/33368362497-1/envoy_k6_request.js

         /\      Grafana   /‾‾/  
    /\  /  \     |\  __   /  /   
   /  \/    \    | |/ /  /   ‾‾\ 
  /          \   |   (  |  (‾)  |
 / __________ \  |_|\_\  \_____/ 


     execution: local
        script: /home/runner/actions-runner/_work/boostkit-performance-evaluation/boostkit-performance-evaluation/.perf-output/Middleware/envoy/1.39.1/aarch64/33368362497-1/envoy_k6_request.js
        output: -

     scenarios: (100.00%) 1 scenario, 30 max VUs, 50s max duration (incl. graceful stop):
              * default: 30 looping VUs for 20s (gracefulStop: 30s)


running (01.0s), 30/30 VUs, 7836 complete and 0 interrupted iterations
default   [   5% ] 30 VUs  01.0s/20s

running (02.0s), 30/30 VUs, 15054 complete and 0 interrupted iterations
default   [  10% ] 30 VUs  02.0s/20s

running (03.0s), 30/30 VUs, 22322 complete and 0 interrupted iterations
default   [  15% ] 30 VUs  03.0s/20s

running (04.0s), 30/30 VUs, 29738 complete and 0 interrupted iterations
default   [  20% ] 30 VUs  04.0s/20s

running (05.0s), 30/30 VUs, 37012 complete and 0 interrupted iterations
default   [  25% ] 30 VUs  05.0s/20s

running (06.0s), 30/30 VUs, 44392 complete and 0 interrupted iterations
default   [  30% ] 30 VUs  06.0s/20s

running (07.0s), 30/30 VUs, 51957 complete and 0 interrupted iterations
default   [  35% ] 30 VUs  07.0s/20s

running (08.0s), 30/30 VUs, 59578 complete and 0 interrupted iterations
default   [  40% ] 30 VUs  08.0s/20s

running (09.0s), 30/30 VUs, 67378 complete and 0 interrupted iterations
default   [  45% ] 30 VUs  09.0s/20s

running (10.0s), 30/30 VUs, 75533 complete and 0 interrupted iterations
default   [  50% ] 30 VUs  10.0s/20s

running (11.0s), 30/30 VUs, 83678 complete and 0 interrupted iterations
default   [  55% ] 30 VUs  11.0s/20s

running (12.0s), 30/30 VUs, 92244 complete and 0 interrupted iterations
default   [  60% ] 30 VUs  12.0s/20s

running (13.0s), 30/30 VUs, 100889 complete and 0 interrupted iterations
default   [  65% ] 30 VUs  13.0s/20s

running (14.0s), 30/30 VUs, 109495 complete and 0 interrupted iterations
default   [  70% ] 30 VUs  14.0s/20s

running (15.0s), 30/30 VUs, 118604 complete and 0 interrupted iterations
default   [  75% ] 30 VUs  15.0s/20s

running (16.0s), 30/30 VUs, 127818 complete and 0 interrupted iterations
default   [  80% ] 30 VUs  16.0s/20s

running (17.0s), 30/30 VUs, 136857 complete and 0 interrupted iterations
default   [  85% ] 30 VUs  17.0s/20s

running (18.0s), 30/30 VUs, 146349 complete and 0 interrupted iterations
default   [  90% ] 30 VUs  18.0s/20s

running (19.0s), 30/30 VUs, 156050 complete and 0 interrupted iterations
default   [  95% ] 30 VUs  19.0s/20s

running (20.0s), 30/30 VUs, 165732 complete and 0 interrupted iterations
default   [ 100% ] 30 VUs  20.0s/20s


  █ TOTAL RESULTS 

    HTTP
    http_req_duration..............: avg=443.54µs min=136.65µs med=328.57µs max=6.93ms  p(90)=741.37µs p(95)=1.22ms
      { expected_response:true }...: avg=443.54µs min=136.65µs med=328.57µs max=6.93ms  p(90)=741.37µs p(95)=1.22ms
    http_req_failed................: 0.00%  0 out of 165792
    http_reqs......................: 165792 8288.220886/s

    EXECUTION
    iteration_duration.............: avg=3.59ms   min=1.57ms   med=2.78ms   max=18.24ms p(90)=6.58ms   p(95)=7.1ms 
    iterations.....................: 165792 8288.220886/s
    vus............................: 30     min=30          max=30
    vus_max........................: 30     min=30          max=30

    NETWORK
    data_received..................: 234 MB 12 MB/s
    data_sent......................: 281 MB 14 MB/s




running (20.0s), 00/30 VUs, 165792 complete and 0 interrupted iterations
default ✓ [ 100% ] 30 VUs  20s

[envoy-k6] scenario: reverse_proxy
[envoy-k6] command: /tmp/boostkit-perf/33368362497-1/Middleware/envoy/1.39.1/aarch64/tools/k6 run --vus 30 --duration 20s --summary-export /home/runner/actions-runner/_work/boostkit-performance-evaluation/boostkit-performance-evaluation/.perf-output/Middleware/envoy/1.39.1/aarch64/33368362497-1/benchmark_reverse_proxy_summary.json /home/runner/actions-runner/_work/boostkit-performance-evaluation/boostkit-performance-evaluation/.perf-output/Middleware/envoy/1.39.1/aarch64/33368362497-1/envoy_k6_request.js

         /\      Grafana   /‾‾/  
    /\  /  \     |\  __   /  /   
   /  \/    \    | |/ /  /   ‾‾\ 
  /          \   |   (  |  (‾)  |
 / __________ \  |_|\_\  \_____/ 


     execution: local
        script: /home/runner/actions-runner/_work/boostkit-performance-evaluation/boostkit-performance-evaluation/.perf-output/Middleware/envoy/1.39.1/aarch64/33368362497-1/envoy_k6_request.js
        output: -

     scenarios: (100.00%) 1 scenario, 30 max VUs, 50s max duration (incl. graceful stop):
              * default: 30 looping VUs for 20s (gracefulStop: 30s)


running (01.0s), 30/30 VUs, 7578 complete and 0 interrupted iterations
default   [   5% ] 30 VUs  01.0s/20s

running (02.0s), 30/30 VUs, 14452 complete and 0 interrupted iterations
default   [  10% ] 30 VUs  02.0s/20s

running (03.0s), 30/30 VUs, 20968 complete and 0 interrupted iterations
default   [  15% ] 30 VUs  03.0s/20s

running (04.0s), 30/30 VUs, 27847 complete and 0 interrupted iterations
default   [  20% ] 30 VUs  04.0s/20s

running (05.0s), 30/30 VUs, 34721 complete and 0 interrupted iterations
default   [  25% ] 30 VUs  05.0s/20s

running (06.0s), 30/30 VUs, 42247 complete and 0 interrupted iterations
default   [  30% ] 30 VUs  06.0s/20s

running (07.0s), 30/30 VUs, 49902 complete and 0 interrupted iterations
default   [  35% ] 30 VUs  07.0s/20s

running (08.0s), 30/30 VUs, 57831 complete and 0 interrupted iterations
default   [  40% ] 30 VUs  08.0s/20s

running (09.0s), 30/30 VUs, 65903 complete and 0 interrupted iterations
default   [  45% ] 30 VUs  09.0s/20s

running (10.0s), 30/30 VUs, 74270 complete and 0 interrupted iterations
default   [  50% ] 30 VUs  10.0s/20s

running (11.0s), 30/30 VUs, 82771 complete and 0 interrupted iterations
default   [  55% ] 30 VUs  11.0s/20s

running (12.0s), 30/30 VUs, 91173 complete and 0 interrupted iterations
default   [  60% ] 30 VUs  12.0s/20s

running (13.0s), 30/30 VUs, 99902 complete and 0 interrupted iterations
default   [  65% ] 30 VUs  13.0s/20s

running (14.0s), 30/30 VUs, 108624 complete and 0 interrupted iterations
default   [  70% ] 30 VUs  14.0s/20s

running (15.0s), 30/30 VUs, 117551 complete and 0 interrupted iterations
default   [  75% ] 30 VUs  15.0s/20s

running (16.0s), 30/30 VUs, 126581 complete and 0 interrupted iterations
default   [  80% ] 30 VUs  16.0s/20s

running (17.0s), 30/30 VUs, 135700 complete and 0 interrupted iterations
default   [  85% ] 30 VUs  17.0s/20s

running (18.0s), 30/30 VUs, 144903 complete and 0 interrupted iterations
default   [  90% ] 30 VUs  18.0s/20s

running (19.0s), 30/30 VUs, 154278 complete and 0 interrupted iterations
default   [  95% ] 30 VUs  19.0s/20s

running (20.0s), 30/30 VUs, 163686 complete and 0 interrupted iterations
default   [ 100% ] 30 VUs  20.0s/20s


  █ TOTAL RESULTS 

    HTTP
    http_req_duration..............: avg=705.31µs min=263.44µs med=576.82µs max=9.22ms  p(90)=1.17ms p(95)=1.57ms
      { expected_response:true }...: avg=705.31µs min=263.44µs med=576.82µs max=9.22ms  p(90)=1.17ms p(95)=1.57ms
    http_req_failed................: 0.00%  0 out of 163775
    http_reqs......................: 163775 8187.581075/s

    EXECUTION
    iteration_duration.............: avg=3.63ms   min=1.74ms   med=2.84ms   max=12.58ms p(90)=6.6ms  p(95)=7.15ms
    iterations.....................: 163775 8187.581075/s
    vus............................: 30     min=30          max=30
    vus_max........................: 30     min=30          max=30

    NETWORK
    data_received..................: 240 MB 12 MB/s
    data_sent......................: 278 MB 14 MB/s




running (20.0s), 00/30 VUs, 163775 complete and 0 interrupted iterations
default ✓ [ 100% ] 30 VUs  20s

