[fullbench] /tmp/boostkit-perf/32441024590-1/HPC/lz4/1.10.0/x86_64/lz4-source/tests/fullbench --no-prompt -i3 -B4 -c1 /tmp/boostkit-perf/32441024590-1/HPC/lz4/1.10.0/x86_64/dataset/silesia.tar
*** LZ4 speed analyzer v1.10.0 64-bits, by Yann Collet ***
- 3 iterations -
-Using Block Size of 64 KB-
Loading /tmp/boostkit-perf/32441024590-1/HPC/lz4/1.10.0/x86_64/dataset/silesia.tar...       

                                                                               
 /tmp/boostkit-perf/32441024590-1/HPC/lz4/1.10.0/x86_64/dataset/silesia.tar : 
 1-LZ4_compress_default               : 211957760 ->102449093 (48.33%),  651.2 MB/s
[fullbench] /tmp/boostkit-perf/32441024590-1/HPC/lz4/1.10.0/x86_64/lz4-source/tests/fullbench --no-prompt -i3 -B4 -d4 /tmp/boostkit-perf/32441024590-1/HPC/lz4/1.10.0/x86_64/dataset/silesia.tar
*** LZ4 speed analyzer v1.10.0 64-bits, by Yann Collet ***
- 3 iterations -
-Using Block Size of 64 KB-
Loading /tmp/boostkit-perf/32441024590-1/HPC/lz4/1.10.0/x86_64/dataset/silesia.tar...       

                                                                               
 /tmp/boostkit-perf/32441024590-1/HPC/lz4/1.10.0/x86_64/dataset/silesia.tar : 
 4-LZ4_decompress_safe                : 211957760 ->  3475.5 MB/s
[fullbench] /tmp/boostkit-perf/32441024590-1/HPC/lz4/1.10.0/x86_64/lz4-source/tests/fullbench --no-prompt -i3 -B7 -c1 /tmp/boostkit-perf/32441024590-1/HPC/lz4/1.10.0/x86_64/dataset/silesia.tar
*** LZ4 speed analyzer v1.10.0 64-bits, by Yann Collet ***
- 3 iterations -
-Using Block Size of 4096 KB-
Loading /tmp/boostkit-perf/32441024590-1/HPC/lz4/1.10.0/x86_64/dataset/silesia.tar...       

                                                                               
 /tmp/boostkit-perf/32441024590-1/HPC/lz4/1.10.0/x86_64/dataset/silesia.tar : 
 1-LZ4_compress_default               : 211957760 ->100935877 (47.62%),  678.3 MB/s
[fullbench] /tmp/boostkit-perf/32441024590-1/HPC/lz4/1.10.0/x86_64/lz4-source/tests/fullbench --no-prompt -i3 -B7 -d4 /tmp/boostkit-perf/32441024590-1/HPC/lz4/1.10.0/x86_64/dataset/silesia.tar
*** LZ4 speed analyzer v1.10.0 64-bits, by Yann Collet ***
- 3 iterations -
-Using Block Size of 4096 KB-
Loading /tmp/boostkit-perf/32441024590-1/HPC/lz4/1.10.0/x86_64/dataset/silesia.tar...       

                                                                               
 /tmp/boostkit-perf/32441024590-1/HPC/lz4/1.10.0/x86_64/dataset/silesia.tar : 
 4-LZ4_decompress_safe                : 211957760 ->  4363.0 MB/s
