[zstd] downloading Silesia corpus from https://wanos.co/assets/silesia.tar
  % Total    % Received % Xferd  Average Speed   Time    Time     Time  Current
                                 Dload  Upload   Total   Spent    Left  Speed

  0     0    0     0    0     0      0      0 --:--:-- --:--:-- --:--:--     0
  0     0    0     0    0     0      0      0 --:--:-- --:--:-- --:--:--     0
  0  202M    0 95844    0     0  51354      0  1:08:47  0:00:01  1:08:46 51335
  1  202M    1 3343k    0     0  1197k      0  0:02:52  0:00:02  0:02:50 1197k
  4  202M    4  9.8M    0     0  2647k      0  0:01:18  0:00:03  0:01:15 2646k
  8  202M    8 16.2M    0     0  3474k      0  0:00:59  0:00:04  0:00:55 3473k
 11  202M   11 22.9M    0     0  4041k      0  0:00:51  0:00:05  0:00:46 4748k
 13  202M   13 27.3M    0     0  3904k      0  0:00:53  0:00:07  0:00:46 5258k
 14  202M   14 29.7M    0     0  3903k      0  0:00:53  0:00:07  0:00:46 5414k
 16  202M   16 33.7M    0     0  3924k      0  0:00:52  0:00:08  0:00:44 4894k
 16  202M   16 33.7M    0     0  3527k      0  0:00:58  0:00:09  0:00:49 3577k
 16  202M   16 33.8M    0     0  3209k      0  0:01:04  0:00:10  0:00:54 2241k
 16  202M   16 33.8M    0     0  2933k      0  0:01:10  0:00:11  0:00:59 1429k
 16  202M   16 33.8M    0     0  2709k      0  0:01:16  0:00:12  0:01:04  853k
 16  202M   16 33.9M    0     0  2519k      0  0:01:22  0:00:13  0:01:09 50919
 16  202M   16 33.9M    0     0  2352k      0  0:01:27  0:00:14  0:01:13 50830
 16  202M   16 34.0M    0     0  2209k      0  0:01:33  0:00:15  0:01:18 49389
 16  202M   16 34.0M    0     0  2078k      0  0:01:39  0:00:16  0:01:23 48964
 16  202M   16 34.1M    0     0  1964k      0  0:01:45  0:00:17  0:01:28 54694
 16  202M   16 34.1M    0     0  1862k      0  0:01:51  0:00:18  0:01:33 46926
 16  202M   16 34.2M    0     0  1770k      0  0:01:56  0:00:19  0:01:37 46800
 16  202M   16 34.2M    0     0  1684k      0  0:02:02  0:00:20  0:01:42 39745
 19  202M   19 38.7M    0     0  1817k      0  0:01:53  0:00:21  0:01:32  941k
 21  202M   21 43.5M    0     0  1954k      0  0:01:45  0:00:22  0:01:23 1918k
 21  202M   21 43.6M    0     0  1876k      0  0:01:50  0:00:23  0:01:27 1929k
 21  202M   21 43.6M    0     0  1802k      0  0:01:54  0:00:24  0:01:30 1930k
 21  202M   21 43.7M    0     0  1737k      0  0:01:59  0:00:25  0:01:34 1956k
 21  202M   21 43.7M    0     0  1673k      0  0:02:03  0:00:26  0:01:37 1045k
 21  202M   21 43.8M    0     0  1613k      0  0:02:08  0:00:27  0:01:41 61138
 21  202M   21 43.8M    0     0  1558k      0  0:02:12  0:00:28  0:01:44 49090
 21  202M   21 43.9M    0     0  1509k      0  0:02:17  0:00:29  0:01:48 56354
 21  202M   21 43.9M    0     0  1461k      0  0:02:21  0:00:30  0:01:51 41583
 21  202M   21 44.0M    0     0  1417k      0  0:02:26  0:00:31  0:01:55 48782
 21  202M   21 44.0M    0     0  1375k      0  0:02:30  0:00:32  0:01:58 48443
 21  202M   21 44.0M    0     0  1336k      0  0:02:34  0:00:33  0:02:01 48896
 21  202M   21 44.1M    0     0  1297k      0  0:02:39  0:00:34  0:02:05 41500
 21  202M   21 44.1M    0     0  1263k      0  0:02:43  0:00:35  0:02:08 48823
 21  202M   21 44.2M    0     0  1230k      0  0:02:48  0:00:36  0:02:12 41575
 23  202M   23 46.9M    0     0  1271k      0  0:02:42  0:00:37  0:02:05  591k
 25  202M   25 51.1M    0     0  1348k      0  0:02:33  0:00:38  0:01:55 1432k
 25  202M   25 51.2M    0     0  1312k      0  0:02:37  0:00:39  0:01:58 1415k
 25  202M   25 51.2M    0     0  1286k      0  0:02:40  0:00:40  0:02:00 1451k
 27  202M   27 55.1M    0     0  1350k      0  0:02:33  0:00:41  0:01:52 2234k
 29  202M   29 58.6M    0     0  1401k      0  0:02:27  0:00:42  0:01:45 2367k
 29  202M   29 60.5M    0     0  1412k      0  0:02:26  0:00:43  0:01:43 1906k
 30  202M   30 62.6M    0     0  1429k      0  0:02:24  0:00:44  0:01:40 2385k
 32  202M   32 64.8M    0     0  1447k      0  0:02:23  0:00:45  0:01:38 2743k
 33  202M   33 67.0M    0     0  1464k      0  0:02:21  0:00:46  0:01:35 2407k
 34  202M   34 69.3M    0     0  1482k      0  0:02:19  0:00:47  0:01:32 2175k
 35  202M   35 71.6M    0     0  1500k      0  0:02:17  0:00:48  0:01:29 2271k
 36  202M   36 74.0M    0     0  1519k      0  0:02:16  0:00:49  0:01:27 2322k
 37  202M   37 76.4M    0     0  1538k      0  0:02:14  0:00:50  0:01:24 2371k
 39  202M   39 78.8M    0     0  1556k      0  0:02:12  0:00:51  0:01:21 2419k
 40  202M   40 81.4M    0     0  1578k      0  0:02:11  0:00:52  0:01:19 2514k
 41  202M   41 83.8M    0     0  1597k      0  0:02:09  0:00:53  0:01:16 2555k
 42  202M   42 85.4M    0     0  1596k      0  0:02:09  0:00:54  0:01:15 2378k
 42  202M   42 86.8M    0     0  1593k      0  0:02:09  0:00:55  0:01:14 2164k
 43  202M   43 87.4M    0     0  1577k      0  0:02:11  0:00:56  0:01:15 1791k
 43  202M   43 88.2M    0     0  1562k      0  0:02:12  0:00:57  0:01:15 1391k
 43  202M   43 88.9M    0     0  1547k      0  0:02:13  0:00:58  0:01:15 1019k
 44  202M   44 89.6M    0     0  1533k      0  0:02:14  0:00:59  0:01:15  859k
 44  202M   44 90.4M    0     0  1522k      0  0:02:15  0:01:00  0:01:15  740k
 45  202M   45 91.3M    0     0  1511k      0  0:02:16  0:01:01  0:01:15  777k
 45  202M   45 92.2M    0     0  1501k      0  0:02:17  0:01:02  0:01:15  812k
 46  202M   46 93.1M    0     0  1493k      0  0:02:18  0:01:03  0:01:15  865k
 46  202M   46 93.5M    0     0  1475k      0  0:02:20  0:01:04  0:01:16  787k
 46  202M   46 94.6M    0     0  1470k      0  0:02:20  0:01:05  0:01:15  848k
 47  202M   47 95.1M    0     0  1459k      0  0:02:21  0:01:06  0:01:15  800k
 47  202M   47 95.7M    0     0  1446k      0  0:02:23  0:01:07  0:01:16  738k
 47  202M   47 96.4M    0     0  1435k      0  0:02:24  0:01:08  0:01:16  676k
 47  202M   47 97.0M    0     0  1423k      0  0:02:25  0:01:09  0:01:16  724k
 48  202M   48 97.7M    0     0  1413k      0  0:02:26  0:01:10  0:01:16  643k
 48  202M   48 98.4M    0     0  1404k      0  0:02:27  0:01:11  0:01:16  673k
 49  202M   49 99.2M    0     0  1396k      0  0:02:28  0:01:12  0:01:16  716k
 49  202M   49  100M    0     0  1389k      0  0:02:29  0:01:13  0:01:16  754k
 49  202M   49  101M    0     0  1382k      0  0:02:29  0:01:14  0:01:15  819k
 50  202M   50  101M    0     0  1377k      0  0:02:30  0:01:15  0:01:15  867k
 50  202M   50  102M    0     0  1365k      0  0:02:31  0:01:17  0:01:14  836k
 51  202M   51  103M    0     0  1348k      0  0:02:33  0:01:18  0:01:15  732k
 51  202M   51  103M    0     0  1342k      0  0:02:34  0:01:18  0:01:16  653k
 51  202M   51  104M    0     0  1334k      0  0:02:35  0:01:19  0:01:16  622k
 51  202M   51  104M    0     0  1323k      0  0:02:36  0:01:20  0:01:16  513k
 51  202M   51  104M    0     0  1312k      0  0:02:37  0:01:21  0:01:16  462k
 52  202M   52  105M    0     0  1303k      0  0:02:38  0:01:22  0:01:16  494k
 52  202M   52  105M    0     0  1286k      0  0:02:40  0:01:23  0:01:17  431k
 52  202M   52  105M    0     0  1279k      0  0:02:41  0:01:24  0:01:17  389k
 52  202M   52  106M    0     0  1268k      0  0:02:43  0:01:25  0:01:18  372k
 52  202M   52  106M    0     0  1258k      0  0:02:44  0:01:26  0:01:18  353k
 52  202M   52  107M    0     0  1248k      0  0:02:45  0:01:27  0:01:18  333k
 53  202M   53  107M    0     0  1239k      0  0:02:46  0:01:28  0:01:18  427k
 53  202M   53  108M    0     0  1231k      0  0:02:48  0:01:29  0:01:19  418k
 53  202M   53  108M    0     0  1224k      0  0:02:49  0:01:30  0:01:19  466k
 54  202M   54  109M    0     0  1217k      0  0:02:49  0:01:31  0:01:18  517k
 54  202M   54  109M    0     0  1211k      0  0:02:50  0:01:32  0:01:18  566k
 54  202M   54  110M    0     0  1206k      0  0:02:51  0:01:33  0:01:18  620k
 55  202M   55  111M    0     0  1201k      0  0:02:52  0:01:34  0:01:18  667k
 55  202M   55  112M    0     0  1197k      0  0:02:52  0:01:35  0:01:17  716k
 55  202M   55  112M    0     0  1194k      0  0:02:53  0:01:36  0:01:17  760k
 56  202M   56  113M    0     0  1191k      0  0:02:53  0:01:37  0:01:16  809k
 56  202M   56  114M    0     0  1188k      0  0:02:54  0:01:38  0:01:16  855k
 57  202M   57  115M    0     0  1182k      0  0:02:54  0:01:39  0:01:15  824k
 57  202M   57  115M    0     0  1176k      0  0:02:55  0:01:40  0:01:15  766k
 57  202M   57  116M    0     0  1170k      0  0:02:56  0:01:41  0:01:15  713k
 57  202M   57  117M    0     0  1164k      0  0:02:57  0:01:42  0:01:15  654k
 58  202M   58  117M    0     0  1161k      0  0:02:58  0:01:43  0:01:15  606k
 58  202M   58  118M    0     0  1156k      0  0:02:58  0:01:44  0:01:14  627k
 58  202M   58  119M    0     0  1152k      0  0:02:59  0:01:45  0:01:14  677k
 59  202M   59  119M    0     0  1149k      0  0:03:00  0:01:46  0:01:14  725k
 59  202M   59  120M    0     0  1147k      0  0:03:00  0:01:47  0:01:13  775k
 60  202M   60  121M    0     0  1144k      0  0:03:00  0:01:48  0:01:12  808k
 60  202M   60  122M    0     0  1143k      0  0:03:01  0:01:49  0:01:12  856k
 61  202M   61  123M    0     0  1141k      0  0:03:01  0:01:50  0:01:11  903k
 61  202M   61  124M    0     0  1140k      0  0:03:01  0:01:51  0:01:10  949k
 62  202M   62  125M    0     0  1140k      0  0:03:01  0:01:52  0:01:09  996k
 62  202M   62  126M    0     0  1140k      0  0:03:01  0:01:53  0:01:08 1043k
 63  202M   63  127M    0     0  1140k      0  0:03:01  0:01:54  0:01:07 1091k
 63  202M   63  129M    0     0  1141k      0  0:03:01  0:01:55  0:01:06 1141k
 64  202M   64  130M    0     0  1142k      0  0:03:01  0:01:56  0:01:05 1190k
 65  202M   65  131M    0     0  1144k      0  0:03:00  0:01:57  0:01:03 1239k
 65  202M   65  133M    0     0  1146k      0  0:03:00  0:01:58  0:01:02 1293k
 66  202M   66  134M    0     0  1149k      0  0:03:00  0:01:59  0:01:01 1338k
 66  202M   66  135M    0     0  1147k      0  0:03:00  0:02:00  0:01:00 1288k
 67  202M   67  136M    0     0  1144k      0  0:03:00  0:02:01  0:00:59 1177k
 67  202M   67  136M    0     0  1141k      0  0:03:01  0:02:02  0:00:59 1077k
 68  202M   68  137M    0     0  1139k      0  0:03:01  0:02:03  0:00:58  966k
 68  202M   68  138M    0     0  1137k      0  0:03:01  0:02:04  0:00:57  867k
 69  202M   69  139M    0     0  1136k      0  0:03:02  0:02:05  0:00:57  864k
 69  202M   69  140M    0     0  1135k      0  0:03:02  0:02:06  0:00:56  921k
 70  202M   70  141M    0     0  1134k      0  0:03:02  0:02:07  0:00:55  966k
 70  202M   70  142M    0     0  1134k      0  0:03:02  0:02:08  0:00:54 1019k
 71  202M   71  143M    0     0  1134k      0  0:03:02  0:02:09  0:00:53 1068k
 71  202M   71  145M    0     0  1135k      0  0:03:02  0:02:10  0:00:52 1115k
 72  202M   72  146M    0     0  1136k      0  0:03:02  0:02:11  0:00:51 1164k
 73  202M   73  147M    0     0  1137k      0  0:03:01  0:02:12  0:00:49 1212k
 73  202M   73  148M    0     0  1139k      0  0:03:01  0:02:13  0:00:48 1263k
 74  202M   74  150M    0     0  1141k      0  0:03:01  0:02:14  0:00:47 1312k
 75  202M   75  151M    0     0  1143k      0  0:03:00  0:02:15  0:00:45 1362k
 75  202M   75  153M    0     0  1146k      0  0:03:00  0:02:16  0:00:44 1410k
 76  202M   76  154M    0     0  1144k      0  0:03:00  0:02:17  0:00:43 1312k
 76  202M   76  155M    0     0  1145k      0  0:03:00  0:02:18  0:00:42 1289k
 77  202M   77  156M    0     0  1142k      0  0:03:01  0:02:19  0:00:42 1173k
 77  202M   77  156M    0     0  1139k      0  0:03:01  0:02:21  0:00:40 1017k
 77  202M   77  157M    0     0  1136k      0  0:03:02  0:02:21  0:00:41  849k
 78  202M   78  157M    0     0  1131k      0  0:03:02  0:02:22  0:00:40  782k
 78  202M   78  158M    0     0  1127k      0  0:03:03  0:02:23  0:00:40  638k
 78  202M   78  158M    0     0  1123k      0  0:03:04  0:02:24  0:00:40  587k
 78  202M   78  159M    0     0  1120k      0  0:03:04  0:02:25  0:00:39  560k
 79  202M   79  160M    0     0  1117k      0  0:03:05  0:02:26  0:00:39  578k
 79  202M   79  160M    0     0  1113k      0  0:03:05  0:02:27  0:00:38  591k
 79  202M   79  161M    0     0  1111k      0  0:03:06  0:02:28  0:00:38  657k
 80  202M   80  162M    0     0  1109k      0  0:03:06  0:02:29  0:00:37  706k
 80  202M   80  163M    0     0  1107k      0  0:03:06  0:02:30  0:00:36  731k
 81  202M   81  164M    0     0  1106k      0  0:03:07  0:02:31  0:00:36  786k
 81  202M   81  165M    0     0  1105k      0  0:03:07  0:02:32  0:00:35  863k
 82  202M   82  165M    0     0  1104k      0  0:03:07  0:02:33  0:00:34  888k
 82  202M   82  166M    0     0  1104k      0  0:03:07  0:02:34  0:00:33  955k
 83  202M   83  168M    0     0  1103k      0  0:03:07  0:02:35  0:00:32 1000k
 83  202M   83  169M    0     0  1104k      0  0:03:07  0:02:36  0:00:31 1057k
 84  202M   84  170M    0     0  1105k      0  0:03:07  0:02:37  0:00:30 1105k
 84  202M   84  171M    0     0  1105k      0  0:03:07  0:02:38  0:00:29 1157k
 85  202M   85  172M    0     0  1106k      0  0:03:07  0:02:39  0:00:28 1173k
 85  202M   85  173M    0     0  1104k      0  0:03:07  0:02:40  0:00:27 1136k
 85  202M   85  173M    0     0  1098k      0  0:03:08  0:02:41  0:00:27  905k
 86  202M   86  174M    0     0  1100k      0  0:03:08  0:02:42  0:00:26  945k
 86  202M   86  175M    0     0  1097k      0  0:03:08  0:02:43  0:00:25  843k
 87  202M   87  176M    0     0  1095k      0  0:03:08  0:02:44  0:00:24  746k
 87  202M   87  177M    0     0  1094k      0  0:03:09  0:02:45  0:00:24  747k
 88  202M   88  178M    0     0  1092k      0  0:03:09  0:02:46  0:00:23  910k
 88  202M   88  178M    0     0  1091k      0  0:03:09  0:02:47  0:00:22  808k
 88  202M   88  179M    0     0  1090k      0  0:03:09  0:02:48  0:00:21  857k
 89  202M   89  180M    0     0  1090k      0  0:03:09  0:02:49  0:00:20  907k
 89  202M   89  181M    0     0  1090k      0  0:03:09  0:02:50  0:00:19  957k
 90  202M   90  182M    0     0  1090k      0  0:03:09  0:02:51  0:00:18 1009k
 91  202M   91  184M    0     0  1090k      0  0:03:09  0:02:52  0:00:17 1064k
 91  202M   91  185M    0     0  1091k      0  0:03:09  0:02:53  0:00:16 1119k
 92  202M   92  186M    0     0  1092k      0  0:03:09  0:02:54  0:00:15 1163k
 92  202M   92  187M    0     0  1093k      0  0:03:09  0:02:55  0:00:14 1213k
 93  202M   93  189M    0     0  1095k      0  0:03:08  0:02:56  0:00:12 1260k
 94  202M   94  190M    0     0  1097k      0  0:03:08  0:02:57  0:00:11 1313k
 94  202M   94  191M    0     0  1098k      0  0:03:08  0:02:58  0:00:10 1356k
 95  202M   95  193M    0     0  1101k      0  0:03:07  0:02:59  0:00:08 1411k
 96  202M   96  194M    0     0  1103k      0  0:03:07  0:03:00  0:00:07 1455k
 96  202M   96  195M    0     0  1102k      0  0:03:07  0:03:01  0:00:06 1368k
 97  202M   97  196M    0     0  1101k      0  0:03:07  0:03:02  0:00:05 1248k
 97  202M   97  197M    0     0  1099k      0  0:03:08  0:03:03  0:00:05 1130k
 98  202M   98  198M    0     0  1098k      0  0:03:08  0:03:04  0:00:04 1009k
 98  202M   98  199M    0     0  1098k      0  0:03:08  0:03:05  0:00:03  892k
 99  202M   99  200M    0     0  1097k      0  0:03:08  0:03:06  0:00:02  910k
 99  202M   99  201M    0     0  1097k      0  0:03:08  0:03:07  0:00:01  953k
100  202M  100  202M    0     0  1097k      0  0:03:08  0:03:08 --:--:-- 1018k
/home/runner/boostkit-perf/zstd/1.5.7/x86_64/38042354516-1/silesia.tar: OK
[zstd-benchmark] /home/runner/boostkit-perf/zstd/1.5.7/x86_64/38042354516-1/lzbench-source/lzbench -ezstd,5 -b4 -t20u20 /home/runner/boostkit-perf/zstd/1.5.7/x86_64/38042354516-1/silesia.tar
zstd compr iter=1 time=1.94s speed=109.38 MB/s     
zstd compr iter=2 time=3.88s speed=109.33 MB/s     
zstd compr iter=3 time=5.82s speed=109.27 MB/s     
zstd compr iter=4 time=7.75s speed=109.41 MB/s     
zstd compr iter=5 time=9.69s speed=109.40 MB/s     
zstd compr iter=6 time=11.63s speed=109.40 MB/s     
zstd compr iter=7 time=13.57s speed=109.38 MB/s     
zstd compr iter=8 time=15.50s speed=109.31 MB/s     
zstd compr iter=9 time=17.44s speed=109.35 MB/s     
zstd compr iter=10 time=19.38s speed=109.35 MB/s     
zstd decompr iter=1 time=0.26s speed=810.93 MB/s     
zstd decompr iter=2 time=0.54s speed=812.23 MB/s     
zstd decompr iter=3 time=0.81s speed=814.16 MB/s     
zstd decompr iter=4 time=1.08s speed=811.99 MB/s     
zstd decompr iter=5 time=1.36s speed=812.66 MB/s     
zstd decompr iter=6 time=1.63s speed=812.19 MB/s     
zstd decompr iter=7 time=1.91s speed=812.30 MB/s     
zstd decompr iter=8 time=2.18s speed=811.65 MB/s     
zstd decompr iter=9 time=2.46s speed=809.67 MB/s     
zstd decompr iter=10 time=2.73s speed=813.91 MB/s     
zstd decompr iter=11 time=3.01s speed=813.25 MB/s     
zstd decompr iter=12 time=3.28s speed=813.17 MB/s     
zstd decompr iter=13 time=3.55s speed=813.47 MB/s     
zstd decompr iter=14 time=3.83s speed=813.30 MB/s     
zstd decompr iter=15 time=4.10s speed=811.52 MB/s     
zstd decompr iter=16 time=4.38s speed=811.81 MB/s     
zstd decompr iter=17 time=4.65s speed=812.73 MB/s     
zstd decompr iter=18 time=4.93s speed=813.29 MB/s     
zstd decompr iter=19 time=5.20s speed=812.79 MB/s     
zstd decompr iter=20 time=5.47s speed=812.17 MB/s     
zstd decompr iter=21 time=5.75s speed=812.03 MB/s     
zstd decompr iter=22 time=6.02s speed=812.43 MB/s     
zstd decompr iter=23 time=6.30s speed=812.76 MB/s     
zstd decompr iter=24 time=6.57s speed=812.77 MB/s     
zstd decompr iter=25 time=6.85s speed=812.57 MB/s     
zstd decompr iter=26 time=7.12s speed=811.72 MB/s     
zstd decompr iter=27 time=7.40s speed=813.11 MB/s     
zstd decompr iter=28 time=7.67s speed=812.15 MB/s     
zstd decompr iter=29 time=7.94s speed=813.20 MB/s     
zstd decompr iter=30 time=8.22s speed=812.34 MB/s     
zstd decompr iter=31 time=8.49s speed=811.76 MB/s     
zstd decompr iter=32 time=8.77s speed=812.75 MB/s     
zstd decompr iter=33 time=9.04s speed=812.32 MB/s     
zstd decompr iter=34 time=9.32s speed=812.12 MB/s     
zstd decompr iter=35 time=9.59s speed=813.11 MB/s     
zstd decompr iter=36 time=9.87s speed=811.74 MB/s     
zstd decompr iter=37 time=10.14s speed=812.09 MB/s     
zstd decompr iter=38 time=10.41s speed=812.55 MB/s     
zstd decompr iter=39 time=10.69s speed=812.11 MB/s     
zstd decompr iter=40 time=10.96s speed=813.23 MB/s     
zstd decompr iter=41 time=11.24s speed=813.36 MB/s     
zstd decompr iter=42 time=11.51s speed=812.46 MB/s     
zstd decompr iter=43 time=11.79s speed=809.96 MB/s     
zstd decompr iter=44 time=12.06s speed=811.30 MB/s     
zstd decompr iter=45 time=12.34s speed=812.46 MB/s     
zstd decompr iter=46 time=12.61s speed=812.23 MB/s     
zstd decompr iter=47 time=12.88s speed=813.19 MB/s     
zstd decompr iter=48 time=13.16s speed=811.65 MB/s     
zstd decompr iter=49 time=13.43s speed=810.86 MB/s     
zstd decompr iter=50 time=13.71s speed=813.26 MB/s     
zstd decompr iter=51 time=13.98s speed=813.67 MB/s     
zstd decompr iter=52 time=14.26s speed=812.15 MB/s     
zstd decompr iter=53 time=14.53s speed=812.52 MB/s     
zstd decompr iter=54 time=14.81s speed=811.89 MB/s     
zstd decompr iter=55 time=15.08s speed=813.32 MB/s     
zstd decompr iter=56 time=15.35s speed=812.20 MB/s     
zstd decompr iter=57 time=15.63s speed=811.34 MB/s     
zstd decompr iter=58 time=15.90s speed=812.32 MB/s     
zstd decompr iter=59 time=16.18s speed=811.79 MB/s     
zstd decompr iter=60 time=16.45s speed=811.85 MB/s     
zstd decompr iter=61 time=16.73s speed=812.08 MB/s     
zstd decompr iter=62 time=17.00s speed=811.53 MB/s     
zstd decompr iter=63 time=17.28s speed=811.58 MB/s     
zstd decompr iter=64 time=17.55s speed=812.07 MB/s     
zstd decompr iter=65 time=17.83s speed=812.22 MB/s     
zstd decompr iter=66 time=18.10s speed=812.36 MB/s     
zstd decompr iter=67 time=18.37s speed=812.99 MB/s     
zstd decompr iter=68 time=18.65s speed=812.92 MB/s     
zstd decompr iter=69 time=18.92s speed=812.08 MB/s     
zstd decompr iter=70 time=19.20s speed=812.56 MB/s     
zstd decompr iter=71 time=19.47s speed=812.33 MB/s     
zstd decompr iter=72 time=19.75s speed=812.27 MB/s     
lzbench 2.2 | GCC 12.3.1 | 64-bit Linux | AMD EPYC 9654 96-Core Processor                

Compressor name         Compress. Decompress. Compr. size  Ratio Filename
zstd 1.5.7 -5             109 MB/s   814 MB/s    87763040  41.41 /home/runner/boostkit-perf/zstd/1.5.7/x86_64/38042354516-1/silesia.tar
[Params] cIters=1 dIters=1 cTime=20.0 dTime=20.0 chunkSize=4KB cSpeed=0MB
[zstd-benchmark] normalized 3 lzbench metrics
