[protobuf] running the upstream serialization benchmark
[ANN] compiling benchmark schemas in /tmp/boostkit-perf/32441165846-1/HPC/protobuf/35.1/x86_64/tmp/protobuf_bench_1m452f9c
[ANN] SimpleMessage size=100 iteration 1/5
[ANN] SimpleMessage size=100 iteration 2/5
[ANN] SimpleMessage size=100 iteration 3/5
[ANN] SimpleMessage size=100 iteration 4/5
[ANN] SimpleMessage size=100 iteration 5/5
[ANN] RepeatedInt32 size=100 iteration 1/5
[ANN] RepeatedInt32 size=100 iteration 2/5
[ANN] RepeatedInt32 size=100 iteration 3/5
[ANN] RepeatedInt32 size=100 iteration 4/5
[ANN] RepeatedInt32 size=100 iteration 5/5
[ANN] RepeatedString size=100 iteration 1/5
[ANN] RepeatedString size=100 iteration 2/5
[ANN] RepeatedString size=100 iteration 3/5
[ANN] RepeatedString size=100 iteration 4/5
[ANN] RepeatedString size=100 iteration 5/5
[ANN] NestedMessage size=100 iteration 1/5
[ANN] NestedMessage size=100 iteration 2/5
[ANN] NestedMessage size=100 iteration 3/5
[ANN] NestedMessage size=100 iteration 4/5
[ANN] NestedMessage size=100 iteration 5/5
[ANN] LargeMessage size=100 iteration 1/5
[ANN] LargeMessage size=100 iteration 2/5
[ANN] LargeMessage size=100 iteration 3/5
[ANN] LargeMessage size=100 iteration 4/5
[ANN] LargeMessage size=100 iteration 5/5
[ANN] results saved to: /home/runner/actions-runner/_work/boostkit-performance-evaluation/boostkit-performance-evaluation/.perf-output/HPC/protobuf/35.1/x86_64/32441165846-1/benchmark_ann.json
[protobuf] running the upstream micro benchmark
[MICRO] compiling benchmark schemas in /tmp/boostkit-perf/32441165846-1/HPC/protobuf/35.1/x86_64/tmp/protobuf_micro_ixcf046f
[MICRO] results saved to: /home/runner/actions-runner/_work/boostkit-performance-evaluation/boostkit-performance-evaluation/.perf-output/HPC/protobuf/35.1/x86_64/32441165846-1/micro_benchmark.json
[AGGREGATE] results saved to /home/runner/actions-runner/_work/boostkit-performance-evaluation/boostkit-performance-evaluation/.perf-output/HPC/protobuf/35.1/x86_64/32441165846-1/aggregate_results.json
[protobuf] upstream protobuf benchmark outputs are ready
