[fullbench] /tmp/boostkit-perf/32928002295-1/HPC/zstd/1.5.7/aarch64/zstd-source/tests/fullbench
*** Zstandard speed analyzer 1.5.7 64-bits, by Yann Collet (Aug 26 2026) ***

                                                                      
 Sample 10000000 bytes : 

 0#compress                       :   248.9 MB/s  ( 3239077) 
 0#compress                       :   248.9 MB/s  ( 3239077) 
 0#compress                       :   248.9 MB/s  ( 3239077) 
 0#compress                       :   248.9 MB/s  ( 3239077) 
 0#compress                       :   248.9 MB/s  ( 3239077) 
 0#compress                       :   248.9 MB/s  ( 3239077) 

 1#decompress                     :   863.0 MB/s  (10000000) 
 1#decompress                     :   863.1 MB/s  (10000000) 
 1#decompress                     :   863.2 MB/s  (10000000) 
 1#decompress                     :   863.2 MB/s  (10000000) 
 1#decompress                     :   863.2 MB/s  (10000000) 
 1#decompress                     :   863.2 MB/s  (10000000) 

 2#compress_freshCCtx             :   248.6 MB/s  ( 3239077) 
 2#compress_freshCCtx             :   248.6 MB/s  ( 3239077) 
 2#compress_freshCCtx             :   248.6 MB/s  ( 3239077) 
 2#compress_freshCCtx             :   248.6 MB/s  ( 3239077) 
 2#compress_freshCCtx             :   248.6 MB/s  ( 3239077) 
 2#compress_freshCCtx             :   248.6 MB/s  ( 3239077) 

 3#decompressDCtx                 :   864.6 MB/s  (10000000) 
 3#decompressDCtx                 :   864.9 MB/s  (10000000) 
 3#decompressDCtx                 :   864.9 MB/s  (10000000) 
 3#decompressDCtx                 :   864.9 MB/s  (10000000) 
 3#decompressDCtx                 :   865.0 MB/s  (10000000) 
 3#decompressDCtx                 :   865.0 MB/s  (10000000) 

 4#compressContinue               :   248.5 MB/s  ( 3239077) 
 4#compressContinue               :   248.5 MB/s  ( 3239077) 
 4#compressContinue               :   248.6 MB/s  ( 3239077) 
 4#compressContinue               :   248.6 MB/s  ( 3239077) 
 4#compressContinue               :   248.6 MB/s  ( 3239077) 
 4#compressContinue               :   248.6 MB/s  ( 3239077) 

 5#compressContinue_extDict       :   247.8 MB/s  ( 3239062) 
 5#compressContinue_extDict       :   247.9 MB/s  ( 3239062) 
 5#compressContinue_extDict       :   247.9 MB/s  ( 3239062) 
 5#compressContinue_extDict       :   247.9 MB/s  ( 3239062) 
 5#compressContinue_extDict       :   247.9 MB/s  ( 3239062) 
 5#compressContinue_extDict       :   247.9 MB/s  ( 3239062) 

 6#decompressContinue             :   863.3 MB/s  (10000000) 
 6#decompressContinue             :   863.3 MB/s  (10000000) 
 6#decompressContinue             :   863.4 MB/s  (10000000) 
 6#decompressContinue             :   863.4 MB/s  (10000000) 
 6#decompressContinue             :   863.4 MB/s  (10000000) 
 6#decompressContinue             :   863.4 MB/s  (10000000) 

 7#compressStream                 :   228.6 MB/s  ( 3239075) 
 7#compressStream                 :   228.6 MB/s  ( 3239075) 
 7#compressStream                 :   228.6 MB/s  ( 3239075) 
 7#compressStream                 :   228.6 MB/s  ( 3239075) 
 7#compressStream                 :   228.6 MB/s  ( 3239075) 
 7#compressStream                 :   228.6 MB/s  ( 3239075) 

 8#compressStream_freshCCtx       :   228.3 MB/s  ( 3239075) 
 8#compressStream_freshCCtx       :   228.8 MB/s  ( 3239075) 
 8#compressStream_freshCCtx       :   228.8 MB/s  ( 3239075) 
 8#compressStream_freshCCtx       :   228.8 MB/s  ( 3239075) 
 8#compressStream_freshCCtx       :   228.8 MB/s  ( 3239075) 
 8#compressStream_freshCCtx       :   228.8 MB/s  ( 3239075) 

 9#decompressStream               :   863.9 MB/s  (10000000) 
 9#decompressStream               :   863.9 MB/s  (10000000) 
 9#decompressStream               :   864.1 MB/s  (10000000) 
 9#decompressStream               :   864.2 MB/s  (10000000) 
 9#decompressStream               :   864.2 MB/s  (10000000) 
 9#decompressStream               :   864.2 MB/s  (10000000) 

10#compress2                      :   248.6 MB/s  ( 3239077) 
10#compress2                      :   248.6 MB/s  ( 3239077) 
10#compress2                      :   248.6 MB/s  ( 3239077) 
10#compress2                      :   248.6 MB/s  ( 3239077) 
10#compress2                      :   248.6 MB/s  ( 3239077) 
10#compress2                      :   248.6 MB/s  ( 3239077) 

11#compressStream2, end           :   248.3 MB/s  ( 3239077) 
11#compressStream2, end           :   248.3 MB/s  ( 3239077) 
11#compressStream2, end           :   248.3 MB/s  ( 3239077) 
11#compressStream2, end           :   248.3 MB/s  ( 3239077) 
11#compressStream2, end           :   248.3 MB/s  ( 3239077) 
11#compressStream2, end           :   248.3 MB/s  ( 3239077) 

12#compressStream2, end & short   :   246.9 MB/s  ( 3239077) 
12#compressStream2, end & short   :   246.9 MB/s  ( 3239077) 
12#compressStream2, end & short   :   246.9 MB/s  ( 3239077) 
12#compressStream2, end & short   :   246.9 MB/s  ( 3239077) 
12#compressStream2, end & short   :   246.9 MB/s  ( 3239077) 
12#compressStream2, end & short   :   246.9 MB/s  ( 3239077) 

13#compressStream2, continue      :   228.6 MB/s  ( 3239075) 
13#compressStream2, continue      :   228.6 MB/s  ( 3239075) 
13#compressStream2, continue      :   228.6 MB/s  ( 3239075) 
13#compressStream2, continue      :   228.6 MB/s  ( 3239075) 
13#compressStream2, continue      :   228.6 MB/s  ( 3239075) 
13#compressStream2, continue      :   228.6 MB/s  ( 3239075) 

14#compressStream2, -T2, continue :   421.8 MB/s  ( 3240235) 
14#compressStream2, -T2, continue :   422.0 MB/s  ( 3240235) 
14#compressStream2, -T2, continue :   422.4 MB/s  ( 3240235) 
14#compressStream2, -T2, continue :   422.4 MB/s  ( 3240235) 
14#compressStream2, -T2, continue :   422.4 MB/s  ( 3240235) 
14#compressStream2, -T2, continue :   422.4 MB/s  ( 3240235) 

15#compressStream2, -T2, end      :   422.1 MB/s  ( 3240239) 
15#compressStream2, -T2, end      :   422.1 MB/s  ( 3240239) 
15#compressStream2, -T2, end      :   422.1 MB/s  ( 3240239) 
15#compressStream2, -T2, end      :   422.1 MB/s  ( 3240239) 
15#compressStream2, -T2, end      :   422.1 MB/s  ( 3240239) 
15#compressStream2, -T2, end      :   422.1 MB/s  ( 3240239) 

16#compressSequences              :   642.6 MB/s  ( 3239695) 
16#compressSequences              :   642.6 MB/s  ( 3239695) 
16#compressSequences              :   642.6 MB/s  ( 3239695) 
16#compressSequences              :   642.6 MB/s  ( 3239695) 
16#compressSequences              :   642.6 MB/s  ( 3239695) 
16#compressSequences              :   642.6 MB/s  ( 3239695) 

17#compressSequencesAndLiterals   :   707.2 MB/s  ( 3239695) 
17#compressSequencesAndLiterals   :   707.2 MB/s  ( 3239695) 
17#compressSequencesAndLiterals   :   707.2 MB/s  ( 3239695) 
17#compressSequencesAndLiterals   :   707.2 MB/s  ( 3239695) 
17#compressSequencesAndLiterals   :   707.2 MB/s  ( 3239695) 
17#compressSequencesAndLiterals   :   707.2 MB/s  ( 3239695) 

18#convertSequences (1st block)   :  8589.4 MB/s  (   11846) 
18#convertSequences (1st block)   :  8589.4 MB/s  (   11846) 
18#convertSequences (1st block)   :  8589.5 MB/s  (   11846) 
18#convertSequences (1st block)   :  8589.6 MB/s  (   11846) 
18#convertSequences (1st block)   :  8589.6 MB/s  (   11846) 
18#convertSequences (1st block)   :  8589.6 MB/s  (   11846) 

19#get1BlockSummary (1st block)   : 15730.9 MB/s  (   11846) 
19#get1BlockSummary (1st block)   : 15730.9 MB/s  (   11846) 
19#get1BlockSummary (1st block)   : 15730.9 MB/s  (   11846) 
19#get1BlockSummary (1st block)   : 15730.9 MB/s  (   11846) 
19#get1BlockSummary (1st block)   : 15730.9 MB/s  (   11846) 
19#get1BlockSummary (1st block)   : 15730.9 MB/s  (   11846) 

20#decodeLiteralsHeader (1st block:140429.8 MB/s  (      39) 
20#decodeLiteralsHeader (1st block:140429.8 MB/s  (      39) 
20#decodeLiteralsHeader (1st block:140429.8 MB/s  (      39) 
20#decodeLiteralsHeader (1st block:140429.8 MB/s  (      39) 
20#decodeLiteralsHeader (1st block:140474.8 MB/s  (      39) 
20#decodeLiteralsHeader (1st block:140474.8 MB/s  (      39) 

21#decodeLiteralsBlock (1st block):  7640.5 MB/s  (   14193) 
21#decodeLiteralsBlock (1st block):  7640.5 MB/s  (   14193) 
21#decodeLiteralsBlock (1st block):  7640.5 MB/s  (   14193) 
21#decodeLiteralsBlock (1st block):  7640.5 MB/s  (   14193) 
21#decodeLiteralsBlock (1st block):  7640.5 MB/s  (   14193) 
21#decodeLiteralsBlock (1st block):  7640.5 MB/s  (   14193) 

22#decodeSeqHeaders (1st block)   : 41561.1 MB/s  (      49) 
22#decodeSeqHeaders (1st block)   : 41655.9 MB/s  (      49) 
22#decodeSeqHeaders (1st block)   : 41655.9 MB/s  (      49) 
22#decodeSeqHeaders (1st block)   : 41655.9 MB/s  (      49) 
22#decodeSeqHeaders (1st block)   : 41655.9 MB/s  (      49) 
22#decodeSeqHeaders (1st block)   : 41664.7 MB/s  (      49) 
