[primary] SET concurrency_1
[primary] SET concurrency_10
[primary] SET concurrency_50
[primary] SET concurrency_100
[primary] SET concurrency_200
[primary] GET concurrency_1
[primary] GET concurrency_10
[primary] GET concurrency_50
[primary] GET concurrency_100
[primary] GET concurrency_200
[primary] INCR concurrency_1
[primary] INCR concurrency_10
[primary] INCR concurrency_50
[primary] INCR concurrency_100
[primary] INCR concurrency_200
[primary] LPUSH concurrency_1
[primary] LPUSH concurrency_10
[primary] LPUSH concurrency_50
[primary] LPUSH concurrency_100
[primary] LPUSH concurrency_200
[primary] LRANGE_100 concurrency_1
[primary] LRANGE_100 concurrency_10
[primary] LRANGE_100 concurrency_50
[primary] LRANGE_100 concurrency_100
[primary] LRANGE_100 concurrency_200
[primary] SADD concurrency_1
[primary] SADD concurrency_10
[primary] SADD concurrency_50
[primary] SADD concurrency_100
[primary] SADD concurrency_200
[primary] HSET concurrency_1
[primary] HSET concurrency_10
[primary] HSET concurrency_50
[primary] HSET concurrency_100
[primary] HSET concurrency_200
[primary] ZADD concurrency_1
[primary] ZADD concurrency_10
[primary] ZADD concurrency_50
[primary] ZADD concurrency_100
[primary] ZADD concurrency_200
