[sonic] running official CMake benchmark (benchmark/main.cpp)
2026-08-24T10:22:35+08:00
Running /tmp/boostkit-perf/32682799285-1/HPC/sonic/1.0.2/aarch64/build/benchmark/bench
Run on (256 X 2900 MHz CPU s)
CPU Caches:
  L1 Data 64 KiB (x128)
  L1 Instruction 64 KiB (x128)
  L2 Unified 1280 KiB (x128)
  L3 Unified 57344 KiB (x4)
Load Average: 0.77, 0.26, 0.09
***WARNING*** ASLR is enabled, the results may have unreproducible noise in them.
-----------------------------------------------------------------------------------------------------------
Benchmark                                                 Time             CPU   Iterations UserCounters...
-----------------------------------------------------------------------------------------------------------
twitter/SonicOnDemand_Normal_mean                     34427 ns        34404 ns            5 bytes_per_second=7.15787Gi/s Normal
twitter/SonicOnDemand_Normal_median                   34227 ns        34204 ns            5 bytes_per_second=7.19874Gi/s Normal
twitter/SonicOnDemand_Normal_stddev                     459 ns          459 ns            5 bytes_per_second=96.0217Mi/s Normal
twitter/SonicOnDemand_Normal_cv                        1.33 %          1.33 %             5 bytes_per_second=1.31% Normal
twitter/RapidjsonSaxOnDemand_Normal_mean             851118 ns       850676 ns            5 bytes_per_second=296.394Mi/s Normal
twitter/RapidjsonSaxOnDemand_Normal_median           851195 ns       850725 ns            5 bytes_per_second=296.377Mi/s Normal
twitter/RapidjsonSaxOnDemand_Normal_stddev              262 ns          273 ns            5 bytes_per_second=97.2939Ki/s Normal
twitter/RapidjsonSaxOnDemand_Normal_cv                 0.03 %          0.03 %             5 bytes_per_second=0.03% Normal
twitter/SIMDjsonOnDemand_Normal_mean                  78818 ns        78777 ns            5 bytes_per_second=3.12561Gi/s Normal
twitter/SIMDjsonOnDemand_Normal_median                78805 ns        78763 ns            5 bytes_per_second=3.12616Gi/s Normal
twitter/SIMDjsonOnDemand_Normal_stddev                 29.4 ns         29.0 ns            5 bytes_per_second=1.17949Mi/s Normal
twitter/SIMDjsonOnDemand_Normal_cv                     0.04 %          0.04 %             5 bytes_per_second=0.04% Normal
citm_catalog/SonicOnDemand_Fronter_mean               18037 ns        18028 ns            5 bytes_per_second=89.2279Gi/s Fronter
citm_catalog/SonicOnDemand_Fronter_median             18037 ns        18026 ns            5 bytes_per_second=89.2364Gi/s Fronter
citm_catalog/SonicOnDemand_Fronter_stddev              3.20 ns         3.58 ns            5 bytes_per_second=18.1374Mi/s Fronter
citm_catalog/SonicOnDemand_Fronter_cv                  0.02 %          0.02 %             5 bytes_per_second=0.02% Fronter
citm_catalog/RapidjsonSaxOnDemand_Fronter_mean       164327 ns       164245 ns            5 bytes_per_second=9.79382Gi/s Fronter
citm_catalog/RapidjsonSaxOnDemand_Fronter_median     164342 ns       164263 ns            5 bytes_per_second=9.79274Gi/s Fronter
citm_catalog/RapidjsonSaxOnDemand_Fronter_stddev       65.8 ns         65.9 ns            5 bytes_per_second=4.02615Mi/s Fronter
citm_catalog/RapidjsonSaxOnDemand_Fronter_cv           0.04 %          0.04 %             5 bytes_per_second=0.04% Fronter
citm_catalog/SIMDjsonOnDemand_Fronter_mean           342588 ns       342342 ns            5 bytes_per_second=4.69877Gi/s Fronter
citm_catalog/SIMDjsonOnDemand_Fronter_median         342544 ns       342297 ns            5 bytes_per_second=4.69939Gi/s Fronter
citm_catalog/SIMDjsonOnDemand_Fronter_stddev            117 ns          111 ns            5 bytes_per_second=1.56049Mi/s Fronter
citm_catalog/SIMDjsonOnDemand_Fronter_cv               0.03 %          0.03 %             5 bytes_per_second=0.03% Fronter
twitter/SonicOnDemand_NotFound_mean                   34019 ns        34001 ns            5 bytes_per_second=7.24182Gi/s NotFound
twitter/SonicOnDemand_NotFound_median                 34028 ns        34008 ns            5 bytes_per_second=7.24016Gi/s NotFound
twitter/SonicOnDemand_NotFound_stddev                  18.9 ns         18.6 ns            5 bytes_per_second=4.05983Mi/s NotFound
twitter/SonicOnDemand_NotFound_cv                      0.06 %          0.05 %             5 bytes_per_second=0.05% NotFound
twitter/RapidjsonSaxOnDemand_NotFound_mean           851314 ns       850868 ns            5 bytes_per_second=296.327Mi/s NotFound
twitter/RapidjsonSaxOnDemand_NotFound_median         851363 ns       850914 ns            5 bytes_per_second=296.311Mi/s NotFound
twitter/RapidjsonSaxOnDemand_NotFound_stddev            124 ns          117 ns            5 bytes_per_second=41.7378Ki/s NotFound
twitter/RapidjsonSaxOnDemand_NotFound_cv               0.01 %          0.01 %             5 bytes_per_second=0.01% NotFound
twitter/SIMDjsonOnDemand_NotFound_mean                78858 ns        78815 ns            5 bytes_per_second=3.12409Gi/s NotFound
twitter/SIMDjsonOnDemand_NotFound_median              78852 ns        78808 ns            5 bytes_per_second=3.12439Gi/s NotFound
twitter/SIMDjsonOnDemand_NotFound_stddev               35.7 ns         36.3 ns            5 bytes_per_second=1.47338Mi/s NotFound
twitter/SIMDjsonOnDemand_NotFound_cv                   0.05 %          0.05 %             5 bytes_per_second=0.05% NotFound
twitterescaped/Decode_SonicDyn_mean                  414144 ns       413748 ns            5 bytes_per_second=1.26595Gi/s testdata/twitterescaped.json
twitterescaped/Decode_SonicDyn_median                414049 ns       413650 ns            5 bytes_per_second=1.26625Gi/s testdata/twitterescaped.json
twitterescaped/Decode_SonicDyn_stddev                   159 ns          156 ns            5 bytes_per_second=501.788Ki/s testdata/twitterescaped.json
twitterescaped/Decode_SonicDyn_cv                      0.04 %          0.04 %             5 bytes_per_second=0.04% testdata/twitterescaped.json
twitterescaped/Decode_Rapidjson_mean                1912378 ns      1910769 ns            5 bytes_per_second=280.701Mi/s testdata/twitterescaped.json
twitterescaped/Decode_Rapidjson_median              1912845 ns      1911144 ns            5 bytes_per_second=280.646Mi/s testdata/twitterescaped.json
twitterescaped/Decode_Rapidjson_stddev                 1562 ns         1580 ns            5 bytes_per_second=237.809Ki/s testdata/twitterescaped.json
twitterescaped/Decode_Rapidjson_cv                     0.08 %          0.08 %             5 bytes_per_second=0.08% testdata/twitterescaped.json
twitterescaped/Decode_YYjson_mean                   2148004 ns      2146232 ns            5 bytes_per_second=249.905Mi/s testdata/twitterescaped.json
twitterescaped/Decode_YYjson_median                 2148071 ns      2146444 ns            5 bytes_per_second=249.88Mi/s testdata/twitterescaped.json
twitterescaped/Decode_YYjson_stddev                     339 ns          354 ns            5 bytes_per_second=42.1575Ki/s testdata/twitterescaped.json
twitterescaped/Decode_YYjson_cv                        0.02 %          0.02 %             5 bytes_per_second=0.02% testdata/twitterescaped.json
twitterescaped/Decode_SIMDjson_mean                  729203 ns       728520 ns            5 bytes_per_second=736.224Mi/s testdata/twitterescaped.json
twitterescaped/Decode_SIMDjson_median                729219 ns       728507 ns            5 bytes_per_second=736.237Mi/s testdata/twitterescaped.json
twitterescaped/Decode_SIMDjson_stddev                   254 ns          249 ns            5 bytes_per_second=257.475Ki/s testdata/twitterescaped.json
twitterescaped/Decode_SIMDjson_cv                      0.03 %          0.03 %             5 bytes_per_second=0.03% testdata/twitterescaped.json
twitterescaped/Decode_JsonCpp_mean                 30149754 ns     30125228 ns            5 bytes_per_second=17.8043Mi/s testdata/twitterescaped.json
twitterescaped/Decode_JsonCpp_median               30079340 ns     30054945 ns            5 bytes_per_second=17.8458Mi/s testdata/twitterescaped.json
twitterescaped/Decode_JsonCpp_stddev                 101808 ns       102182 ns            5 bytes_per_second=61.7615Ki/s testdata/twitterescaped.json
twitterescaped/Decode_JsonCpp_cv                       0.34 %          0.34 %             5 bytes_per_second=0.34% testdata/twitterescaped.json
twitter/Decode_SonicDyn_mean                         191234 ns       191084 ns            5 bytes_per_second=1.28858Gi/s testdata/twitter.json
twitter/Decode_SonicDyn_median                       191209 ns       191061 ns            5 bytes_per_second=1.28873Gi/s testdata/twitter.json
twitter/Decode_SonicDyn_stddev                         61.0 ns         60.2 ns            5 bytes_per_second=425.618Ki/s testdata/twitter.json
twitter/Decode_SonicDyn_cv                             0.03 %          0.03 %             5 bytes_per_second=0.03% testdata/twitter.json
twitter/Decode_Rapidjson_mean                        836747 ns       836200 ns            5 bytes_per_second=301.525Mi/s testdata/twitter.json
twitter/Decode_Rapidjson_median                      836684 ns       836174 ns            5 bytes_per_second=301.534Mi/s testdata/twitter.json
twitter/Decode_Rapidjson_stddev                         174 ns          166 ns            5 bytes_per_second=61.1781Ki/s testdata/twitter.json
twitter/Decode_Rapidjson_cv                            0.02 %          0.02 %             5 bytes_per_second=0.02% testdata/twitter.json
twitter/Decode_YYjson_mean                           801261 ns       800665 ns            5 bytes_per_second=314.907Mi/s testdata/twitter.json
twitter/Decode_YYjson_median                         801015 ns       800444 ns            5 bytes_per_second=314.994Mi/s testdata/twitter.json
twitter/Decode_YYjson_stddev                            600 ns          570 ns            5 bytes_per_second=229.401Ki/s testdata/twitter.json
twitter/Decode_YYjson_cv                               0.07 %          0.07 %             5 bytes_per_second=0.07% testdata/twitter.json
twitter/Decode_SIMDjson_mean                         132888 ns       132769 ns            5 bytes_per_second=1.85454Gi/s testdata/twitter.json
twitter/Decode_SIMDjson_median                       132878 ns       132754 ns            5 bytes_per_second=1.85476Gi/s testdata/twitter.json
twitter/Decode_SIMDjson_stddev                         73.7 ns         69.4 ns            5 bytes_per_second=1016.31Ki/s testdata/twitter.json
twitter/Decode_SIMDjson_cv                             0.06 %          0.05 %             5 bytes_per_second=0.05% testdata/twitter.json
twitter/Decode_JsonCpp_mean                        11512711 ns     11504169 ns            5 bytes_per_second=21.9169Mi/s testdata/twitter.json
twitter/Decode_JsonCpp_median                      11512647 ns     11503573 ns            5 bytes_per_second=21.918Mi/s testdata/twitter.json
twitter/Decode_JsonCpp_stddev                         15035 ns        15190 ns            5 bytes_per_second=29.6082Ki/s testdata/twitter.json
twitter/Decode_JsonCpp_cv                              0.13 %          0.13 %             5 bytes_per_second=0.13% testdata/twitter.json
poet/Decode_SonicDyn_mean                           1525589 ns      1524234 ns            5 bytes_per_second=2.14641Gi/s testdata/poet.json
poet/Decode_SonicDyn_median                         1525570 ns      1524255 ns            5 bytes_per_second=2.14638Gi/s testdata/poet.json
poet/Decode_SonicDyn_stddev                             130 ns         78.1 ns            5 bytes_per_second=115.342Ki/s testdata/poet.json
poet/Decode_SonicDyn_cv                                0.01 %          0.01 %             5 bytes_per_second=0.01% testdata/poet.json
poet/Decode_Rapidjson_mean                         13968593 ns     13959461 ns            5 bytes_per_second=239.991Mi/s testdata/poet.json
poet/Decode_Rapidjson_median                       13967914 ns     13958770 ns            5 bytes_per_second=240.003Mi/s testdata/poet.json
poet/Decode_Rapidjson_stddev                           3215 ns         3145 ns            5 bytes_per_second=55.3575Ki/s testdata/poet.json
poet/Decode_Rapidjson_cv                               0.02 %          0.02 %             5 bytes_per_second=0.02% testdata/poet.json
poet/Decode_YYjson_mean                             6590910 ns      6585549 ns            5 bytes_per_second=508.712Mi/s testdata/poet.json
poet/Decode_YYjson_median                           6590925 ns      6585659 ns            5 bytes_per_second=508.703Mi/s testdata/poet.json
poet/Decode_YYjson_stddev                              1648 ns         1683 ns            5 bytes_per_second=133.119Ki/s testdata/poet.json
poet/Decode_YYjson_cv                                  0.03 %          0.03 %             5 bytes_per_second=0.03% testdata/poet.json
poet/Decode_SIMDjson_mean                           1741169 ns      1739565 ns            5 bytes_per_second=1.88072Gi/s testdata/poet.json
poet/Decode_SIMDjson_median                         1741021 ns      1739432 ns            5 bytes_per_second=1.88086Gi/s testdata/poet.json
poet/Decode_SIMDjson_stddev                             253 ns          248 ns            5 bytes_per_second=281.462Ki/s testdata/poet.json
poet/Decode_SIMDjson_cv                                0.01 %          0.01 %             5 bytes_per_second=0.01% testdata/poet.json
poet/Decode_JsonCpp_mean                           87083015 ns     87020623 ns            5 bytes_per_second=38.4984Mi/s testdata/poet.json
poet/Decode_JsonCpp_median                         87047121 ns     86982900 ns            5 bytes_per_second=38.515Mi/s testdata/poet.json
poet/Decode_JsonCpp_stddev                           165309 ns       167795 ns            5 bytes_per_second=76.0461Ki/s testdata/poet.json
poet/Decode_JsonCpp_cv                                 0.19 %          0.19 %             5 bytes_per_second=0.19% testdata/poet.json
otfcc/Decode_SonicDyn_mean                        169885033 ns    169625203 ns            5 bytes_per_second=373.376Mi/s testdata/otfcc.json
otfcc/Decode_SonicDyn_median                      170190205 ns    169928782 ns            5 bytes_per_second=372.702Mi/s testdata/otfcc.json
otfcc/Decode_SonicDyn_stddev                         817782 ns       813194 ns            5 bytes_per_second=1.8001Mi/s testdata/otfcc.json
otfcc/Decode_SonicDyn_cv                               0.48 %          0.48 %             5 bytes_per_second=0.48% testdata/otfcc.json
otfcc/Decode_Rapidjson_mean                       287223705 ns    286842760 ns            5 bytes_per_second=220.794Mi/s testdata/otfcc.json
otfcc/Decode_Rapidjson_median                     287313565 ns    286950685 ns            5 bytes_per_second=220.71Mi/s testdata/otfcc.json
otfcc/Decode_Rapidjson_stddev                        599678 ns       594718 ns            5 bytes_per_second=469.424Ki/s testdata/otfcc.json
otfcc/Decode_Rapidjson_cv                              0.21 %          0.21 %             5 bytes_per_second=0.21% testdata/otfcc.json
otfcc/Decode_YYjson_mean                          308707644 ns    308300460 ns            5 bytes_per_second=205.427Mi/s testdata/otfcc.json
otfcc/Decode_YYjson_median                        308954755 ns    308543190 ns            5 bytes_per_second=205.264Mi/s testdata/otfcc.json
otfcc/Decode_YYjson_stddev                          1012931 ns      1010446 ns            5 bytes_per_second=689.484Ki/s testdata/otfcc.json
otfcc/Decode_YYjson_cv                                 0.33 %          0.33 %             5 bytes_per_second=0.33% testdata/otfcc.json
otfcc/Decode_SIMDjson_mean                        126384980 ns    126210922 ns            5 bytes_per_second=501.802Mi/s testdata/otfcc.json
otfcc/Decode_SIMDjson_median                      126375778 ns    126197840 ns            5 bytes_per_second=501.854Mi/s testdata/otfcc.json
otfcc/Decode_SIMDjson_stddev                          53769 ns        52833 ns            5 bytes_per_second=215.035Ki/s testdata/otfcc.json
otfcc/Decode_SIMDjson_cv                               0.04 %          0.04 %             5 bytes_per_second=0.04% testdata/otfcc.json
otfcc/Decode_JsonCpp_mean                        1.4477e+10 ns   1.4468e+10 ns            5 bytes_per_second=4.37815Mi/s testdata/otfcc.json
otfcc/Decode_JsonCpp_median                      1.4551e+10 ns   1.4542e+10 ns            5 bytes_per_second=4.35527Mi/s testdata/otfcc.json
otfcc/Decode_JsonCpp_stddev                       205300431 ns    204245580 ns            5 bytes_per_second=63.2956Ki/s testdata/otfcc.json
otfcc/Decode_JsonCpp_cv                                1.42 %          1.41 %             5 bytes_per_second=1.41% testdata/otfcc.json
lottie/Decode_SonicDyn_mean                          689536 ns       688884 ns            5 bytes_per_second=399.986Mi/s testdata/lottie.json
lottie/Decode_SonicDyn_median                        689666 ns       688973 ns            5 bytes_per_second=399.934Mi/s testdata/lottie.json
lottie/Decode_SonicDyn_stddev                           261 ns          262 ns            5 bytes_per_second=155.908Ki/s testdata/lottie.json
lottie/Decode_SonicDyn_cv                              0.04 %          0.04 %             5 bytes_per_second=0.04% testdata/lottie.json
lottie/Decode_Rapidjson_mean                        1208115 ns      1206993 ns            5 bytes_per_second=228.29Mi/s testdata/lottie.json
lottie/Decode_Rapidjson_median                      1208262 ns      1207167 ns            5 bytes_per_second=228.257Mi/s testdata/lottie.json
lottie/Decode_Rapidjson_stddev                          684 ns          698 ns            5 bytes_per_second=135.26Ki/s testdata/lottie.json
lottie/Decode_Rapidjson_cv                             0.06 %          0.06 %             5 bytes_per_second=0.06% testdata/lottie.json
lottie/Decode_YYjson_mean                           1846440 ns      1844807 ns            5 bytes_per_second=149.362Mi/s testdata/lottie.json
lottie/Decode_YYjson_median                         1846230 ns      1844554 ns            5 bytes_per_second=149.383Mi/s testdata/lottie.json
lottie/Decode_YYjson_stddev                             654 ns          627 ns            5 bytes_per_second=51.9555Ki/s testdata/lottie.json
lottie/Decode_YYjson_cv                                0.04 %          0.03 %             5 bytes_per_second=0.03% testdata/lottie.json
lottie/Decode_SIMDjson_mean                          553331 ns       552850 ns            5 bytes_per_second=498.407Mi/s testdata/lottie.json
lottie/Decode_SIMDjson_median                        553292 ns       552818 ns            5 bytes_per_second=498.436Mi/s testdata/lottie.json
lottie/Decode_SIMDjson_stddev                           208 ns          214 ns            5 bytes_per_second=197.209Ki/s testdata/lottie.json
lottie/Decode_SIMDjson_cv                              0.04 %          0.04 %             5 bytes_per_second=0.04% testdata/lottie.json
lottie/Decode_JsonCpp_mean                         87284162 ns     87224243 ns            5 bytes_per_second=3.15904Mi/s testdata/lottie.json
lottie/Decode_JsonCpp_median                       87177279 ns     87115503 ns            5 bytes_per_second=3.16298Mi/s testdata/lottie.json
lottie/Decode_JsonCpp_stddev                         170726 ns       170659 ns            5 bytes_per_second=6.32076Ki/s testdata/lottie.json
lottie/Decode_JsonCpp_cv                               0.20 %          0.20 %             5 bytes_per_second=0.20% testdata/lottie.json
gsoc-2018/Decode_SonicDyn_mean                      1199891 ns      1198759 ns            5 bytes_per_second=2.58541Gi/s testdata/gsoc-2018.json
gsoc-2018/Decode_SonicDyn_median                    1200009 ns      1198927 ns            5 bytes_per_second=2.58505Gi/s testdata/gsoc-2018.json
gsoc-2018/Decode_SonicDyn_stddev                        375 ns          366 ns            5 bytes_per_second=828.645Ki/s testdata/gsoc-2018.json
gsoc-2018/Decode_SonicDyn_cv                           0.03 %          0.03 %             5 bytes_per_second=0.03% testdata/gsoc-2018.json
gsoc-2018/Decode_Rapidjson_mean                    13048047 ns     13039775 ns            5 bytes_per_second=243.384Mi/s testdata/gsoc-2018.json
gsoc-2018/Decode_Rapidjson_median                  13040025 ns     13031965 ns            5 bytes_per_second=243.529Mi/s testdata/gsoc-2018.json
gsoc-2018/Decode_Rapidjson_stddev                     16127 ns        15794 ns            5 bytes_per_second=301.525Ki/s testdata/gsoc-2018.json
gsoc-2018/Decode_Rapidjson_cv                          0.12 %          0.12 %             5 bytes_per_second=0.12% testdata/gsoc-2018.json
gsoc-2018/Decode_YYjson_mean                        8110374 ns      8103114 ns            5 bytes_per_second=391.661Mi/s testdata/gsoc-2018.json
gsoc-2018/Decode_YYjson_median                      8105088 ns      8098034 ns            5 bytes_per_second=391.906Mi/s testdata/gsoc-2018.json
gsoc-2018/Decode_YYjson_stddev                        13074 ns        13053 ns            5 bytes_per_second=644.736Ki/s testdata/gsoc-2018.json
gsoc-2018/Decode_YYjson_cv                             0.16 %          0.16 %             5 bytes_per_second=0.16% testdata/gsoc-2018.json
gsoc-2018/Decode_SIMDjson_mean                      1299878 ns      1298750 ns            5 bytes_per_second=2.38636Gi/s testdata/gsoc-2018.json
gsoc-2018/Decode_SIMDjson_median                    1299360 ns      1298232 ns            5 bytes_per_second=2.38731Gi/s testdata/gsoc-2018.json
gsoc-2018/Decode_SIMDjson_stddev                       1286 ns         1269 ns            5 bytes_per_second=2.38446Mi/s testdata/gsoc-2018.json
gsoc-2018/Decode_SIMDjson_cv                           0.10 %          0.10 %             5 bytes_per_second=0.10% testdata/gsoc-2018.json
gsoc-2018/Decode_JsonCpp_mean                      59495704 ns     59448032 ns            5 bytes_per_second=53.5259Mi/s testdata/gsoc-2018.json
gsoc-2018/Decode_JsonCpp_median                    57938633 ns     57893922 ns            5 bytes_per_second=54.8187Mi/s testdata/gsoc-2018.json
gsoc-2018/Decode_JsonCpp_stddev                     3542814 ns      3536136 ns            5 bytes_per_second=2.94882Mi/s testdata/gsoc-2018.json
gsoc-2018/Decode_JsonCpp_cv                            5.95 %          5.95 %             5 bytes_per_second=5.51% testdata/gsoc-2018.json
github_events/Decode_SonicDyn_mean                    44904 ns        44880 ns            5 bytes_per_second=1.35159Gi/s testdata/github_events.json
github_events/Decode_SonicDyn_median                  44889 ns        44866 ns            5 bytes_per_second=1.35201Gi/s testdata/github_events.json
github_events/Decode_SonicDyn_stddev                   34.7 ns         34.8 ns            5 bytes_per_second=1.07124Mi/s testdata/github_events.json
github_events/Decode_SonicDyn_cv                       0.08 %          0.08 %             5 bytes_per_second=0.08% testdata/github_events.json
github_events/Decode_Rapidjson_mean                  223686 ns       223570 ns            5 bytes_per_second=277.831Mi/s testdata/github_events.json
github_events/Decode_Rapidjson_median                223658 ns       223538 ns            5 bytes_per_second=277.871Mi/s testdata/github_events.json
github_events/Decode_Rapidjson_stddev                  79.2 ns         85.4 ns            5 bytes_per_second=108.671Ki/s testdata/github_events.json
github_events/Decode_Rapidjson_cv                      0.04 %          0.04 %             5 bytes_per_second=0.04% testdata/github_events.json
github_events/Decode_YYjson_mean                     178387 ns       178296 ns            5 bytes_per_second=348.38Mi/s testdata/github_events.json
github_events/Decode_YYjson_median                   178391 ns       178302 ns            5 bytes_per_second=348.367Mi/s testdata/github_events.json
github_events/Decode_YYjson_stddev                     26.9 ns         27.3 ns            5 bytes_per_second=54.7157Ki/s testdata/github_events.json
github_events/Decode_YYjson_cv                         0.02 %          0.02 %             5 bytes_per_second=0.02% testdata/github_events.json
github_events/Decode_SIMDjson_mean                    29091 ns        29077 ns            5 bytes_per_second=2.08662Gi/s testdata/github_events.json
github_events/Decode_SIMDjson_median                  28881 ns        28867 ns            5 bytes_per_second=2.10133Gi/s testdata/github_events.json
github_events/Decode_SIMDjson_stddev                    476 ns          476 ns            5 bytes_per_second=34.2141Mi/s testdata/github_events.json
github_events/Decode_SIMDjson_cv                       1.64 %          1.64 %             5 bytes_per_second=1.60% testdata/github_events.json
github_events/Decode_JsonCpp_mean                   2574290 ns      2572732 ns            5 bytes_per_second=24.1435Mi/s testdata/github_events.json
github_events/Decode_JsonCpp_median                 2574863 ns      2573255 ns            5 bytes_per_second=24.1386Mi/s testdata/github_events.json
github_events/Decode_JsonCpp_stddev                    1761 ns         1698 ns            5 bytes_per_second=16.3181Ki/s testdata/github_events.json
github_events/Decode_JsonCpp_cv                        0.07 %          0.07 %             5 bytes_per_second=0.07% testdata/github_events.json
fgo/Decode_SonicDyn_mean                           69488353 ns     69379136 ns            5 bytes_per_second=670.34Mi/s testdata/fgo.json
fgo/Decode_SonicDyn_median                         69669388 ns     69555159 ns            5 bytes_per_second=668.62Mi/s testdata/fgo.json
fgo/Decode_SonicDyn_stddev                           459906 ns       457543 ns            5 bytes_per_second=4.45973Mi/s testdata/fgo.json
fgo/Decode_SonicDyn_cv                                 0.66 %          0.66 %             5 bytes_per_second=0.67% testdata/fgo.json
fgo/Decode_Rapidjson_mean                         195988127 ns    195755851 ns            5 bytes_per_second=237.573Mi/s testdata/fgo.json
fgo/Decode_Rapidjson_median                       196134207 ns    195917713 ns            5 bytes_per_second=237.375Mi/s testdata/fgo.json
fgo/Decode_Rapidjson_stddev                          611884 ns       596010 ns            5 bytes_per_second=743.099Ki/s testdata/fgo.json
fgo/Decode_Rapidjson_cv                                0.31 %          0.30 %             5 bytes_per_second=0.31% testdata/fgo.json
fgo/Decode_YYjson_mean                            202147133 ns    201924116 ns            5 bytes_per_second=230.314Mi/s testdata/fgo.json
fgo/Decode_YYjson_median                          202141203 ns    201919810 ns            5 bytes_per_second=230.319Mi/s testdata/fgo.json
fgo/Decode_YYjson_stddev                             234983 ns       233094 ns            5 bytes_per_second=272.244Ki/s testdata/fgo.json
fgo/Decode_YYjson_cv                                   0.12 %          0.12 %             5 bytes_per_second=0.12% testdata/fgo.json
fgo/Decode_SIMDjson_mean                           61136149 ns     61045276 ns            5 bytes_per_second=761.828Mi/s testdata/fgo.json
fgo/Decode_SIMDjson_median                         61129722 ns     61040557 ns            5 bytes_per_second=761.886Mi/s testdata/fgo.json
fgo/Decode_SIMDjson_stddev                            11404 ns        12089 ns            5 bytes_per_second=154.477Ki/s testdata/fgo.json
fgo/Decode_SIMDjson_cv                                 0.02 %          0.02 %             5 bytes_per_second=0.02% testdata/fgo.json
fgo/Decode_JsonCpp_mean                          6770040476 ns   6766024336 ns            5 bytes_per_second=6.87504Mi/s testdata/fgo.json
fgo/Decode_JsonCpp_median                        6692978570 ns   6689287330 ns            5 bytes_per_second=6.95231Mi/s testdata/fgo.json
fgo/Decode_JsonCpp_stddev                         115623903 ns    115318114 ns            5 bytes_per_second=119.129Ki/s testdata/fgo.json
fgo/Decode_JsonCpp_cv                                  1.71 %          1.70 %             5 bytes_per_second=1.69% testdata/fgo.json
citm_catalog/Decode_SonicDyn_mean                   1210289 ns      1209133 ns            5 bytes_per_second=1.33036Gi/s testdata/citm_catalog.json
citm_catalog/Decode_SonicDyn_median                 1210287 ns      1209178 ns            5 bytes_per_second=1.33031Gi/s testdata/citm_catalog.json
citm_catalog/Decode_SonicDyn_stddev                    70.5 ns         77.1 ns            5 bytes_per_second=88.9921Ki/s testdata/citm_catalog.json
citm_catalog/Decode_SonicDyn_cv                        0.01 %          0.01 %             5 bytes_per_second=0.01% testdata/citm_catalog.json
citm_catalog/Decode_Rapidjson_mean                  2442039 ns      2440354 ns            5 bytes_per_second=674.98Mi/s testdata/citm_catalog.json
citm_catalog/Decode_Rapidjson_median                2441939 ns      2440363 ns            5 bytes_per_second=674.977Mi/s testdata/citm_catalog.json
citm_catalog/Decode_Rapidjson_stddev                   1520 ns         1538 ns            5 bytes_per_second=435.49Ki/s testdata/citm_catalog.json
citm_catalog/Decode_Rapidjson_cv                       0.06 %          0.06 %             5 bytes_per_second=0.06% testdata/citm_catalog.json
citm_catalog/Decode_YYjson_mean                     5922102 ns      5917175 ns            5 bytes_per_second=278.374Mi/s testdata/citm_catalog.json
citm_catalog/Decode_YYjson_median                   5922136 ns      5917354 ns            5 bytes_per_second=278.366Mi/s testdata/citm_catalog.json
citm_catalog/Decode_YYjson_stddev                      2048 ns         2137 ns            5 bytes_per_second=102.93Ki/s testdata/citm_catalog.json
citm_catalog/Decode_YYjson_cv                          0.03 %          0.04 %             5 bytes_per_second=0.04% testdata/citm_catalog.json
citm_catalog/Decode_SIMDjson_mean                    753854 ns       753151 ns            5 bytes_per_second=2.13582Gi/s testdata/citm_catalog.json
citm_catalog/Decode_SIMDjson_median                  752918 ns       752197 ns            5 bytes_per_second=2.13852Gi/s testdata/citm_catalog.json
citm_catalog/Decode_SIMDjson_stddev                    2090 ns         2078 ns            5 bytes_per_second=6.01098Mi/s testdata/citm_catalog.json
citm_catalog/Decode_SIMDjson_cv                        0.28 %          0.28 %             5 bytes_per_second=0.27% testdata/citm_catalog.json
citm_catalog/Decode_JsonCpp_mean                   71857165 ns     71807033 ns            5 bytes_per_second=22.9391Mi/s testdata/citm_catalog.json
citm_catalog/Decode_JsonCpp_median                 71846525 ns     71797844 ns            5 bytes_per_second=22.9421Mi/s testdata/citm_catalog.json
citm_catalog/Decode_JsonCpp_stddev                    18288 ns        17610 ns            5 bytes_per_second=5.75984Ki/s testdata/citm_catalog.json
citm_catalog/Decode_JsonCpp_cv                         0.03 %          0.02 %             5 bytes_per_second=0.02% testdata/citm_catalog.json
canada/Decode_SonicDyn_mean                         4048717 ns      4045466 ns            5 bytes_per_second=530.661Mi/s testdata/canada.json
canada/Decode_SonicDyn_median                       4048938 ns      4045774 ns            5 bytes_per_second=530.62Mi/s testdata/canada.json
canada/Decode_SonicDyn_stddev                           728 ns          735 ns            5 bytes_per_second=98.7296Ki/s testdata/canada.json
canada/Decode_SonicDyn_cv                              0.02 %          0.02 %             5 bytes_per_second=0.02% testdata/canada.json
canada/Decode_Rapidjson_mean                        4150873 ns      4146917 ns            5 bytes_per_second=517.678Mi/s testdata/canada.json
canada/Decode_Rapidjson_median                      4150533 ns      4146656 ns            5 bytes_per_second=517.711Mi/s testdata/canada.json
canada/Decode_Rapidjson_stddev                          611 ns          557 ns            5 bytes_per_second=71.1288Ki/s testdata/canada.json
canada/Decode_Rapidjson_cv                             0.01 %          0.01 %             5 bytes_per_second=0.01% testdata/canada.json
canada/Decode_YYjson_mean                          13096839 ns     13089356 ns            5 bytes_per_second=164.009Mi/s testdata/canada.json
canada/Decode_YYjson_median                        13096955 ns     13089402 ns            5 bytes_per_second=164.008Mi/s testdata/canada.json
canada/Decode_YYjson_stddev                            1309 ns          776 ns            5 bytes_per_second=9.95825Ki/s testdata/canada.json
canada/Decode_YYjson_cv                                0.01 %          0.01 %             5 bytes_per_second=0.01% testdata/canada.json
canada/Decode_SIMDjson_mean                         2862918 ns      2860577 ns            5 bytes_per_second=750.469Mi/s testdata/canada.json
canada/Decode_SIMDjson_median                       2861217 ns      2858816 ns            5 bytes_per_second=750.93Mi/s testdata/canada.json
canada/Decode_SIMDjson_stddev                          4017 ns         4068 ns            5 bytes_per_second=1.06529Mi/s testdata/canada.json
canada/Decode_SIMDjson_cv                              0.14 %          0.14 %             5 bytes_per_second=0.14% testdata/canada.json
canada/Decode_JsonCpp_mean                        410758975 ns    410520465 ns            5 bytes_per_second=5.22942Mi/s testdata/canada.json
canada/Decode_JsonCpp_median                      410705775 ns    410459205 ns            5 bytes_per_second=5.23017Mi/s testdata/canada.json
canada/Decode_JsonCpp_stddev                        1219634 ns      1223966 ns            5 bytes_per_second=15.9622Ki/s testdata/canada.json
canada/Decode_JsonCpp_cv                               0.30 %          0.30 %             5 bytes_per_second=0.30% testdata/canada.json
book/Decode_SonicDyn_mean                               722 ns          722 ns            5 bytes_per_second=484.843Mi/s testdata/book.json
book/Decode_SonicDyn_median                             722 ns          721 ns            5 bytes_per_second=485.317Mi/s testdata/book.json
book/Decode_SonicDyn_stddev                            1.71 ns         1.69 ns            5 bytes_per_second=1.13723Mi/s testdata/book.json
book/Decode_SonicDyn_cv                                0.24 %          0.23 %             5 bytes_per_second=0.23% testdata/book.json
book/Decode_Rapidjson_mean                             1343 ns         1343 ns            5 bytes_per_second=260.701Mi/s testdata/book.json
book/Decode_Rapidjson_median                           1342 ns         1342 ns            5 bytes_per_second=260.878Mi/s testdata/book.json
book/Decode_Rapidjson_stddev                           2.67 ns         2.69 ns            5 bytes_per_second=534.738Ki/s testdata/book.json
book/Decode_Rapidjson_cv                               0.20 %          0.20 %             5 bytes_per_second=0.20% testdata/book.json
book/Decode_YYjson_mean                                1635 ns         1634 ns            5 bytes_per_second=214.191Mi/s testdata/book.json
book/Decode_YYjson_median                              1635 ns         1634 ns            5 bytes_per_second=214.174Mi/s testdata/book.json
book/Decode_YYjson_stddev                              2.18 ns         2.16 ns            5 bytes_per_second=289.92Ki/s testdata/book.json
book/Decode_YYjson_cv                                  0.13 %          0.13 %             5 bytes_per_second=0.13% testdata/book.json
book/Decode_SIMDjson_mean                               697 ns          697 ns            5 bytes_per_second=502.097Mi/s testdata/book.json
book/Decode_SIMDjson_median                             697 ns          697 ns            5 bytes_per_second=502.155Mi/s testdata/book.json
book/Decode_SIMDjson_stddev                           0.791 ns        0.796 ns            5 bytes_per_second=586.997Ki/s testdata/book.json
book/Decode_SIMDjson_cv                                0.11 %          0.11 %             5 bytes_per_second=0.11% testdata/book.json
book/Decode_JsonCpp_mean                              88714 ns        88659 ns            5 bytes_per_second=3.94769Mi/s testdata/book.json
book/Decode_JsonCpp_median                            88676 ns        88623 ns            5 bytes_per_second=3.94929Mi/s testdata/book.json
book/Decode_JsonCpp_stddev                              133 ns          132 ns            5 bytes_per_second=6.00409Ki/s testdata/book.json
book/Decode_JsonCpp_cv                                 0.15 %          0.15 %             5 bytes_per_second=0.15% testdata/book.json
twitterescaped/Encode_SonicDyn_mean                  291119 ns       290866 ns            5 bytes_per_second=1.80088Gi/s testdata/twitterescaped.json
twitterescaped/Encode_SonicDyn_median                290022 ns       289775 ns            5 bytes_per_second=1.80755Gi/s testdata/twitterescaped.json
twitterescaped/Encode_SonicDyn_stddev                  2512 ns         2511 ns            5 bytes_per_second=15.753Mi/s testdata/twitterescaped.json
twitterescaped/Encode_SonicDyn_cv                      0.86 %          0.86 %             5 bytes_per_second=0.85% testdata/twitterescaped.json
twitterescaped/Encode_Rapidjson_mean                1259606 ns      1258482 ns            5 bytes_per_second=426.192Mi/s testdata/twitterescaped.json
twitterescaped/Encode_Rapidjson_median              1259764 ns      1258670 ns            5 bytes_per_second=426.128Mi/s testdata/twitterescaped.json
twitterescaped/Encode_Rapidjson_stddev                 1686 ns         1691 ns            5 bytes_per_second=586.252Ki/s testdata/twitterescaped.json
twitterescaped/Encode_Rapidjson_cv                     0.13 %          0.13 %             5 bytes_per_second=0.13% testdata/twitterescaped.json
twitterescaped/Encode_YYjson_mean                   1150579 ns      1149647 ns            5 bytes_per_second=466.539Mi/s testdata/twitterescaped.json
twitterescaped/Encode_YYjson_median                 1149362 ns      1148420 ns            5 bytes_per_second=467.037Mi/s testdata/twitterescaped.json
twitterescaped/Encode_YYjson_stddev                    2194 ns         2205 ns            5 bytes_per_second=914.651Ki/s testdata/twitterescaped.json
twitterescaped/Encode_YYjson_cv                        0.19 %          0.19 %             5 bytes_per_second=0.19% testdata/twitterescaped.json
twitterescaped/Encode_SIMDjson_mean                  568537 ns       568035 ns            5 bytes_per_second=944.227Mi/s testdata/twitterescaped.json
twitterescaped/Encode_SIMDjson_median                568536 ns       568034 ns            5 bytes_per_second=944.229Mi/s testdata/twitterescaped.json
twitterescaped/Encode_SIMDjson_stddev                   105 ns         89.4 ns            5 bytes_per_second=152.119Ki/s testdata/twitterescaped.json
twitterescaped/Encode_SIMDjson_cv                      0.02 %          0.02 %             5 bytes_per_second=0.02% testdata/twitterescaped.json
twitterescaped/Encode_JsonCpp_mean                 18045997 ns     18033925 ns            5 bytes_per_second=29.7415Mi/s testdata/twitterescaped.json
twitterescaped/Encode_JsonCpp_median               18020268 ns     18008669 ns            5 bytes_per_second=29.7831Mi/s testdata/twitterescaped.json
twitterescaped/Encode_JsonCpp_stddev                  45331 ns        45419 ns            5 bytes_per_second=76.6461Ki/s testdata/twitterescaped.json
twitterescaped/Encode_JsonCpp_cv                       0.25 %          0.25 %             5 bytes_per_second=0.25% testdata/twitterescaped.json
twitter/Encode_SonicDyn_mean                         108078 ns       108019 ns            5 bytes_per_second=2.27954Gi/s testdata/twitter.json
twitter/Encode_SonicDyn_median                       108091 ns       108033 ns            5 bytes_per_second=2.27918Gi/s testdata/twitter.json
twitter/Encode_SonicDyn_stddev                          658 ns          660 ns            5 bytes_per_second=14.3013Mi/s testdata/twitter.json
twitter/Encode_SonicDyn_cv                             0.61 %          0.61 %             5 bytes_per_second=0.61% testdata/twitter.json
twitter/Encode_Rapidjson_mean                        565341 ns       564954 ns            5 bytes_per_second=446.293Mi/s testdata/twitter.json
twitter/Encode_Rapidjson_median                      565347 ns       564960 ns            5 bytes_per_second=446.289Mi/s testdata/twitter.json
twitter/Encode_Rapidjson_stddev                        93.9 ns         88.7 ns            5 bytes_per_second=71.7623Ki/s testdata/twitter.json
twitter/Encode_Rapidjson_cv                            0.02 %          0.02 %             5 bytes_per_second=0.02% testdata/twitter.json
twitter/Encode_YYjson_mean                           421003 ns       420783 ns            5 bytes_per_second=599.205Mi/s testdata/twitter.json
twitter/Encode_YYjson_median                         420993 ns       420786 ns            5 bytes_per_second=599.2Mi/s testdata/twitter.json
twitter/Encode_YYjson_stddev                           97.3 ns         73.7 ns            5 bytes_per_second=107.528Ki/s testdata/twitter.json
twitter/Encode_YYjson_cv                               0.02 %          0.02 %             5 bytes_per_second=0.02% testdata/twitter.json
twitter/Encode_SIMDjson_mean                         242175 ns       242040 ns            5 bytes_per_second=1.0173Gi/s testdata/twitter.json
twitter/Encode_SIMDjson_median                       242043 ns       241898 ns            5 bytes_per_second=1.01789Gi/s testdata/twitter.json
twitter/Encode_SIMDjson_stddev                          452 ns          453 ns            5 bytes_per_second=1.94571Mi/s testdata/twitter.json
twitter/Encode_SIMDjson_cv                             0.19 %          0.19 %             5 bytes_per_second=0.19% testdata/twitter.json
twitter/Encode_JsonCpp_mean                         7598389 ns      7592795 ns            5 bytes_per_second=33.2085Mi/s testdata/twitter.json
twitter/Encode_JsonCpp_median                       7574003 ns      7568214 ns            5 bytes_per_second=33.315Mi/s testdata/twitter.json
twitter/Encode_JsonCpp_stddev                         53393 ns        53488 ns            5 bytes_per_second=237.35Ki/s testdata/twitter.json
twitter/Encode_JsonCpp_cv                              0.70 %          0.70 %             5 bytes_per_second=0.70% testdata/twitter.json
poet/Encode_SonicDyn_mean                            924642 ns       923827 ns            5 bytes_per_second=3.54143Gi/s testdata/poet.json
poet/Encode_SonicDyn_median                          926025 ns       925226 ns            5 bytes_per_second=3.53603Gi/s testdata/poet.json
poet/Encode_SonicDyn_stddev                            3525 ns         3503 ns            5 bytes_per_second=13.7779Mi/s testdata/poet.json
poet/Encode_SonicDyn_cv                                0.38 %          0.38 %             5 bytes_per_second=0.38% testdata/poet.json
poet/Encode_Rapidjson_mean                          8331320 ns      8325517 ns            5 bytes_per_second=402.396Mi/s testdata/poet.json
poet/Encode_Rapidjson_median                        8326747 ns      8320894 ns            5 bytes_per_second=402.619Mi/s testdata/poet.json
poet/Encode_Rapidjson_stddev                          13850 ns        13557 ns            5 bytes_per_second=669.555Ki/s testdata/poet.json
poet/Encode_Rapidjson_cv                               0.17 %          0.16 %             5 bytes_per_second=0.16% testdata/poet.json
poet/Encode_YYjson_mean                             2583775 ns      2581444 ns            5 bytes_per_second=1.26736Gi/s testdata/poet.json
poet/Encode_YYjson_median                           2583518 ns      2581267 ns            5 bytes_per_second=1.26745Gi/s testdata/poet.json
poet/Encode_YYjson_stddev                               896 ns          911 ns            5 bytes_per_second=468.724Ki/s testdata/poet.json
poet/Encode_YYjson_cv                                  0.03 %          0.04 %             5 bytes_per_second=0.04% testdata/poet.json
poet/Encode_SIMDjson_mean                           2264330 ns      2262436 ns            5 bytes_per_second=1.44606Gi/s testdata/poet.json
poet/Encode_SIMDjson_median                         2264041 ns      2262145 ns            5 bytes_per_second=1.44625Gi/s testdata/poet.json
poet/Encode_SIMDjson_stddev                            1642 ns         1650 ns            5 bytes_per_second=1.08002Mi/s testdata/poet.json
poet/Encode_SIMDjson_cv                                0.07 %          0.07 %             5 bytes_per_second=0.07% testdata/poet.json
poet/Encode_JsonCpp_mean                           89802305 ns     89748212 ns            5 bytes_per_second=37.3284Mi/s testdata/poet.json
poet/Encode_JsonCpp_median                         89743135 ns     89687335 ns            5 bytes_per_second=37.3536Mi/s testdata/poet.json
poet/Encode_JsonCpp_stddev                           158323 ns       157366 ns            5 bytes_per_second=66.8804Ki/s testdata/poet.json
poet/Encode_JsonCpp_cv                                 0.18 %          0.18 %             5 bytes_per_second=0.17% testdata/poet.json
otfcc/Encode_SonicDyn_mean                        129399599 ns    129280750 ns            5 bytes_per_second=489.887Mi/s testdata/otfcc.json
otfcc/Encode_SonicDyn_median                      129474694 ns    129355200 ns            5 bytes_per_second=489.604Mi/s testdata/otfcc.json
otfcc/Encode_SonicDyn_stddev                         213707 ns       214860 ns            5 bytes_per_second=834.139Ki/s testdata/otfcc.json
otfcc/Encode_SonicDyn_cv                               0.17 %          0.17 %             5 bytes_per_second=0.17% testdata/otfcc.json
otfcc/Encode_Rapidjson_mean                       210381027 ns    210194444 ns            5 bytes_per_second=301.307Mi/s testdata/otfcc.json
otfcc/Encode_Rapidjson_median                     210422987 ns    210231700 ns            5 bytes_per_second=301.253Mi/s testdata/otfcc.json
otfcc/Encode_Rapidjson_stddev                        394616 ns       395302 ns            5 bytes_per_second=580.876Ki/s testdata/otfcc.json
otfcc/Encode_Rapidjson_cv                              0.19 %          0.19 %             5 bytes_per_second=0.19% testdata/otfcc.json
otfcc/Encode_YYjson_mean                          411269312 ns    410992199 ns            5 bytes_per_second=154.097Mi/s testdata/otfcc.json
otfcc/Encode_YYjson_median                        411243225 ns    410980845 ns            5 bytes_per_second=154.102Mi/s testdata/otfcc.json
otfcc/Encode_YYjson_stddev                           167724 ns       189558 ns            5 bytes_per_second=72.7621Ki/s testdata/otfcc.json
otfcc/Encode_YYjson_cv                                 0.04 %          0.05 %             5 bytes_per_second=0.05% testdata/otfcc.json
otfcc/Encode_SIMDjson_mean                        217359010 ns    217150839 ns            5 bytes_per_second=291.654Mi/s testdata/otfcc.json
otfcc/Encode_SIMDjson_median                      217327210 ns    217108230 ns            5 bytes_per_second=291.711Mi/s testdata/otfcc.json
otfcc/Encode_SIMDjson_stddev                          93195 ns        87766 ns            5 bytes_per_second=120.692Ki/s testdata/otfcc.json
otfcc/Encode_SIMDjson_cv                               0.04 %          0.04 %             5 bytes_per_second=0.04% testdata/otfcc.json
otfcc/Encode_JsonCpp_mean                        7497177454 ns   7492249818 ns            5 bytes_per_second=8.45491Mi/s testdata/otfcc.json
otfcc/Encode_JsonCpp_median                      7410328070 ns   7405751480 ns            5 bytes_per_second=8.55185Mi/s testdata/otfcc.json
otfcc/Encode_JsonCpp_stddev                       122882569 ns    122366478 ns            5 bytes_per_second=140.569Ki/s testdata/otfcc.json
otfcc/Encode_JsonCpp_cv                                1.64 %          1.63 %             5 bytes_per_second=1.62% testdata/otfcc.json
lottie/Encode_SonicDyn_mean                          779828 ns       779112 ns            5 bytes_per_second=353.666Mi/s testdata/lottie.json
lottie/Encode_SonicDyn_median                        779164 ns       778470 ns            5 bytes_per_second=353.956Mi/s testdata/lottie.json
lottie/Encode_SonicDyn_stddev                          1947 ns         1954 ns            5 bytes_per_second=905.848Ki/s testdata/lottie.json
lottie/Encode_SonicDyn_cv                              0.25 %          0.25 %             5 bytes_per_second=0.25% testdata/lottie.json
lottie/Encode_Rapidjson_mean                        1303658 ns      1302444 ns            5 bytes_per_second=211.559Mi/s testdata/lottie.json
lottie/Encode_Rapidjson_median                      1303596 ns      1302374 ns            5 bytes_per_second=211.571Mi/s testdata/lottie.json
lottie/Encode_Rapidjson_stddev                          562 ns          570 ns            5 bytes_per_second=94.8555Ki/s testdata/lottie.json
lottie/Encode_Rapidjson_cv                             0.04 %          0.04 %             5 bytes_per_second=0.04% testdata/lottie.json
lottie/Encode_YYjson_mean                           3112770 ns      3110447 ns            5 bytes_per_second=88.5867Mi/s testdata/lottie.json
lottie/Encode_YYjson_median                         3112595 ns      3110305 ns            5 bytes_per_second=88.5907Mi/s testdata/lottie.json
lottie/Encode_YYjson_stddev                             669 ns          626 ns            5 bytes_per_second=18.2543Ki/s testdata/lottie.json
lottie/Encode_YYjson_cv                                0.02 %          0.02 %             5 bytes_per_second=0.02% testdata/lottie.json
lottie/Encode_SIMDjson_mean                         1102348 ns      1101561 ns            5 bytes_per_second=250.14Mi/s testdata/lottie.json
lottie/Encode_SIMDjson_median                       1102259 ns      1101511 ns            5 bytes_per_second=250.151Mi/s testdata/lottie.json
lottie/Encode_SIMDjson_stddev                           359 ns          383 ns            5 bytes_per_second=89.0485Ki/s testdata/lottie.json
lottie/Encode_SIMDjson_cv                              0.03 %          0.03 %             5 bytes_per_second=0.03% testdata/lottie.json
lottie/Encode_JsonCpp_mean                         38937399 ns     38912046 ns            5 bytes_per_second=7.0816Mi/s testdata/lottie.json
lottie/Encode_JsonCpp_median                       38870048 ns     38845358 ns            5 bytes_per_second=7.09336Mi/s testdata/lottie.json
lottie/Encode_JsonCpp_stddev                         328420 ns       327108 ns            5 bytes_per_second=60.4689Ki/s testdata/lottie.json
lottie/Encode_JsonCpp_cv                               0.84 %          0.84 %             5 bytes_per_second=0.83% testdata/lottie.json
gsoc-2018/Encode_SonicDyn_mean                       642505 ns       641942 ns            5 bytes_per_second=4.82799Gi/s testdata/gsoc-2018.json
gsoc-2018/Encode_SonicDyn_median                     643133 ns       642551 ns            5 bytes_per_second=4.8234Gi/s testdata/gsoc-2018.json
gsoc-2018/Encode_SonicDyn_stddev                       1069 ns         1071 ns            5 bytes_per_second=8.2607Mi/s testdata/gsoc-2018.json
gsoc-2018/Encode_SonicDyn_cv                           0.17 %          0.17 %             5 bytes_per_second=0.17% testdata/gsoc-2018.json
gsoc-2018/Encode_Rapidjson_mean                     7540483 ns      7535049 ns            5 bytes_per_second=421.187Mi/s testdata/gsoc-2018.json
gsoc-2018/Encode_Rapidjson_median                   7539374 ns      7534221 ns            5 bytes_per_second=421.234Mi/s testdata/gsoc-2018.json
gsoc-2018/Encode_Rapidjson_stddev                      1807 ns         1875 ns            5 bytes_per_second=107.28Ki/s testdata/gsoc-2018.json
gsoc-2018/Encode_Rapidjson_cv                          0.02 %          0.02 %             5 bytes_per_second=0.02% testdata/gsoc-2018.json
gsoc-2018/Encode_YYjson_mean                        3990942 ns      3987492 ns            5 bytes_per_second=795.906Mi/s testdata/gsoc-2018.json
gsoc-2018/Encode_YYjson_median                      3991010 ns      3987523 ns            5 bytes_per_second=795.899Mi/s testdata/gsoc-2018.json
gsoc-2018/Encode_YYjson_stddev                         1513 ns         1358 ns            5 bytes_per_second=277.598Ki/s testdata/gsoc-2018.json
gsoc-2018/Encode_YYjson_cv                             0.04 %          0.03 %             5 bytes_per_second=0.03% testdata/gsoc-2018.json
gsoc-2018/Encode_SIMDjson_mean                      4937811 ns      4933855 ns            5 bytes_per_second=643.244Mi/s testdata/gsoc-2018.json
gsoc-2018/Encode_SIMDjson_median                    4934410 ns      4930424 ns            5 bytes_per_second=643.69Mi/s testdata/gsoc-2018.json
gsoc-2018/Encode_SIMDjson_stddev                       7742 ns         7702 ns            5 bytes_per_second=1.00205Mi/s testdata/gsoc-2018.json
gsoc-2018/Encode_SIMDjson_cv                           0.16 %          0.16 %             5 bytes_per_second=0.16% testdata/gsoc-2018.json
gsoc-2018/Encode_JsonCpp_mean                      49863266 ns     49832206 ns            5 bytes_per_second=63.6871Mi/s testdata/gsoc-2018.json
gsoc-2018/Encode_JsonCpp_median                    49869860 ns     49839829 ns            5 bytes_per_second=63.6773Mi/s testdata/gsoc-2018.json
gsoc-2018/Encode_JsonCpp_stddev                       20591 ns        19840 ns            5 bytes_per_second=25.973Ki/s testdata/gsoc-2018.json
gsoc-2018/Encode_JsonCpp_cv                            0.04 %          0.04 %             5 bytes_per_second=0.04% testdata/gsoc-2018.json
github_events/Encode_SonicDyn_mean                    25688 ns        25676 ns            5 bytes_per_second=2.36272Gi/s testdata/github_events.json
github_events/Encode_SonicDyn_median                  25755 ns        25742 ns            5 bytes_per_second=2.3564Gi/s testdata/github_events.json
github_events/Encode_SonicDyn_stddev                    282 ns          282 ns            5 bytes_per_second=26.8897Mi/s testdata/github_events.json
github_events/Encode_SonicDyn_cv                       1.10 %          1.10 %             5 bytes_per_second=1.11% testdata/github_events.json
github_events/Encode_Rapidjson_mean                  144454 ns       144381 ns            5 bytes_per_second=430.214Mi/s testdata/github_events.json
github_events/Encode_Rapidjson_median                144440 ns       144366 ns            5 bytes_per_second=430.258Mi/s testdata/github_events.json
github_events/Encode_Rapidjson_stddev                  50.1 ns         46.2 ns            5 bytes_per_second=140.796Ki/s testdata/github_events.json
github_events/Encode_Rapidjson_cv                      0.03 %          0.03 %             5 bytes_per_second=0.03% testdata/github_events.json
github_events/Encode_YYjson_mean                      84889 ns        84846 ns            5 bytes_per_second=732.09Mi/s testdata/github_events.json
github_events/Encode_YYjson_median                    84831 ns        84790 ns            5 bytes_per_second=732.575Mi/s testdata/github_events.json
github_events/Encode_YYjson_stddev                      128 ns          129 ns            5 bytes_per_second=1.11099Mi/s testdata/github_events.json
github_events/Encode_YYjson_cv                         0.15 %          0.15 %             5 bytes_per_second=0.15% testdata/github_events.json
github_events/Encode_SIMDjson_mean                    61196 ns        61165 ns            5 bytes_per_second=1015.54Mi/s testdata/github_events.json
github_events/Encode_SIMDjson_median                  61113 ns        61080 ns            5 bytes_per_second=1016.94Mi/s testdata/github_events.json
github_events/Encode_SIMDjson_stddev                    191 ns          192 ns            5 bytes_per_second=3.16933Mi/s testdata/github_events.json
github_events/Encode_SIMDjson_cv                       0.31 %          0.31 %             5 bytes_per_second=0.31% testdata/github_events.json
github_events/Encode_JsonCpp_mean                   1536205 ns      1535226 ns            5 bytes_per_second=40.4597Mi/s testdata/github_events.json
github_events/Encode_JsonCpp_median                 1535829 ns      1534856 ns            5 bytes_per_second=40.4694Mi/s testdata/github_events.json
github_events/Encode_JsonCpp_stddev                    1142 ns         1138 ns            5 bytes_per_second=30.6917Ki/s testdata/github_events.json
github_events/Encode_JsonCpp_cv                        0.07 %          0.07 %             5 bytes_per_second=0.07% testdata/github_events.json
fgo/Encode_SonicDyn_mean                           58109758 ns     58058433 ns            5 bytes_per_second=801.022Mi/s testdata/fgo.json
fgo/Encode_SonicDyn_median                         58117133 ns     58066362 ns            5 bytes_per_second=800.911Mi/s testdata/fgo.json
fgo/Encode_SonicDyn_stddev                           114677 ns       112751 ns            5 bytes_per_second=1.55516Mi/s testdata/fgo.json
fgo/Encode_SonicDyn_cv                                 0.20 %          0.19 %             5 bytes_per_second=0.19% testdata/fgo.json
fgo/Encode_Rapidjson_mean                         139879067 ns    139776892 ns            5 bytes_per_second=332.716Mi/s testdata/fgo.json
fgo/Encode_Rapidjson_median                       139923832 ns    139815132 ns            5 bytes_per_second=332.625Mi/s testdata/fgo.json
fgo/Encode_Rapidjson_stddev                          112586 ns       110866 ns            5 bytes_per_second=270.295Ki/s testdata/fgo.json
fgo/Encode_Rapidjson_cv                                0.08 %          0.08 %             5 bytes_per_second=0.08% testdata/fgo.json
fgo/Encode_YYjson_mean                            206714901 ns    206586337 ns            5 bytes_per_second=225.117Mi/s testdata/fgo.json
fgo/Encode_YYjson_median                          206591567 ns    206465947 ns            5 bytes_per_second=225.248Mi/s testdata/fgo.json
fgo/Encode_YYjson_stddev                             271632 ns       271316 ns            5 bytes_per_second=302.639Ki/s testdata/fgo.json
fgo/Encode_YYjson_cv                                   0.13 %          0.13 %             5 bytes_per_second=0.13% testdata/fgo.json
fgo/Encode_SIMDjson_mean                          108839076 ns    108694380 ns            5 bytes_per_second=427.86Mi/s testdata/fgo.json
fgo/Encode_SIMDjson_median                        108827830 ns    108688988 ns            5 bytes_per_second=427.881Mi/s testdata/fgo.json
fgo/Encode_SIMDjson_stddev                            27671 ns        29032 ns            5 bytes_per_second=117.014Ki/s testdata/fgo.json
fgo/Encode_SIMDjson_cv                                 0.03 %          0.03 %             5 bytes_per_second=0.03% testdata/fgo.json
fgo/Encode_JsonCpp_mean                          3325683856 ns   3323673232 ns            5 bytes_per_second=13.9924Mi/s testdata/fgo.json
fgo/Encode_JsonCpp_median                        3325558880 ns   3323575670 ns            5 bytes_per_second=13.9928Mi/s testdata/fgo.json
fgo/Encode_JsonCpp_stddev                           3420159 ns      3432508 ns            5 bytes_per_second=14.787Ki/s testdata/fgo.json
fgo/Encode_JsonCpp_cv                                  0.10 %          0.10 %             5 bytes_per_second=0.10% testdata/fgo.json
citm_catalog/Encode_SonicDyn_mean                    579190 ns       578728 ns            5 bytes_per_second=2.77953Gi/s testdata/citm_catalog.json
citm_catalog/Encode_SonicDyn_median                  579496 ns       579018 ns            5 bytes_per_second=2.77812Gi/s testdata/citm_catalog.json
citm_catalog/Encode_SonicDyn_stddev                    1337 ns         1324 ns            5 bytes_per_second=6.52607Mi/s testdata/citm_catalog.json
citm_catalog/Encode_SonicDyn_cv                        0.23 %          0.23 %             5 bytes_per_second=0.23% testdata/citm_catalog.json
citm_catalog/Encode_Rapidjson_mean                  1241549 ns      1240439 ns            5 bytes_per_second=1.29679Gi/s testdata/citm_catalog.json
citm_catalog/Encode_Rapidjson_median                1242839 ns      1241750 ns            5 bytes_per_second=1.29542Gi/s testdata/citm_catalog.json
citm_catalog/Encode_Rapidjson_stddev                   3583 ns         3583 ns            5 bytes_per_second=3.84993Mi/s testdata/citm_catalog.json
citm_catalog/Encode_Rapidjson_cv                       0.29 %          0.29 %             5 bytes_per_second=0.29% testdata/citm_catalog.json
citm_catalog/Encode_YYjson_mean                     2111081 ns      2109206 ns            5 bytes_per_second=780.953Mi/s testdata/citm_catalog.json
citm_catalog/Encode_YYjson_median                   2110353 ns      2108465 ns            5 bytes_per_second=781.227Mi/s testdata/citm_catalog.json
citm_catalog/Encode_YYjson_stddev                      1598 ns         1618 ns            5 bytes_per_second=612.911Ki/s testdata/citm_catalog.json
citm_catalog/Encode_YYjson_cv                          0.08 %          0.08 %             5 bytes_per_second=0.08% testdata/citm_catalog.json
citm_catalog/Encode_SIMDjson_mean                   1025205 ns      1024375 ns            5 bytes_per_second=1.57031Gi/s testdata/citm_catalog.json
citm_catalog/Encode_SIMDjson_median                 1025406 ns      1024541 ns            5 bytes_per_second=1.57005Gi/s testdata/citm_catalog.json
citm_catalog/Encode_SIMDjson_stddev                     661 ns          681 ns            5 bytes_per_second=1.06853Mi/s testdata/citm_catalog.json
citm_catalog/Encode_SIMDjson_cv                        0.06 %          0.07 %             5 bytes_per_second=0.07% testdata/citm_catalog.json
citm_catalog/Encode_JsonCpp_mean                   34315349 ns     34293843 ns            5 bytes_per_second=48.0318Mi/s testdata/citm_catalog.json
citm_catalog/Encode_JsonCpp_median                 34358844 ns     34337651 ns            5 bytes_per_second=47.9704Mi/s testdata/citm_catalog.json
citm_catalog/Encode_JsonCpp_stddev                    65619 ns        65081 ns            5 bytes_per_second=93.4036Ki/s testdata/citm_catalog.json
citm_catalog/Encode_JsonCpp_cv                         0.19 %          0.19 %             5 bytes_per_second=0.19% testdata/citm_catalog.json
canada/Encode_SonicDyn_mean                         4262226 ns      4258734 ns            5 bytes_per_second=504.088Mi/s testdata/canada.json
canada/Encode_SonicDyn_median                       4259776 ns      4256249 ns            5 bytes_per_second=504.381Mi/s testdata/canada.json
canada/Encode_SonicDyn_stddev                          9284 ns         9232 ns            5 bytes_per_second=1.0898Mi/s testdata/canada.json
canada/Encode_SonicDyn_cv                              0.22 %          0.22 %             5 bytes_per_second=0.22% testdata/canada.json
canada/Encode_Rapidjson_mean                        7998313 ns      7992440 ns            5 bytes_per_second=268.6Mi/s testdata/canada.json
canada/Encode_Rapidjson_median                      7997984 ns      7992264 ns            5 bytes_per_second=268.606Mi/s testdata/canada.json
canada/Encode_Rapidjson_stddev                          521 ns          473 ns            5 bytes_per_second=16.2637Ki/s testdata/canada.json
canada/Encode_Rapidjson_cv                             0.01 %          0.01 %             5 bytes_per_second=0.01% testdata/canada.json
canada/Encode_YYjson_mean                          22201185 ns     22189436 ns            5 bytes_per_second=96.7474Mi/s testdata/canada.json
canada/Encode_YYjson_median                        22196322 ns     22184745 ns            5 bytes_per_second=96.7678Mi/s testdata/canada.json
canada/Encode_YYjson_stddev                           18589 ns        18846 ns            5 bytes_per_second=84.1396Ki/s testdata/canada.json
canada/Encode_YYjson_cv                                0.08 %          0.08 %             5 bytes_per_second=0.08% testdata/canada.json
canada/Encode_SIMDjson_mean                         4644968 ns      4641308 ns            5 bytes_per_second=462.535Mi/s testdata/canada.json
canada/Encode_SIMDjson_median                       4644872 ns      4641190 ns            5 bytes_per_second=462.547Mi/s testdata/canada.json
canada/Encode_SIMDjson_stddev                           406 ns          320 ns            5 bytes_per_second=32.6094Ki/s testdata/canada.json
canada/Encode_SIMDjson_cv                              0.01 %          0.01 %             5 bytes_per_second=0.01% testdata/canada.json
canada/Encode_JsonCpp_mean                        162131851 ns    162037888 ns            5 bytes_per_second=13.2489Mi/s testdata/canada.json
canada/Encode_JsonCpp_median                      162186265 ns    162094747 ns            5 bytes_per_second=13.2439Mi/s testdata/canada.json
canada/Encode_JsonCpp_stddev                         967197 ns       966267 ns            5 bytes_per_second=80.798Ki/s testdata/canada.json
canada/Encode_JsonCpp_cv                               0.60 %          0.60 %             5 bytes_per_second=0.60% testdata/canada.json
book/Encode_SonicDyn_mean                               591 ns          591 ns            5 bytes_per_second=592.544Mi/s testdata/book.json
book/Encode_SonicDyn_median                             594 ns          593 ns            5 bytes_per_second=589.798Mi/s testdata/book.json
book/Encode_SonicDyn_stddev                            5.91 ns         5.91 ns            5 bytes_per_second=5.938Mi/s testdata/book.json
book/Encode_SonicDyn_cv                                1.00 %          1.00 %             5 bytes_per_second=1.00% testdata/book.json
book/Encode_Rapidjson_mean                             1193 ns         1193 ns            5 bytes_per_second=293.418Mi/s testdata/book.json
book/Encode_Rapidjson_median                           1193 ns         1192 ns            5 bytes_per_second=293.597Mi/s testdata/book.json
book/Encode_Rapidjson_stddev                           1.80 ns         1.80 ns            5 bytes_per_second=452.385Ki/s testdata/book.json
book/Encode_Rapidjson_cv                               0.15 %          0.15 %             5 bytes_per_second=0.15% testdata/book.json
book/Encode_YYjson_mean                                2324 ns         2322 ns            5 bytes_per_second=150.7Mi/s testdata/book.json
book/Encode_YYjson_median                              2324 ns         2323 ns            5 bytes_per_second=150.687Mi/s testdata/book.json
book/Encode_YYjson_stddev                             0.515 ns        0.464 ns            5 bytes_per_second=30.8074Ki/s testdata/book.json
book/Encode_YYjson_cv                                  0.02 %          0.02 %             5 bytes_per_second=0.02% testdata/book.json
book/Encode_SIMDjson_mean                               990 ns          989 ns            5 bytes_per_second=353.747Mi/s testdata/book.json
book/Encode_SIMDjson_median                             990 ns          990 ns            5 bytes_per_second=353.685Mi/s testdata/book.json
book/Encode_SIMDjson_stddev                           0.409 ns        0.415 ns            5 bytes_per_second=151.968Ki/s testdata/book.json
book/Encode_SIMDjson_cv                                0.04 %          0.04 %             5 bytes_per_second=0.04% testdata/book.json
book/Encode_JsonCpp_mean                              49066 ns        49036 ns            5 bytes_per_second=7.13755Mi/s testdata/book.json
book/Encode_JsonCpp_median                            49043 ns        49013 ns            5 bytes_per_second=7.14095Mi/s testdata/book.json
book/Encode_JsonCpp_stddev                             57.6 ns         58.5 ns            5 bytes_per_second=8.70186Ki/s testdata/book.json
book/Encode_JsonCpp_cv                                 0.12 %          0.12 %             5 bytes_per_second=0.12% testdata/book.json
twitterescaped/Stat_SonicDyn_mean                     62573 ns        62541 ns            5 bytes_per_second=8.37508Gi/s testdata/twitterescaped.json
twitterescaped/Stat_SonicDyn_median                   62592 ns        62563 ns            5 bytes_per_second=8.37209Gi/s testdata/twitterescaped.json
twitterescaped/Stat_SonicDyn_stddev                     211 ns          212 ns            5 bytes_per_second=29.0583Mi/s testdata/twitterescaped.json
twitterescaped/Stat_SonicDyn_cv                        0.34 %          0.34 %             5 bytes_per_second=0.34% testdata/twitterescaped.json
twitterescaped/Find_SonicDyn_mean                    193625 ns       193513 ns            5 bytes_per_second=2.7067Gi/s testdata/twitterescaped.json
twitterescaped/Find_SonicDyn_median                  193614 ns       193502 ns            5 bytes_per_second=2.70686Gi/s testdata/twitterescaped.json
twitterescaped/Find_SonicDyn_stddev                     112 ns          115 ns            5 bytes_per_second=1.65081Mi/s testdata/twitterescaped.json
twitterescaped/Find_SonicDyn_cv                        0.06 %          0.06 %             5 bytes_per_second=0.06% testdata/twitterescaped.json
twitterescaped/Stat_Rapidjson_mean                    50013 ns        49986 ns            5 bytes_per_second=10.4786Gi/s testdata/twitterescaped.json
twitterescaped/Stat_Rapidjson_median                  50015 ns        49985 ns            5 bytes_per_second=10.4788Gi/s testdata/twitterescaped.json
twitterescaped/Stat_Rapidjson_stddev                   46.4 ns         46.0 ns            5 bytes_per_second=9.885Mi/s testdata/twitterescaped.json
twitterescaped/Stat_Rapidjson_cv                       0.09 %          0.09 %             5 bytes_per_second=0.09% testdata/twitterescaped.json
twitterescaped/Find_Rapidjson_mean                   186245 ns       186147 ns            5 bytes_per_second=2.81384Gi/s testdata/twitterescaped.json
twitterescaped/Find_Rapidjson_median                 186113 ns       186018 ns            5 bytes_per_second=2.81576Gi/s testdata/twitterescaped.json
twitterescaped/Find_Rapidjson_stddev                    522 ns          521 ns            5 bytes_per_second=8.04834Mi/s testdata/twitterescaped.json
twitterescaped/Find_Rapidjson_cv                       0.28 %          0.28 %             5 bytes_per_second=0.28% testdata/twitterescaped.json
twitter/Stat_SonicDyn_mean                            23233 ns        23221 ns            5 bytes_per_second=10.6035Gi/s testdata/twitter.json
twitter/Stat_SonicDyn_median                          23255 ns        23244 ns            5 bytes_per_second=10.5931Gi/s testdata/twitter.json
twitter/Stat_SonicDyn_stddev                           46.8 ns         46.6 ns            5 bytes_per_second=21.7877Mi/s testdata/twitter.json
twitter/Stat_SonicDyn_cv                               0.20 %          0.20 %             5 bytes_per_second=0.20% testdata/twitter.json
twitter/Find_SonicDyn_mean                            73170 ns        73133 ns            5 bytes_per_second=3.36684Gi/s testdata/twitter.json
twitter/Find_SonicDyn_median                          73167 ns        73132 ns            5 bytes_per_second=3.36688Gi/s testdata/twitter.json
twitter/Find_SonicDyn_stddev                           9.52 ns         7.79 ns            5 bytes_per_second=376.128Ki/s testdata/twitter.json
twitter/Find_SonicDyn_cv                               0.01 %          0.01 %             5 bytes_per_second=0.01% testdata/twitter.json
twitter/Stat_Rapidjson_mean                           19282 ns        19273 ns            5 bytes_per_second=12.776Gi/s testdata/twitter.json
twitter/Stat_Rapidjson_median                         19282 ns        19274 ns            5 bytes_per_second=12.7753Gi/s testdata/twitter.json
twitter/Stat_Rapidjson_stddev                          37.1 ns         37.4 ns            5 bytes_per_second=25.3829Mi/s testdata/twitter.json
twitter/Stat_Rapidjson_cv                              0.19 %          0.19 %             5 bytes_per_second=0.19% testdata/twitter.json
twitter/Find_Rapidjson_mean                           72490 ns        72452 ns            5 bytes_per_second=3.39848Gi/s testdata/twitter.json
twitter/Find_Rapidjson_median                         72485 ns        72447 ns            5 bytes_per_second=3.39869Gi/s testdata/twitter.json
twitter/Find_Rapidjson_stddev                          15.8 ns         14.9 ns            5 bytes_per_second=735.093Ki/s testdata/twitter.json
twitter/Find_Rapidjson_cv                              0.02 %          0.02 %             5 bytes_per_second=0.02% testdata/twitter.json
poet/Stat_SonicDyn_mean                              144672 ns       144592 ns            5 bytes_per_second=22.6282Gi/s testdata/poet.json
poet/Stat_SonicDyn_median                            144186 ns       144110 ns            5 bytes_per_second=22.7023Gi/s testdata/poet.json
poet/Stat_SonicDyn_stddev                              1356 ns         1355 ns            5 bytes_per_second=214.62Mi/s testdata/poet.json
poet/Stat_SonicDyn_cv                                  0.94 %          0.94 %             5 bytes_per_second=0.93% testdata/poet.json
poet/Find_SonicDyn_mean                              299411 ns       299156 ns            5 bytes_per_second=10.9364Gi/s testdata/poet.json
poet/Find_SonicDyn_median                            299052 ns       298804 ns            5 bytes_per_second=10.9491Gi/s testdata/poet.json
poet/Find_SonicDyn_stddev                              1367 ns         1362 ns            5 bytes_per_second=50.7208Mi/s testdata/poet.json
poet/Find_SonicDyn_cv                                  0.46 %          0.46 %             5 bytes_per_second=0.45% testdata/poet.json
poet/Stat_Rapidjson_mean                             267913 ns       267690 ns            5 bytes_per_second=12.2219Gi/s testdata/poet.json
poet/Stat_Rapidjson_median                           267995 ns       267772 ns            5 bytes_per_second=12.2179Gi/s testdata/poet.json
poet/Stat_Rapidjson_stddev                             1295 ns         1287 ns            5 bytes_per_second=60.1964Mi/s testdata/poet.json
poet/Stat_Rapidjson_cv                                 0.48 %          0.48 %             5 bytes_per_second=0.48% testdata/poet.json
poet/Find_Rapidjson_mean                             276777 ns       276542 ns            5 bytes_per_second=11.8307Gi/s testdata/poet.json
poet/Find_Rapidjson_median                           277101 ns       276859 ns            5 bytes_per_second=11.8169Gi/s testdata/poet.json
poet/Find_Rapidjson_stddev                             1111 ns         1109 ns            5 bytes_per_second=48.6746Mi/s testdata/poet.json
poet/Find_Rapidjson_cv                                 0.40 %          0.40 %             5 bytes_per_second=0.40% testdata/poet.json
otfcc/Stat_SonicDyn_mean                           53750411 ns     53693952 ns            5 bytes_per_second=1.15188Gi/s testdata/otfcc.json
otfcc/Stat_SonicDyn_median                         53766621 ns     53709668 ns            5 bytes_per_second=1.15153Gi/s testdata/otfcc.json
otfcc/Stat_SonicDyn_stddev                           159172 ns       159282 ns            5 bytes_per_second=3.50288Mi/s testdata/otfcc.json
otfcc/Stat_SonicDyn_cv                                 0.30 %          0.30 %             5 bytes_per_second=0.30% testdata/otfcc.json
otfcc/Find_SonicDyn_mean                         1443913582 ns   1442767088 ns            5 bytes_per_second=43.8969Mi/s testdata/otfcc.json
otfcc/Find_SonicDyn_median                       1445070210 ns   1443872410 ns            5 bytes_per_second=43.8632Mi/s testdata/otfcc.json
otfcc/Find_SonicDyn_stddev                          2312100 ns      2317062 ns            5 bytes_per_second=72.3266Ki/s testdata/otfcc.json
otfcc/Find_SonicDyn_cv                                 0.16 %          0.16 %             5 bytes_per_second=0.16% testdata/otfcc.json
otfcc/Stat_Rapidjson_mean                          45657971 ns     45603759 ns            5 bytes_per_second=1.35624Gi/s testdata/otfcc.json
otfcc/Stat_Rapidjson_median                        45608238 ns     45553698 ns            5 bytes_per_second=1.3577Gi/s testdata/otfcc.json
otfcc/Stat_Rapidjson_stddev                          215566 ns       214847 ns            5 bytes_per_second=6.53937Mi/s testdata/otfcc.json
otfcc/Stat_Rapidjson_cv                                0.47 %          0.47 %             5 bytes_per_second=0.47% testdata/otfcc.json
otfcc/Find_Rapidjson_mean                        1097495502 ns   1096776396 ns            5 bytes_per_second=57.7445Mi/s testdata/otfcc.json
otfcc/Find_Rapidjson_median                      1097496140 ns   1096783200 ns            5 bytes_per_second=57.7442Mi/s testdata/otfcc.json
otfcc/Find_Rapidjson_stddev                           69061 ns        85040 ns            5 bytes_per_second=4.58475Ki/s testdata/otfcc.json
otfcc/Find_Rapidjson_cv                                0.01 %          0.01 %             5 bytes_per_second=0.01% testdata/otfcc.json
lottie/Stat_SonicDyn_mean                            207617 ns       207447 ns            5 bytes_per_second=1.29714Gi/s testdata/lottie.json
lottie/Stat_SonicDyn_median                          207614 ns       207473 ns            5 bytes_per_second=1.29697Gi/s testdata/lottie.json
lottie/Stat_SonicDyn_stddev                             578 ns          600 ns            5 bytes_per_second=3.83835Mi/s testdata/lottie.json
lottie/Stat_SonicDyn_cv                                0.28 %          0.29 %             5 bytes_per_second=0.29% testdata/lottie.json
lottie/Find_SonicDyn_mean                            443041 ns       442728 ns            5 bytes_per_second=622.381Mi/s testdata/lottie.json
lottie/Find_SonicDyn_median                          443184 ns       442888 ns            5 bytes_per_second=622.153Mi/s testdata/lottie.json
lottie/Find_SonicDyn_stddev                             945 ns          930 ns            5 bytes_per_second=1.30789Mi/s testdata/lottie.json
lottie/Find_SonicDyn_cv                                0.21 %          0.21 %             5 bytes_per_second=0.21% testdata/lottie.json
lottie/Stat_Rapidjson_mean                           178091 ns       177895 ns            5 bytes_per_second=1.51264Gi/s testdata/lottie.json
lottie/Stat_Rapidjson_median                         177974 ns       177832 ns            5 bytes_per_second=1.51315Gi/s testdata/lottie.json
lottie/Stat_Rapidjson_stddev                            794 ns          829 ns            5 bytes_per_second=7.2204Mi/s testdata/lottie.json
lottie/Stat_Rapidjson_cv                               0.45 %          0.47 %             5 bytes_per_second=0.47% testdata/lottie.json
lottie/Find_Rapidjson_mean                           276966 ns       276750 ns            5 bytes_per_second=995.651Mi/s testdata/lottie.json
lottie/Find_Rapidjson_median                         276667 ns       276436 ns            5 bytes_per_second=996.773Mi/s testdata/lottie.json
lottie/Find_Rapidjson_stddev                            818 ns          818 ns            5 bytes_per_second=2.94133Mi/s testdata/lottie.json
lottie/Find_Rapidjson_cv                               0.30 %          0.30 %             5 bytes_per_second=0.30% testdata/lottie.json
gsoc-2018/Stat_SonicDyn_mean                          80824 ns        80785 ns            5 bytes_per_second=38.3652Gi/s testdata/gsoc-2018.json
gsoc-2018/Stat_SonicDyn_median                        80683 ns        80644 ns            5 bytes_per_second=38.4317Gi/s testdata/gsoc-2018.json
gsoc-2018/Stat_SonicDyn_stddev                          306 ns          305 ns            5 bytes_per_second=147.886Mi/s testdata/gsoc-2018.json
gsoc-2018/Stat_SonicDyn_cv                             0.38 %          0.38 %             5 bytes_per_second=0.38% testdata/gsoc-2018.json
gsoc-2018/Find_SonicDyn_mean                        2165313 ns      2163555 ns            5 bytes_per_second=1.4325Gi/s testdata/gsoc-2018.json
gsoc-2018/Find_SonicDyn_median                      2166350 ns      2164680 ns            5 bytes_per_second=1.43175Gi/s testdata/gsoc-2018.json
gsoc-2018/Find_SonicDyn_stddev                         2995 ns         3047 ns            5 bytes_per_second=2.06961Mi/s testdata/gsoc-2018.json
gsoc-2018/Find_SonicDyn_cv                             0.14 %          0.14 %             5 bytes_per_second=0.14% testdata/gsoc-2018.json
gsoc-2018/Stat_Rapidjson_mean                        137684 ns       137568 ns            5 bytes_per_second=22.5293Gi/s testdata/gsoc-2018.json
gsoc-2018/Stat_Rapidjson_median                      137453 ns       137339 ns            5 bytes_per_second=22.5667Gi/s testdata/gsoc-2018.json
gsoc-2018/Stat_Rapidjson_stddev                         495 ns          494 ns            5 bytes_per_second=82.6621Mi/s testdata/gsoc-2018.json
gsoc-2018/Stat_Rapidjson_cv                            0.36 %          0.36 %             5 bytes_per_second=0.36% testdata/gsoc-2018.json
gsoc-2018/Find_Rapidjson_mean                       2095325 ns      2093873 ns            5 bytes_per_second=1.48017Gi/s testdata/gsoc-2018.json
gsoc-2018/Find_Rapidjson_median                     2094722 ns      2093278 ns            5 bytes_per_second=1.48059Gi/s testdata/gsoc-2018.json
gsoc-2018/Find_Rapidjson_stddev                        1836 ns         1778 ns            5 bytes_per_second=1.28619Mi/s testdata/gsoc-2018.json
gsoc-2018/Find_Rapidjson_cv                            0.09 %          0.08 %             5 bytes_per_second=0.08% testdata/gsoc-2018.json
github_events/Stat_SonicDyn_mean                       5563 ns         5560 ns            5 bytes_per_second=10.9096Gi/s testdata/github_events.json
github_events/Stat_SonicDyn_median                     5551 ns         5548 ns            5 bytes_per_second=10.9337Gi/s testdata/github_events.json
github_events/Stat_SonicDyn_stddev                     30.4 ns         30.4 ns            5 bytes_per_second=60.7214Mi/s testdata/github_events.json
github_events/Stat_SonicDyn_cv                         0.55 %          0.55 %             5 bytes_per_second=0.54% testdata/github_events.json
github_events/Find_SonicDyn_mean                      15011 ns        15004 ns            5 bytes_per_second=4.04298Gi/s testdata/github_events.json
github_events/Find_SonicDyn_median                    14999 ns        14991 ns            5 bytes_per_second=4.04626Gi/s testdata/github_events.json
github_events/Find_SonicDyn_stddev                     29.5 ns         29.2 ns            5 bytes_per_second=8.04116Mi/s testdata/github_events.json
github_events/Find_SonicDyn_cv                         0.20 %          0.19 %             5 bytes_per_second=0.19% testdata/github_events.json
github_events/Stat_Rapidjson_mean                      4590 ns         4588 ns            5 bytes_per_second=13.2208Gi/s testdata/github_events.json
github_events/Stat_Rapidjson_median                    4589 ns         4587 ns            5 bytes_per_second=13.2238Gi/s testdata/github_events.json
github_events/Stat_Rapidjson_stddev                    2.09 ns         2.14 ns            5 bytes_per_second=6.3155Mi/s testdata/github_events.json
github_events/Stat_Rapidjson_cv                        0.05 %          0.05 %             5 bytes_per_second=0.05% testdata/github_events.json
github_events/Find_Rapidjson_mean                     11266 ns        11261 ns            5 bytes_per_second=5.38683Gi/s testdata/github_events.json
github_events/Find_Rapidjson_median                   11267 ns        11262 ns            5 bytes_per_second=5.38613Gi/s testdata/github_events.json
github_events/Find_Rapidjson_stddev                    6.25 ns         6.07 ns            5 bytes_per_second=2.97179Mi/s testdata/github_events.json
github_events/Find_Rapidjson_cv                        0.06 %          0.05 %             5 bytes_per_second=0.05% testdata/github_events.json
fgo/Stat_SonicDyn_mean                             15657932 ns     15644798 ns            5 bytes_per_second=2.90297Gi/s testdata/fgo.json
fgo/Stat_SonicDyn_median                           15626890 ns     15614734 ns            5 bytes_per_second=2.90853Gi/s testdata/fgo.json
fgo/Stat_SonicDyn_stddev                              50918 ns        50569 ns            5 bytes_per_second=9.58147Mi/s testdata/fgo.json
fgo/Stat_SonicDyn_cv                                   0.33 %          0.32 %             5 bytes_per_second=0.32% testdata/fgo.json
fgo/Find_SonicDyn_mean                             34280769 ns     34254185 ns            5 bytes_per_second=1.32585Gi/s testdata/fgo.json
fgo/Find_SonicDyn_median                           34284591 ns     34258723 ns            5 bytes_per_second=1.32568Gi/s testdata/fgo.json
fgo/Find_SonicDyn_stddev                               7704 ns         8081 ns            5 bytes_per_second=328.035Ki/s testdata/fgo.json
fgo/Find_SonicDyn_cv                                   0.02 %          0.02 %             5 bytes_per_second=0.02% testdata/fgo.json
fgo/Stat_Rapidjson_mean                            13033219 ns     13019996 ns            5 bytes_per_second=3.48818Gi/s testdata/fgo.json
fgo/Stat_Rapidjson_median                          13027709 ns     13015030 ns            5 bytes_per_second=3.4895Gi/s testdata/fgo.json
fgo/Stat_Rapidjson_stddev                             18701 ns        18823 ns            5 bytes_per_second=5.15659Mi/s testdata/fgo.json
fgo/Stat_Rapidjson_cv                                  0.14 %          0.14 %             5 bytes_per_second=0.14% testdata/fgo.json
fgo/Find_Rapidjson_mean                            24200405 ns     24179745 ns            5 bytes_per_second=1.87827Gi/s testdata/fgo.json
fgo/Find_Rapidjson_median                          24202151 ns     24181491 ns            5 bytes_per_second=1.87813Gi/s testdata/fgo.json
fgo/Find_Rapidjson_stddev                              8113 ns         7923 ns            5 bytes_per_second=645.418Ki/s testdata/fgo.json
fgo/Find_Rapidjson_cv                                  0.03 %          0.03 %             5 bytes_per_second=0.03% testdata/fgo.json
citm_catalog/Stat_SonicDyn_mean                      174328 ns       174173 ns            5 bytes_per_second=9.23557Gi/s testdata/citm_catalog.json
citm_catalog/Stat_SonicDyn_median                    174258 ns       174142 ns            5 bytes_per_second=9.2372Gi/s testdata/citm_catalog.json
citm_catalog/Stat_SonicDyn_stddev                       292 ns          321 ns            5 bytes_per_second=17.4025Mi/s testdata/citm_catalog.json
citm_catalog/Stat_SonicDyn_cv                          0.17 %          0.18 %             5 bytes_per_second=0.18% testdata/citm_catalog.json
citm_catalog/Find_SonicDyn_mean                      339152 ns       338869 ns            5 bytes_per_second=4.74692Gi/s testdata/citm_catalog.json
citm_catalog/Find_SonicDyn_median                    339097 ns       338811 ns            5 bytes_per_second=4.74773Gi/s testdata/citm_catalog.json
citm_catalog/Find_SonicDyn_stddev                       264 ns          268 ns            5 bytes_per_second=3.83763Mi/s testdata/citm_catalog.json
citm_catalog/Find_SonicDyn_cv                          0.08 %          0.08 %             5 bytes_per_second=0.08% testdata/citm_catalog.json
citm_catalog/Stat_Rapidjson_mean                     155589 ns       155465 ns            5 bytes_per_second=10.347Gi/s testdata/citm_catalog.json
citm_catalog/Stat_Rapidjson_median                   155515 ns       155392 ns            5 bytes_per_second=10.3518Gi/s testdata/citm_catalog.json
citm_catalog/Stat_Rapidjson_stddev                      275 ns          273 ns            5 bytes_per_second=18.5751Mi/s testdata/citm_catalog.json
citm_catalog/Stat_Rapidjson_cv                         0.18 %          0.18 %             5 bytes_per_second=0.18% testdata/citm_catalog.json
citm_catalog/Find_Rapidjson_mean                     202660 ns       202492 ns            5 bytes_per_second=7.94395Gi/s testdata/citm_catalog.json
citm_catalog/Find_Rapidjson_median                   202534 ns       202373 ns            5 bytes_per_second=7.94861Gi/s testdata/citm_catalog.json
citm_catalog/Find_Rapidjson_stddev                      324 ns          328 ns            5 bytes_per_second=13.1636Mi/s testdata/citm_catalog.json
citm_catalog/Find_Rapidjson_cv                         0.16 %          0.16 %             5 bytes_per_second=0.16% testdata/citm_catalog.json
canada/Stat_SonicDyn_mean                            601637 ns       601182 ns            5 bytes_per_second=3.48723Gi/s testdata/canada.json
canada/Stat_SonicDyn_median                          601702 ns       601221 ns            5 bytes_per_second=3.487Gi/s testdata/canada.json
canada/Stat_SonicDyn_stddev                             634 ns          634 ns            5 bytes_per_second=3.76658Mi/s testdata/canada.json
canada/Stat_SonicDyn_cv                                0.11 %          0.11 %             5 bytes_per_second=0.11% testdata/canada.json
canada/Find_SonicDyn_mean                            523213 ns       522796 ns            5 bytes_per_second=4.01038Gi/s testdata/canada.json
canada/Find_SonicDyn_median                          520742 ns       520334 ns            5 bytes_per_second=4.02906Gi/s testdata/canada.json
canada/Find_SonicDyn_stddev                            5053 ns         5042 ns            5 bytes_per_second=39.517Mi/s testdata/canada.json
canada/Find_SonicDyn_cv                                0.97 %          0.96 %             5 bytes_per_second=0.96% testdata/canada.json
canada/Stat_Rapidjson_mean                           486580 ns       486180 ns            5 bytes_per_second=4.3121Gi/s testdata/canada.json
canada/Stat_Rapidjson_median                         486300 ns       485912 ns            5 bytes_per_second=4.31448Gi/s testdata/canada.json
canada/Stat_Rapidjson_stddev                            580 ns          582 ns            5 bytes_per_second=5.28658Mi/s testdata/canada.json
canada/Stat_Rapidjson_cv                               0.12 %          0.12 %             5 bytes_per_second=0.12% testdata/canada.json
canada/Find_Rapidjson_mean                           297943 ns       297695 ns            5 bytes_per_second=7.0423Gi/s testdata/canada.json
canada/Find_Rapidjson_median                         297862 ns       297612 ns            5 bytes_per_second=7.04425Gi/s testdata/canada.json
canada/Find_Rapidjson_stddev                            217 ns          216 ns            5 bytes_per_second=5.22175Mi/s testdata/canada.json
canada/Find_Rapidjson_cv                               0.07 %          0.07 %             5 bytes_per_second=0.07% testdata/canada.json
book/Stat_SonicDyn_mean                                 139 ns          139 ns            5 bytes_per_second=2.45487Gi/s testdata/book.json
book/Stat_SonicDyn_median                               139 ns          139 ns            5 bytes_per_second=2.45502Gi/s testdata/book.json
book/Stat_SonicDyn_stddev                             0.044 ns        0.045 ns            5 bytes_per_second=836.137Ki/s testdata/book.json
book/Stat_SonicDyn_cv                                  0.03 %          0.03 %             5 bytes_per_second=0.03% testdata/book.json
book/Find_SonicDyn_mean                                 268 ns          268 ns            5 bytes_per_second=1.27666Gi/s testdata/book.json
book/Find_SonicDyn_median                               268 ns          268 ns            5 bytes_per_second=1.27693Gi/s testdata/book.json
book/Find_SonicDyn_stddev                             0.276 ns        0.274 ns            5 bytes_per_second=1.33798Mi/s testdata/book.json
book/Find_SonicDyn_cv                                  0.10 %          0.10 %             5 bytes_per_second=0.10% testdata/book.json
book/Stat_Rapidjson_mean                                117 ns          117 ns            5 bytes_per_second=2.91816Gi/s testdata/book.json
book/Stat_Rapidjson_median                              117 ns          117 ns            5 bytes_per_second=2.91792Gi/s testdata/book.json
book/Stat_Rapidjson_stddev                            0.059 ns        0.061 ns            5 bytes_per_second=1.56232Mi/s testdata/book.json
book/Stat_Rapidjson_cv                                 0.05 %          0.05 %             5 bytes_per_second=0.05% testdata/book.json
book/Find_Rapidjson_mean                                183 ns          183 ns            5 bytes_per_second=1.86627Gi/s testdata/book.json
book/Find_Rapidjson_median                              183 ns          183 ns            5 bytes_per_second=1.86436Gi/s testdata/book.json
book/Find_Rapidjson_stddev                            0.625 ns        0.623 ns            5 bytes_per_second=6.50993Mi/s testdata/book.json
book/Find_Rapidjson_cv                                 0.34 %          0.34 %             5 bytes_per_second=0.34% testdata/book.json
[sonic-parse] normalized 163 official scenarios
[sonic] sonic benchmark results written to benchmark.json and benchmark_sonic.json
