[sonic-cpp] running official CMake benchmark (benchmark/main.cpp)
2026-09-08T11:03:37+08:00
Running /home/runner/boostkit-perf/sonic-cpp/1.0.2/aarch64/34181714311-2/build/benchmark/bench
Run on (384 X 2299.08 MHz CPU s)
CPU Caches:
  L1 Data 64 KiB (x192)
  L1 Instruction 128 KiB (x192)
  L2 Unified 1024 KiB (x192)
  L3 Unified 23296 KiB (x24)
Load Average: 3.12, 2.89, 2.76
***WARNING*** ASLR is enabled, the results may have unreproducible noise in them.
-----------------------------------------------------------------------------------------------------------
Benchmark                                                 Time             CPU   Iterations UserCounters...
-----------------------------------------------------------------------------------------------------------
twitter/SonicOnDemand_Normal_mean                     45481 ns        45400 ns            5 bytes_per_second=5.42356Gi/s Normal
twitter/SonicOnDemand_Normal_median                   45487 ns        45426 ns            5 bytes_per_second=5.4204Gi/s Normal
twitter/SonicOnDemand_Normal_stddev                     113 ns          103 ns            5 bytes_per_second=12.6499Mi/s Normal
twitter/SonicOnDemand_Normal_cv                        0.25 %          0.23 %             5 bytes_per_second=0.23% Normal
twitter/RapidjsonSaxOnDemand_Normal_mean             776383 ns       774934 ns            5 bytes_per_second=325.364Mi/s Normal
twitter/RapidjsonSaxOnDemand_Normal_median           776065 ns       774543 ns            5 bytes_per_second=325.528Mi/s Normal
twitter/RapidjsonSaxOnDemand_Normal_stddev              575 ns          677 ns            5 bytes_per_second=290.886Ki/s Normal
twitter/RapidjsonSaxOnDemand_Normal_cv                 0.07 %          0.09 %             5 bytes_per_second=0.09% Normal
twitter/SIMDjsonOnDemand_Normal_mean                 113522 ns       113282 ns            5 bytes_per_second=2.17357Gi/s Normal
twitter/SIMDjsonOnDemand_Normal_median               113520 ns       113228 ns            5 bytes_per_second=2.1746Gi/s Normal
twitter/SIMDjsonOnDemand_Normal_stddev                  206 ns          205 ns            5 bytes_per_second=4.02784Mi/s Normal
twitter/SIMDjsonOnDemand_Normal_cv                     0.18 %          0.18 %             5 bytes_per_second=0.18% Normal
citm_catalog/SonicOnDemand_Fronter_mean               22151 ns        22115 ns            5 bytes_per_second=72.7365Gi/s Fronter
citm_catalog/SonicOnDemand_Fronter_median             22151 ns        22118 ns            5 bytes_per_second=72.7267Gi/s Fronter
citm_catalog/SonicOnDemand_Fronter_stddev              11.0 ns         11.8 ns            5 bytes_per_second=39.6344Mi/s Fronter
citm_catalog/SonicOnDemand_Fronter_cv                  0.05 %          0.05 %             5 bytes_per_second=0.05% Fronter
citm_catalog/RapidjsonSaxOnDemand_Fronter_mean       174075 ns       173645 ns            5 bytes_per_second=9.26411Gi/s Fronter
citm_catalog/RapidjsonSaxOnDemand_Fronter_median     174016 ns       173474 ns            5 bytes_per_second=9.27275Gi/s Fronter
citm_catalog/RapidjsonSaxOnDemand_Fronter_stddev       1482 ns         1411 ns            5 bytes_per_second=76.6286Mi/s Fronter
citm_catalog/RapidjsonSaxOnDemand_Fronter_cv           0.85 %          0.81 %             5 bytes_per_second=0.81% Fronter
citm_catalog/SIMDjsonOnDemand_Fronter_mean           514775 ns       513314 ns            5 bytes_per_second=3.13373Gi/s Fronter
citm_catalog/SIMDjsonOnDemand_Fronter_median         514641 ns       513191 ns            5 bytes_per_second=3.13448Gi/s Fronter
citm_catalog/SIMDjsonOnDemand_Fronter_stddev            465 ns          492 ns            5 bytes_per_second=3.07487Mi/s Fronter
citm_catalog/SIMDjsonOnDemand_Fronter_cv               0.09 %          0.10 %             5 bytes_per_second=0.10% Fronter
twitter/SonicOnDemand_NotFound_mean                   45180 ns        45088 ns            5 bytes_per_second=5.46095Gi/s NotFound
twitter/SonicOnDemand_NotFound_median                 45184 ns        45094 ns            5 bytes_per_second=5.46025Gi/s NotFound
twitter/SonicOnDemand_NotFound_stddev                  25.7 ns         23.0 ns            5 bytes_per_second=2.8524Mi/s NotFound
twitter/SonicOnDemand_NotFound_cv                      0.06 %          0.05 %             5 bytes_per_second=0.05% NotFound
twitter/RapidjsonSaxOnDemand_NotFound_mean           806147 ns       804352 ns            5 bytes_per_second=313.573Mi/s NotFound
twitter/RapidjsonSaxOnDemand_NotFound_median         809089 ns       807408 ns            5 bytes_per_second=312.277Mi/s NotFound
twitter/RapidjsonSaxOnDemand_NotFound_stddev          16737 ns        16673 ns            5 bytes_per_second=6.60398Mi/s NotFound
twitter/RapidjsonSaxOnDemand_NotFound_cv               2.08 %          2.07 %             5 bytes_per_second=2.11% NotFound
twitter/SIMDjsonOnDemand_NotFound_mean               113399 ns       113192 ns            5 bytes_per_second=2.1753Gi/s NotFound
twitter/SIMDjsonOnDemand_NotFound_median             113402 ns       113190 ns            5 bytes_per_second=2.17533Gi/s NotFound
twitter/SIMDjsonOnDemand_NotFound_stddev               26.1 ns         37.5 ns            5 bytes_per_second=755.584Ki/s NotFound
twitter/SIMDjsonOnDemand_NotFound_cv                   0.02 %          0.03 %             5 bytes_per_second=0.03% NotFound
citm_catalog/Decode_SonicDyn_mean                   1288430 ns      1285062 ns            5 bytes_per_second=1.25185Gi/s testdata/citm_catalog.json
citm_catalog/Decode_SonicDyn_median                 1281343 ns      1278359 ns            5 bytes_per_second=1.25832Gi/s testdata/citm_catalog.json
citm_catalog/Decode_SonicDyn_stddev                   13160 ns        12550 ns            5 bytes_per_second=12.395Mi/s testdata/citm_catalog.json
citm_catalog/Decode_SonicDyn_cv                        1.02 %          0.98 %             5 bytes_per_second=0.97% testdata/citm_catalog.json
citm_catalog/Decode_Rapidjson_mean                  2627859 ns      2621185 ns            5 bytes_per_second=628.415Mi/s testdata/citm_catalog.json
citm_catalog/Decode_Rapidjson_median                2626762 ns      2620996 ns            5 bytes_per_second=628.46Mi/s testdata/citm_catalog.json
citm_catalog/Decode_Rapidjson_stddev                   3029 ns         3540 ns            5 bytes_per_second=868.443Ki/s testdata/citm_catalog.json
citm_catalog/Decode_Rapidjson_cv                       0.12 %          0.14 %             5 bytes_per_second=0.13% testdata/citm_catalog.json
citm_catalog/Decode_YYjson_mean                     7177334 ns      7160253 ns            5 bytes_per_second=230.047Mi/s testdata/citm_catalog.json
citm_catalog/Decode_YYjson_median                   7172527 ns      7155904 ns            5 bytes_per_second=230.186Mi/s testdata/citm_catalog.json
citm_catalog/Decode_YYjson_stddev                     10258 ns         9863 ns            5 bytes_per_second=324.259Ki/s testdata/citm_catalog.json
citm_catalog/Decode_YYjson_cv                          0.14 %          0.14 %             5 bytes_per_second=0.14% testdata/citm_catalog.json
citm_catalog/Decode_SIMDjson_mean                   1047117 ns      1044560 ns            5 bytes_per_second=1.54001Gi/s testdata/citm_catalog.json
citm_catalog/Decode_SIMDjson_median                 1043156 ns      1040592 ns            5 bytes_per_second=1.54583Gi/s testdata/citm_catalog.json
citm_catalog/Decode_SIMDjson_stddev                    6446 ns         6217 ns            5 bytes_per_second=9.36274Mi/s testdata/citm_catalog.json
citm_catalog/Decode_SIMDjson_cv                        0.62 %          0.60 %             5 bytes_per_second=0.59% testdata/citm_catalog.json
citm_catalog/Decode_JsonCpp_mean                   61731719 ns     61614504 ns            5 bytes_per_second=26.734Mi/s testdata/citm_catalog.json
citm_catalog/Decode_JsonCpp_median                 61710147 ns     61590972 ns            5 bytes_per_second=26.744Mi/s testdata/citm_catalog.json
citm_catalog/Decode_JsonCpp_stddev                   207692 ns       203055 ns            5 bytes_per_second=90.149Ki/s testdata/citm_catalog.json
citm_catalog/Decode_JsonCpp_cv                         0.34 %          0.33 %             5 bytes_per_second=0.33% testdata/citm_catalog.json
twitterescaped/Decode_SonicDyn_mean                  454425 ns       453347 ns            5 bytes_per_second=1.15538Gi/s testdata/twitterescaped.json
twitterescaped/Decode_SonicDyn_median                453543 ns       452619 ns            5 bytes_per_second=1.15723Gi/s testdata/twitterescaped.json
twitterescaped/Decode_SonicDyn_stddev                  1778 ns         1599 ns            5 bytes_per_second=4.15484Mi/s testdata/twitterescaped.json
twitterescaped/Decode_SonicDyn_cv                      0.39 %          0.35 %             5 bytes_per_second=0.35% testdata/twitterescaped.json
twitterescaped/Decode_Rapidjson_mean                1969260 ns      1965712 ns            5 bytes_per_second=272.857Mi/s testdata/twitterescaped.json
twitterescaped/Decode_Rapidjson_median              1968260 ns      1964570 ns            5 bytes_per_second=273.013Mi/s testdata/twitterescaped.json
twitterescaped/Decode_Rapidjson_stddev                 6222 ns         5635 ns            5 bytes_per_second=799.806Ki/s testdata/twitterescaped.json
twitterescaped/Decode_Rapidjson_cv                     0.32 %          0.29 %             5 bytes_per_second=0.29% testdata/twitterescaped.json
twitterescaped/Decode_YYjson_mean                   2491019 ns      2485507 ns            5 bytes_per_second=215.794Mi/s testdata/twitterescaped.json
twitterescaped/Decode_YYjson_median                 2490874 ns      2485255 ns            5 bytes_per_second=215.815Mi/s testdata/twitterescaped.json
twitterescaped/Decode_YYjson_stddev                    6219 ns         7141 ns            5 bytes_per_second=635.399Ki/s testdata/twitterescaped.json
twitterescaped/Decode_YYjson_cv                        0.25 %          0.29 %             5 bytes_per_second=0.29% testdata/twitterescaped.json
twitterescaped/Decode_SIMDjson_mean                  869346 ns       866981 ns            5 bytes_per_second=618.647Mi/s testdata/twitterescaped.json
twitterescaped/Decode_SIMDjson_median                868731 ns       866733 ns            5 bytes_per_second=618.823Mi/s testdata/twitterescaped.json
twitterescaped/Decode_SIMDjson_stddev                  1661 ns         1493 ns            5 bytes_per_second=1.06431Mi/s testdata/twitterescaped.json
twitterescaped/Decode_SIMDjson_cv                      0.19 %          0.17 %             5 bytes_per_second=0.17% testdata/twitterescaped.json
twitterescaped/Decode_JsonCpp_mean                 27831897 ns     27765384 ns            5 bytes_per_second=19.3176Mi/s testdata/twitterescaped.json
twitterescaped/Decode_JsonCpp_median               27805305 ns     27728449 ns            5 bytes_per_second=19.3431Mi/s testdata/twitterescaped.json
twitterescaped/Decode_JsonCpp_stddev                 103441 ns       106024 ns            5 bytes_per_second=75.3284Ki/s testdata/twitterescaped.json
twitterescaped/Decode_JsonCpp_cv                       0.37 %          0.38 %             5 bytes_per_second=0.38% testdata/twitterescaped.json
fgo/Decode_SonicDyn_mean                           83089761 ns     82796714 ns            5 bytes_per_second=561.888Mi/s testdata/fgo.json
fgo/Decode_SonicDyn_median                         82430561 ns     82070609 ns            5 bytes_per_second=566.658Mi/s testdata/fgo.json
fgo/Decode_SonicDyn_stddev                          1806532 ns      1766178 ns            5 bytes_per_second=11.6597Mi/s testdata/fgo.json
fgo/Decode_SonicDyn_cv                                 2.17 %          2.13 %             5 bytes_per_second=2.08% testdata/fgo.json
fgo/Decode_Rapidjson_mean                         210158373 ns    209598058 ns            5 bytes_per_second=221.882Mi/s testdata/fgo.json
fgo/Decode_Rapidjson_median                       210072233 ns    209549890 ns            5 bytes_per_second=221.933Mi/s testdata/fgo.json
fgo/Decode_Rapidjson_stddev                          280731 ns       263049 ns            5 bytes_per_second=285.103Ki/s testdata/fgo.json
fgo/Decode_Rapidjson_cv                                0.13 %          0.13 %             5 bytes_per_second=0.13% testdata/fgo.json
fgo/Decode_YYjson_mean                            270683416 ns    270242965 ns            5 bytes_per_second=172.096Mi/s testdata/fgo.json
fgo/Decode_YYjson_median                          269989990 ns    269538413 ns            5 bytes_per_second=172.539Mi/s testdata/fgo.json
fgo/Decode_YYjson_stddev                            1835763 ns      1802210 ns            5 bytes_per_second=1.1376Mi/s testdata/fgo.json
fgo/Decode_YYjson_cv                                   0.68 %          0.67 %             5 bytes_per_second=0.66% testdata/fgo.json
fgo/Decode_SIMDjson_mean                           85578325 ns     85333679 ns            5 bytes_per_second=545.054Mi/s testdata/fgo.json
fgo/Decode_SIMDjson_median                         84923829 ns     84688892 ns            5 bytes_per_second=549.139Mi/s testdata/fgo.json
fgo/Decode_SIMDjson_stddev                          1047067 ns      1043592 ns            5 bytes_per_second=6.58863Mi/s testdata/fgo.json
fgo/Decode_SIMDjson_cv                                 1.22 %          1.22 %             5 bytes_per_second=1.21% testdata/fgo.json
fgo/Decode_JsonCpp_mean                          5854311502 ns   5841183860 ns            5 bytes_per_second=7.96523Mi/s testdata/fgo.json
fgo/Decode_JsonCpp_median                        5771788400 ns   5759468720 ns            5 bytes_per_second=8.0747Mi/s testdata/fgo.json
fgo/Decode_JsonCpp_stddev                         139456576 ns    138542875 ns            5 bytes_per_second=188.744Ki/s testdata/fgo.json
fgo/Decode_JsonCpp_cv                                  2.38 %          2.37 %             5 bytes_per_second=2.31% testdata/fgo.json
otfcc/Decode_SonicDyn_mean                        149643965 ns    149260334 ns            5 bytes_per_second=424.362Mi/s testdata/otfcc.json
otfcc/Decode_SonicDyn_median                      148930868 ns    148602284 ns            5 bytes_per_second=426.19Mi/s testdata/otfcc.json
otfcc/Decode_SonicDyn_stddev                        1854905 ns      1837801 ns            5 bytes_per_second=5.14312Mi/s testdata/otfcc.json
otfcc/Decode_SonicDyn_cv                               1.24 %          1.23 %             5 bytes_per_second=1.21% testdata/otfcc.json
otfcc/Decode_Rapidjson_mean                       268432235 ns    267722531 ns            5 bytes_per_second=236.676Mi/s testdata/otfcc.json
otfcc/Decode_Rapidjson_median                     265236017 ns    264327197 ns            5 bytes_per_second=239.6Mi/s testdata/otfcc.json
otfcc/Decode_Rapidjson_stddev                       6763380 ns      6677395 ns            5 bytes_per_second=5.73554Mi/s testdata/otfcc.json
otfcc/Decode_Rapidjson_cv                              2.52 %          2.49 %             5 bytes_per_second=2.42% testdata/otfcc.json
otfcc/Decode_YYjson_mean                          434713623 ns    433546424 ns            5 bytes_per_second=146.09Mi/s testdata/otfcc.json
otfcc/Decode_YYjson_median                        433466300 ns    432084650 ns            5 bytes_per_second=146.575Mi/s testdata/otfcc.json
otfcc/Decode_YYjson_stddev                          4002248 ns      3807741 ns            5 bytes_per_second=1.26854Mi/s testdata/otfcc.json
otfcc/Decode_YYjson_cv                                 0.92 %          0.88 %             5 bytes_per_second=0.87% testdata/otfcc.json
otfcc/Decode_SIMDjson_mean                        157389264 ns    156938447 ns            5 bytes_per_second=403.586Mi/s testdata/otfcc.json
otfcc/Decode_SIMDjson_median                      156738214 ns    156311502 ns            5 bytes_per_second=405.171Mi/s testdata/otfcc.json
otfcc/Decode_SIMDjson_stddev                        1658167 ns      1618040 ns            5 bytes_per_second=4.11179Mi/s testdata/otfcc.json
otfcc/Decode_SIMDjson_cv                               1.05 %          1.03 %             5 bytes_per_second=1.02% testdata/otfcc.json
otfcc/Decode_JsonCpp_mean                        1.2091e+10 ns   1.2067e+10 ns            5 bytes_per_second=5.24935Mi/s testdata/otfcc.json
otfcc/Decode_JsonCpp_median                      1.2033e+10 ns   1.2007e+10 ns            5 bytes_per_second=5.27462Mi/s testdata/otfcc.json
otfcc/Decode_JsonCpp_stddev                       161176063 ns    161360247 ns            5 bytes_per_second=71.6594Ki/s testdata/otfcc.json
otfcc/Decode_JsonCpp_cv                                1.33 %          1.34 %             5 bytes_per_second=1.33% testdata/otfcc.json
github_events/Decode_SonicDyn_mean                    48105 ns        47999 ns            5 bytes_per_second=1.26377Gi/s testdata/github_events.json
github_events/Decode_SonicDyn_median                  48096 ns        48001 ns            5 bytes_per_second=1.2637Gi/s testdata/github_events.json
github_events/Decode_SonicDyn_stddev                   52.6 ns         37.3 ns            5 bytes_per_second=1.00657Mi/s testdata/github_events.json
github_events/Decode_SonicDyn_cv                       0.11 %          0.08 %             5 bytes_per_second=0.08% testdata/github_events.json
github_events/Decode_Rapidjson_mean                  217659 ns       217259 ns            5 bytes_per_second=285.905Mi/s testdata/github_events.json
github_events/Decode_Rapidjson_median                217638 ns       217219 ns            5 bytes_per_second=285.954Mi/s testdata/github_events.json
github_events/Decode_Rapidjson_stddev                   911 ns          893 ns            5 bytes_per_second=1.17348Mi/s testdata/github_events.json
github_events/Decode_Rapidjson_cv                      0.42 %          0.41 %             5 bytes_per_second=0.41% testdata/github_events.json
github_events/Decode_YYjson_mean                     219341 ns       218948 ns            5 bytes_per_second=283.697Mi/s testdata/github_events.json
github_events/Decode_YYjson_median                   219279 ns       218898 ns            5 bytes_per_second=283.761Mi/s testdata/github_events.json
github_events/Decode_YYjson_stddev                      139 ns         78.1 ns            5 bytes_per_second=103.598Ki/s testdata/github_events.json
github_events/Decode_YYjson_cv                         0.06 %          0.04 %             5 bytes_per_second=0.04% testdata/github_events.json
github_events/Decode_SIMDjson_mean                    37214 ns        37136 ns            5 bytes_per_second=1.63346Gi/s testdata/github_events.json
github_events/Decode_SIMDjson_median                  37161 ns        37085 ns            5 bytes_per_second=1.63567Gi/s testdata/github_events.json
github_events/Decode_SIMDjson_stddev                    156 ns          137 ns            5 bytes_per_second=6.14047Mi/s testdata/github_events.json
github_events/Decode_SIMDjson_cv                       0.42 %          0.37 %             5 bytes_per_second=0.37% testdata/github_events.json
github_events/Decode_JsonCpp_mean                   2370226 ns      2363302 ns            5 bytes_per_second=26.2833Mi/s testdata/github_events.json
github_events/Decode_JsonCpp_median                 2367753 ns      2360473 ns            5 bytes_per_second=26.3145Mi/s testdata/github_events.json
github_events/Decode_JsonCpp_stddev                    9177 ns         8508 ns            5 bytes_per_second=96.4473Ki/s testdata/github_events.json
github_events/Decode_JsonCpp_cv                        0.39 %          0.36 %             5 bytes_per_second=0.36% testdata/github_events.json
poet/Decode_SonicDyn_mean                           1740514 ns      1736927 ns            5 bytes_per_second=1.88357Gi/s testdata/poet.json
poet/Decode_SonicDyn_median                         1740491 ns      1736941 ns            5 bytes_per_second=1.88356Gi/s testdata/poet.json
poet/Decode_SonicDyn_stddev                             464 ns          301 ns            5 bytes_per_second=342.792Ki/s testdata/poet.json
poet/Decode_SonicDyn_cv                                0.03 %          0.02 %             5 bytes_per_second=0.02% testdata/poet.json
poet/Decode_Rapidjson_mean                         11887272 ns     11863868 ns            5 bytes_per_second=282.383Mi/s testdata/poet.json
poet/Decode_Rapidjson_median                       11879946 ns     11854663 ns            5 bytes_per_second=282.602Mi/s testdata/poet.json
poet/Decode_Rapidjson_stddev                          23695 ns        22516 ns            5 bytes_per_second=548.083Ki/s testdata/poet.json
poet/Decode_Rapidjson_cv                               0.20 %          0.19 %             5 bytes_per_second=0.19% testdata/poet.json
poet/Decode_YYjson_mean                             8781431 ns      8761462 ns            5 bytes_per_second=382.373Mi/s testdata/poet.json
poet/Decode_YYjson_median                           8784391 ns      8762757 ns            5 bytes_per_second=382.316Mi/s testdata/poet.json
poet/Decode_YYjson_stddev                              6210 ns         5557 ns            5 bytes_per_second=248.519Ki/s testdata/poet.json
poet/Decode_YYjson_cv                                  0.07 %          0.06 %             5 bytes_per_second=0.06% testdata/poet.json
poet/Decode_SIMDjson_mean                           2400205 ns      2394465 ns            5 bytes_per_second=1.36643Gi/s testdata/poet.json
poet/Decode_SIMDjson_median                         2389693 ns      2384089 ns            5 bytes_per_second=1.37228Gi/s testdata/poet.json
poet/Decode_SIMDjson_stddev                           23147 ns        23254 ns            5 bytes_per_second=13.4145Mi/s testdata/poet.json
poet/Decode_SIMDjson_cv                                0.96 %          0.97 %             5 bytes_per_second=0.96% testdata/poet.json
poet/Decode_JsonCpp_mean                           81011456 ns     80814858 ns            5 bytes_per_second=41.4552Mi/s testdata/poet.json
poet/Decode_JsonCpp_median                         80854056 ns     80666488 ns            5 bytes_per_second=41.5308Mi/s testdata/poet.json
poet/Decode_JsonCpp_stddev                           365996 ns       356332 ns            5 bytes_per_second=186.227Ki/s testdata/poet.json
poet/Decode_JsonCpp_cv                                 0.45 %          0.44 %             5 bytes_per_second=0.44% testdata/poet.json
book/Decode_SonicDyn_mean                               853 ns          851 ns            5 bytes_per_second=412Mi/s testdata/book.json
book/Decode_SonicDyn_median                             833 ns          831 ns            5 bytes_per_second=421.009Mi/s testdata/book.json
book/Decode_SonicDyn_stddev                            47.5 ns         47.3 ns            5 bytes_per_second=21.29Mi/s testdata/book.json
book/Decode_SonicDyn_cv                                5.57 %          5.55 %             5 bytes_per_second=5.17% testdata/book.json
book/Decode_Rapidjson_mean                             1569 ns         1567 ns            5 bytes_per_second=223.546Mi/s testdata/book.json
book/Decode_Rapidjson_median                           1542 ns         1540 ns            5 bytes_per_second=227.341Mi/s testdata/book.json
book/Decode_Rapidjson_stddev                           43.6 ns         43.5 ns            5 bytes_per_second=6.1411Mi/s testdata/book.json
book/Decode_Rapidjson_cv                               2.78 %          2.77 %             5 bytes_per_second=2.75% testdata/book.json
book/Decode_YYjson_mean                                2184 ns         2178 ns            5 bytes_per_second=160.721Mi/s testdata/book.json
book/Decode_YYjson_median                              2177 ns         2173 ns            5 bytes_per_second=161.083Mi/s testdata/book.json
book/Decode_YYjson_stddev                              30.8 ns         30.5 ns            5 bytes_per_second=2.22984Mi/s testdata/book.json
book/Decode_YYjson_cv                                  1.41 %          1.40 %             5 bytes_per_second=1.39% testdata/book.json
book/Decode_SIMDjson_mean                               856 ns          854 ns            5 bytes_per_second=409.757Mi/s testdata/book.json
book/Decode_SIMDjson_median                             855 ns          854 ns            5 bytes_per_second=409.921Mi/s testdata/book.json
book/Decode_SIMDjson_stddev                            2.05 ns         2.04 ns            5 bytes_per_second=997.394Ki/s testdata/book.json
book/Decode_SIMDjson_cv                                0.24 %          0.24 %             5 bytes_per_second=0.24% testdata/book.json
book/Decode_JsonCpp_mean                              72272 ns        72128 ns            5 bytes_per_second=4.8525Mi/s testdata/book.json
book/Decode_JsonCpp_median                            72261 ns        72118 ns            5 bytes_per_second=4.85315Mi/s testdata/book.json
book/Decode_JsonCpp_stddev                              118 ns         99.9 ns            5 bytes_per_second=6.87789Ki/s testdata/book.json
book/Decode_JsonCpp_cv                                 0.16 %          0.14 %             5 bytes_per_second=0.14% testdata/book.json
canada/Decode_SonicDyn_mean                         5230961 ns      5218643 ns            5 bytes_per_second=411.366Mi/s testdata/canada.json
canada/Decode_SonicDyn_median                       5230462 ns      5218215 ns            5 bytes_per_second=411.399Mi/s testdata/canada.json
canada/Decode_SonicDyn_stddev                          7381 ns         8257 ns            5 bytes_per_second=666.206Ki/s testdata/canada.json
canada/Decode_SonicDyn_cv                              0.14 %          0.16 %             5 bytes_per_second=0.16% testdata/canada.json
canada/Decode_Rapidjson_mean                        5311777 ns      5297159 ns            5 bytes_per_second=405.272Mi/s testdata/canada.json
canada/Decode_Rapidjson_median                      5302361 ns      5288238 ns            5 bytes_per_second=405.952Mi/s testdata/canada.json
canada/Decode_Rapidjson_stddev                        18407 ns        17341 ns            5 bytes_per_second=1.32344Mi/s testdata/canada.json
canada/Decode_Rapidjson_cv                             0.35 %          0.33 %             5 bytes_per_second=0.33% testdata/canada.json
canada/Decode_YYjson_mean                          14770339 ns     14741231 ns            5 bytes_per_second=145.631Mi/s testdata/canada.json
canada/Decode_YYjson_median                        14754346 ns     14729732 ns            5 bytes_per_second=145.744Mi/s testdata/canada.json
canada/Decode_YYjson_stddev                           31757 ns        28711 ns            5 bytes_per_second=289.707Ki/s testdata/canada.json
canada/Decode_YYjson_cv                                0.22 %          0.19 %             5 bytes_per_second=0.19% testdata/canada.json
canada/Decode_SIMDjson_mean                         3864745 ns      3857329 ns            5 bytes_per_second=556.543Mi/s testdata/canada.json
canada/Decode_SIMDjson_median                       3864699 ns      3857675 ns            5 bytes_per_second=556.493Mi/s testdata/canada.json
canada/Decode_SIMDjson_stddev                          1464 ns          739 ns            5 bytes_per_second=109.27Ki/s testdata/canada.json
canada/Decode_SIMDjson_cv                              0.04 %          0.02 %             5 bytes_per_second=0.02% testdata/canada.json
canada/Decode_JsonCpp_mean                        316370591 ns    315685616 ns            5 bytes_per_second=6.80045Mi/s testdata/canada.json
canada/Decode_JsonCpp_median                      316013910 ns    315313045 ns            5 bytes_per_second=6.80838Mi/s testdata/canada.json
canada/Decode_JsonCpp_stddev                        1414582 ns      1426347 ns            5 bytes_per_second=31.4197Ki/s testdata/canada.json
canada/Decode_JsonCpp_cv                               0.45 %          0.45 %             5 bytes_per_second=0.45% testdata/canada.json
gsoc-2018/Decode_SonicDyn_mean                      1314717 ns      1311925 ns            5 bytes_per_second=2.36263Gi/s testdata/gsoc-2018.json
gsoc-2018/Decode_SonicDyn_median                    1307153 ns      1304196 ns            5 bytes_per_second=2.37639Gi/s testdata/gsoc-2018.json
gsoc-2018/Decode_SonicDyn_stddev                      14938 ns        14794 ns            5 bytes_per_second=26.8976Mi/s testdata/gsoc-2018.json
gsoc-2018/Decode_SonicDyn_cv                           1.14 %          1.13 %             5 bytes_per_second=1.11% testdata/gsoc-2018.json
gsoc-2018/Decode_Rapidjson_mean                    11318775 ns     11296504 ns            5 bytes_per_second=280.943Mi/s testdata/gsoc-2018.json
gsoc-2018/Decode_Rapidjson_median                  11309792 ns     11286685 ns            5 bytes_per_second=281.187Mi/s testdata/gsoc-2018.json
gsoc-2018/Decode_Rapidjson_stddev                     23114 ns        22496 ns            5 bytes_per_second=572.12Ki/s testdata/gsoc-2018.json
gsoc-2018/Decode_Rapidjson_cv                          0.20 %          0.20 %             5 bytes_per_second=0.20% testdata/gsoc-2018.json
gsoc-2018/Decode_YYjson_mean                        9668721 ns      9645340 ns            5 bytes_per_second=329.044Mi/s testdata/gsoc-2018.json
gsoc-2018/Decode_YYjson_median                      9644036 ns      9621624 ns            5 bytes_per_second=329.847Mi/s testdata/gsoc-2018.json
gsoc-2018/Decode_YYjson_stddev                        56689 ns        53693 ns            5 bytes_per_second=1.81824Mi/s testdata/gsoc-2018.json
gsoc-2018/Decode_YYjson_cv                             0.59 %          0.56 %             5 bytes_per_second=0.55% testdata/gsoc-2018.json
gsoc-2018/Decode_SIMDjson_mean                      1703328 ns      1698668 ns            5 bytes_per_second=1.82478Gi/s testdata/gsoc-2018.json
gsoc-2018/Decode_SIMDjson_median                    1693321 ns      1688377 ns            5 bytes_per_second=1.83566Gi/s testdata/gsoc-2018.json
gsoc-2018/Decode_SIMDjson_stddev                      22381 ns        21942 ns            5 bytes_per_second=23.7296Mi/s testdata/gsoc-2018.json
gsoc-2018/Decode_SIMDjson_cv                           1.31 %          1.29 %             5 bytes_per_second=1.27% testdata/gsoc-2018.json
gsoc-2018/Decode_JsonCpp_mean                      57183406 ns     57078742 ns            5 bytes_per_second=55.6017Mi/s testdata/gsoc-2018.json
gsoc-2018/Decode_JsonCpp_median                    57145579 ns     57052404 ns            5 bytes_per_second=55.6272Mi/s testdata/gsoc-2018.json
gsoc-2018/Decode_JsonCpp_stddev                       73902 ns        84249 ns            5 bytes_per_second=83.9019Ki/s testdata/gsoc-2018.json
gsoc-2018/Decode_JsonCpp_cv                            0.13 %          0.15 %             5 bytes_per_second=0.15% testdata/gsoc-2018.json
twitter/Decode_SonicDyn_mean                         206027 ns       205440 ns            5 bytes_per_second=1.19854Gi/s testdata/twitter.json
twitter/Decode_SonicDyn_median                       205779 ns       205200 ns            5 bytes_per_second=1.19993Gi/s testdata/twitter.json
twitter/Decode_SonicDyn_stddev                          667 ns          625 ns            5 bytes_per_second=3.72151Mi/s testdata/twitter.json
twitter/Decode_SonicDyn_cv                             0.32 %          0.30 %             5 bytes_per_second=0.30% testdata/twitter.json
twitter/Decode_Rapidjson_mean                        809417 ns       807548 ns            5 bytes_per_second=312.223Mi/s testdata/twitter.json
twitter/Decode_Rapidjson_median                      809360 ns       807427 ns            5 bytes_per_second=312.27Mi/s testdata/twitter.json
twitter/Decode_Rapidjson_stddev                         335 ns          376 ns            5 bytes_per_second=148.938Ki/s testdata/twitter.json
twitter/Decode_Rapidjson_cv                            0.04 %          0.05 %             5 bytes_per_second=0.05% testdata/twitter.json
twitter/Decode_YYjson_mean                           985490 ns       982884 ns            5 bytes_per_second=256.527Mi/s testdata/twitter.json
twitter/Decode_YYjson_median                         984223 ns       981790 ns            5 bytes_per_second=256.812Mi/s testdata/twitter.json
twitter/Decode_YYjson_stddev                           2931 ns         2480 ns            5 bytes_per_second=660.66Ki/s testdata/twitter.json
twitter/Decode_YYjson_cv                               0.30 %          0.25 %             5 bytes_per_second=0.25% testdata/twitter.json
twitter/Decode_SIMDjson_mean                         171417 ns       170936 ns            5 bytes_per_second=1.44047Gi/s testdata/twitter.json
twitter/Decode_SIMDjson_median                       171271 ns       170838 ns            5 bytes_per_second=1.44128Gi/s testdata/twitter.json
twitter/Decode_SIMDjson_stddev                          435 ns          380 ns            5 bytes_per_second=3.26693Mi/s testdata/twitter.json
twitter/Decode_SIMDjson_cv                             0.25 %          0.22 %             5 bytes_per_second=0.22% testdata/twitter.json
twitter/Decode_JsonCpp_mean                        10496985 ns     10471964 ns            5 bytes_per_second=24.0773Mi/s testdata/twitter.json
twitter/Decode_JsonCpp_median                      10482606 ns     10457127 ns            5 bytes_per_second=24.1113Mi/s testdata/twitter.json
twitter/Decode_JsonCpp_stddev                         29395 ns        29038 ns            5 bytes_per_second=68.285Ki/s testdata/twitter.json
twitter/Decode_JsonCpp_cv                              0.28 %          0.28 %             5 bytes_per_second=0.28% testdata/twitter.json
lottie/Decode_SonicDyn_mean                          757620 ns       755650 ns            5 bytes_per_second=364.648Mi/s testdata/lottie.json
lottie/Decode_SonicDyn_median                        756824 ns       754775 ns            5 bytes_per_second=365.068Mi/s testdata/lottie.json
lottie/Decode_SonicDyn_stddev                          2503 ns         2279 ns            5 bytes_per_second=1.0956Mi/s testdata/lottie.json
lottie/Decode_SonicDyn_cv                              0.33 %          0.30 %             5 bytes_per_second=0.30% testdata/lottie.json
lottie/Decode_Rapidjson_mean                        1290508 ns      1287766 ns            5 bytes_per_second=213.972Mi/s testdata/lottie.json
lottie/Decode_Rapidjson_median                      1288032 ns      1285164 ns            5 bytes_per_second=214.404Mi/s testdata/lottie.json
lottie/Decode_Rapidjson_stddev                         4214 ns         4083 ns            5 bytes_per_second=693.832Ki/s testdata/lottie.json
lottie/Decode_Rapidjson_cv                             0.33 %          0.32 %             5 bytes_per_second=0.32% testdata/lottie.json
lottie/Decode_YYjson_mean                           2417107 ns      2411074 ns            5 bytes_per_second=114.283Mi/s testdata/lottie.json
lottie/Decode_YYjson_median                         2414862 ns      2408829 ns            5 bytes_per_second=114.389Mi/s testdata/lottie.json
lottie/Decode_YYjson_stddev                            4836 ns         4391 ns            5 bytes_per_second=212.702Ki/s testdata/lottie.json
lottie/Decode_YYjson_cv                                0.20 %          0.18 %             5 bytes_per_second=0.18% testdata/lottie.json
lottie/Decode_SIMDjson_mean                          717543 ns       715966 ns            5 bytes_per_second=384.857Mi/s testdata/lottie.json
lottie/Decode_SIMDjson_median                        716647 ns       715178 ns            5 bytes_per_second=385.281Mi/s testdata/lottie.json
lottie/Decode_SIMDjson_stddev                          1633 ns         1407 ns            5 bytes_per_second=773.63Ki/s testdata/lottie.json
lottie/Decode_SIMDjson_cv                              0.23 %          0.20 %             5 bytes_per_second=0.20% testdata/lottie.json
lottie/Decode_JsonCpp_mean                         71056719 ns     70893932 ns            5 bytes_per_second=3.88673Mi/s testdata/lottie.json
lottie/Decode_JsonCpp_median                       71058897 ns     70911812 ns            5 bytes_per_second=3.88573Mi/s testdata/lottie.json
lottie/Decode_JsonCpp_stddev                         187135 ns       185224 ns            5 bytes_per_second=10.4006Ki/s testdata/lottie.json
lottie/Decode_JsonCpp_cv                               0.26 %          0.26 %             5 bytes_per_second=0.26% testdata/lottie.json
citm_catalog/Encode_SonicDyn_mean                    550784 ns       549277 ns            5 bytes_per_second=2.92858Gi/s testdata/citm_catalog.json
citm_catalog/Encode_SonicDyn_median                  551428 ns       549710 ns            5 bytes_per_second=2.92624Gi/s testdata/citm_catalog.json
citm_catalog/Encode_SonicDyn_stddev                    1995 ns         1958 ns            5 bytes_per_second=10.711Mi/s testdata/citm_catalog.json
citm_catalog/Encode_SonicDyn_cv                        0.36 %          0.36 %             5 bytes_per_second=0.36% testdata/citm_catalog.json
citm_catalog/Encode_Rapidjson_mean                  1517125 ns      1513603 ns            5 bytes_per_second=1.06275Gi/s testdata/citm_catalog.json
citm_catalog/Encode_Rapidjson_median                1516349 ns      1512705 ns            5 bytes_per_second=1.06338Gi/s testdata/citm_catalog.json
citm_catalog/Encode_Rapidjson_stddev                   3008 ns         2884 ns            5 bytes_per_second=2.0691Mi/s testdata/citm_catalog.json
citm_catalog/Encode_Rapidjson_cv                       0.20 %          0.19 %             5 bytes_per_second=0.19% testdata/citm_catalog.json
citm_catalog/Encode_YYjson_mean                     2907761 ns      2900453 ns            5 bytes_per_second=567.91Mi/s testdata/citm_catalog.json
citm_catalog/Encode_YYjson_median                   2906863 ns      2899229 ns            5 bytes_per_second=568.148Mi/s testdata/citm_catalog.json
citm_catalog/Encode_YYjson_stddev                      7389 ns         6951 ns            5 bytes_per_second=1.3583Mi/s testdata/citm_catalog.json
citm_catalog/Encode_YYjson_cv                          0.25 %          0.24 %             5 bytes_per_second=0.24% testdata/citm_catalog.json
citm_catalog/Encode_SIMDjson_mean                    787791 ns       785847 ns            5 bytes_per_second=2.04695Gi/s testdata/citm_catalog.json
citm_catalog/Encode_SIMDjson_median                  786924 ns       785364 ns            5 bytes_per_second=2.0482Gi/s testdata/citm_catalog.json
citm_catalog/Encode_SIMDjson_stddev                    2314 ns         1827 ns            5 bytes_per_second=4.85853Mi/s testdata/citm_catalog.json
citm_catalog/Encode_SIMDjson_cv                        0.29 %          0.23 %             5 bytes_per_second=0.23% testdata/citm_catalog.json
citm_catalog/Encode_JsonCpp_mean                   27687503 ns     27626239 ns            5 bytes_per_second=59.6246Mi/s testdata/citm_catalog.json
citm_catalog/Encode_JsonCpp_median                 27691356 ns     27639249 ns            5 bytes_per_second=59.5961Mi/s testdata/citm_catalog.json
citm_catalog/Encode_JsonCpp_stddev                    87096 ns        91426 ns            5 bytes_per_second=201.911Ki/s testdata/citm_catalog.json
citm_catalog/Encode_JsonCpp_cv                         0.31 %          0.33 %             5 bytes_per_second=0.33% testdata/citm_catalog.json
twitterescaped/Encode_SonicDyn_mean                  236566 ns       235909 ns            5 bytes_per_second=2.22029Gi/s testdata/twitterescaped.json
twitterescaped/Encode_SonicDyn_median                236588 ns       235925 ns            5 bytes_per_second=2.22012Gi/s testdata/twitterescaped.json
twitterescaped/Encode_SonicDyn_stddev                   663 ns          636 ns            5 bytes_per_second=6.13405Mi/s testdata/twitterescaped.json
twitterescaped/Encode_SonicDyn_cv                      0.28 %          0.27 %             5 bytes_per_second=0.27% testdata/twitterescaped.json
twitterescaped/Encode_Rapidjson_mean                1720294 ns      1716726 ns            5 bytes_per_second=312.456Mi/s testdata/twitterescaped.json
twitterescaped/Encode_Rapidjson_median              1722367 ns      1718961 ns            5 bytes_per_second=312.022Mi/s testdata/twitterescaped.json
twitterescaped/Encode_Rapidjson_stddev                18246 ns        17975 ns            5 bytes_per_second=3.28373Mi/s testdata/twitterescaped.json
twitterescaped/Encode_Rapidjson_cv                     1.06 %          1.05 %             5 bytes_per_second=1.05% testdata/twitterescaped.json
twitterescaped/Encode_YYjson_mean                   1508571 ns      1504313 ns            5 bytes_per_second=356.55Mi/s testdata/twitterescaped.json
twitterescaped/Encode_YYjson_median                 1506543 ns      1502371 ns            5 bytes_per_second=357.005Mi/s testdata/twitterescaped.json
twitterescaped/Encode_YYjson_stddev                    7110 ns         6853 ns            5 bytes_per_second=1.61904Mi/s testdata/twitterescaped.json
twitterescaped/Encode_YYjson_cv                        0.47 %          0.46 %             5 bytes_per_second=0.45% testdata/twitterescaped.json
twitterescaped/Encode_SIMDjson_mean                  500434 ns       499105 ns            5 bytes_per_second=1.04945Gi/s testdata/twitterescaped.json
twitterescaped/Encode_SIMDjson_median                500035 ns       498733 ns            5 bytes_per_second=1.05023Gi/s testdata/twitterescaped.json
twitterescaped/Encode_SIMDjson_stddev                  1603 ns         1432 ns            5 bytes_per_second=3.0725Mi/s testdata/twitterescaped.json
twitterescaped/Encode_SIMDjson_cv                      0.32 %          0.29 %             5 bytes_per_second=0.29% testdata/twitterescaped.json
twitterescaped/Encode_JsonCpp_mean                 15984389 ns     15948852 ns            5 bytes_per_second=33.6313Mi/s testdata/twitterescaped.json
twitterescaped/Encode_JsonCpp_median               15954904 ns     15924198 ns            5 bytes_per_second=33.6817Mi/s testdata/twitterescaped.json
twitterescaped/Encode_JsonCpp_stddev                 127381 ns       126807 ns            5 bytes_per_second=271.631Ki/s testdata/twitterescaped.json
twitterescaped/Encode_JsonCpp_cv                       0.80 %          0.80 %             5 bytes_per_second=0.79% testdata/twitterescaped.json
fgo/Encode_SonicDyn_mean                           45992144 ns     45874265 ns            5 bytes_per_second=1013.9Mi/s testdata/fgo.json
fgo/Encode_SonicDyn_median                         45704351 ns     45612211 ns            5 bytes_per_second=1019.59Mi/s testdata/fgo.json
fgo/Encode_SonicDyn_stddev                           591145 ns       588492 ns            5 bytes_per_second=12.8076Mi/s testdata/fgo.json
fgo/Encode_SonicDyn_cv                                 1.29 %          1.28 %             5 bytes_per_second=1.26% testdata/fgo.json
fgo/Encode_Rapidjson_mean                         166487648 ns    166100335 ns            5 bytes_per_second=279.992Mi/s testdata/fgo.json
fgo/Encode_Rapidjson_median                       166145410 ns    165756105 ns            5 bytes_per_second=280.569Mi/s testdata/fgo.json
fgo/Encode_Rapidjson_stddev                          728436 ns       738020 ns            5 bytes_per_second=1.24279Mi/s testdata/fgo.json
fgo/Encode_Rapidjson_cv                                0.44 %          0.44 %             5 bytes_per_second=0.44% testdata/fgo.json
fgo/Encode_YYjson_mean                            280933097 ns    280333650 ns            5 bytes_per_second=165.901Mi/s testdata/fgo.json
fgo/Encode_YYjson_median                          280613550 ns    280003833 ns            5 bytes_per_second=166.09Mi/s testdata/fgo.json
fgo/Encode_YYjson_stddev                            1872788 ns      1805120 ns            5 bytes_per_second=1.06113Mi/s testdata/fgo.json
fgo/Encode_YYjson_cv                                   0.67 %          0.64 %             5 bytes_per_second=0.64% testdata/fgo.json
fgo/Encode_SIMDjson_mean                           92253097 ns     91998739 ns            5 bytes_per_second=505.507Mi/s testdata/fgo.json
fgo/Encode_SIMDjson_median                         92236941 ns     91985400 ns            5 bytes_per_second=505.58Mi/s testdata/fgo.json
fgo/Encode_SIMDjson_stddev                            42965 ns        43100 ns            5 bytes_per_second=242.467Ki/s testdata/fgo.json
fgo/Encode_SIMDjson_cv                                 0.05 %          0.05 %             5 bytes_per_second=0.05% testdata/fgo.json
fgo/Encode_JsonCpp_mean                          2812955970 ns   2806834744 ns            5 bytes_per_second=16.569Mi/s testdata/fgo.json
fgo/Encode_JsonCpp_median                        2813230500 ns   2807113550 ns            5 bytes_per_second=16.5672Mi/s testdata/fgo.json
fgo/Encode_JsonCpp_stddev                          10107782 ns     10048951 ns            5 bytes_per_second=60.6211Ki/s testdata/fgo.json
fgo/Encode_JsonCpp_cv                                  0.36 %          0.36 %             5 bytes_per_second=0.36% testdata/fgo.json
otfcc/Encode_SonicDyn_mean                        110793773 ns    110528593 ns            5 bytes_per_second=573.017Mi/s testdata/otfcc.json
otfcc/Encode_SonicDyn_median                      110922348 ns    110608283 ns            5 bytes_per_second=572.587Mi/s testdata/otfcc.json
otfcc/Encode_SonicDyn_stddev                         697483 ns       686740 ns            5 bytes_per_second=3.56275Mi/s testdata/otfcc.json
otfcc/Encode_SonicDyn_cv                               0.63 %          0.62 %             5 bytes_per_second=0.62% testdata/otfcc.json
otfcc/Encode_Rapidjson_mean                       240273090 ns    239740446 ns            5 bytes_per_second=264.189Mi/s testdata/otfcc.json
otfcc/Encode_Rapidjson_median                     240186217 ns    239582367 ns            5 bytes_per_second=264.347Mi/s testdata/otfcc.json
otfcc/Encode_Rapidjson_stddev                       2172155 ns      2152156 ns            5 bytes_per_second=2.35752Mi/s testdata/otfcc.json
otfcc/Encode_Rapidjson_cv                              0.90 %          0.90 %             5 bytes_per_second=0.89% testdata/otfcc.json
otfcc/Encode_YYjson_mean                          553718672 ns    552666768 ns            5 bytes_per_second=114.609Mi/s testdata/otfcc.json
otfcc/Encode_YYjson_median                        550852450 ns    549772730 ns            5 bytes_per_second=115.198Mi/s testdata/otfcc.json
otfcc/Encode_YYjson_stddev                          7034477 ns      6916159 ns            5 bytes_per_second=1.41088Mi/s testdata/otfcc.json
otfcc/Encode_YYjson_cv                                 1.27 %          1.25 %             5 bytes_per_second=1.23% testdata/otfcc.json
otfcc/Encode_SIMDjson_mean                        162404295 ns    162031882 ns            5 bytes_per_second=390.9Mi/s testdata/otfcc.json
otfcc/Encode_SIMDjson_median                      161744820 ns    161278688 ns            5 bytes_per_second=392.692Mi/s testdata/otfcc.json
otfcc/Encode_SIMDjson_stddev                        1704396 ns      1680556 ns            5 bytes_per_second=3.99921Mi/s testdata/otfcc.json
otfcc/Encode_SIMDjson_cv                               1.05 %          1.04 %             5 bytes_per_second=1.02% testdata/otfcc.json
otfcc/Encode_JsonCpp_mean                        5985968134 ns   5971910544 ns            5 bytes_per_second=10.6098Mi/s testdata/otfcc.json
otfcc/Encode_JsonCpp_median                      5886784890 ns   5872418630 ns            5 bytes_per_second=10.7848Mi/s testdata/otfcc.json
otfcc/Encode_JsonCpp_stddev                       140830761 ns    140289828 ns            5 bytes_per_second=253.053Ki/s testdata/otfcc.json
otfcc/Encode_JsonCpp_cv                                2.35 %          2.35 %             5 bytes_per_second=2.33% testdata/otfcc.json
github_events/Encode_SonicDyn_mean                    20575 ns        20534 ns            5 bytes_per_second=2.95412Gi/s testdata/github_events.json
github_events/Encode_SonicDyn_median                  20573 ns        20519 ns            5 bytes_per_second=2.9563Gi/s testdata/github_events.json
github_events/Encode_SonicDyn_stddev                    108 ns          103 ns            5 bytes_per_second=15.0764Mi/s testdata/github_events.json
github_events/Encode_SonicDyn_cv                       0.52 %          0.50 %             5 bytes_per_second=0.50% testdata/github_events.json
github_events/Encode_Rapidjson_mean                  204515 ns       204183 ns            5 bytes_per_second=304.215Mi/s testdata/github_events.json
github_events/Encode_Rapidjson_median                204824 ns       204395 ns            5 bytes_per_second=303.896Mi/s testdata/github_events.json
github_events/Encode_Rapidjson_stddev                   846 ns          819 ns            5 bytes_per_second=1.22108Mi/s testdata/github_events.json
github_events/Encode_Rapidjson_cv                      0.41 %          0.40 %             5 bytes_per_second=0.40% testdata/github_events.json
github_events/Encode_YYjson_mean                     110679 ns       110438 ns            5 bytes_per_second=562.443Mi/s testdata/github_events.json
github_events/Encode_YYjson_median                   110549 ns       110321 ns            5 bytes_per_second=563.038Mi/s testdata/github_events.json
github_events/Encode_YYjson_stddev                      351 ns          310 ns            5 bytes_per_second=1.57195Mi/s testdata/github_events.json
github_events/Encode_YYjson_cv                         0.32 %          0.28 %             5 bytes_per_second=0.28% testdata/github_events.json
github_events/Encode_SIMDjson_mean                    49634 ns        49529 ns            5 bytes_per_second=1.22471Gi/s testdata/github_events.json
github_events/Encode_SIMDjson_median                  49624 ns        49507 ns            5 bytes_per_second=1.22526Gi/s testdata/github_events.json
github_events/Encode_SIMDjson_stddev                    145 ns          131 ns            5 bytes_per_second=3.3058Mi/s testdata/github_events.json
github_events/Encode_SIMDjson_cv                       0.29 %          0.26 %             5 bytes_per_second=0.26% testdata/github_events.json
github_events/Encode_JsonCpp_mean                   1431941 ns      1428640 ns            5 bytes_per_second=43.4836Mi/s testdata/github_events.json
github_events/Encode_JsonCpp_median                 1424362 ns      1421033 ns            5 bytes_per_second=43.711Mi/s testdata/github_events.json
github_events/Encode_JsonCpp_stddev                   17622 ns        17864 ns            5 bytes_per_second=547.69Ki/s testdata/github_events.json
github_events/Encode_JsonCpp_cv                        1.23 %          1.25 %             5 bytes_per_second=1.23% testdata/github_events.json
poet/Encode_SonicDyn_mean                            935350 ns       933320 ns            5 bytes_per_second=3.50565Gi/s testdata/poet.json
poet/Encode_SonicDyn_median                          931545 ns       929113 ns            5 bytes_per_second=3.52124Gi/s testdata/poet.json
poet/Encode_SonicDyn_stddev                            9451 ns         9437 ns            5 bytes_per_second=35.8266Mi/s testdata/poet.json
poet/Encode_SonicDyn_cv                                1.01 %          1.01 %             5 bytes_per_second=1.00% testdata/poet.json
poet/Encode_Rapidjson_mean                         12971033 ns     12945611 ns            5 bytes_per_second=258.787Mi/s testdata/poet.json
poet/Encode_Rapidjson_median                       12964827 ns     12937025 ns            5 bytes_per_second=258.958Mi/s testdata/poet.json
poet/Encode_Rapidjson_stddev                          24793 ns        25201 ns            5 bytes_per_second=514.709Ki/s testdata/poet.json
poet/Encode_Rapidjson_cv                               0.19 %          0.19 %             5 bytes_per_second=0.19% testdata/poet.json
poet/Encode_YYjson_mean                             3028745 ns      3021150 ns            5 bytes_per_second=1.08295Gi/s testdata/poet.json
poet/Encode_YYjson_median                           3019239 ns      3011944 ns            5 bytes_per_second=1.08622Gi/s testdata/poet.json
poet/Encode_YYjson_stddev                             20140 ns        20104 ns            5 bytes_per_second=7.36091Mi/s testdata/poet.json
poet/Encode_YYjson_cv                                  0.66 %          0.67 %             5 bytes_per_second=0.66% testdata/poet.json
poet/Encode_SIMDjson_mean                           2125824 ns      2120117 ns            5 bytes_per_second=1.54321Gi/s testdata/poet.json
poet/Encode_SIMDjson_median                         2122590 ns      2117212 ns            5 bytes_per_second=1.54525Gi/s testdata/poet.json
poet/Encode_SIMDjson_stddev                           17035 ns        16573 ns            5 bytes_per_second=12.2584Mi/s testdata/poet.json
poet/Encode_SIMDjson_cv                                0.80 %          0.78 %             5 bytes_per_second=0.78% testdata/poet.json
poet/Encode_JsonCpp_mean                           76429734 ns     76249969 ns            5 bytes_per_second=43.9365Mi/s testdata/poet.json
poet/Encode_JsonCpp_median                         76398558 ns     76221687 ns            5 bytes_per_second=43.9527Mi/s testdata/poet.json
poet/Encode_JsonCpp_stddev                           170782 ns       172819 ns            5 bytes_per_second=101.764Ki/s testdata/poet.json
poet/Encode_JsonCpp_cv                                 0.22 %          0.23 %             5 bytes_per_second=0.23% testdata/poet.json
book/Encode_SonicDyn_mean                               535 ns          534 ns            5 bytes_per_second=655.812Mi/s testdata/book.json
book/Encode_SonicDyn_median                             534 ns          533 ns            5 bytes_per_second=656.344Mi/s testdata/book.json
book/Encode_SonicDyn_stddev                            1.38 ns         1.31 ns            5 bytes_per_second=1.60752Mi/s testdata/book.json
book/Encode_SonicDyn_cv                                0.26 %          0.25 %             5 bytes_per_second=0.25% testdata/book.json
book/Encode_Rapidjson_mean                             1379 ns         1376 ns            5 bytes_per_second=254.325Mi/s testdata/book.json
book/Encode_Rapidjson_median                           1374 ns         1372 ns            5 bytes_per_second=255.047Mi/s testdata/book.json
book/Encode_Rapidjson_stddev                           9.39 ns         8.55 ns            5 bytes_per_second=1.57711Mi/s testdata/book.json
book/Encode_Rapidjson_cv                               0.68 %          0.62 %             5 bytes_per_second=0.62% testdata/book.json
book/Encode_YYjson_mean                                3007 ns         3000 ns            5 bytes_per_second=116.679Mi/s testdata/book.json
book/Encode_YYjson_median                              2985 ns         2979 ns            5 bytes_per_second=117.493Mi/s testdata/book.json
book/Encode_YYjson_stddev                              48.9 ns         49.4 ns            5 bytes_per_second=1.87847Mi/s testdata/book.json
book/Encode_YYjson_cv                                  1.63 %          1.65 %             5 bytes_per_second=1.61% testdata/book.json
book/Encode_SIMDjson_mean                               779 ns          778 ns            5 bytes_per_second=449.918Mi/s testdata/book.json
book/Encode_SIMDjson_median                             778 ns          777 ns            5 bytes_per_second=450.49Mi/s testdata/book.json
book/Encode_SIMDjson_stddev                            2.14 ns         1.84 ns            5 bytes_per_second=1.0601Mi/s testdata/book.json
book/Encode_SIMDjson_cv                                0.27 %          0.24 %             5 bytes_per_second=0.24% testdata/book.json
book/Encode_JsonCpp_mean                              39419 ns        39335 ns            5 bytes_per_second=8.89784Mi/s testdata/book.json
book/Encode_JsonCpp_median                            39438 ns        39328 ns            5 bytes_per_second=8.89946Mi/s testdata/book.json
book/Encode_JsonCpp_stddev                             40.2 ns         46.9 ns            5 bytes_per_second=10.857Ki/s testdata/book.json
book/Encode_JsonCpp_cv                                 0.10 %          0.12 %             5 bytes_per_second=0.12% testdata/book.json
canada/Encode_SonicDyn_mean                         5286194 ns      5275147 ns            5 bytes_per_second=406.965Mi/s testdata/canada.json
canada/Encode_SonicDyn_median                       5275567 ns      5265992 ns            5 bytes_per_second=407.667Mi/s testdata/canada.json
canada/Encode_SonicDyn_stddev                         24125 ns        22583 ns            5 bytes_per_second=1.7327Mi/s testdata/canada.json
canada/Encode_SonicDyn_cv                              0.46 %          0.43 %             5 bytes_per_second=0.43% testdata/canada.json
canada/Encode_Rapidjson_mean                        9368824 ns      9353550 ns            5 bytes_per_second=229.514Mi/s testdata/canada.json
canada/Encode_Rapidjson_median                      9363549 ns      9350249 ns            5 bytes_per_second=229.595Mi/s testdata/canada.json
canada/Encode_Rapidjson_stddev                        16651 ns        17074 ns            5 bytes_per_second=428.336Ki/s testdata/canada.json
canada/Encode_Rapidjson_cv                             0.18 %          0.18 %             5 bytes_per_second=0.18% testdata/canada.json
canada/Encode_YYjson_mean                          28849732 ns     28795989 ns            5 bytes_per_second=74.5512Mi/s testdata/canada.json
canada/Encode_YYjson_median                        28825734 ns     28771415 ns            5 bytes_per_second=74.6147Mi/s testdata/canada.json
canada/Encode_YYjson_stddev                           55695 ns        57191 ns            5 bytes_per_second=151.317Ki/s testdata/canada.json
canada/Encode_YYjson_cv                                0.19 %          0.20 %             5 bytes_per_second=0.20% testdata/canada.json
canada/Encode_SIMDjson_mean                         6039512 ns      6023847 ns            5 bytes_per_second=356.38Mi/s testdata/canada.json
canada/Encode_SIMDjson_median                       6035425 ns      6017568 ns            5 bytes_per_second=356.75Mi/s testdata/canada.json
canada/Encode_SIMDjson_stddev                         14724 ns        13826 ns            5 bytes_per_second=835.15Ki/s testdata/canada.json
canada/Encode_SIMDjson_cv                              0.24 %          0.23 %             5 bytes_per_second=0.23% testdata/canada.json
canada/Encode_JsonCpp_mean                        150738090 ns    150445120 ns            5 bytes_per_second=14.2696Mi/s testdata/canada.json
canada/Encode_JsonCpp_median                      150650198 ns    150356712 ns            5 bytes_per_second=14.2778Mi/s testdata/canada.json
canada/Encode_JsonCpp_stddev                         491409 ns       521479 ns            5 bytes_per_second=50.6977Ki/s testdata/canada.json
canada/Encode_JsonCpp_cv                               0.33 %          0.35 %             5 bytes_per_second=0.35% testdata/canada.json
gsoc-2018/Encode_SonicDyn_mean                       847015 ns       845200 ns            5 bytes_per_second=3.66693Gi/s testdata/gsoc-2018.json
gsoc-2018/Encode_SonicDyn_median                     846959 ns       844994 ns            5 bytes_per_second=3.66782Gi/s testdata/gsoc-2018.json
gsoc-2018/Encode_SonicDyn_stddev                       1211 ns         1247 ns            5 bytes_per_second=5.53331Mi/s testdata/gsoc-2018.json
gsoc-2018/Encode_SonicDyn_cv                           0.14 %          0.15 %             5 bytes_per_second=0.15% testdata/gsoc-2018.json
gsoc-2018/Encode_Rapidjson_mean                    11938444 ns     11916974 ns            5 bytes_per_second=266.316Mi/s testdata/gsoc-2018.json
gsoc-2018/Encode_Rapidjson_median                  11917908 ns     11899227 ns            5 bytes_per_second=266.712Mi/s testdata/gsoc-2018.json
gsoc-2018/Encode_Rapidjson_stddev                     31733 ns        27827 ns            5 bytes_per_second=636.147Ki/s testdata/gsoc-2018.json
gsoc-2018/Encode_Rapidjson_cv                          0.27 %          0.23 %             5 bytes_per_second=0.23% testdata/gsoc-2018.json
gsoc-2018/Encode_YYjson_mean                        4982309 ns      4968881 ns            5 bytes_per_second=638.72Mi/s testdata/gsoc-2018.json
gsoc-2018/Encode_YYjson_median                      4972261 ns      4959423 ns            5 bytes_per_second=639.927Mi/s testdata/gsoc-2018.json
gsoc-2018/Encode_YYjson_stddev                        22831 ns        23172 ns            5 bytes_per_second=2.96019Mi/s testdata/gsoc-2018.json
gsoc-2018/Encode_YYjson_cv                             0.46 %          0.47 %             5 bytes_per_second=0.46% testdata/gsoc-2018.json
gsoc-2018/Encode_SIMDjson_mean                      4424262 ns      4412375 ns            5 bytes_per_second=719.266Mi/s testdata/gsoc-2018.json
gsoc-2018/Encode_SIMDjson_median                    4423953 ns      4411693 ns            5 bytes_per_second=719.376Mi/s testdata/gsoc-2018.json
gsoc-2018/Encode_SIMDjson_stddev                       3960 ns         4345 ns            5 bytes_per_second=724.445Ki/s testdata/gsoc-2018.json
gsoc-2018/Encode_SIMDjson_cv                           0.09 %          0.10 %             5 bytes_per_second=0.10% testdata/gsoc-2018.json
gsoc-2018/Encode_JsonCpp_mean                      53976152 ns     53863238 ns            5 bytes_per_second=58.9213Mi/s testdata/gsoc-2018.json
gsoc-2018/Encode_JsonCpp_median                    53988552 ns     53881989 ns            5 bytes_per_second=58.9003Mi/s testdata/gsoc-2018.json
gsoc-2018/Encode_JsonCpp_stddev                      170471 ns       162065 ns            5 bytes_per_second=181.887Ki/s testdata/gsoc-2018.json
gsoc-2018/Encode_JsonCpp_cv                            0.32 %          0.30 %             5 bytes_per_second=0.30% testdata/gsoc-2018.json
twitter/Encode_SonicDyn_mean                          90418 ns        90226 ns            5 bytes_per_second=2.72898Gi/s testdata/twitter.json
twitter/Encode_SonicDyn_median                        90409 ns        90231 ns            5 bytes_per_second=2.72882Gi/s testdata/twitter.json
twitter/Encode_SonicDyn_stddev                         79.8 ns         76.5 ns            5 bytes_per_second=2.37012Mi/s testdata/twitter.json
twitter/Encode_SonicDyn_cv                             0.09 %          0.08 %             5 bytes_per_second=0.08% testdata/twitter.json
twitter/Encode_Rapidjson_mean                        780930 ns       779082 ns            5 bytes_per_second=323.639Mi/s testdata/twitter.json
twitter/Encode_Rapidjson_median                      780539 ns       778801 ns            5 bytes_per_second=323.748Mi/s testdata/twitter.json
twitter/Encode_Rapidjson_stddev                        4294 ns         4205 ns            5 bytes_per_second=1.75186Mi/s testdata/twitter.json
twitter/Encode_Rapidjson_cv                            0.55 %          0.54 %             5 bytes_per_second=0.54% testdata/twitter.json
twitter/Encode_YYjson_mean                           552660 ns       551220 ns            5 bytes_per_second=457.414Mi/s testdata/twitter.json
twitter/Encode_YYjson_median                         552699 ns       551430 ns            5 bytes_per_second=457.239Mi/s testdata/twitter.json
twitter/Encode_YYjson_stddev                            835 ns          979 ns            5 bytes_per_second=831.951Ki/s testdata/twitter.json
twitter/Encode_YYjson_cv                               0.15 %          0.18 %             5 bytes_per_second=0.18% testdata/twitter.json
twitter/Encode_SIMDjson_mean                         213860 ns       213395 ns            5 bytes_per_second=1.15385Gi/s testdata/twitter.json
twitter/Encode_SIMDjson_median                       213797 ns       213388 ns            5 bytes_per_second=1.15389Gi/s testdata/twitter.json
twitter/Encode_SIMDjson_stddev                          280 ns          265 ns            5 bytes_per_second=1.46706Mi/s testdata/twitter.json
twitter/Encode_SIMDjson_cv                             0.13 %          0.12 %             5 bytes_per_second=0.12% testdata/twitter.json
twitter/Encode_JsonCpp_mean                         6705842 ns      6689182 ns            5 bytes_per_second=37.6944Mi/s testdata/twitter.json
twitter/Encode_JsonCpp_median                       6725145 ns      6702640 ns            5 bytes_per_second=37.6173Mi/s testdata/twitter.json
twitter/Encode_JsonCpp_stddev                         45573 ns        45270 ns            5 bytes_per_second=261.635Ki/s testdata/twitter.json
twitter/Encode_JsonCpp_cv                              0.68 %          0.68 %             5 bytes_per_second=0.68% testdata/twitter.json
lottie/Encode_SonicDyn_mean                          715132 ns       713666 ns            5 bytes_per_second=386.098Mi/s testdata/lottie.json
lottie/Encode_SonicDyn_median                        715268 ns       713941 ns            5 bytes_per_second=385.948Mi/s testdata/lottie.json
lottie/Encode_SonicDyn_stddev                          1092 ns         1451 ns            5 bytes_per_second=805.26Ki/s testdata/lottie.json
lottie/Encode_SonicDyn_cv                              0.15 %          0.20 %             5 bytes_per_second=0.20% testdata/lottie.json
lottie/Encode_Rapidjson_mean                        1372499 ns      1369223 ns            5 bytes_per_second=201.251Mi/s testdata/lottie.json
lottie/Encode_Rapidjson_median                      1372732 ns      1369628 ns            5 bytes_per_second=201.182Mi/s testdata/lottie.json
lottie/Encode_Rapidjson_stddev                        10901 ns        10630 ns            5 bytes_per_second=1.56218Mi/s testdata/lottie.json
lottie/Encode_Rapidjson_cv                             0.79 %          0.78 %             5 bytes_per_second=0.78% testdata/lottie.json
lottie/Encode_YYjson_mean                           4060216 ns      4050805 ns            5 bytes_per_second=68.0224Mi/s testdata/lottie.json
lottie/Encode_YYjson_median                         4058034 ns      4047465 ns            5 bytes_per_second=68.0782Mi/s testdata/lottie.json
lottie/Encode_YYjson_stddev                           11071 ns         9667 ns            5 bytes_per_second=165.767Ki/s testdata/lottie.json
lottie/Encode_YYjson_cv                                0.27 %          0.24 %             5 bytes_per_second=0.24% testdata/lottie.json
lottie/Encode_SIMDjson_mean                          947456 ns       944643 ns            5 bytes_per_second=291.692Mi/s testdata/lottie.json
lottie/Encode_SIMDjson_median                        947010 ns       944026 ns            5 bytes_per_second=291.882Mi/s testdata/lottie.json
lottie/Encode_SIMDjson_stddev                          1513 ns         1464 ns            5 bytes_per_second=462.021Ki/s testdata/lottie.json
lottie/Encode_SIMDjson_cv                              0.16 %          0.16 %             5 bytes_per_second=0.15% testdata/lottie.json
lottie/Encode_JsonCpp_mean                         32491257 ns     32409980 ns            5 bytes_per_second=8.50189Mi/s testdata/lottie.json
lottie/Encode_JsonCpp_median                       32465693 ns     32364396 ns            5 bytes_per_second=8.51381Mi/s testdata/lottie.json
lottie/Encode_JsonCpp_stddev                          99830 ns        99016 ns            5 bytes_per_second=26.5608Ki/s testdata/lottie.json
lottie/Encode_JsonCpp_cv                               0.31 %          0.31 %             5 bytes_per_second=0.31% testdata/lottie.json
citm_catalog/Stat_SonicDyn_mean                      230131 ns       229687 ns            5 bytes_per_second=7.00391Gi/s testdata/citm_catalog.json
citm_catalog/Stat_SonicDyn_median                    230772 ns       230330 ns            5 bytes_per_second=6.98381Gi/s testdata/citm_catalog.json
citm_catalog/Stat_SonicDyn_stddev                      2315 ns         2271 ns            5 bytes_per_second=71.0738Mi/s testdata/citm_catalog.json
citm_catalog/Stat_SonicDyn_cv                          1.01 %          0.99 %             5 bytes_per_second=0.99% testdata/citm_catalog.json
citm_catalog/Find_SonicDyn_mean                      352255 ns       351494 ns            5 bytes_per_second=4.57645Gi/s testdata/citm_catalog.json
citm_catalog/Find_SonicDyn_median                    351694 ns       351088 ns            5 bytes_per_second=4.58171Gi/s testdata/citm_catalog.json
citm_catalog/Find_SonicDyn_stddev                      1252 ns         1017 ns            5 bytes_per_second=13.514Mi/s testdata/citm_catalog.json
citm_catalog/Find_SonicDyn_cv                          0.36 %          0.29 %             5 bytes_per_second=0.29% testdata/citm_catalog.json
citm_catalog/Stat_Rapidjson_mean                     211810 ns       211315 ns            5 bytes_per_second=7.61365Gi/s testdata/citm_catalog.json
citm_catalog/Stat_Rapidjson_median                   212750 ns       212396 ns            5 bytes_per_second=7.5735Gi/s testdata/citm_catalog.json
citm_catalog/Stat_Rapidjson_stddev                     3181 ns         3197 ns            5 bytes_per_second=119.586Mi/s testdata/citm_catalog.json
citm_catalog/Stat_Rapidjson_cv                         1.50 %          1.51 %             5 bytes_per_second=1.53% testdata/citm_catalog.json
citm_catalog/Find_Rapidjson_mean                     222525 ns       222069 ns            5 bytes_per_second=7.24369Gi/s testdata/citm_catalog.json
citm_catalog/Find_Rapidjson_median                   221984 ns       221598 ns            5 bytes_per_second=7.25903Gi/s testdata/citm_catalog.json
citm_catalog/Find_Rapidjson_stddev                      791 ns          677 ns            5 bytes_per_second=22.5741Mi/s testdata/citm_catalog.json
citm_catalog/Find_Rapidjson_cv                         0.36 %          0.30 %             5 bytes_per_second=0.30% testdata/citm_catalog.json
twitterescaped/Stat_SonicDyn_mean                     78054 ns        77913 ns            5 bytes_per_second=6.72269Gi/s testdata/twitterescaped.json
twitterescaped/Stat_SonicDyn_median                   77991 ns        77868 ns            5 bytes_per_second=6.72655Gi/s testdata/twitterescaped.json
twitterescaped/Stat_SonicDyn_stddev                     236 ns          221 ns            5 bytes_per_second=19.4794Mi/s testdata/twitterescaped.json
twitterescaped/Stat_SonicDyn_cv                        0.30 %          0.28 %             5 bytes_per_second=0.28% testdata/twitterescaped.json
twitterescaped/Find_SonicDyn_mean                    248806 ns       248084 ns            5 bytes_per_second=2.11132Gi/s testdata/twitterescaped.json
twitterescaped/Find_SonicDyn_median                  248789 ns       248129 ns            5 bytes_per_second=2.11094Gi/s testdata/twitterescaped.json
twitterescaped/Find_SonicDyn_stddev                     383 ns          442 ns            5 bytes_per_second=3.8561Mi/s testdata/twitterescaped.json
twitterescaped/Find_SonicDyn_cv                        0.15 %          0.18 %             5 bytes_per_second=0.18% testdata/twitterescaped.json
twitterescaped/Stat_Rapidjson_mean                    69329 ns        69164 ns            5 bytes_per_second=7.57314Gi/s testdata/twitterescaped.json
twitterescaped/Stat_Rapidjson_median                  69330 ns        69156 ns            5 bytes_per_second=7.57396Gi/s testdata/twitterescaped.json
twitterescaped/Stat_Rapidjson_stddev                    296 ns          304 ns            5 bytes_per_second=34.0599Mi/s testdata/twitterescaped.json
twitterescaped/Stat_Rapidjson_cv                       0.43 %          0.44 %             5 bytes_per_second=0.44% testdata/twitterescaped.json
twitterescaped/Find_Rapidjson_mean                   230294 ns       229747 ns            5 bytes_per_second=2.27984Gi/s testdata/twitterescaped.json
twitterescaped/Find_Rapidjson_median                 230002 ns       229421 ns            5 bytes_per_second=2.28306Gi/s testdata/twitterescaped.json
twitterescaped/Find_Rapidjson_stddev                    688 ns          688 ns            5 bytes_per_second=6.9617Mi/s testdata/twitterescaped.json
twitterescaped/Find_Rapidjson_cv                       0.30 %          0.30 %             5 bytes_per_second=0.30% testdata/twitterescaped.json
fgo/Stat_SonicDyn_mean                             18937812 ns     18893117 ns            5 bytes_per_second=2.40384Gi/s testdata/fgo.json
fgo/Stat_SonicDyn_median                           18925356 ns     18887069 ns            5 bytes_per_second=2.40461Gi/s testdata/fgo.json
fgo/Stat_SonicDyn_stddev                              28899 ns        32560 ns            5 bytes_per_second=4.23541Mi/s testdata/fgo.json
fgo/Stat_SonicDyn_cv                                   0.15 %          0.17 %             5 bytes_per_second=0.17% testdata/fgo.json
fgo/Find_SonicDyn_mean                             38627437 ns     38521851 ns            5 bytes_per_second=1.17897Gi/s testdata/fgo.json
fgo/Find_SonicDyn_median                           38621774 ns     38495752 ns            5 bytes_per_second=1.17977Gi/s testdata/fgo.json
fgo/Find_SonicDyn_stddev                              78649 ns        80159 ns            5 bytes_per_second=2.50712Mi/s testdata/fgo.json
fgo/Find_SonicDyn_cv                                   0.20 %          0.21 %             5 bytes_per_second=0.21% testdata/fgo.json
fgo/Stat_Rapidjson_mean                            16940489 ns     16906706 ns            5 bytes_per_second=2.68639Gi/s testdata/fgo.json
fgo/Stat_Rapidjson_median                          16941357 ns     16904250 ns            5 bytes_per_second=2.68666Gi/s testdata/fgo.json
fgo/Stat_Rapidjson_stddev                            125277 ns       125880 ns            5 bytes_per_second=20.399Mi/s testdata/fgo.json
fgo/Stat_Rapidjson_cv                                  0.74 %          0.74 %             5 bytes_per_second=0.74% testdata/fgo.json
fgo/Find_Rapidjson_mean                            25805853 ns     25749277 ns            5 bytes_per_second=1.76379Gi/s testdata/fgo.json
fgo/Find_Rapidjson_median                          25767455 ns     25718264 ns            5 bytes_per_second=1.7659Gi/s testdata/fgo.json
fgo/Find_Rapidjson_stddev                             86480 ns        70688 ns            5 bytes_per_second=4.95613Mi/s testdata/fgo.json
fgo/Find_Rapidjson_cv                                  0.34 %          0.27 %             5 bytes_per_second=0.27% testdata/fgo.json
otfcc/Stat_SonicDyn_mean                           59928401 ns     59802264 ns            5 bytes_per_second=1.03422Gi/s testdata/otfcc.json
otfcc/Stat_SonicDyn_median                         59958725 ns     59842442 ns            5 bytes_per_second=1.03352Gi/s testdata/otfcc.json
otfcc/Stat_SonicDyn_stddev                           133396 ns       158103 ns            5 bytes_per_second=2.80234Mi/s testdata/otfcc.json
otfcc/Stat_SonicDyn_cv                                 0.22 %          0.26 %             5 bytes_per_second=0.26% testdata/otfcc.json
otfcc/Find_SonicDyn_mean                         1801952976 ns   1797721316 ns            5 bytes_per_second=35.2355Mi/s testdata/otfcc.json
otfcc/Find_SonicDyn_median                       1801774780 ns   1796990670 ns            5 bytes_per_second=35.2438Mi/s testdata/otfcc.json
otfcc/Find_SonicDyn_stddev                         26072071 ns     26149688 ns            5 bytes_per_second=526.068Ki/s testdata/otfcc.json
otfcc/Find_SonicDyn_cv                                 1.45 %          1.45 %             5 bytes_per_second=1.46% testdata/otfcc.json
otfcc/Stat_Rapidjson_mean                          53869278 ns     53758188 ns            5 bytes_per_second=1.1505Gi/s testdata/otfcc.json
otfcc/Stat_Rapidjson_median                        53930198 ns     53801122 ns            5 bytes_per_second=1.14958Gi/s testdata/otfcc.json
otfcc/Stat_Rapidjson_stddev                          176826 ns       177286 ns            5 bytes_per_second=3.89957Mi/s testdata/otfcc.json
otfcc/Stat_Rapidjson_cv                                0.33 %          0.33 %             5 bytes_per_second=0.33% testdata/otfcc.json
otfcc/Find_Rapidjson_mean                        1112163874 ns   1109235096 ns            5 bytes_per_second=57.0987Mi/s testdata/otfcc.json
otfcc/Find_Rapidjson_median                      1106693000 ns   1104624520 ns            5 bytes_per_second=57.3343Mi/s testdata/otfcc.json
otfcc/Find_Rapidjson_stddev                         9439478 ns      8593905 ns            5 bytes_per_second=451.246Ki/s testdata/otfcc.json
otfcc/Find_Rapidjson_cv                                0.85 %          0.77 %             5 bytes_per_second=0.77% testdata/otfcc.json
github_events/Stat_SonicDyn_mean                       6695 ns         6684 ns            5 bytes_per_second=9.07589Gi/s testdata/github_events.json
github_events/Stat_SonicDyn_median                     6697 ns         6683 ns            5 bytes_per_second=9.07595Gi/s testdata/github_events.json
github_events/Stat_SonicDyn_stddev                     4.84 ns         4.52 ns            5 bytes_per_second=6.2866Mi/s testdata/github_events.json
github_events/Stat_SonicDyn_cv                         0.07 %          0.07 %             5 bytes_per_second=0.07% testdata/github_events.json
github_events/Find_SonicDyn_mean                      17784 ns        17750 ns            5 bytes_per_second=3.41746Gi/s testdata/github_events.json
github_events/Find_SonicDyn_median                    17779 ns        17730 ns            5 bytes_per_second=3.42119Gi/s testdata/github_events.json
github_events/Find_SonicDyn_stddev                     53.6 ns         50.8 ns            5 bytes_per_second=9.99855Mi/s testdata/github_events.json
github_events/Find_SonicDyn_cv                         0.30 %          0.29 %             5 bytes_per_second=0.29% testdata/github_events.json
github_events/Stat_Rapidjson_mean                      5561 ns         5551 ns            5 bytes_per_second=10.9282Gi/s testdata/github_events.json
github_events/Stat_Rapidjson_median                    5563 ns         5548 ns            5 bytes_per_second=10.9344Gi/s testdata/github_events.json
github_events/Stat_Rapidjson_stddev                    7.81 ns         8.05 ns            5 bytes_per_second=16.2088Mi/s testdata/github_events.json
github_events/Stat_Rapidjson_cv                        0.14 %          0.15 %             5 bytes_per_second=0.14% testdata/github_events.json
github_events/Find_Rapidjson_mean                     13016 ns        12994 ns            5 bytes_per_second=4.66823Gi/s testdata/github_events.json
github_events/Find_Rapidjson_median                   13021 ns        13002 ns            5 bytes_per_second=4.66539Gi/s testdata/github_events.json
github_events/Find_Rapidjson_stddev                    40.1 ns         35.0 ns            5 bytes_per_second=12.8924Mi/s testdata/github_events.json
github_events/Find_Rapidjson_cv                        0.31 %          0.27 %             5 bytes_per_second=0.27% testdata/github_events.json
poet/Stat_SonicDyn_mean                              192256 ns       191817 ns            5 bytes_per_second=17.06Gi/s testdata/poet.json
poet/Stat_SonicDyn_median                            191030 ns       190539 ns            5 bytes_per_second=17.1704Gi/s testdata/poet.json
poet/Stat_SonicDyn_stddev                              3324 ns         3335 ns            5 bytes_per_second=297.015Mi/s testdata/poet.json
poet/Stat_SonicDyn_cv                                  1.73 %          1.74 %             5 bytes_per_second=1.70% testdata/poet.json
poet/Find_SonicDyn_mean                              318116 ns       317307 ns            5 bytes_per_second=10.3106Gi/s testdata/poet.json
poet/Find_SonicDyn_median                            318176 ns       317374 ns            5 bytes_per_second=10.3084Gi/s testdata/poet.json
poet/Find_SonicDyn_stddev                               565 ns          561 ns            5 bytes_per_second=18.6802Mi/s testdata/poet.json
poet/Find_SonicDyn_cv                                  0.18 %          0.18 %             5 bytes_per_second=0.18% testdata/poet.json
poet/Stat_Rapidjson_mean                             224159 ns       223740 ns            5 bytes_per_second=14.6247Gi/s testdata/poet.json
poet/Stat_Rapidjson_median                           224675 ns       224311 ns            5 bytes_per_second=14.5852Gi/s testdata/poet.json
poet/Stat_Rapidjson_stddev                             3132 ns         3108 ns            5 bytes_per_second=211.065Mi/s testdata/poet.json
poet/Stat_Rapidjson_cv                                 1.40 %          1.39 %             5 bytes_per_second=1.41% testdata/poet.json
poet/Find_Rapidjson_mean                             221883 ns       221405 ns            5 bytes_per_second=14.7768Gi/s testdata/poet.json
poet/Find_Rapidjson_median                           221746 ns       221346 ns            5 bytes_per_second=14.7806Gi/s testdata/poet.json
poet/Find_Rapidjson_stddev                              972 ns          905 ns            5 bytes_per_second=61.7213Mi/s testdata/poet.json
poet/Find_Rapidjson_cv                                 0.44 %          0.41 %             5 bytes_per_second=0.41% testdata/poet.json
book/Stat_SonicDyn_mean                                 176 ns          175 ns            5 bytes_per_second=1.94921Gi/s testdata/book.json
book/Stat_SonicDyn_median                               176 ns          175 ns            5 bytes_per_second=1.94803Gi/s testdata/book.json
book/Stat_SonicDyn_stddev                             0.381 ns        0.341 ns            5 bytes_per_second=3.87996Mi/s testdata/book.json
book/Stat_SonicDyn_cv                                  0.22 %          0.19 %             5 bytes_per_second=0.19% testdata/book.json
book/Find_SonicDyn_mean                                 280 ns          279 ns            5 bytes_per_second=1.22319Gi/s testdata/book.json
book/Find_SonicDyn_median                               279 ns          279 ns            5 bytes_per_second=1.22545Gi/s testdata/book.json
book/Find_SonicDyn_stddev                              1.81 ns         1.61 ns            5 bytes_per_second=7.16289Mi/s testdata/book.json
book/Find_SonicDyn_cv                                  0.65 %          0.58 %             5 bytes_per_second=0.57% testdata/book.json
book/Stat_Rapidjson_mean                                157 ns          157 ns            5 bytes_per_second=2.18279Gi/s testdata/book.json
book/Stat_Rapidjson_median                              157 ns          157 ns            5 bytes_per_second=2.18308Gi/s testdata/book.json
book/Stat_Rapidjson_stddev                            0.101 ns        0.117 ns            5 bytes_per_second=1.6649Mi/s testdata/book.json
book/Stat_Rapidjson_cv                                 0.06 %          0.07 %             5 bytes_per_second=0.07% testdata/book.json
book/Find_Rapidjson_mean                                180 ns          180 ns            5 bytes_per_second=1.89927Gi/s testdata/book.json
book/Find_Rapidjson_median                              180 ns          180 ns            5 bytes_per_second=1.90218Gi/s testdata/book.json
book/Find_Rapidjson_stddev                            0.888 ns        0.967 ns            5 bytes_per_second=10.4557Mi/s testdata/book.json
book/Find_Rapidjson_cv                                 0.49 %          0.54 %             5 bytes_per_second=0.54% testdata/book.json
canada/Stat_SonicDyn_mean                            866034 ns       864006 ns            5 bytes_per_second=2.42644Gi/s testdata/canada.json
canada/Stat_SonicDyn_median                          866492 ns       863671 ns            5 bytes_per_second=2.42738Gi/s testdata/canada.json
canada/Stat_SonicDyn_stddev                            2018 ns         1699 ns            5 bytes_per_second=4.88667Mi/s testdata/canada.json
canada/Stat_SonicDyn_cv                                0.23 %          0.20 %             5 bytes_per_second=0.20% testdata/canada.json
canada/Find_SonicDyn_mean                            589707 ns       588288 ns            5 bytes_per_second=3.56368Gi/s testdata/canada.json
canada/Find_SonicDyn_median                          590031 ns       588632 ns            5 bytes_per_second=3.56157Gi/s testdata/canada.json
canada/Find_SonicDyn_stddev                            2151 ns         1793 ns            5 bytes_per_second=11.1294Mi/s testdata/canada.json
canada/Find_SonicDyn_cv                                0.36 %          0.30 %             5 bytes_per_second=0.30% testdata/canada.json
canada/Stat_Rapidjson_mean                           647545 ns       646385 ns            5 bytes_per_second=3.24338Gi/s testdata/canada.json
canada/Stat_Rapidjson_median                         647106 ns       646015 ns            5 bytes_per_second=3.24521Gi/s testdata/canada.json
canada/Stat_Rapidjson_stddev                           2427 ns         2225 ns            5 bytes_per_second=11.396Mi/s testdata/canada.json
canada/Stat_Rapidjson_cv                               0.37 %          0.34 %             5 bytes_per_second=0.34% testdata/canada.json
canada/Find_Rapidjson_mean                           398123 ns       397347 ns            5 bytes_per_second=5.2779Gi/s testdata/canada.json
canada/Find_Rapidjson_median                         400094 ns       399334 ns            5 bytes_per_second=5.24988Gi/s testdata/canada.json
canada/Find_Rapidjson_stddev                           8173 ns         8136 ns            5 bytes_per_second=110.863Mi/s testdata/canada.json
canada/Find_Rapidjson_cv                               2.05 %          2.05 %             5 bytes_per_second=2.05% testdata/canada.json
gsoc-2018/Stat_SonicDyn_mean                         105508 ns       105249 ns            5 bytes_per_second=29.4473Gi/s testdata/gsoc-2018.json
gsoc-2018/Stat_SonicDyn_median                       105490 ns       105199 ns            5 bytes_per_second=29.4612Gi/s testdata/gsoc-2018.json
gsoc-2018/Stat_SonicDyn_stddev                          122 ns          104 ns            5 bytes_per_second=29.8078Mi/s testdata/gsoc-2018.json
gsoc-2018/Stat_SonicDyn_cv                             0.12 %          0.10 %             5 bytes_per_second=0.10% testdata/gsoc-2018.json
gsoc-2018/Find_SonicDyn_mean                        2405221 ns      2399448 ns            5 bytes_per_second=1.29167Gi/s testdata/gsoc-2018.json
gsoc-2018/Find_SonicDyn_median                      2404497 ns      2399788 ns            5 bytes_per_second=1.29148Gi/s testdata/gsoc-2018.json
gsoc-2018/Find_SonicDyn_stddev                         2446 ns         2459 ns            5 bytes_per_second=1.35496Mi/s testdata/gsoc-2018.json
gsoc-2018/Find_SonicDyn_cv                             0.10 %          0.10 %             5 bytes_per_second=0.10% testdata/gsoc-2018.json
gsoc-2018/Stat_Rapidjson_mean                        121835 ns       121607 ns            5 bytes_per_second=25.5106Gi/s testdata/gsoc-2018.json
gsoc-2018/Stat_Rapidjson_median                      122722 ns       122520 ns            5 bytes_per_second=25.2962Gi/s testdata/gsoc-2018.json
gsoc-2018/Stat_Rapidjson_stddev                        4234 ns         4206 ns            5 bytes_per_second=906.382Mi/s testdata/gsoc-2018.json
gsoc-2018/Stat_Rapidjson_cv                            3.48 %          3.46 %             5 bytes_per_second=3.47% testdata/gsoc-2018.json
gsoc-2018/Find_Rapidjson_mean                       2204020 ns      2198863 ns            5 bytes_per_second=1.4095Gi/s testdata/gsoc-2018.json
gsoc-2018/Find_Rapidjson_median                     2200771 ns      2196125 ns            5 bytes_per_second=1.41125Gi/s testdata/gsoc-2018.json
gsoc-2018/Find_Rapidjson_stddev                        6649 ns         6538 ns            5 bytes_per_second=4.28773Mi/s testdata/gsoc-2018.json
gsoc-2018/Find_Rapidjson_cv                            0.30 %          0.30 %             5 bytes_per_second=0.30% testdata/gsoc-2018.json
twitter/Stat_SonicDyn_mean                            29820 ns        29764 ns            5 bytes_per_second=8.2725Gi/s testdata/twitter.json
twitter/Stat_SonicDyn_median                          29823 ns        29763 ns            5 bytes_per_second=8.27282Gi/s testdata/twitter.json
twitter/Stat_SonicDyn_stddev                           10.4 ns         6.56 ns            5 bytes_per_second=1.86718Mi/s testdata/twitter.json
twitter/Stat_SonicDyn_cv                               0.04 %          0.02 %             5 bytes_per_second=0.02% testdata/twitter.json
twitter/Find_SonicDyn_mean                            93169 ns        92977 ns            5 bytes_per_second=2.64827Gi/s testdata/twitter.json
twitter/Find_SonicDyn_median                          93115 ns        92869 ns            5 bytes_per_second=2.65133Gi/s testdata/twitter.json
twitter/Find_SonicDyn_stddev                            192 ns          182 ns            5 bytes_per_second=5.29462Mi/s testdata/twitter.json
twitter/Find_SonicDyn_cv                               0.21 %          0.20 %             5 bytes_per_second=0.20% testdata/twitter.json
twitter/Stat_Rapidjson_mean                           24757 ns        24700 ns            5 bytes_per_second=9.96858Gi/s testdata/twitter.json
twitter/Stat_Rapidjson_median                         24763 ns        24708 ns            5 bytes_per_second=9.96557Gi/s testdata/twitter.json
twitter/Stat_Rapidjson_stddev                          69.8 ns         66.3 ns            5 bytes_per_second=27.3876Mi/s testdata/twitter.json
twitter/Stat_Rapidjson_cv                              0.28 %          0.27 %             5 bytes_per_second=0.27% testdata/twitter.json
twitter/Find_Rapidjson_mean                           83783 ns        83641 ns            5 bytes_per_second=2.94384Gi/s testdata/twitter.json
twitter/Find_Rapidjson_median                         83781 ns        83630 ns            5 bytes_per_second=2.94422Gi/s testdata/twitter.json
twitter/Find_Rapidjson_stddev                          46.8 ns         52.4 ns            5 bytes_per_second=1.88795Mi/s testdata/twitter.json
twitter/Find_Rapidjson_cv                              0.06 %          0.06 %             5 bytes_per_second=0.06% testdata/twitter.json
lottie/Stat_SonicDyn_mean                            258159 ns       257481 ns            5 bytes_per_second=1.04508Gi/s testdata/lottie.json
lottie/Stat_SonicDyn_median                          258384 ns       257793 ns            5 bytes_per_second=1.04381Gi/s testdata/lottie.json
lottie/Stat_SonicDyn_stddev                            1084 ns          959 ns            5 bytes_per_second=3.99351Mi/s testdata/lottie.json
lottie/Stat_SonicDyn_cv                                0.42 %          0.37 %             5 bytes_per_second=0.37% testdata/lottie.json
lottie/Find_SonicDyn_mean                            411802 ns       410972 ns            5 bytes_per_second=670.473Mi/s testdata/lottie.json
lottie/Find_SonicDyn_median                          411349 ns       410622 ns            5 bytes_per_second=671.041Mi/s testdata/lottie.json
lottie/Find_SonicDyn_stddev                             970 ns          862 ns            5 bytes_per_second=1.40327Mi/s testdata/lottie.json
lottie/Find_SonicDyn_cv                                0.24 %          0.21 %             5 bytes_per_second=0.21% testdata/lottie.json
lottie/Stat_Rapidjson_mean                           224158 ns       223688 ns            5 bytes_per_second=1.20298Gi/s testdata/lottie.json
lottie/Stat_Rapidjson_median                         224130 ns       223743 ns            5 bytes_per_second=1.20266Gi/s testdata/lottie.json
lottie/Stat_Rapidjson_stddev                           1245 ns         1205 ns            5 bytes_per_second=6.63785Mi/s testdata/lottie.json
lottie/Stat_Rapidjson_cv                               0.56 %          0.54 %             5 bytes_per_second=0.54% testdata/lottie.json
lottie/Find_Rapidjson_mean                           289189 ns       288433 ns            5 bytes_per_second=955.323Mi/s testdata/lottie.json
lottie/Find_Rapidjson_median                         288833 ns       288103 ns            5 bytes_per_second=956.409Mi/s testdata/lottie.json
lottie/Find_Rapidjson_stddev                           1048 ns         1034 ns            5 bytes_per_second=3.41024Mi/s testdata/lottie.json
lottie/Find_Rapidjson_cv                               0.36 %          0.36 %             5 bytes_per_second=0.36% testdata/lottie.json
[sonic-cpp-parse] normalized 163 official scenarios
[sonic-cpp] sonic-cpp benchmark results written to benchmark.json and benchmark_sonic_cpp.json
