[glibc] running official benchtests with make bench (BENCHSET="math-benchset stdio-benchset stdio-common-benchset stdlib-benchset string-benchset malloc-simple malloc-tcache malloc-thread" USE_CLOCK_GETTIME=1)
make -C /home/runner/boostkit-perf/glibc/2.44/x86_64/34328075304-1/glibc-src/benchtests  objdir=`pwd` bench
make[1]: Entering directory '/home/runner/boostkit-perf/glibc/2.44/x86_64/34328075304-1/glibc-src/benchtests'
for run in /home/runner/boostkit-perf/glibc/2.44/x86_64/34328075304-1/glibc-build/benchtests/bench-math-inlines /home/runner/boostkit-perf/glibc/2.44/x86_64/34328075304-1/glibc-build/benchtests/bench-fclose /home/runner/boostkit-perf/glibc/2.44/x86_64/34328075304-1/glibc-build/benchtests/bench-sprintf /home/runner/boostkit-perf/glibc/2.44/x86_64/34328075304-1/glibc-build/benchtests/bench-arc4random /home/runner/boostkit-perf/glibc/2.44/x86_64/34328075304-1/glibc-build/benchtests/bench-bsearch /home/runner/boostkit-perf/glibc/2.44/x86_64/34328075304-1/glibc-build/benchtests/bench-random-lock /home/runner/boostkit-perf/glibc/2.44/x86_64/34328075304-1/glibc-build/benchtests/bench-strtod /home/runner/boostkit-perf/glibc/2.44/x86_64/34328075304-1/glibc-build/benchtests/bench-bzero /home/runner/boostkit-perf/glibc/2.44/x86_64/34328075304-1/glibc-build/benchtests/bench-bzero-large /home/runner/boostkit-perf/glibc/2.44/x86_64/34328075304-1/glibc-build/benchtests/bench-memccpy /home/runner/boostkit-perf/glibc/2.44/x86_64/34328075304-1/glibc-build/benchtests/bench-memchr /home/runner/boostkit-perf/glibc/2.44/x86_64/34328075304-1/glibc-build/benchtests/bench-memcmp /home/runner/boostkit-perf/glibc/2.44/x86_64/34328075304-1/glibc-build/benchtests/bench-memcmpeq /home/runner/boostkit-perf/glibc/2.44/x86_64/34328075304-1/glibc-build/benchtests/bench-memcpy /home/runner/boostkit-perf/glibc/2.44/x86_64/34328075304-1/glibc-build/benchtests/bench-memcpy-large /home/runner/boostkit-perf/glibc/2.44/x86_64/34328075304-1/glibc-build/benchtests/bench-memcpy-random /home/runner/boostkit-perf/glibc/2.44/x86_64/34328075304-1/glibc-build/benchtests/bench-memmem /home/runner/boostkit-perf/glibc/2.44/x86_64/34328075304-1/glibc-build/benchtests/bench-memmove /home/runner/boostkit-perf/glibc/2.44/x86_64/34328075304-1/glibc-build/benchtests/bench-memmove-large /home/runner/boostkit-perf/glibc/2.44/x86_64/34328075304-1/glibc-build/benchtests/bench-mempcpy /home/runner/boostkit-perf/glibc/2.44/x86_64/34328075304-1/glibc-build/benchtests/bench-memrchr /home/runner/boostkit-perf/glibc/2.44/x86_64/34328075304-1/glibc-build/benchtests/bench-memset /home/runner/boostkit-perf/glibc/2.44/x86_64/34328075304-1/glibc-build/benchtests/bench-memset-large /home/runner/boostkit-perf/glibc/2.44/x86_64/34328075304-1/glibc-build/benchtests/bench-memset-random /home/runner/boostkit-perf/glibc/2.44/x86_64/34328075304-1/glibc-build/benchtests/bench-memset-zero /home/runner/boostkit-perf/glibc/2.44/x86_64/34328075304-1/glibc-build/benchtests/bench-memset-zero-large /home/runner/boostkit-perf/glibc/2.44/x86_64/34328075304-1/glibc-build/benchtests/bench-rawmemchr /home/runner/boostkit-perf/glibc/2.44/x86_64/34328075304-1/glibc-build/benchtests/bench-stpcpy /home/runner/boostkit-perf/glibc/2.44/x86_64/34328075304-1/glibc-build/benchtests/bench-stpcpy_chk /home/runner/boostkit-perf/glibc/2.44/x86_64/34328075304-1/glibc-build/benchtests/bench-stpncpy /home/runner/boostkit-perf/glibc/2.44/x86_64/34328075304-1/glibc-build/benchtests/bench-strcasecmp /home/runner/boostkit-perf/glibc/2.44/x86_64/34328075304-1/glibc-build/benchtests/bench-strcasestr /home/runner/boostkit-perf/glibc/2.44/x86_64/34328075304-1/glibc-build/benchtests/bench-strcat /home/runner/boostkit-perf/glibc/2.44/x86_64/34328075304-1/glibc-build/benchtests/bench-strchr /home/runner/boostkit-perf/glibc/2.44/x86_64/34328075304-1/glibc-build/benchtests/bench-strchrnul /home/runner/boostkit-perf/glibc/2.44/x86_64/34328075304-1/glibc-build/benchtests/bench-strcmp /home/runner/boostkit-perf/glibc/2.44/x86_64/34328075304-1/glibc-build/benchtests/bench-strcoll /home/runner/boostkit-perf/glibc/2.44/x86_64/34328075304-1/glibc-build/benchtests/bench-strcpy /home/runner/boostkit-perf/glibc/2.44/x86_64/34328075304-1/glibc-build/benchtests/bench-strcpy_chk /home/runner/boostkit-perf/glibc/2.44/x86_64/34328075304-1/glibc-build/benchtests/bench-strcspn /home/runner/boostkit-perf/glibc/2.44/x86_64/34328075304-1/glibc-build/benchtests/bench-strlen /home/runner/boostkit-perf/glibc/2.44/x86_64/34328075304-1/glibc-build/benchtests/bench-strlen-random /home/runner/boostkit-perf/glibc/2.44/x86_64/34328075304-1/glibc-build/benchtests/bench-strncasecmp /home/runner/boostkit-perf/glibc/2.44/x86_64/34328075304-1/glibc-build/benchtests/bench-strncat /home/runner/boostkit-perf/glibc/2.44/x86_64/34328075304-1/glibc-build/benchtests/bench-strncmp /home/runner/boostkit-perf/glibc/2.44/x86_64/34328075304-1/glibc-build/benchtests/bench-strncpy /home/runner/boostkit-perf/glibc/2.44/x86_64/34328075304-1/glibc-build/benchtests/bench-strnlen /home/runner/boostkit-perf/glibc/2.44/x86_64/34328075304-1/glibc-build/benchtests/bench-strpbrk /home/runner/boostkit-perf/glibc/2.44/x86_64/34328075304-1/glibc-build/benchtests/bench-strrchr /home/runner/boostkit-perf/glibc/2.44/x86_64/34328075304-1/glibc-build/benchtests/bench-strsep /home/runner/boostkit-perf/glibc/2.44/x86_64/34328075304-1/glibc-build/benchtests/bench-strspn /home/runner/boostkit-perf/glibc/2.44/x86_64/34328075304-1/glibc-build/benchtests/bench-strstr /home/runner/boostkit-perf/glibc/2.44/x86_64/34328075304-1/glibc-build/benchtests/bench-strtok; do \
  echo "Running ${run}"; \
   env GCONV_PATH=/home/runner/boostkit-perf/glibc/2.44/x86_64/34328075304-1/glibc-build/iconvdata LOCPATH=/home/runner/boostkit-perf/glibc/2.44/x86_64/34328075304-1/glibc-build/localedata LC_ALL=C    /home/runner/boostkit-perf/glibc/2.44/x86_64/34328075304-1/glibc-build/elf/ld-linux-x86-64.so.2 --library-path /home/runner/boostkit-perf/glibc/2.44/x86_64/34328075304-1/glibc-build:/home/runner/boostkit-perf/glibc/2.44/x86_64/34328075304-1/glibc-build/math:/home/runner/boostkit-perf/glibc/2.44/x86_64/34328075304-1/glibc-build/elf:/home/runner/boostkit-perf/glibc/2.44/x86_64/34328075304-1/glibc-build/dlfcn:/home/runner/boostkit-perf/glibc/2.44/x86_64/34328075304-1/glibc-build/nss:/home/runner/boostkit-perf/glibc/2.44/x86_64/34328075304-1/glibc-build/nis:/home/runner/boostkit-perf/glibc/2.44/x86_64/34328075304-1/glibc-build/rt:/home/runner/boostkit-perf/glibc/2.44/x86_64/34328075304-1/glibc-build/resolv:/home/runner/boostkit-perf/glibc/2.44/x86_64/34328075304-1/glibc-build/mathvec:/home/runner/boostkit-perf/glibc/2.44/x86_64/34328075304-1/glibc-build/support:/home/runner/boostkit-perf/glibc/2.44/x86_64/34328075304-1/glibc-build/misc:/home/runner/boostkit-perf/glibc/2.44/x86_64/34328075304-1/glibc-build/debug:/home/runner/boostkit-perf/glibc/2.44/x86_64/34328075304-1/glibc-build/nptl:/usr/lib/gcc/x86_64-openEuler-linux/12/../../../../lib64/:/usr/lib/gcc/x86_64-openEuler-linux/12/../../../../lib64/ ${run} > ${run}.out; \
done
Running /home/runner/boostkit-perf/glibc/2.44/x86_64/34328075304-1/glibc-build/benchtests/bench-math-inlines
Running /home/runner/boostkit-perf/glibc/2.44/x86_64/34328075304-1/glibc-build/benchtests/bench-fclose
Running /home/runner/boostkit-perf/glibc/2.44/x86_64/34328075304-1/glibc-build/benchtests/bench-sprintf
Running /home/runner/boostkit-perf/glibc/2.44/x86_64/34328075304-1/glibc-build/benchtests/bench-arc4random
Running /home/runner/boostkit-perf/glibc/2.44/x86_64/34328075304-1/glibc-build/benchtests/bench-bsearch
Running /home/runner/boostkit-perf/glibc/2.44/x86_64/34328075304-1/glibc-build/benchtests/bench-random-lock
Running /home/runner/boostkit-perf/glibc/2.44/x86_64/34328075304-1/glibc-build/benchtests/bench-strtod
Running /home/runner/boostkit-perf/glibc/2.44/x86_64/34328075304-1/glibc-build/benchtests/bench-bzero
Running /home/runner/boostkit-perf/glibc/2.44/x86_64/34328075304-1/glibc-build/benchtests/bench-bzero-large
Running /home/runner/boostkit-perf/glibc/2.44/x86_64/34328075304-1/glibc-build/benchtests/bench-memccpy
Running /home/runner/boostkit-perf/glibc/2.44/x86_64/34328075304-1/glibc-build/benchtests/bench-memchr
Running /home/runner/boostkit-perf/glibc/2.44/x86_64/34328075304-1/glibc-build/benchtests/bench-memcmp
Running /home/runner/boostkit-perf/glibc/2.44/x86_64/34328075304-1/glibc-build/benchtests/bench-memcmpeq
Running /home/runner/boostkit-perf/glibc/2.44/x86_64/34328075304-1/glibc-build/benchtests/bench-memcpy
Running /home/runner/boostkit-perf/glibc/2.44/x86_64/34328075304-1/glibc-build/benchtests/bench-memcpy-large
Running /home/runner/boostkit-perf/glibc/2.44/x86_64/34328075304-1/glibc-build/benchtests/bench-memcpy-random
Running /home/runner/boostkit-perf/glibc/2.44/x86_64/34328075304-1/glibc-build/benchtests/bench-memmem
Running /home/runner/boostkit-perf/glibc/2.44/x86_64/34328075304-1/glibc-build/benchtests/bench-memmove
Running /home/runner/boostkit-perf/glibc/2.44/x86_64/34328075304-1/glibc-build/benchtests/bench-memmove-large
Running /home/runner/boostkit-perf/glibc/2.44/x86_64/34328075304-1/glibc-build/benchtests/bench-mempcpy
Running /home/runner/boostkit-perf/glibc/2.44/x86_64/34328075304-1/glibc-build/benchtests/bench-memrchr
Running /home/runner/boostkit-perf/glibc/2.44/x86_64/34328075304-1/glibc-build/benchtests/bench-memset
Running /home/runner/boostkit-perf/glibc/2.44/x86_64/34328075304-1/glibc-build/benchtests/bench-memset-large
Running /home/runner/boostkit-perf/glibc/2.44/x86_64/34328075304-1/glibc-build/benchtests/bench-memset-random
Running /home/runner/boostkit-perf/glibc/2.44/x86_64/34328075304-1/glibc-build/benchtests/bench-memset-zero
Running /home/runner/boostkit-perf/glibc/2.44/x86_64/34328075304-1/glibc-build/benchtests/bench-memset-zero-large
Running /home/runner/boostkit-perf/glibc/2.44/x86_64/34328075304-1/glibc-build/benchtests/bench-rawmemchr
Running /home/runner/boostkit-perf/glibc/2.44/x86_64/34328075304-1/glibc-build/benchtests/bench-stpcpy
Running /home/runner/boostkit-perf/glibc/2.44/x86_64/34328075304-1/glibc-build/benchtests/bench-stpcpy_chk
Running /home/runner/boostkit-perf/glibc/2.44/x86_64/34328075304-1/glibc-build/benchtests/bench-stpncpy
Running /home/runner/boostkit-perf/glibc/2.44/x86_64/34328075304-1/glibc-build/benchtests/bench-strcasecmp
Running /home/runner/boostkit-perf/glibc/2.44/x86_64/34328075304-1/glibc-build/benchtests/bench-strcasestr
Running /home/runner/boostkit-perf/glibc/2.44/x86_64/34328075304-1/glibc-build/benchtests/bench-strcat
Running /home/runner/boostkit-perf/glibc/2.44/x86_64/34328075304-1/glibc-build/benchtests/bench-strchr
Running /home/runner/boostkit-perf/glibc/2.44/x86_64/34328075304-1/glibc-build/benchtests/bench-strchrnul
Running /home/runner/boostkit-perf/glibc/2.44/x86_64/34328075304-1/glibc-build/benchtests/bench-strcmp
Running /home/runner/boostkit-perf/glibc/2.44/x86_64/34328075304-1/glibc-build/benchtests/bench-strcoll
Running /home/runner/boostkit-perf/glibc/2.44/x86_64/34328075304-1/glibc-build/benchtests/bench-strcpy
Running /home/runner/boostkit-perf/glibc/2.44/x86_64/34328075304-1/glibc-build/benchtests/bench-strcpy_chk
Running /home/runner/boostkit-perf/glibc/2.44/x86_64/34328075304-1/glibc-build/benchtests/bench-strcspn
Running /home/runner/boostkit-perf/glibc/2.44/x86_64/34328075304-1/glibc-build/benchtests/bench-strlen
Running /home/runner/boostkit-perf/glibc/2.44/x86_64/34328075304-1/glibc-build/benchtests/bench-strlen-random
Running /home/runner/boostkit-perf/glibc/2.44/x86_64/34328075304-1/glibc-build/benchtests/bench-strncasecmp
Running /home/runner/boostkit-perf/glibc/2.44/x86_64/34328075304-1/glibc-build/benchtests/bench-strncat
Running /home/runner/boostkit-perf/glibc/2.44/x86_64/34328075304-1/glibc-build/benchtests/bench-strncmp
Running /home/runner/boostkit-perf/glibc/2.44/x86_64/34328075304-1/glibc-build/benchtests/bench-strncpy
Running /home/runner/boostkit-perf/glibc/2.44/x86_64/34328075304-1/glibc-build/benchtests/bench-strnlen
Running /home/runner/boostkit-perf/glibc/2.44/x86_64/34328075304-1/glibc-build/benchtests/bench-strpbrk
Running /home/runner/boostkit-perf/glibc/2.44/x86_64/34328075304-1/glibc-build/benchtests/bench-strrchr
Running /home/runner/boostkit-perf/glibc/2.44/x86_64/34328075304-1/glibc-build/benchtests/bench-strsep
Running /home/runner/boostkit-perf/glibc/2.44/x86_64/34328075304-1/glibc-build/benchtests/bench-strspn
Running /home/runner/boostkit-perf/glibc/2.44/x86_64/34328075304-1/glibc-build/benchtests/bench-strstr
Running /home/runner/boostkit-perf/glibc/2.44/x86_64/34328075304-1/glibc-build/benchtests/bench-strtok
if [ -n '' ] ; then \
{ timing_type=$( env GCONV_PATH=/home/runner/boostkit-perf/glibc/2.44/x86_64/34328075304-1/glibc-build/iconvdata LOCPATH=/home/runner/boostkit-perf/glibc/2.44/x86_64/34328075304-1/glibc-build/localedata LC_ALL=C  /home/runner/boostkit-perf/glibc/2.44/x86_64/34328075304-1/glibc-build/elf/ld-linux-x86-64.so.2 --library-path /home/runner/boostkit-perf/glibc/2.44/x86_64/34328075304-1/glibc-build:/home/runner/boostkit-perf/glibc/2.44/x86_64/34328075304-1/glibc-build/math:/home/runner/boostkit-perf/glibc/2.44/x86_64/34328075304-1/glibc-build/elf:/home/runner/boostkit-perf/glibc/2.44/x86_64/34328075304-1/glibc-build/dlfcn:/home/runner/boostkit-perf/glibc/2.44/x86_64/34328075304-1/glibc-build/nss:/home/runner/boostkit-perf/glibc/2.44/x86_64/34328075304-1/glibc-build/nis:/home/runner/boostkit-perf/glibc/2.44/x86_64/34328075304-1/glibc-build/rt:/home/runner/boostkit-perf/glibc/2.44/x86_64/34328075304-1/glibc-build/resolv:/home/runner/boostkit-perf/glibc/2.44/x86_64/34328075304-1/glibc-build/mathvec:/home/runner/boostkit-perf/glibc/2.44/x86_64/34328075304-1/glibc-build/support:/home/runner/boostkit-perf/glibc/2.44/x86_64/34328075304-1/glibc-build/misc:/home/runner/boostkit-perf/glibc/2.44/x86_64/34328075304-1/glibc-build/debug:/home/runner/boostkit-perf/glibc/2.44/x86_64/34328075304-1/glibc-build/nptl:/usr/lib/gcc/x86_64-openEuler-linux/12/../../../../lib64/:/usr/lib/gcc/x86_64-openEuler-linux/12/../../../../lib64/ /home/runner/boostkit-perf/glibc/2.44/x86_64/34328075304-1/glibc-build/benchtests/bench-timing-type); \
  echo "{\"timing_type\": \"${timing_type}\","; \
  echo " \"functions\": {"; \
  for run in ; do \
    op=$( env GCONV_PATH=/home/runner/boostkit-perf/glibc/2.44/x86_64/34328075304-1/glibc-build/iconvdata LOCPATH=/home/runner/boostkit-perf/glibc/2.44/x86_64/34328075304-1/glibc-build/localedata LC_ALL=C    /home/runner/boostkit-perf/glibc/2.44/x86_64/34328075304-1/glibc-build/elf/ld-linux-x86-64.so.2 --library-path /home/runner/boostkit-perf/glibc/2.44/x86_64/34328075304-1/glibc-build:/home/runner/boostkit-perf/glibc/2.44/x86_64/34328075304-1/glibc-build/math:/home/runner/boostkit-perf/glibc/2.44/x86_64/34328075304-1/glibc-build/elf:/home/runner/boostkit-perf/glibc/2.44/x86_64/34328075304-1/glibc-build/dlfcn:/home/runner/boostkit-perf/glibc/2.44/x86_64/34328075304-1/glibc-build/nss:/home/runner/boostkit-perf/glibc/2.44/x86_64/34328075304-1/glibc-build/nis:/home/runner/boostkit-perf/glibc/2.44/x86_64/34328075304-1/glibc-build/rt:/home/runner/boostkit-perf/glibc/2.44/x86_64/34328075304-1/glibc-build/resolv:/home/runner/boostkit-perf/glibc/2.44/x86_64/34328075304-1/glibc-build/mathvec:/home/runner/boostkit-perf/glibc/2.44/x86_64/34328075304-1/glibc-build/support:/home/runner/boostkit-perf/glibc/2.44/x86_64/34328075304-1/glibc-build/misc:/home/runner/boostkit-perf/glibc/2.44/x86_64/34328075304-1/glibc-build/debug:/home/runner/boostkit-perf/glibc/2.44/x86_64/34328075304-1/glibc-build/nptl:/usr/lib/gcc/x86_64-openEuler-linux/12/../../../../lib64/:/usr/lib/gcc/x86_64-openEuler-linux/12/../../../../lib64/ ${run} ); \
    ret=$?; \
    case "${ret}" in \
      77) \
      echo "UNSUPPORTED ${run}: ${op}" >&2; \
	;; \
      0) \
	echo "Running ${run}" >&2; \
	if [ "${run}" != "" ]; then \
	  echo ","; \
	fi; \
	echo "${op}"; \
	;; \
      *) \
	echo "FAILED ${run}" >&2; \
	;; \
    esac; \
  done; \
  echo; \
  echo " }"; \
  echo "}"; \
  } > /home/runner/boostkit-perf/glibc/2.44/x86_64/34328075304-1/glibc-build/benchtests/bench.out-tmp; \
  if [ -f /home/runner/boostkit-perf/glibc/2.44/x86_64/34328075304-1/glibc-build/benchtests/bench.out ]; then \
    mv -f /home/runner/boostkit-perf/glibc/2.44/x86_64/34328075304-1/glibc-build/benchtests/bench.out /home/runner/boostkit-perf/glibc/2.44/x86_64/34328075304-1/glibc-build/benchtests/bench.out.old; \
  fi; \
  mv -f /home/runner/boostkit-perf/glibc/2.44/x86_64/34328075304-1/glibc-build/benchtests/bench.out-tmp /home/runner/boostkit-perf/glibc/2.44/x86_64/34328075304-1/glibc-build/benchtests/bench.out; \
  python3 -B scripts/validate_benchout.py /home/runner/boostkit-perf/glibc/2.44/x86_64/34328075304-1/glibc-build/benchtests/bench.out \
  scripts/benchout.schema.json; \
fi
for run in /home/runner/boostkit-perf/glibc/2.44/x86_64/34328075304-1/glibc-build/benchtests/bench-malloc-simple /home/runner/boostkit-perf/glibc/2.44/x86_64/34328075304-1/glibc-build/benchtests/bench-malloc-tcache /home/runner/boostkit-perf/glibc/2.44/x86_64/34328075304-1/glibc-build/benchtests/bench-malloc-thread; do \
  echo "${run}"; \
  if basename ${run} | grep -q "bench-[cm]alloc-thread"; then \
	for thr in 1 8 16 32; do \
		echo "Running ${run} ${thr}"; \
		 env GCONV_PATH=/home/runner/boostkit-perf/glibc/2.44/x86_64/34328075304-1/glibc-build/iconvdata LOCPATH=/home/runner/boostkit-perf/glibc/2.44/x86_64/34328075304-1/glibc-build/localedata LC_ALL=C    /home/runner/boostkit-perf/glibc/2.44/x86_64/34328075304-1/glibc-build/elf/ld-linux-x86-64.so.2 --library-path /home/runner/boostkit-perf/glibc/2.44/x86_64/34328075304-1/glibc-build:/home/runner/boostkit-perf/glibc/2.44/x86_64/34328075304-1/glibc-build/math:/home/runner/boostkit-perf/glibc/2.44/x86_64/34328075304-1/glibc-build/elf:/home/runner/boostkit-perf/glibc/2.44/x86_64/34328075304-1/glibc-build/dlfcn:/home/runner/boostkit-perf/glibc/2.44/x86_64/34328075304-1/glibc-build/nss:/home/runner/boostkit-perf/glibc/2.44/x86_64/34328075304-1/glibc-build/nis:/home/runner/boostkit-perf/glibc/2.44/x86_64/34328075304-1/glibc-build/rt:/home/runner/boostkit-perf/glibc/2.44/x86_64/34328075304-1/glibc-build/resolv:/home/runner/boostkit-perf/glibc/2.44/x86_64/34328075304-1/glibc-build/mathvec:/home/runner/boostkit-perf/glibc/2.44/x86_64/34328075304-1/glibc-build/support:/home/runner/boostkit-perf/glibc/2.44/x86_64/34328075304-1/glibc-build/misc:/home/runner/boostkit-perf/glibc/2.44/x86_64/34328075304-1/glibc-build/debug:/home/runner/boostkit-perf/glibc/2.44/x86_64/34328075304-1/glibc-build/nptl:/usr/lib/gcc/x86_64-openEuler-linux/12/../../../../lib64/:/usr/lib/gcc/x86_64-openEuler-linux/12/../../../../lib64/ ${run} ${thr} > ${run}-${thr}.out; \
	done;\
  elif basename ${run} | grep -q "bench-[cm]alloc-tcache"; then \
	for thr in 64 512 1024; do \
		echo "Running ${run} ${thr}"; \
		 env GCONV_PATH=/home/runner/boostkit-perf/glibc/2.44/x86_64/34328075304-1/glibc-build/iconvdata LOCPATH=/home/runner/boostkit-perf/glibc/2.44/x86_64/34328075304-1/glibc-build/localedata LC_ALL=C    /home/runner/boostkit-perf/glibc/2.44/x86_64/34328075304-1/glibc-build/elf/ld-linux-x86-64.so.2 --library-path /home/runner/boostkit-perf/glibc/2.44/x86_64/34328075304-1/glibc-build:/home/runner/boostkit-perf/glibc/2.44/x86_64/34328075304-1/glibc-build/math:/home/runner/boostkit-perf/glibc/2.44/x86_64/34328075304-1/glibc-build/elf:/home/runner/boostkit-perf/glibc/2.44/x86_64/34328075304-1/glibc-build/dlfcn:/home/runner/boostkit-perf/glibc/2.44/x86_64/34328075304-1/glibc-build/nss:/home/runner/boostkit-perf/glibc/2.44/x86_64/34328075304-1/glibc-build/nis:/home/runner/boostkit-perf/glibc/2.44/x86_64/34328075304-1/glibc-build/rt:/home/runner/boostkit-perf/glibc/2.44/x86_64/34328075304-1/glibc-build/resolv:/home/runner/boostkit-perf/glibc/2.44/x86_64/34328075304-1/glibc-build/mathvec:/home/runner/boostkit-perf/glibc/2.44/x86_64/34328075304-1/glibc-build/support:/home/runner/boostkit-perf/glibc/2.44/x86_64/34328075304-1/glibc-build/misc:/home/runner/boostkit-perf/glibc/2.44/x86_64/34328075304-1/glibc-build/debug:/home/runner/boostkit-perf/glibc/2.44/x86_64/34328075304-1/glibc-build/nptl:/usr/lib/gcc/x86_64-openEuler-linux/12/../../../../lib64/:/usr/lib/gcc/x86_64-openEuler-linux/12/../../../../lib64/ ${run} ${thr} > ${run}-${thr}.out; \
	done;\
  else \
	for thr in 8 16 32 64 128 256 512 1024 2048 4096; do \
	  echo "Running ${run} ${thr}"; \
	   env GCONV_PATH=/home/runner/boostkit-perf/glibc/2.44/x86_64/34328075304-1/glibc-build/iconvdata LOCPATH=/home/runner/boostkit-perf/glibc/2.44/x86_64/34328075304-1/glibc-build/localedata LC_ALL=C    /home/runner/boostkit-perf/glibc/2.44/x86_64/34328075304-1/glibc-build/elf/ld-linux-x86-64.so.2 --library-path /home/runner/boostkit-perf/glibc/2.44/x86_64/34328075304-1/glibc-build:/home/runner/boostkit-perf/glibc/2.44/x86_64/34328075304-1/glibc-build/math:/home/runner/boostkit-perf/glibc/2.44/x86_64/34328075304-1/glibc-build/elf:/home/runner/boostkit-perf/glibc/2.44/x86_64/34328075304-1/glibc-build/dlfcn:/home/runner/boostkit-perf/glibc/2.44/x86_64/34328075304-1/glibc-build/nss:/home/runner/boostkit-perf/glibc/2.44/x86_64/34328075304-1/glibc-build/nis:/home/runner/boostkit-perf/glibc/2.44/x86_64/34328075304-1/glibc-build/rt:/home/runner/boostkit-perf/glibc/2.44/x86_64/34328075304-1/glibc-build/resolv:/home/runner/boostkit-perf/glibc/2.44/x86_64/34328075304-1/glibc-build/mathvec:/home/runner/boostkit-perf/glibc/2.44/x86_64/34328075304-1/glibc-build/support:/home/runner/boostkit-perf/glibc/2.44/x86_64/34328075304-1/glibc-build/misc:/home/runner/boostkit-perf/glibc/2.44/x86_64/34328075304-1/glibc-build/debug:/home/runner/boostkit-perf/glibc/2.44/x86_64/34328075304-1/glibc-build/nptl:/usr/lib/gcc/x86_64-openEuler-linux/12/../../../../lib64/:/usr/lib/gcc/x86_64-openEuler-linux/12/../../../../lib64/ ${run} ${thr} > ${run}-${thr}.out; \
	done;\
  fi;\
done
/home/runner/boostkit-perf/glibc/2.44/x86_64/34328075304-1/glibc-build/benchtests/bench-malloc-simple
Running /home/runner/boostkit-perf/glibc/2.44/x86_64/34328075304-1/glibc-build/benchtests/bench-malloc-simple 8
Running /home/runner/boostkit-perf/glibc/2.44/x86_64/34328075304-1/glibc-build/benchtests/bench-malloc-simple 16
Running /home/runner/boostkit-perf/glibc/2.44/x86_64/34328075304-1/glibc-build/benchtests/bench-malloc-simple 32
Running /home/runner/boostkit-perf/glibc/2.44/x86_64/34328075304-1/glibc-build/benchtests/bench-malloc-simple 64
Running /home/runner/boostkit-perf/glibc/2.44/x86_64/34328075304-1/glibc-build/benchtests/bench-malloc-simple 128
Running /home/runner/boostkit-perf/glibc/2.44/x86_64/34328075304-1/glibc-build/benchtests/bench-malloc-simple 256
Running /home/runner/boostkit-perf/glibc/2.44/x86_64/34328075304-1/glibc-build/benchtests/bench-malloc-simple 512
Running /home/runner/boostkit-perf/glibc/2.44/x86_64/34328075304-1/glibc-build/benchtests/bench-malloc-simple 1024
Running /home/runner/boostkit-perf/glibc/2.44/x86_64/34328075304-1/glibc-build/benchtests/bench-malloc-simple 2048
Running /home/runner/boostkit-perf/glibc/2.44/x86_64/34328075304-1/glibc-build/benchtests/bench-malloc-simple 4096
/home/runner/boostkit-perf/glibc/2.44/x86_64/34328075304-1/glibc-build/benchtests/bench-malloc-tcache
Running /home/runner/boostkit-perf/glibc/2.44/x86_64/34328075304-1/glibc-build/benchtests/bench-malloc-tcache 64
Running /home/runner/boostkit-perf/glibc/2.44/x86_64/34328075304-1/glibc-build/benchtests/bench-malloc-tcache 512
Running /home/runner/boostkit-perf/glibc/2.44/x86_64/34328075304-1/glibc-build/benchtests/bench-malloc-tcache 1024
/home/runner/boostkit-perf/glibc/2.44/x86_64/34328075304-1/glibc-build/benchtests/bench-malloc-thread
Running /home/runner/boostkit-perf/glibc/2.44/x86_64/34328075304-1/glibc-build/benchtests/bench-malloc-thread 1
Running /home/runner/boostkit-perf/glibc/2.44/x86_64/34328075304-1/glibc-build/benchtests/bench-malloc-thread 8
Running /home/runner/boostkit-perf/glibc/2.44/x86_64/34328075304-1/glibc-build/benchtests/bench-malloc-thread 16
Running /home/runner/boostkit-perf/glibc/2.44/x86_64/34328075304-1/glibc-build/benchtests/bench-malloc-thread 32
make[1]: Leaving directory '/home/runner/boostkit-perf/glibc/2.44/x86_64/34328075304-1/glibc-src/benchtests'
[glibc] skipping empty optional benchtest output: /home/runner/boostkit-perf/glibc/2.44/x86_64/34328075304-1/glibc-build/benchtests/bench.out
[glibc] saved 70 official glibc raw benchtest outputs
[glibc-parse] normalized 18 official glibc benchtest metrics
[glibc] benchtest results written to benchmark_bench.txt and benchmark_glibc.json
